------------------------------------------------------------
Timing Analyzer Summary
------------------------------------------------------------

Type  : Slow 1200mV 85C Model Setup 'uc_clock'
Slack : -882.103
TNS   : -10598.601

Type  : Slow 1200mV 85C Model Setup 'altera_reserved_tck'
Slack : 45.342
TNS   : 0.000

Type  : Slow 1200mV 85C Model Hold 'altera_reserved_tck'
Slack : 0.340
TNS   : 0.000

Type  : Slow 1200mV 85C Model Hold 'uc_clock'
Slack : 0.340
TNS   : 0.000

Type  : Slow 1200mV 85C Model Recovery 'uc_clock'
Slack : 15.209
TNS   : 0.000

Type  : Slow 1200mV 85C Model Recovery 'altera_reserved_tck'
Slack : 47.277
TNS   : 0.000

Type  : Slow 1200mV 85C Model Removal 'altera_reserved_tck'
Slack : 0.984
TNS   : 0.000

Type  : Slow 1200mV 85C Model Removal 'uc_clock'
Slack : 3.357
TNS   : 0.000

Type  : Slow 1200mV 85C Model Minimum Pulse Width 'uc_clock'
Slack : 4.437
TNS   : 0.000

Type  : Slow 1200mV 85C Model Minimum Pulse Width 'altera_reserved_tck'
Slack : 49.629
TNS   : 0.000

Type  : Slow 1200mV 0C Model Setup 'uc_clock'
Slack : -874.012
TNS   : -10487.805

Type  : Slow 1200mV 0C Model Setup 'altera_reserved_tck'
Slack : 45.715
TNS   : 0.000

Type  : Slow 1200mV 0C Model Hold 'altera_reserved_tck'
Slack : 0.305
TNS   : 0.000

Type  : Slow 1200mV 0C Model Hold 'uc_clock'
Slack : 0.306
TNS   : 0.000

Type  : Slow 1200mV 0C Model Recovery 'uc_clock'
Slack : 15.680
TNS   : 0.000

Type  : Slow 1200mV 0C Model Recovery 'altera_reserved_tck'
Slack : 47.468
TNS   : 0.000

Type  : Slow 1200mV 0C Model Removal 'altera_reserved_tck'
Slack : 0.907
TNS   : 0.000

Type  : Slow 1200mV 0C Model Removal 'uc_clock'
Slack : 3.056
TNS   : 0.000

Type  : Slow 1200mV 0C Model Minimum Pulse Width 'uc_clock'
Slack : 4.424
TNS   : 0.000

Type  : Slow 1200mV 0C Model Minimum Pulse Width 'altera_reserved_tck'
Slack : 49.655
TNS   : 0.000

Type  : Fast 1200mV 0C Model Setup 'uc_clock'
Slack : -834.020
TNS   : -10007.755

Type  : Fast 1200mV 0C Model Setup 'altera_reserved_tck'
Slack : 48.255
TNS   : 0.000

Type  : Fast 1200mV 0C Model Hold 'uc_clock'
Slack : -0.211
TNS   : -0.548

Type  : Fast 1200mV 0C Model Hold 'altera_reserved_tck'
Slack : 0.147
TNS   : 0.000

Type  : Fast 1200mV 0C Model Recovery 'uc_clock'
Slack : 17.634
TNS   : 0.000

Type  : Fast 1200mV 0C Model Recovery 'altera_reserved_tck'
Slack : 48.985
TNS   : 0.000

Type  : Fast 1200mV 0C Model Removal 'altera_reserved_tck'
Slack : 0.428
TNS   : 0.000

Type  : Fast 1200mV 0C Model Removal 'uc_clock'
Slack : 1.427
TNS   : 0.000

Type  : Fast 1200mV 0C Model Minimum Pulse Width 'uc_clock'
Slack : 4.466
TNS   : 0.000

Type  : Fast 1200mV 0C Model Minimum Pulse Width 'altera_reserved_tck'
Slack : 49.415
TNS   : 0.000

------------------------------------------------------------
