------------------------------------------------------------
Timing Analyzer Summary
------------------------------------------------------------

Type  : Slow 1200mV 85C Model Setup 'uc_clock'
Slack : -882.073
TNS   : -10592.682

Type  : Slow 1200mV 85C Model Setup 'altera_reserved_tck'
Slack : 45.033
TNS   : 0.000

Type  : Slow 1200mV 85C Model Hold 'altera_reserved_tck'
Slack : 0.340
TNS   : 0.000

Type  : Slow 1200mV 85C Model Hold 'uc_clock'
Slack : 0.340
TNS   : 0.000

Type  : Slow 1200mV 85C Model Recovery 'uc_clock'
Slack : 13.740
TNS   : 0.000

Type  : Slow 1200mV 85C Model Recovery 'altera_reserved_tck'
Slack : 47.507
TNS   : 0.000

Type  : Slow 1200mV 85C Model Removal 'altera_reserved_tck'
Slack : 0.971
TNS   : 0.000

Type  : Slow 1200mV 85C Model Removal 'uc_clock'
Slack : 2.180
TNS   : 0.000

Type  : Slow 1200mV 85C Model Minimum Pulse Width 'uc_clock'
Slack : 4.437
TNS   : 0.000

Type  : Slow 1200mV 85C Model Minimum Pulse Width 'altera_reserved_tck'
Slack : 49.630
TNS   : 0.000

Type  : Slow 1200mV 0C Model Setup 'uc_clock'
Slack : -873.985
TNS   : -10487.429

Type  : Slow 1200mV 0C Model Setup 'altera_reserved_tck'
Slack : 45.424
TNS   : 0.000

Type  : Slow 1200mV 0C Model Hold 'altera_reserved_tck'
Slack : 0.305
TNS   : 0.000

Type  : Slow 1200mV 0C Model Hold 'uc_clock'
Slack : 0.306
TNS   : 0.000

Type  : Slow 1200mV 0C Model Recovery 'uc_clock'
Slack : 14.350
TNS   : 0.000

Type  : Slow 1200mV 0C Model Recovery 'altera_reserved_tck'
Slack : 47.694
TNS   : 0.000

Type  : Slow 1200mV 0C Model Removal 'altera_reserved_tck'
Slack : 0.896
TNS   : 0.000

Type  : Slow 1200mV 0C Model Removal 'uc_clock'
Slack : 2.017
TNS   : 0.000

Type  : Slow 1200mV 0C Model Minimum Pulse Width 'uc_clock'
Slack : 4.424
TNS   : 0.000

Type  : Slow 1200mV 0C Model Minimum Pulse Width 'altera_reserved_tck'
Slack : 49.658
TNS   : 0.000

Type  : Fast 1200mV 0C Model Setup 'uc_clock'
Slack : -834.010
TNS   : -10007.622

Type  : Fast 1200mV 0C Model Setup 'altera_reserved_tck'
Slack : 48.202
TNS   : 0.000

Type  : Fast 1200mV 0C Model Hold 'uc_clock'
Slack : -0.160
TNS   : -0.160

Type  : Fast 1200mV 0C Model Hold 'altera_reserved_tck'
Slack : 0.147
TNS   : 0.000

Type  : Fast 1200mV 0C Model Recovery 'uc_clock'
Slack : 16.869
TNS   : 0.000

Type  : Fast 1200mV 0C Model Recovery 'altera_reserved_tck'
Slack : 49.087
TNS   : 0.000

Type  : Fast 1200mV 0C Model Removal 'altera_reserved_tck'
Slack : 0.428
TNS   : 0.000

Type  : Fast 1200mV 0C Model Removal 'uc_clock'
Slack : 0.916
TNS   : 0.000

Type  : Fast 1200mV 0C Model Minimum Pulse Width 'uc_clock'
Slack : 4.466
TNS   : 0.000

Type  : Fast 1200mV 0C Model Minimum Pulse Width 'altera_reserved_tck'
Slack : 49.414
TNS   : 0.000

------------------------------------------------------------
