Archive member included to satisfy reference by file (symbol)

d:/intel_delete_after_master/nios2eds/bin/gnu/h-x86_64-mingw32/bin/../lib/gcc/nios2-elf/12.1.1\libgcc.a(lib2-divmod.o)
                              obj/default/hello_world.o (__divsi3)
d:/intel_delete_after_master/nios2eds/bin/gnu/h-x86_64-mingw32/bin/../lib/gcc/nios2-elf/12.1.1/../../../../../H-x86_64-mingw32/nios2-elf/lib\libc.a(lib_a-printf.o)
                              obj/default/accelerometer.o (printf)
d:/intel_delete_after_master/nios2eds/bin/gnu/h-x86_64-mingw32/bin/../lib/gcc/nios2-elf/12.1.1/../../../../../H-x86_64-mingw32/nios2-elf/lib\libc.a(lib_a-puts.o)
                              obj/default/accelerometer.o (puts)
d:/intel_delete_after_master/nios2eds/bin/gnu/h-x86_64-mingw32/bin/../lib/gcc/nios2-elf/12.1.1/../../../../../H-x86_64-mingw32/nios2-elf/lib\libc.a(lib_a-strlen.o)
                              d:/intel_delete_after_master/nios2eds/bin/gnu/h-x86_64-mingw32/bin/../lib/gcc/nios2-elf/12.1.1/../../../../../H-x86_64-mingw32/nios2-elf/lib\libc.a(lib_a-puts.o) (strlen)
d:/intel_delete_after_master/nios2eds/bin/gnu/h-x86_64-mingw32/bin/../lib/gcc/nios2-elf/12.1.1/../../../../../H-x86_64-mingw32/nios2-elf/lib\libc.a(lib_a-vfprintf.o)
                              d:/intel_delete_after_master/nios2eds/bin/gnu/h-x86_64-mingw32/bin/../lib/gcc/nios2-elf/12.1.1/../../../../../H-x86_64-mingw32/nios2-elf/lib\libc.a(lib_a-printf.o) (___vfprintf_internal_r)
d:/intel_delete_after_master/nios2eds/bin/gnu/h-x86_64-mingw32/bin/../lib/gcc/nios2-elf/12.1.1/../../../../../H-x86_64-mingw32/nios2-elf/lib\libc.a(lib_a-wsetup.o)
                              d:/intel_delete_after_master/nios2eds/bin/gnu/h-x86_64-mingw32/bin/../lib/gcc/nios2-elf/12.1.1/../../../../../H-x86_64-mingw32/nios2-elf/lib\libc.a(lib_a-vfprintf.o) (__swsetup_r)
d:/intel_delete_after_master/nios2eds/bin/gnu/h-x86_64-mingw32/bin/../lib/gcc/nios2-elf/12.1.1/../../../../../H-x86_64-mingw32/nios2-elf/lib\libc.a(lib_a-dtoa.o)
                              d:/intel_delete_after_master/nios2eds/bin/gnu/h-x86_64-mingw32/bin/../lib/gcc/nios2-elf/12.1.1/../../../../../H-x86_64-mingw32/nios2-elf/lib\libc.a(lib_a-vfprintf.o) (_dtoa_r)
d:/intel_delete_after_master/nios2eds/bin/gnu/h-x86_64-mingw32/bin/../lib/gcc/nios2-elf/12.1.1/../../../../../H-x86_64-mingw32/nios2-elf/lib\libc.a(lib_a-fflush.o)
                              d:/intel_delete_after_master/nios2eds/bin/gnu/h-x86_64-mingw32/bin/../lib/gcc/nios2-elf/12.1.1/../../../../../H-x86_64-mingw32/nios2-elf/lib\libc.a(lib_a-vfprintf.o) (_fflush_r)
d:/intel_delete_after_master/nios2eds/bin/gnu/h-x86_64-mingw32/bin/../lib/gcc/nios2-elf/12.1.1/../../../../../H-x86_64-mingw32/nios2-elf/lib\libc.a(lib_a-findfp.o)
                              d:/intel_delete_after_master/nios2eds/bin/gnu/h-x86_64-mingw32/bin/../lib/gcc/nios2-elf/12.1.1/../../../../../H-x86_64-mingw32/nios2-elf/lib\libc.a(lib_a-puts.o) (__sinit)
d:/intel_delete_after_master/nios2eds/bin/gnu/h-x86_64-mingw32/bin/../lib/gcc/nios2-elf/12.1.1/../../../../../H-x86_64-mingw32/nios2-elf/lib\libc.a(lib_a-freer.o)
                              d:/intel_delete_after_master/nios2eds/bin/gnu/h-x86_64-mingw32/bin/../lib/gcc/nios2-elf/12.1.1/../../../../../H-x86_64-mingw32/nios2-elf/lib\libc.a(lib_a-wsetup.o) (_free_r)
d:/intel_delete_after_master/nios2eds/bin/gnu/h-x86_64-mingw32/bin/../lib/gcc/nios2-elf/12.1.1/../../../../../H-x86_64-mingw32/nios2-elf/lib\libc.a(lib_a-fvwrite.o)
                              d:/intel_delete_after_master/nios2eds/bin/gnu/h-x86_64-mingw32/bin/../lib/gcc/nios2-elf/12.1.1/../../../../../H-x86_64-mingw32/nios2-elf/lib\libc.a(lib_a-puts.o) (__sfvwrite_r)
d:/intel_delete_after_master/nios2eds/bin/gnu/h-x86_64-mingw32/bin/../lib/gcc/nios2-elf/12.1.1/../../../../../H-x86_64-mingw32/nios2-elf/lib\libc.a(lib_a-fwalk.o)
                              d:/intel_delete_after_master/nios2eds/bin/gnu/h-x86_64-mingw32/bin/../lib/gcc/nios2-elf/12.1.1/../../../../../H-x86_64-mingw32/nios2-elf/lib\libc.a(lib_a-findfp.o) (_fwalk)
d:/intel_delete_after_master/nios2eds/bin/gnu/h-x86_64-mingw32/bin/../lib/gcc/nios2-elf/12.1.1/../../../../../H-x86_64-mingw32/nios2-elf/lib\libc.a(lib_a-impure.o)
                              d:/intel_delete_after_master/nios2eds/bin/gnu/h-x86_64-mingw32/bin/../lib/gcc/nios2-elf/12.1.1/../../../../../H-x86_64-mingw32/nios2-elf/lib\libc.a(lib_a-fflush.o) (_global_impure_ptr)
d:/intel_delete_after_master/nios2eds/bin/gnu/h-x86_64-mingw32/bin/../lib/gcc/nios2-elf/12.1.1/../../../../../H-x86_64-mingw32/nios2-elf/lib\libc.a(lib_a-localeconv.o)
                              d:/intel_delete_after_master/nios2eds/bin/gnu/h-x86_64-mingw32/bin/../lib/gcc/nios2-elf/12.1.1/../../../../../H-x86_64-mingw32/nios2-elf/lib\libc.a(lib_a-vfprintf.o) (_localeconv_r)
d:/intel_delete_after_master/nios2eds/bin/gnu/h-x86_64-mingw32/bin/../lib/gcc/nios2-elf/12.1.1/../../../../../H-x86_64-mingw32/nios2-elf/lib\libc.a(lib_a-makebuf.o)
[...]
Memory Configuration

Name             Origin             Length             Attributes
reset            0x0000000000020000 0x0000000000000020
onchip_memory2_0 0x0000000000020020 0x000000000001ffe0
*default*        0x0000000000000000 0xffffffffffffffff

Linker script and memory map

LOAD n:/Facultate/Master/Master_2/PASIC/nivela_bidir/nivela_bidir/software/nivela_bidirectionala_bsp//obj/HAL/src/crt0.o
LOAD obj/default/accelerometer.o
LOAD obj/default/adc.o
LOAD obj/default/global.o
LOAD obj/default/hello_world.o
LOAD obj/default/hex_displays.o
LOAD obj/default/tests.o
LOAD d:/intel_delete_after_master/nios2eds/bin/gnu/h-x86_64-mingw32/bin/../lib/gcc/nios2-elf/12.1.1/../../../../../H-x86_64-mingw32/nios2-elf/lib\libstdc++.a
LOAD d:/intel_delete_after_master/nios2eds/bin/gnu/h-x86_64-mingw32/bin/../lib/gcc/nios2-elf/12.1.1/../../../../../H-x86_64-mingw32/nios2-elf/lib\libm.a
LOAD d:/intel_delete_after_master/nios2eds/bin/gnu/h-x86_64-mingw32/bin/../lib/gcc/nios2-elf/12.1.1\libgcc.a
START GROUP
LOAD d:/intel_delete_after_master/nios2eds/bin/gnu/h-x86_64-mingw32/bin/../lib/gcc/nios2-elf/12.1.1/../../../../../H-x86_64-mingw32/nios2-elf/lib\libc.a
LOAD d:/intel_delete_after_master/nios2eds/bin/gnu/h-x86_64-mingw32/bin/../lib/gcc/nios2-elf/12.1.1\libgcc.a
LOAD n:/Facultate/Master/Master_2/PASIC/nivela_bidir/nivela_bidir/software/nivela_bidirectionala_bsp/\libhal_bsp.a
LOAD d:/intel_delete_after_master/nios2eds/bin/gnu/h-x86_64-mingw32/bin/../lib/gcc/nios2-elf/12.1.1/../../../../../H-x86_64-mingw32/nios2-elf/lib\libm.a
END GROUP
LOAD d:/intel_delete_after_master/nios2eds/bin/gnu/h-x86_64-mingw32/bin/../lib/gcc/nios2-elf/12.1.1\libgcc.a
                0x0000000000020000                __alt_mem_onchip_memory2_0 = 0x20000

.entry          0x0000000000020000       0x20
 *(.entry)
 .entry         0x0000000000020000       0x20 n:/Facultate/Master/Master_2/PASIC/nivela_bidir/nivela_bidir/software/nivela_bidirectionala_bsp//obj/HAL/src/crt0.o
                0x0000000000020000                __reset

.exceptions     0x0000000000020020      0x21c
                0x0000000000020020                PROVIDE (__ram_exceptions_start = ABSOLUTE (.))
                0x0000000000020020                . = ALIGN (0x20)
 *(.irq)
 *(.exceptions.entry.label)
 .exceptions.entry.label
                0x0000000000020020        0x0 n:/Facultate/Master/Master_2/PASIC/nivela_bidir/nivela_bidir/software/nivela_bidirectionala_bsp/\libhal_bsp.a(alt_irq_entry.o)
                0x0000000000020020                alt_irq_entry
 .exceptions.entry.label
                0x0000000000020020        0x0 n:/Facultate/Master/Master_2/PASIC/nivela_bidir/nivela_bidir/software/nivela_bidirectionala_bsp/\libhal_bsp.a(alt_exception_entry.o)
                0x0000000000020020                alt_exception
 *(.exceptions.entry.user)
 *(.exceptions.entry.ecc_fatal)
 *(.exceptions.entry)
 .exceptions.entry
                0x0000000000020020       0x54 n:/Facultate/Master/Master_2/PASIC/nivela_bidir/nivela_bidir/software/nivela_bidirectionala_bsp/\libhal_bsp.a(alt_exception_entry.o)
 *(.exceptions.irqtest.user)
 *(.exceptions.irqtest)
 .exceptions.irqtest
                0x0000000000020074       0x10 n:/Facultate/Master/Master_2/PASIC/nivela_bidir/nivela_bidir/software/nivela_bidirectionala_bsp/\libhal_bsp.a(alt_irq_entry.o)
 *(.exceptions.irqhandler.user)
 *(.exceptions.irqhandler)
 .exceptions.irqhandler
                0x0000000000020084        0x4 n:/Facultate/Master/Master_2/PASIC/nivela_bidir/nivela_bidir/software/nivela_bidirectionala_bsp/\libhal_bsp.a(alt_irq_entry.o)
 *(.exceptions.irqreturn.user)
 *(.exceptions.irqreturn)
 .exceptions.irqreturn
                0x0000000000020088        0x4 n:/Facultate/Master/Master_2/PASIC/nivela_bidir/nivela_bidir/software/nivela_bidirectionala_bsp/\libhal_bsp.a(alt_irq_entry.o)
 *(.exceptions.notirq.label)
 .exceptions.notirq.label
                0x000000000002008c        0x0 n:/Facultate/Master/Master_2/PASIC/nivela_bidir/nivela_bidir/software/nivela_bidirectionala_bsp/\libhal_bsp.a(alt_irq_entry.o)
 *(.exceptions.notirq.user)
 *(.exceptions.notirq)
 .exceptions.notirq
                0x000000000002008c        0x8 n:/Facultate/Master/Master_2/PASIC/nivela_bidir/nivela_bidir/software/nivela_bidirectionala_bsp/\libhal_bsp.a(alt_exception_entry.o)
 *(.exceptions.soft.user)
 *(.exceptions.soft)
 *(.exceptions.unknown.user)
 *(.exceptions.unknown)
 .exceptions.unknown
                0x0000000000020094       0x14 n:/Facultate/Master/Master_2/PASIC/nivela_bidir/nivela_bidir/software/nivela_bidirectionala_bsp/\libhal_bsp.a(alt_exception_entry.o)
 *(.exceptions.exit.label)
 .exceptions.exit.label
                0x00000000000200a8        0x0 n:/Facultate/Master/Master_2/PASIC/nivela_bidir/nivela_bidir/software/nivela_bidirectionala_bsp/\libhal_bsp.a(alt_irq_entry.o)
 .exceptions.exit.label
                0x00000000000200a8        0x0 n:/Facultate/Master/Master_2/PASIC/nivela_bidir/nivela_bidir/software/nivela_bidirectionala_bsp/\libhal_bsp.a(alt_exception_entry.o)
 *(.exceptions.exit.user)
 *(.exceptions.exit)
 .exceptions.exit
                0x00000000000200a8       0x54 n:/Facultate/Master/Master_2/PASIC/nivela_bidir/nivela_bidir/software/nivela_bidirectionala_bsp/\libhal_bsp.a(alt_exception_entry.o)
 *(.exceptions)
 .exceptions    0x00000000000200fc       0xcc n:/Facultate/Master/Master_2/PASIC/nivela_bidir/nivela_bidir/software/nivela_bidirectionala_bsp/\libhal_bsp.a(alt_irq_handler.o)
                0x00000000000200fc                alt_irq_handler
 .exceptions    0x00000000000201c8       0x74 n:/Facultate/Master/Master_2/PASIC/nivela_bidir/nivela_bidir/software/nivela_bidirectionala_bsp/\libhal_bsp.a(alt_instruction_exception_entry.o)
                0x00000000000201c8                alt_instruction_exception_entry
                0x000000000002023c                PROVIDE (__ram_exceptions_end = ABSOLUTE (.))
                0x0000000000020020                PROVIDE (__flash_exceptions_start = LOADADDR (.exceptions))

.text           0x000000000002023c    0x1038c
                [!provide]                        PROVIDE (stext = ABSOLUTE (.))
 *(.interp)
 *(.hash)
 *(.dynsym)
 *(.dynstr)
 *(.gnu.version)
 *(.gnu.version_d)
 *(.gnu.version_r)
 *(.rel.init)
 *(.rela.init)
 *(.rel.text .rel.text.* .rel.gnu.linkonce.t.*)
 *(.rela.text .rela.text.* .rela.gnu.linkonce.t.*)
 *(.rel.fini)
 *(.rela.fini)
 *(.rel.rodata .rel.rodata.* .rel.gnu.linkonce.r.*)
 *(.rela.rodata .rela.rodata.* .rela.gnu.linkonce.r.*)
 *(.rel.data .rel.data.* .rel.gnu.linkonce.d.*)
 *(.rela.data .rela.data.* .rela.gnu.linkonce.d.*)
 *(.rel.tdata .rel.tdata.* .rel.gnu.linkonce.td.*)
 *(.rela.tdata .rela.tdata.* .rela.gnu.linkonce.td.*)
 *(.rel.tbss .rel.tbss.* .rel.gnu.linkonce.tb.*)
 *(.rela.tbss .rela.tbss.* .rela.gnu.linkonce.tb.*)
 *(.rel.ctors)
 *(.rela.ctors)
 *(.rel.dtors)
 *(.rela.dtors)
 *(.rel.got)
 *(.rela.got)
 *(.rel.sdata .rel.sdata.* .rel.gnu.linkonce.s.*)
 *(.rela.sdata .rela.sdata.* .rela.gnu.linkonce.s.*)
 *(.rel.sbss .rel.sbss.* .rel.gnu.linkonce.sb.*)
 *(.rela.sbss .rela.sbss.* .rela.gnu.linkonce.sb.*)
 *(.rel.sdata2 .rel.sdata2.* .rel.gnu.linkonce.s2.*)
 *(.rela.sdata2 .rela.sdata2.* .rela.gnu.linkonce.s2.*)
 *(.rel.sbss2 .rel.sbss2.* .rel.gnu.linkonce.sb2.*)
 *(.rela.sbss2 .rela.sbss2.* .rela.gnu.linkonce.sb2.*)
 *(.rel.bss .rel.bss.* .rel.gnu.linkonce.b.*)
 *(.rela.bss .rela.bss.* .rela.gnu.linkonce.b.*)
 *(.rel.plt)
 *(.rela.plt)
 *(.rel.dyn)
 *(.init)
 *(.plt)
 *(.text .stub .text.* .gnu.linkonce.t.*)
 .text          0x000000000002023c       0x3c n:/Facultate/Master/Master_2/PASIC/nivela_bidir/nivela_bidir/software/nivela_bidirectionala_bsp//obj/HAL/src/crt0.o
                0x000000000002023c                _start
 .text          0x0000000000020278      0x1d8 obj/default/accelerometer.o
                0x0000000000020278                read_ADXL345_deviceID
                0x00000000000202fc                print_accelerometer_axis
                0x0000000000020388                hysteresis
 .text          0x0000000000020450       0x44 obj/default/adc.o
                0x0000000000020450                getAdcValue
 .text          0x0000000000020494        0x0 obj/default/global.o
 .text          0x0000000000020494      0x1bc obj/default/hello_world.o
                0x0000000000020494                main
 .text          0x0000000000020650      0x15c obj/default/hex_displays.o
                0x0000000000020650                get_hex_address
                0x000000000002067c                hex_init
                0x00000000000206e0                set_hex_value
                0x0000000000020734                set_hex_state
 .text          0x00000000000207ac       0xdc obj/default/tests.o
                0x00000000000207ac                test_hex_displays
 .text          0x0000000000020888      0x1b4 d:/intel_delete_after_master/nios2eds/bin/gnu/h-x86_64-mingw32/bin/../lib/gcc/nios2-elf/12.1.1\libgcc.a(lib2-divmod.o)
                0x0000000000020888                __divsi3
                0x0000000000020908                __modsi3
                0x000000000002097c                __udivsi3
                0x00000000000209e0                __umodsi3
 .text          0x0000000000020a3c        0x0 d:/intel_delete_after_master/nios2eds/bin/gnu/h-x86_64-mingw32/bin/../lib/gcc/nios2-elf/12.1.1/../../../../../H-x86_64-mingw32/nios2-elf/lib\libc.a(lib_a-printf.o)
 .text._printf_r
                0x0000000000020a3c       0x30 d:/intel_delete_after_master/nios2eds/bin/gnu/h-x86_64-mingw32/bin/../lib/gcc/nios2-elf/12.1.1/../../../../../H-x86_64-mingw32/nios2-elf/lib\libc.a(lib_a-printf.o)
                0x0000000000020a3c                _printf_r
 .text.printf   0x0000000000020a6c       0x38 d:/intel_delete_after_master/nios2eds/bin/gnu/h-x86_64-mingw32/bin/../lib/gcc/nios2-elf/12.1.1/../../../../../H-x86_64-mingw32/nios2-elf/lib\libc.a(lib_a-printf.o)
                0x0000000000020a6c                printf
 .text          0x0000000000020aa4        0x0 d:/intel_delete_after_master/nios2eds/bin/gnu/h-x86_64-mingw32/bin/../lib/gcc/nios2-elf/12.1.1/../../../../../H-x86_64-mingw32/nios2-elf/lib\libc.a(lib_a-puts.o)
 .text._puts_r  0x0000000000020aa4       0xd0 d:/intel_delete_after_master/nios2eds/bin/gnu/h-x86_64-mingw32/bin/../lib/gcc/nios2-elf/12.1.1/../../../../../H-x86_64-mingw32/nios2-elf/lib\libc.a(lib_a-puts.o)
                0x0000000000020aa4                _puts_r
 .text.puts     0x0000000000020b74       0x10 d:/intel_delete_after_master/nios2eds/bin/gnu/h-x86_64-mingw32/bin/../lib/gcc/nios2-elf/12.1.1/../../../../../H-x86_64-mingw32/nios2-elf/lib\libc.a(lib_a-puts.o)
                0x0000000000020b74                puts
 .text          0x0000000000020b84        0x0 d:/intel_delete_after_master/nios2eds/bin/gnu/h-x86_64-mingw32/bin/../lib/gcc/nios2-elf/12.1.1/../../../../../H-x86_64-mingw32/nios2-elf/lib\libc.a(lib_a-strlen.o)
 .text.strlen   0x0000000000020b84       0x98 d:/intel_delete_after_master/nios2eds/bin/gnu/h-x86_64-mingw32/bin/../lib/gcc/nios2-elf/12.1.1/../../../../../H-x86_64-mingw32/nios2-elf/lib\libc.a(lib_a-strlen.o)
                0x0000000000020b84                strlen
 .text          0x0000000000020c1c        0x0 d:/intel_delete_after_master/nios2eds/bin/gnu/h-x86_64-mingw32/bin/../lib/gcc/nios2-elf/12.1.1/../../../../../H-x86_64-mingw32/nios2-elf/lib\libc.a(lib_a-vfprintf.o)
 .text.___vfprintf_internal_r
                0x0000000000020c1c     0x23a8 d:/intel_delete_after_master/nios2eds/bin/gnu/h-x86_64-mingw32/bin/../lib/gcc/nios2-elf/12.1.1/../../../../../H-x86_64-mingw32/nios2-elf/lib\libc.a(lib_a-vfprintf.o)
                0x0000000000020c1c                ___vfprintf_internal_r
 .text.__vfprintf_internal
                0x0000000000022fc4       0x1c d:/intel_delete_after_master/nios2eds/bin/gnu/h-x86_64-mingw32/bin/../lib/gcc/nios2-elf/12.1.1/../../../../../H-x86_64-mingw32/nios2-elf/lib\libc.a(lib_a-vfprintf.o)
                0x0000000000022fc4                __vfprintf_internal
 .text.__sbprintf
                0x0000000000022fe0       0xc4 d:/intel_delete_after_master/nios2eds/bin/gnu/h-x86_64-mingw32/bin/../lib/gcc/nios2-elf/12.1.1/../../../../../H-x86_64-mingw32/nios2-elf/lib\libc.a(lib_a-vfprintf.o)
 .text          0x00000000000230a4        0x0 d:/intel_delete_after_master/nios2eds/bin/gnu/h-x86_64-mingw32/bin/../lib/gcc/nios2-elf/12.1.1/../../../../../H-x86_64-mingw32/nios2-elf/lib\libc.a(lib_a-wsetup.o)
 .text.__swsetup_r
                0x00000000000230a4      0x14c d:/intel_delete_after_master/nios2eds/bin/gnu/h-x86_64-mingw32/bin/../lib/gcc/nios2-elf/12.1.1/../../../../../H-x86_64-mingw32/nios2-elf/lib\libc.a(lib_a-wsetup.o)
                0x00000000000230a4                __swsetup_r
 .text          0x00000000000231f0        0x0 d:/intel_delete_after_master/nios2eds/bin/gnu/h-x86_64-mingw32/bin/../lib/gcc/nios2-elf/12.1.1/../../../../../H-x86_64-mingw32/nios2-elf/lib\libc.a(lib_a-dtoa.o)
 .text.quorem   0x00000000000231f0      0x1fc d:/intel_delete_after_master/nios2eds/bin/gnu/h-x86_64-mingw32/bin/../lib/gcc/nios2-elf/12.1.1/../../../../../H-x86_64-mingw32/nios2-elf/lib\libc.a(lib_a-dtoa.o)
 .text._dtoa_r  0x00000000000233ec     0x17e8 d:/intel_delete_after_master/nios2eds/bin/gnu/h-x86_64-mingw32/bin/../lib/gcc/nios2-elf/12.1.1/../../../../../H-x86_64-mingw32/nios2-elf/lib\libc.a(lib_a-dtoa.o)
                0x00000000000233ec                _dtoa_r
 .text          0x0000000000024bd4        0x0 d:/intel_delete_after_master/nios2eds/bin/gnu/h-x86_64-mingw32/bin/../lib/gcc/nios2-elf/12.1.1/../../../../../H-x86_64-mingw32/nios2-elf/lib\libc.a(lib_a-fflush.o)
 .text.__sflush_r
                0x0000000000024bd4      0x208 d:/intel_delete_after_master/nios2eds/bin/gnu/h-x86_64-mingw32/bin/../lib/gcc/nios2-elf/12.1.1/../../../../../H-x86_64-mingw32/nios2-elf/lib\libc.a(lib_a-fflush.o)
                0x0000000000024bd4                __sflush_r
 .text._fflush_r
                0x0000000000024ddc       0x60 d:/intel_delete_after_master/nios2eds/bin/gnu/h-x86_64-mingw32/bin/../lib/gcc/nios2-elf/12.1.1/../../../../../H-x86_64-mingw32/nios2-elf/lib\libc.a(lib_a-fflush.o)
                0x0000000000024ddc                _fflush_r
 .text.fflush   0x0000000000024e3c       0x84 d:/intel_delete_after_master/nios2eds/bin/gnu/h-x86_64-mingw32/bin/../lib/gcc/nios2-elf/12.1.1/../../../../../H-x86_64-mingw32/nios2-elf/lib\libc.a(lib_a-fflush.o)
                0x0000000000024e3c                fflush
 .text          0x0000000000024ec0        0x0 d:/intel_delete_after_master/nios2eds/bin/gnu/h-x86_64-mingw32/bin/../lib/gcc/nios2-elf/12.1.1/../../../../../H-x86_64-mingw32/nios2-elf/lib\libc.a(lib_a-findfp.o)
 .text.__fp_lock
                0x0000000000024ec0        0x8 d:/intel_delete_after_master/nios2eds/bin/gnu/h-x86_64-mingw32/bin/../lib/gcc/nios2-elf/12.1.1/../../../../../H-x86_64-mingw32/nios2-elf/lib\libc.a(lib_a-findfp.o)
 .text._cleanup_r
                0x0000000000024ec8        0xc d:/intel_delete_after_master/nios2eds/bin/gnu/h-x86_64-mingw32/bin/../lib/gcc/nios2-elf/12.1.1/../../../../../H-x86_64-mingw32/nios2-elf/lib\libc.a(lib_a-findfp.o)
                0x0000000000024ec8                _cleanup_r
 .text.__fp_unlock
                0x0000000000024ed4        0x8 d:/intel_delete_after_master/nios2eds/bin/gnu/h-x86_64-mingw32/bin/../lib/gcc/nios2-elf/12.1.1/../../../../../H-x86_64-mingw32/nios2-elf/lib\libc.a(lib_a-findfp.o)
 .text.__sinit.part.0
                0x0000000000024edc      0x168 d:/intel_delete_after_master/nios2eds/bin/gnu/h-x86_64-mingw32/bin/../lib/gcc/nios2-elf/12.1.1/../../../../../H-x86_64-mingw32/nios2-elf/lib\libc.a(lib_a-findfp.o)
 .text.__sfmoreglue
                0x0000000000025044       0x68 d:/intel_delete_after_master/nios2eds/bin/gnu/h-x86_64-mingw32/bin/../lib/gcc/nios2-elf/12.1.1/../../../../../H-x86_64-mingw32/nios2-elf/lib\libc.a(lib_a-findfp.o)
                0x0000000000025044                __sfmoreglue
 .text.__sfp    0x00000000000250ac      0x134 d:/intel_delete_after_master/nios2eds/bin/gnu/h-x86_64-mingw32/bin/../lib/gcc/nios2-elf/12.1.1/../../../../../H-x86_64-mingw32/nios2-elf/lib\libc.a(lib_a-findfp.o)
                0x00000000000250ac                __sfp
 .text._cleanup
                0x00000000000251e0       0x14 d:/intel_delete_after_master/nios2eds/bin/gnu/h-x86_64-mingw32/bin/../lib/gcc/nios2-elf/12.1.1/../../../../../H-x86_64-mingw32/nios2-elf/lib\libc.a(lib_a-findfp.o)
                0x00000000000251e0                _cleanup
 .text.__sinit  0x00000000000251f4       0x10 d:/intel_delete_after_master/nios2eds/bin/gnu/h-x86_64-mingw32/bin/../lib/gcc/nios2-elf/12.1.1/../../../../../H-x86_64-mingw32/nios2-elf/lib\libc.a(lib_a-findfp.o)
                0x00000000000251f4                __sinit
 .text.__sfp_lock_acquire
                0x0000000000025204        0x4 d:/intel_delete_after_master/nios2eds/bin/gnu/h-x86_64-mingw32/bin/../lib/gcc/nios2-elf/12.1.1/../../../../../H-x86_64-mingw32/nios2-elf/lib\libc.a(lib_a-findfp.o)
                0x0000000000025204                __sfp_lock_acquire
 .text.__sfp_lock_release
                0x0000000000025208        0x4 d:/intel_delete_after_master/nios2eds/bin/gnu/h-x86_64-mingw32/bin/../lib/gcc/nios2-elf/12.1.1/../../../../../H-x86_64-mingw32/nios2-elf/lib\libc.a(lib_a-findfp.o)
                0x0000000000025208                __sfp_lock_release
 .text.__sinit_lock_acquire
                0x000000000002520c        0x4 d:/intel_delete_after_master/nios2eds/bin/gnu/h-x86_64-mingw32/bin/../lib/gcc/nios2-elf/12.1.1/../../../../../H-x86_64-mingw32/nios2-elf/lib\libc.a(lib_a-findfp.o)
                0x000000000002520c                __sinit_lock_acquire
 .text.__sinit_lock_release
                0x0000000000025210        0x4 d:/intel_delete_after_master/nios2eds/bin/gnu/h-x86_64-mingw32/bin/../lib/gcc/nios2-elf/12.1.1/../../../../../H-x86_64-mingw32/nios2-elf/lib\libc.a(lib_a-findfp.o)
                0x0000000000025210                __sinit_lock_release
 .text.__fp_lock_all
                0x0000000000025214       0x14 d:/intel_delete_after_master/nios2eds/bin/gnu/h-x86_64-mingw32/bin/../lib/gcc/nios2-elf/12.1.1/../../../../../H-x86_64-mingw32/nios2-elf/lib\libc.a(lib_a-findfp.o)
                0x0000000000025214                __fp_lock_all
 .text.__fp_unlock_all
                0x0000000000025228       0x14 d:/intel_delete_after_master/nios2eds/bin/gnu/h-x86_64-mingw32/bin/../lib/gcc/nios2-elf/12.1.1/../../../../../H-x86_64-mingw32/nios2-elf/lib\libc.a(lib_a-findfp.o)
                0x0000000000025228                __fp_unlock_all
 .text          0x000000000002523c        0x0 d:/intel_delete_after_master/nios2eds/bin/gnu/h-x86_64-mingw32/bin/../lib/gcc/nios2-elf/12.1.1/../../../../../H-x86_64-mingw32/nios2-elf/lib\libc.a(lib_a-freer.o)
 .text._malloc_trim_r
                0x000000000002523c      0x124 d:/intel_delete_after_master/nios2eds/bin/gnu/h-x86_64-mingw32/bin/../lib/gcc/nios2-elf/12.1.1/../../../../../H-x86_64-mingw32/nios2-elf/lib\libc.a(lib_a-freer.o)
                0x000000000002523c                _malloc_trim_r
 .text._free_r  0x0000000000025360      0x308 d:/intel_delete_after_master/nios2eds/bin/gnu/h-x86_64-mingw32/bin/../lib/gcc/nios2-elf/12.1.1/../../../../../H-x86_64-mingw32/nios2-elf/lib\libc.a(lib_a-freer.o)
                0x0000000000025360                _free_r
 .text          0x0000000000025668        0x0 d:/intel_delete_after_master/nios2eds/bin/gnu/h-x86_64-mingw32/bin/../lib/gcc/nios2-elf/12.1.1/../../../../../H-x86_64-mingw32/nios2-elf/lib\libc.a(lib_a-fvwrite.o)
 .text.__sfvwrite_r
                0x0000000000025668      0x4a4 d:/intel_delete_after_master/nios2eds/bin/gnu/h-x86_64-mingw32/bin/../lib/gcc/nios2-elf/12.1.1/../../../../../H-x86_64-mingw32/nios2-elf/lib\libc.a(lib_a-fvwrite.o)
                0x0000000000025668                __sfvwrite_r
 .text          0x0000000000025b0c        0x0 d:/intel_delete_after_master/nios2eds/bin/gnu/h-x86_64-mingw32/bin/../lib/gcc/nios2-elf/12.1.1/../../../../../H-x86_64-mingw32/nios2-elf/lib\libc.a(lib_a-fwalk.o)
 .text._fwalk   0x0000000000025b0c       0x98 d:/intel_delete_after_master/nios2eds/bin/gnu/h-x86_64-mingw32/bin/../lib/gcc/nios2-elf/12.1.1/../../../../../H-x86_64-mingw32/nios2-elf/lib\libc.a(lib_a-fwalk.o)
                0x0000000000025b0c                _fwalk
 .text._fwalk_reent
                0x0000000000025ba4       0xa8 d:/intel_delete_after_master/nios2eds/bin/gnu/h-x86_64-mingw32/bin/../lib/gcc/nios2-elf/12.1.1/../../../../../H-x86_64-mingw32/nios2-elf/lib\libc.a(lib_a-fwalk.o)
                0x0000000000025ba4                _fwalk_reent
 .text          0x0000000000025c4c        0x0 d:/intel_delete_after_master/nios2eds/bin/gnu/h-x86_64-mingw32/bin/../lib/gcc/nios2-elf/12.1.1/../../../../../H-x86_64-mingw32/nios2-elf/lib\libc.a(lib_a-impure.o)
 .text          0x0000000000025c4c        0x0 d:/intel_delete_after_master/nios2eds/bin/gnu/h-x86_64-mingw32/bin/../lib/gcc/nios2-elf/12.1.1/../../../../../H-x86_64-mingw32/nios2-elf/lib\libc.a(lib_a-localeconv.o)
 .text.__localeconv_l
                0x0000000000025c4c        0x8 d:/intel_delete_after_master/nios2eds/bin/gnu/h-x86_64-mingw32/bin/../lib/gcc/nios2-elf/12.1.1/../../../../../H-x86_64-mingw32/nios2-elf/lib\libc.a(lib_a-localeconv.o)
                0x0000000000025c4c                __localeconv_l
 .text._localeconv_r
                0x0000000000025c54        0xc d:/intel_delete_after_master/nios2eds/bin/gnu/h-x86_64-mingw32/bin/../lib/gcc/nios2-elf/12.1.1/../../../../../H-x86_64-mingw32/nios2-elf/lib\libc.a(lib_a-localeconv.o)
                0x0000000000025c54                _localeconv_r
 .text.localeconv
                0x0000000000025c60        0xc d:/intel_delete_after_master/nios2eds/bin/gnu/h-x86_64-mingw32/bin/../lib/gcc/nios2-elf/12.1.1/../../../../../H-x86_64-mingw32/nios2-elf/lib\libc.a(lib_a-localeconv.o)
                0x0000000000025c60                localeconv
 .text          0x0000000000025c6c        0x0 d:/intel_delete_after_master/nios2eds/bin/gnu/h-x86_64-mingw32/bin/../lib/gcc/nios2-elf/12.1.1/../../../../../H-x86_64-mingw32/nios2-elf/lib\libc.a(lib_a-makebuf.o)
 .text.__smakebuf_r
                0x0000000000025c6c      0x1a0 d:/intel_delete_after_master/nios2eds/bin/gnu/h-x86_64-mingw32/bin/../lib/gcc/nios2-elf/12.1.1/../../../../../H-x86_64-mingw32/nios2-elf/lib\libc.a(lib_a-makebuf.o)
                0x0000000000025c6c                __smakebuf_r
 .text.__swhatbuf_r
                0x0000000000025e0c       0x8c d:/intel_delete_after_master/nios2eds/bin/gnu/h-x86_64-mingw32/bin/../lib/gcc/nios2-elf/12.1.1/../../../../../H-x86_64-mingw32/nios2-elf/lib\libc.a(lib_a-makebuf.o)
                0x0000000000025e0c                __swhatbuf_r
 .text          0x0000000000025e98        0x0 d:/intel_delete_after_master/nios2eds/bin/gnu/h-x86_64-mingw32/bin/../lib/gcc/nios2-elf/12.1.1/../../../../../H-x86_64-mingw32/nios2-elf/lib\libc.a(lib_a-mallocr.o)
 .text._malloc_r
                0x0000000000025e98      0x7b4 d:/intel_delete_after_master/nios2eds/bin/gnu/h-x86_64-mingw32/bin/../lib/gcc/nios2-elf/12.1.1/../../../../../H-x86_64-mingw32/nios2-elf/lib\libc.a(lib_a-mallocr.o)
                0x0000000000025e98                _malloc_r
 .text          0x000000000002664c        0x0 d:/intel_delete_after_master/nios2eds/bin/gnu/h-x86_64-mingw32/bin/../lib/gcc/nios2-elf/12.1.1/../../../../../H-x86_64-mingw32/nios2-elf/lib\libc.a(lib_a-memchr.o)
 .text.memchr   0x000000000002664c       0xd0 d:/intel_delete_after_master/nios2eds/bin/gnu/h-x86_64-mingw32/bin/../lib/gcc/nios2-elf/12.1.1/../../../../../H-x86_64-mingw32/nios2-elf/lib\libc.a(lib_a-memchr.o)
                0x000000000002664c                memchr
 .text          0x000000000002671c        0x0 d:/intel_delete_after_master/nios2eds/bin/gnu/h-x86_64-mingw32/bin/../lib/gcc/nios2-elf/12.1.1/../../../../../H-x86_64-mingw32/nios2-elf/lib\libc.a(lib_a-memcpy.o)
 .text.memcpy   0x000000000002671c      0x100 d:/intel_delete_after_master/nios2eds/bin/gnu/h-x86_64-mingw32/bin/../lib/gcc/nios2-elf/12.1.1/../../../../../H-x86_64-mingw32/nios2-elf/lib\libc.a(lib_a-memcpy.o)
                0x000000000002671c                memcpy
 .text          0x000000000002681c        0x0 d:/intel_delete_after_master/nios2eds/bin/gnu/h-x86_64-mingw32/bin/../lib/gcc/nios2-elf/12.1.1/../../../../../H-x86_64-mingw32/nios2-elf/lib\libc.a(lib_a-memmove.o)
 .text.memmove  0x000000000002681c      0x128 d:/intel_delete_after_master/nios2eds/bin/gnu/h-x86_64-mingw32/bin/../lib/gcc/nios2-elf/12.1.1/../../../../../H-x86_64-mingw32/nios2-elf/lib\libc.a(lib_a-memmove.o)
                0x000000000002681c                memmove
 .text          0x0000000000026944        0x0 d:/intel_delete_after_master/nios2eds/bin/gnu/h-x86_64-mingw32/bin/../lib/gcc/nios2-elf/12.1.1/../../../../../H-x86_64-mingw32/nios2-elf/lib\libc.a(lib_a-memset.o)
 .text.memset   0x0000000000026944       0xf8 d:/intel_delete_after_master/nios2eds/bin/gnu/h-x86_64-mingw32/bin/../lib/gcc/nios2-elf/12.1.1/../../../../../H-x86_64-mingw32/nios2-elf/lib\libc.a(lib_a-memset.o)
                0x0000000000026944                memset
 .text          0x0000000000026a3c        0x0 d:/intel_delete_after_master/nios2eds/bin/gnu/h-x86_64-mingw32/bin/../lib/gcc/nios2-elf/12.1.1/../../../../../H-x86_64-mingw32/nios2-elf/lib\libc.a(lib_a-mprec.o)
 .text._Balloc  0x0000000000026a3c       0xa4 d:/intel_delete_after_master/nios2eds/bin/gnu/h-x86_64-mingw32/bin/../lib/gcc/nios2-elf/12.1.1/../../../../../H-x86_64-mingw32/nios2-elf/lib\libc.a(lib_a-mprec.o)
                0x0000000000026a3c                _Balloc
 .text._Bfree   0x0000000000026ae0       0x24 d:/intel_delete_after_master/nios2eds/bin/gnu/h-x86_64-mingw32/bin/../lib/gcc/nios2-elf/12.1.1/../../../../../H-x86_64-mingw32/nios2-elf/lib\libc.a(lib_a-mprec.o)
                0x0000000000026ae0                _Bfree
 .text.__multadd
                0x0000000000026b04      0x130 d:/intel_delete_after_master/nios2eds/bin/gnu/h-x86_64-mingw32/bin/../lib/gcc/nios2-elf/12.1.1/../../../../../H-x86_64-mingw32/nios2-elf/lib\libc.a(lib_a-mprec.o)
                0x0000000000026b04                __multadd
 .text.__s2b    0x0000000000026c34      0x138 d:/intel_delete_after_master/nios2eds/bin/gnu/h-x86_64-mingw32/bin/../lib/gcc/nios2-elf/12.1.1/../../../../../H-x86_64-mingw32/nios2-elf/lib\libc.a(lib_a-mprec.o)
                0x0000000000026c34                __s2b
 .text.__hi0bits
                0x0000000000026d6c       0x74 d:/intel_delete_after_master/nios2eds/bin/gnu/h-x86_64-mingw32/bin/../lib/gcc/nios2-elf/12.1.1/../../../../../H-x86_64-mingw32/nios2-elf/lib\libc.a(lib_a-mprec.o)
                0x0000000000026d6c                __hi0bits
 .text.__lo0bits
                0x0000000000026de0       0xb0 d:/intel_delete_after_master/nios2eds/bin/gnu/h-x86_64-mingw32/bin/../lib/gcc/nios2-elf/12.1.1/../../../../../H-x86_64-mingw32/nios2-elf/lib\libc.a(lib_a-mprec.o)
                0x0000000000026de0                __lo0bits
 .text.__i2b    0x0000000000026e90       0xb0 d:/intel_delete_after_master/nios2eds/bin/gnu/h-x86_64-mingw32/bin/../lib/gcc/nios2-elf/12.1.1/../../../../../H-x86_64-mingw32/nios2-elf/lib\libc.a(lib_a-mprec.o)
                0x0000000000026e90                __i2b
 .text.__multiply
                0x0000000000026f40      0x254 d:/intel_delete_after_master/nios2eds/bin/gnu/h-x86_64-mingw32/bin/../lib/gcc/nios2-elf/12.1.1/../../../../../H-x86_64-mingw32/nios2-elf/lib\libc.a(lib_a-mprec.o)
                0x0000000000026f40                __multiply
 .text.__pow5mult
                0x0000000000027194      0x140 d:/intel_delete_after_master/nios2eds/bin/gnu/h-x86_64-mingw32/bin/../lib/gcc/nios2-elf/12.1.1/../../../../../H-x86_64-mingw32/nios2-elf/lib\libc.a(lib_a-mprec.o)
                0x0000000000027194                __pow5mult
 .text.__lshift
                0x00000000000272d4      0x188 d:/intel_delete_after_master/nios2eds/bin/gnu/h-x86_64-mingw32/bin/../lib/gcc/nios2-elf/12.1.1/../../../../../H-x86_64-mingw32/nios2-elf/lib\libc.a(lib_a-mprec.o)
                0x00000000000272d4                __lshift
 .text.__mcmp   0x000000000002745c       0x58 d:/intel_delete_after_master/nios2eds/bin/gnu/h-x86_64-mingw32/bin/../lib/gcc/nios2-elf/12.1.1/../../../../../H-x86_64-mingw32/nios2-elf/lib\libc.a(lib_a-mprec.o)
                0x000000000002745c                __mcmp
 .text.__mdiff  0x00000000000274b4      0x230 d:/intel_delete_after_master/nios2eds/bin/gnu/h-x86_64-mingw32/bin/../lib/gcc/nios2-elf/12.1.1/../../../../../H-x86_64-mingw32/nios2-elf/lib\libc.a(lib_a-mprec.o)
                0x00000000000274b4                __mdiff
 .text.__ulp    0x00000000000276e4       0x60 d:/intel_delete_after_master/nios2eds/bin/gnu/h-x86_64-mingw32/bin/../lib/gcc/nios2-elf/12.1.1/../../../../../H-x86_64-mingw32/nios2-elf/lib\libc.a(lib_a-mprec.o)
                0x00000000000276e4                __ulp
 .text.__b2d    0x0000000000027744      0x100 d:/intel_delete_after_master/nios2eds/bin/gnu/h-x86_64-mingw32/bin/../lib/gcc/nios2-elf/12.1.1/../../../../../H-x86_64-mingw32/nios2-elf/lib\libc.a(lib_a-mprec.o)
                0x0000000000027744                __b2d
 .text.__d2b    0x0000000000027844      0x158 d:/intel_delete_after_master/nios2eds/bin/gnu/h-x86_64-mingw32/bin/../lib/gcc/nios2-elf/12.1.1/../../../../../H-x86_64-mingw32/nios2-elf/lib\libc.a(lib_a-mprec.o)
                0x0000000000027844                __d2b
 .text.__ratio  0x000000000002799c       0xa8 d:/intel_delete_after_master/nios2eds/bin/gnu/h-x86_64-mingw32/bin/../lib/gcc/nios2-elf/12.1.1/../../../../../H-x86_64-mingw32/nios2-elf/lib\libc.a(lib_a-mprec.o)
                0x000000000002799c                __ratio
 .text._mprec_log10
                0x0000000000027a44       0x70 d:/intel_delete_after_master/nios2eds/bin/gnu/h-x86_64-mingw32/bin/../lib/gcc/nios2-elf/12.1.1/../../../../../H-x86_64-mingw32/nios2-elf/lib\libc.a(lib_a-mprec.o)
                0x0000000000027a44                _mprec_log10
 .text.__copybits
                0x0000000000027ab4       0x7c d:/intel_delete_after_master/nios2eds/bin/gnu/h-x86_64-mingw32/bin/../lib/gcc/nios2-elf/12.1.1/../../../../../H-x86_64-mingw32/nios2-elf/lib\libc.a(lib_a-mprec.o)
                0x0000000000027ab4                __copybits
 .text.__any_on
                0x0000000000027b30       0x60 d:/intel_delete_after_master/nios2eds/bin/gnu/h-x86_64-mingw32/bin/../lib/gcc/nios2-elf/12.1.1/../../../../../H-x86_64-mingw32/nios2-elf/lib\libc.a(lib_a-mprec.o)
                0x0000000000027b30                __any_on
 .text          0x0000000000027b90        0x0 d:/intel_delete_after_master/nios2eds/bin/gnu/h-x86_64-mingw32/bin/../lib/gcc/nios2-elf/12.1.1/../../../../../H-x86_64-mingw32/nios2-elf/lib\libc.a(lib_a-reallocr.o)
 .text._realloc_r
                0x0000000000027b90      0x5f4 d:/intel_delete_after_master/nios2eds/bin/gnu/h-x86_64-mingw32/bin/../lib/gcc/nios2-elf/12.1.1/../../../../../H-x86_64-mingw32/nios2-elf/lib\libc.a(lib_a-reallocr.o)
                0x0000000000027b90                _realloc_r
 .text          0x0000000000028184        0x0 d:/intel_delete_after_master/nios2eds/bin/gnu/h-x86_64-mingw32/bin/../lib/gcc/nios2-elf/12.1.1/../../../../../H-x86_64-mingw32/nios2-elf/lib\libc.a(lib_a-sbrkr.o)
 .text._sbrk_r  0x0000000000028184       0x58 d:/intel_delete_after_master/nios2eds/bin/gnu/h-x86_64-mingw32/bin/../lib/gcc/nios2-elf/12.1.1/../../../../../H-x86_64-mingw32/nios2-elf/lib\libc.a(lib_a-sbrkr.o)
                0x0000000000028184                _sbrk_r
 .text          0x00000000000281dc        0x0 d:/intel_delete_after_master/nios2eds/bin/gnu/h-x86_64-mingw32/bin/../lib/gcc/nios2-elf/12.1.1/../../../../../H-x86_64-mingw32/nios2-elf/lib\libc.a(lib_a-stdio.o)
 .text.__sread  0x00000000000281dc       0x54 d:/intel_delete_after_master/nios2eds/bin/gnu/h-x86_64-mingw32/bin/../lib/gcc/nios2-elf/12.1.1/../../../../../H-x86_64-mingw32/nios2-elf/lib\libc.a(lib_a-stdio.o)
                0x00000000000281dc                __sread
 .text.__seofread
                0x0000000000028230        0x8 d:/intel_delete_after_master/nios2eds/bin/gnu/h-x86_64-mingw32/bin/../lib/gcc/nios2-elf/12.1.1/../../../../../H-x86_64-mingw32/nios2-elf/lib\libc.a(lib_a-stdio.o)
                0x0000000000028230                __seofread
 .text.__swrite
                0x0000000000028238       0x80 d:/intel_delete_after_master/nios2eds/bin/gnu/h-x86_64-mingw32/bin/../lib/gcc/nios2-elf/12.1.1/../../../../../H-x86_64-mingw32/nios2-elf/lib\libc.a(lib_a-stdio.o)
                0x0000000000028238                __swrite
 .text.__sseek  0x00000000000282b8       0x5c d:/intel_delete_after_master/nios2eds/bin/gnu/h-x86_64-mingw32/bin/../lib/gcc/nios2-elf/12.1.1/../../../../../H-x86_64-mingw32/nios2-elf/lib\libc.a(lib_a-stdio.o)
                0x00000000000282b8                __sseek
 .text.__sclose
                0x0000000000028314        0x8 d:/intel_delete_after_master/nios2eds/bin/gnu/h-x86_64-mingw32/bin/../lib/gcc/nios2-elf/12.1.1/../../../../../H-x86_64-mingw32/nios2-elf/lib\libc.a(lib_a-stdio.o)
                0x0000000000028314                __sclose
 .text          0x000000000002831c        0x0 d:/intel_delete_after_master/nios2eds/bin/gnu/h-x86_64-mingw32/bin/../lib/gcc/nios2-elf/12.1.1/../../../../../H-x86_64-mingw32/nios2-elf/lib\libc.a(lib_a-vfiprintf.o)
 .text.__sprint_r.part.0
                0x000000000002831c       0xf4 d:/intel_delete_after_master/nios2eds/bin/gnu/h-x86_64-mingw32/bin/../lib/gcc/nios2-elf/12.1.1/../../../../../H-x86_64-mingw32/nios2-elf/lib\libc.a(lib_a-vfiprintf.o)
 .text.__sprint_r
                0x0000000000028410       0x18 d:/intel_delete_after_master/nios2eds/bin/gnu/h-x86_64-mingw32/bin/../lib/gcc/nios2-elf/12.1.1/../../../../../H-x86_64-mingw32/nios2-elf/lib\libc.a(lib_a-vfiprintf.o)
                0x0000000000028410                __sprint_r
 .text.___vfiprintf_internal_r
                0x0000000000028428     0x1270 d:/intel_delete_after_master/nios2eds/bin/gnu/h-x86_64-mingw32/bin/../lib/gcc/nios2-elf/12.1.1/../../../../../H-x86_64-mingw32/nios2-elf/lib\libc.a(lib_a-vfiprintf.o)
                0x0000000000028428                ___vfiprintf_internal_r
 .text.__vfiprintf_internal
                0x0000000000029698       0x1c d:/intel_delete_after_master/nios2eds/bin/gnu/h-x86_64-mingw32/bin/../lib/gcc/nios2-elf/12.1.1/../../../../../H-x86_64-mingw32/nios2-elf/lib\libc.a(lib_a-vfiprintf.o)
                0x0000000000029698                __vfiprintf_internal
 .text.__sbprintf
                0x00000000000296b4       0xc4 d:/intel_delete_after_master/nios2eds/bin/gnu/h-x86_64-mingw32/bin/../lib/gcc/nios2-elf/12.1.1/../../../../../H-x86_64-mingw32/nios2-elf/lib\libc.a(lib_a-vfiprintf.o)
 .text          0x0000000000029778        0x0 d:/intel_delete_after_master/nios2eds/bin/gnu/h-x86_64-mingw32/bin/../lib/gcc/nios2-elf/12.1.1/../../../../../H-x86_64-mingw32/nios2-elf/lib\libc.a(lib_a-writer.o)
 .text._write_r
                0x0000000000029778       0x64 d:/intel_delete_after_master/nios2eds/bin/gnu/h-x86_64-mingw32/bin/../lib/gcc/nios2-elf/12.1.1/../../../../../H-x86_64-mingw32/nios2-elf/lib\libc.a(lib_a-writer.o)
                0x0000000000029778                _write_r
 .text          0x00000000000297dc        0x0 d:/intel_delete_after_master/nios2eds/bin/gnu/h-x86_64-mingw32/bin/../lib/gcc/nios2-elf/12.1.1/../../../../../H-x86_64-mingw32/nios2-elf/lib\libc.a(closer.o)
 .text._close_r
                0x00000000000297dc       0x58 d:/intel_delete_after_master/nios2eds/bin/gnu/h-x86_64-mingw32/bin/../lib/gcc/nios2-elf/12.1.1/../../../../../H-x86_64-mingw32/nios2-elf/lib\libc.a(closer.o)
                0x00000000000297dc                _close_r
 .text          0x0000000000029834        0x0 d:/intel_delete_after_master/nios2eds/bin/gnu/h-x86_64-mingw32/bin/../lib/gcc/nios2-elf/12.1.1/../../../../../H-x86_64-mingw32/nios2-elf/lib\libc.a(lib_a-assert.o)
 .text.__assert_func
                0x0000000000029834       0x64 d:/intel_delete_after_master/nios2eds/bin/gnu/h-x86_64-mingw32/bin/../lib/gcc/nios2-elf/12.1.1/../../../../../H-x86_64-mingw32/nios2-elf/lib\libc.a(lib_a-assert.o)
                0x0000000000029834                __assert_func
 .text.__assert
                0x0000000000029898       0x14 d:/intel_delete_after_master/nios2eds/bin/gnu/h-x86_64-mingw32/bin/../lib/gcc/nios2-elf/12.1.1/../../../../../H-x86_64-mingw32/nios2-elf/lib\libc.a(lib_a-assert.o)
                0x0000000000029898                __assert
 .text          0x00000000000298ac        0x0 d:/intel_delete_after_master/nios2eds/bin/gnu/h-x86_64-mingw32/bin/../lib/gcc/nios2-elf/12.1.1/../../../../../H-x86_64-mingw32/nios2-elf/lib\libc.a(lib_a-callocr.o)
 .text._calloc_r
                0x00000000000298ac      0x144 d:/intel_delete_after_master/nios2eds/bin/gnu/h-x86_64-mingw32/bin/../lib/gcc/nios2-elf/12.1.1/../../../../../H-x86_64-mingw32/nios2-elf/lib\libc.a(lib_a-callocr.o)
                0x00000000000298ac                _calloc_r
 .text          0x00000000000299f0        0x0 d:/intel_delete_after_master/nios2eds/bin/gnu/h-x86_64-mingw32/bin/../lib/gcc/nios2-elf/12.1.1/../../../../../H-x86_64-mingw32/nios2-elf/lib\libc.a(lib_a-errno.o)
 .text.__errno  0x00000000000299f0        0xc d:/intel_delete_after_master/nios2eds/bin/gnu/h-x86_64-mingw32/bin/../lib/gcc/nios2-elf/12.1.1/../../../../../H-x86_64-mingw32/nios2-elf/lib\libc.a(lib_a-errno.o)
                0x00000000000299f0                __errno
 .text          0x00000000000299fc        0x0 d:/intel_delete_after_master/nios2eds/bin/gnu/h-x86_64-mingw32/bin/../lib/gcc/nios2-elf/12.1.1/../../../../../H-x86_64-mingw32/nios2-elf/lib\libc.a(lib_a-fclose.o)
 .text._fclose_r
                0x00000000000299fc       0xf8 d:/intel_delete_after_master/nios2eds/bin/gnu/h-x86_64-mingw32/bin/../lib/gcc/nios2-elf/12.1.1/../../../../../H-x86_64-mingw32/nios2-elf/lib\libc.a(lib_a-fclose.o)
                0x00000000000299fc                _fclose_r
 .text.fclose   0x0000000000029af4       0x10 d:/intel_delete_after_master/nios2eds/bin/gnu/h-x86_64-mingw32/bin/../lib/gcc/nios2-elf/12.1.1/../../../../../H-x86_64-mingw32/nios2-elf/lib\libc.a(lib_a-fclose.o)
                0x0000000000029af4                fclose
 .text          0x0000000000029b04        0x0 d:/intel_delete_after_master/nios2eds/bin/gnu/h-x86_64-mingw32/bin/../lib/gcc/nios2-elf/12.1.1/../../../../../H-x86_64-mingw32/nios2-elf/lib\libc.a(lib_a-fiprintf.o)
 .text._fiprintf_r
                0x0000000000029b04       0x20 d:/intel_delete_after_master/nios2eds/bin/gnu/h-x86_64-mingw32/bin/../lib/gcc/nios2-elf/12.1.1/../../../../../H-x86_64-mingw32/nios2-elf/lib\libc.a(lib_a-fiprintf.o)
                0x0000000000029b04                _fiprintf_r
 .text.fiprintf
                0x0000000000029b24       0x38 d:/intel_delete_after_master/nios2eds/bin/gnu/h-x86_64-mingw32/bin/../lib/gcc/nios2-elf/12.1.1/../../../../../H-x86_64-mingw32/nios2-elf/lib\libc.a(lib_a-fiprintf.o)
                0x0000000000029b24                fiprintf
 .text          0x0000000000029b5c        0x0 d:/intel_delete_after_master/nios2eds/bin/gnu/h-x86_64-mingw32/bin/../lib/gcc/nios2-elf/12.1.1/../../../../../H-x86_64-mingw32/nios2-elf/lib\libc.a(lib_a-fputwc.o)
 .text.__fputwc
                0x0000000000029b5c      0x164 d:/intel_delete_after_master/nios2eds/bin/gnu/h-x86_64-mingw32/bin/../lib/gcc/nios2-elf/12.1.1/../../../../../H-x86_64-mingw32/nios2-elf/lib\libc.a(lib_a-fputwc.o)
                0x0000000000029b5c                __fputwc
 .text._fputwc_r
                0x0000000000029cc0       0x24 d:/intel_delete_after_master/nios2eds/bin/gnu/h-x86_64-mingw32/bin/../lib/gcc/nios2-elf/12.1.1/../../../../../H-x86_64-mingw32/nios2-elf/lib\libc.a(lib_a-fputwc.o)
                0x0000000000029cc0                _fputwc_r
 .text.fputwc   0x0000000000029ce4       0x78 d:/intel_delete_after_master/nios2eds/bin/gnu/h-x86_64-mingw32/bin/../lib/gcc/nios2-elf/12.1.1/../../../../../H-x86_64-mingw32/nios2-elf/lib\libc.a(lib_a-fputwc.o)
                0x0000000000029ce4                fputwc
 .text          0x0000000000029d5c        0x0 d:/intel_delete_after_master/nios2eds/bin/gnu/h-x86_64-mingw32/bin/../lib/gcc/nios2-elf/12.1.1/../../../../../H-x86_64-mingw32/nios2-elf/lib\libc.a(lib_a-fstatr.o)
 .text._fstat_r
                0x0000000000029d5c       0x60 d:/intel_delete_after_master/nios2eds/bin/gnu/h-x86_64-mingw32/bin/../lib/gcc/nios2-elf/12.1.1/../../../../../H-x86_64-mingw32/nios2-elf/lib\libc.a(lib_a-fstatr.o)
                0x0000000000029d5c                _fstat_r
 .text          0x0000000000029dbc        0x0 d:/intel_delete_after_master/nios2eds/bin/gnu/h-x86_64-mingw32/bin/../lib/gcc/nios2-elf/12.1.1/../../../../../H-x86_64-mingw32/nios2-elf/lib\libc.a(lib_a-int_errno.o)
 .text          0x0000000000029dbc        0x0 d:/intel_delete_after_master/nios2eds/bin/gnu/h-x86_64-mingw32/bin/../lib/gcc/nios2-elf/12.1.1/../../../../../H-x86_64-mingw32/nios2-elf/lib\libc.a(lib_a-isattyr.o)
 .text._isatty_r
                0x0000000000029dbc       0x58 d:/intel_delete_after_master/nios2eds/bin/gnu/h-x86_64-mingw32/bin/../lib/gcc/nios2-elf/12.1.1/../../../../../H-x86_64-mingw32/nios2-elf/lib\libc.a(lib_a-isattyr.o)
                0x0000000000029dbc                _isatty_r
 .text          0x0000000000029e14        0x0 d:/intel_delete_after_master/nios2eds/bin/gnu/h-x86_64-mingw32/bin/../lib/gcc/nios2-elf/12.1.1/../../../../../H-x86_64-mingw32/nios2-elf/lib\libc.a(lib_a-locale.o)
 .text._setlocale_r
                0x0000000000029e14       0x74 d:/intel_delete_after_master/nios2eds/bin/gnu/h-x86_64-mingw32/bin/../lib/gcc/nios2-elf/12.1.1/../../../../../H-x86_64-mingw32/nios2-elf/lib\libc.a(lib_a-locale.o)
                0x0000000000029e14                _setlocale_r
 .text.__locale_mb_cur_max
                0x0000000000029e88        0xc d:/intel_delete_after_master/nios2eds/bin/gnu/h-x86_64-mingw32/bin/../lib/gcc/nios2-elf/12.1.1/../../../../../H-x86_64-mingw32/nios2-elf/lib\libc.a(lib_a-locale.o)
                0x0000000000029e88                __locale_mb_cur_max
 .text.setlocale
                0x0000000000029e94       0x74 d:/intel_delete_after_master/nios2eds/bin/gnu/h-x86_64-mingw32/bin/../lib/gcc/nios2-elf/12.1.1/../../../../../H-x86_64-mingw32/nios2-elf/lib\libc.a(lib_a-locale.o)
                0x0000000000029e94                setlocale
 .text          0x0000000000029f08        0x0 d:/intel_delete_after_master/nios2eds/bin/gnu/h-x86_64-mingw32/bin/../lib/gcc/nios2-elf/12.1.1/../../../../../H-x86_64-mingw32/nios2-elf/lib\libc.a(lib_a-lseekr.o)
 .text._lseek_r
                0x0000000000029f08       0x64 d:/intel_delete_after_master/nios2eds/bin/gnu/h-x86_64-mingw32/bin/../lib/gcc/nios2-elf/12.1.1/../../../../../H-x86_64-mingw32/nios2-elf/lib\libc.a(lib_a-lseekr.o)
                0x0000000000029f08                _lseek_r
 .text          0x0000000000029f6c        0x0 d:/intel_delete_after_master/nios2eds/bin/gnu/h-x86_64-mingw32/bin/../lib/gcc/nios2-elf/12.1.1/../../../../../H-x86_64-mingw32/nios2-elf/lib\libc.a(lib_a-mbtowc_r.o)
 .text._mbtowc_r
                0x0000000000029f6c        0xc d:/intel_delete_after_master/nios2eds/bin/gnu/h-x86_64-mingw32/bin/../lib/gcc/nios2-elf/12.1.1/../../../../../H-x86_64-mingw32/nios2-elf/lib\libc.a(lib_a-mbtowc_r.o)
                0x0000000000029f6c                _mbtowc_r
 .text.__ascii_mbtowc
                0x0000000000029f78       0x44 d:/intel_delete_after_master/nios2eds/bin/gnu/h-x86_64-mingw32/bin/../lib/gcc/nios2-elf/12.1.1/../../../../../H-x86_64-mingw32/nios2-elf/lib\libc.a(lib_a-mbtowc_r.o)
                0x0000000000029f78                __ascii_mbtowc
 .text          0x0000000000029fbc        0x0 d:/intel_delete_after_master/nios2eds/bin/gnu/h-x86_64-mingw32/bin/../lib/gcc/nios2-elf/12.1.1/../../../../../H-x86_64-mingw32/nios2-elf/lib\libc.a(lib_a-readr.o)
 .text._read_r  0x0000000000029fbc       0x64 d:/intel_delete_after_master/nios2eds/bin/gnu/h-x86_64-mingw32/bin/../lib/gcc/nios2-elf/12.1.1/../../../../../H-x86_64-mingw32/nios2-elf/lib\libc.a(lib_a-readr.o)
                0x0000000000029fbc                _read_r
 .text          0x000000000002a020        0x0 d:/intel_delete_after_master/nios2eds/bin/gnu/h-x86_64-mingw32/bin/../lib/gcc/nios2-elf/12.1.1/../../../../../H-x86_64-mingw32/nios2-elf/lib\libc.a(lib_a-strcmp.o)
 .text.strcmp   0x000000000002a020       0xb8 d:/intel_delete_after_master/nios2eds/bin/gnu/h-x86_64-mingw32/bin/../lib/gcc/nios2-elf/12.1.1/../../../../../H-x86_64-mingw32/nios2-elf/lib\libc.a(lib_a-strcmp.o)
                0x000000000002a020                strcmp
 .text          0x000000000002a0d8        0x0 d:/intel_delete_after_master/nios2eds/bin/gnu/h-x86_64-mingw32/bin/../lib/gcc/nios2-elf/12.1.1/../../../../../H-x86_64-mingw32/nios2-elf/lib\libc.a(lib_a-vfiprintfr_1.o)
 .text._vfiprintf_r
                0x000000000002a0d8        0x4 d:/intel_delete_after_master/nios2eds/bin/gnu/h-x86_64-mingw32/bin/../lib/gcc/nios2-elf/12.1.1/../../../../../H-x86_64-mingw32/nios2-elf/lib\libc.a(lib_a-vfiprintfr_1.o)
                0x000000000002a0d8                _vfiprintf_r
 .text          0x000000000002a0dc        0x0 d:/intel_delete_after_master/nios2eds/bin/gnu/h-x86_64-mingw32/bin/../lib/gcc/nios2-elf/12.1.1/../../../../../H-x86_64-mingw32/nios2-elf/lib\libc.a(lib_a-wbuf.o)
 .text.__swbuf_r
                0x000000000002a0dc      0x148 d:/intel_delete_after_master/nios2eds/bin/gnu/h-x86_64-mingw32/bin/../lib/gcc/nios2-elf/12.1.1/../../../../../H-x86_64-mingw32/nios2-elf/lib\libc.a(lib_a-wbuf.o)
                0x000000000002a0dc                __swbuf_r
 .text.__swbuf  0x000000000002a224       0x18 d:/intel_delete_after_master/nios2eds/bin/gnu/h-x86_64-mingw32/bin/../lib/gcc/nios2-elf/12.1.1/../../../../../H-x86_64-mingw32/nios2-elf/lib\libc.a(lib_a-wbuf.o)
                0x000000000002a224                __swbuf
 .text          0x000000000002a23c        0x0 d:/intel_delete_after_master/nios2eds/bin/gnu/h-x86_64-mingw32/bin/../lib/gcc/nios2-elf/12.1.1/../../../../../H-x86_64-mingw32/nios2-elf/lib\libc.a(lib_a-wcrtomb.o)
 .text._wcrtomb_r
                0x000000000002a23c       0x6c d:/intel_delete_after_master/nios2eds/bin/gnu/h-x86_64-mingw32/bin/../lib/gcc/nios2-elf/12.1.1/../../../../../H-x86_64-mingw32/nios2-elf/lib\libc.a(lib_a-wcrtomb.o)
                0x000000000002a23c                _wcrtomb_r
 .text.wcrtomb  0x000000000002a2a8       0x88 d:/intel_delete_after_master/nios2eds/bin/gnu/h-x86_64-mingw32/bin/../lib/gcc/nios2-elf/12.1.1/../../../../../H-x86_64-mingw32/nios2-elf/lib\libc.a(lib_a-wcrtomb.o)
                0x000000000002a2a8                wcrtomb
 .text          0x000000000002a330        0x0 d:/intel_delete_after_master/nios2eds/bin/gnu/h-x86_64-mingw32/bin/../lib/gcc/nios2-elf/12.1.1/../../../../../H-x86_64-mingw32/nios2-elf/lib\libc.a(lib_a-wctomb_r.o)
 .text._wctomb_r
                0x000000000002a330        0xc d:/intel_delete_after_master/nios2eds/bin/gnu/h-x86_64-mingw32/bin/../lib/gcc/nios2-elf/12.1.1/../../../../../H-x86_64-mingw32/nios2-elf/lib\libc.a(lib_a-wctomb_r.o)
                0x000000000002a330                _wctomb_r
 .text.__ascii_wctomb
                0x000000000002a33c       0x30 d:/intel_delete_after_master/nios2eds/bin/gnu/h-x86_64-mingw32/bin/../lib/gcc/nios2-elf/12.1.1/../../../../../H-x86_64-mingw32/nios2-elf/lib\libc.a(lib_a-wctomb_r.o)
                0x000000000002a33c                __ascii_wctomb
 .text          0x000000000002a36c        0x0 d:/intel_delete_after_master/nios2eds/bin/gnu/h-x86_64-mingw32/bin/../lib/gcc/nios2-elf/12.1.1/../../../../../H-x86_64-mingw32/nios2-elf/lib\libc.a(lib_a-abort.o)
 .text.unlikely.abort
                0x000000000002a36c       0x18 d:/intel_delete_after_master/nios2eds/bin/gnu/h-x86_64-mingw32/bin/../lib/gcc/nios2-elf/12.1.1/../../../../../H-x86_64-mingw32/nios2-elf/lib\libc.a(lib_a-abort.o)
                0x000000000002a36c                abort
 .text          0x000000000002a384        0x0 d:/intel_delete_after_master/nios2eds/bin/gnu/h-x86_64-mingw32/bin/../lib/gcc/nios2-elf/12.1.1/../../../../../H-x86_64-mingw32/nios2-elf/lib\libc.a(lib_a-ctype_.o)
 .text          0x000000000002a384        0x0 d:/intel_delete_after_master/nios2eds/bin/gnu/h-x86_64-mingw32/bin/../lib/gcc/nios2-elf/12.1.1/../../../../../H-x86_64-mingw32/nios2-elf/lib\libc.a(lib_a-signal.o)
 .text._init_signal_r
                0x000000000002a384       0x5c d:/intel_delete_after_master/nios2eds/bin/gnu/h-x86_64-mingw32/bin/../lib/gcc/nios2-elf/12.1.1/../../../../../H-x86_64-mingw32/nios2-elf/lib\libc.a(lib_a-signal.o)
                0x000000000002a384                _init_signal_r
 .text._signal_r
                0x000000000002a3e0       0x90 d:/intel_delete_after_master/nios2eds/bin/gnu/h-x86_64-mingw32/bin/../lib/gcc/nios2-elf/12.1.1/../../../../../H-x86_64-mingw32/nios2-elf/lib\libc.a(lib_a-signal.o)
                0x000000000002a3e0                _signal_r
 .text._raise_r
                0x000000000002a470       0xb0 d:/intel_delete_after_master/nios2eds/bin/gnu/h-x86_64-mingw32/bin/../lib/gcc/nios2-elf/12.1.1/../../../../../H-x86_64-mingw32/nios2-elf/lib\libc.a(lib_a-signal.o)
                0x000000000002a470                _raise_r
 .text.__sigtramp_r
                0x000000000002a520       0xbc d:/intel_delete_after_master/nios2eds/bin/gnu/h-x86_64-mingw32/bin/../lib/gcc/nios2-elf/12.1.1/../../../../../H-x86_64-mingw32/nios2-elf/lib\libc.a(lib_a-signal.o)
                0x000000000002a520                __sigtramp_r
 .text.raise    0x000000000002a5dc       0xb4 d:/intel_delete_after_master/nios2eds/bin/gnu/h-x86_64-mingw32/bin/../lib/gcc/nios2-elf/12.1.1/../../../../../H-x86_64-mingw32/nios2-elf/lib\libc.a(lib_a-signal.o)
                0x000000000002a5dc                raise
 .text.signal   0x000000000002a690       0x98 d:/intel_delete_after_master/nios2eds/bin/gnu/h-x86_64-mingw32/bin/../lib/gcc/nios2-elf/12.1.1/../../../../../H-x86_64-mingw32/nios2-elf/lib\libc.a(lib_a-signal.o)
                0x000000000002a690                signal
 .text._init_signal
                0x000000000002a728       0x60 d:/intel_delete_after_master/nios2eds/bin/gnu/h-x86_64-mingw32/bin/../lib/gcc/nios2-elf/12.1.1/../../../../../H-x86_64-mingw32/nios2-elf/lib\libc.a(lib_a-signal.o)
                0x000000000002a728                _init_signal
 .text.__sigtramp
                0x000000000002a788       0xbc d:/intel_delete_after_master/nios2eds/bin/gnu/h-x86_64-mingw32/bin/../lib/gcc/nios2-elf/12.1.1/../../../../../H-x86_64-mingw32/nios2-elf/lib\libc.a(lib_a-signal.o)
                0x000000000002a788                __sigtramp
 .text          0x000000000002a844        0x0 d:/intel_delete_after_master/nios2eds/bin/gnu/h-x86_64-mingw32/bin/../lib/gcc/nios2-elf/12.1.1/../../../../../H-x86_64-mingw32/nios2-elf/lib\libc.a(lib_a-signalr.o)
 .text._kill_r  0x000000000002a844       0x60 d:/intel_delete_after_master/nios2eds/bin/gnu/h-x86_64-mingw32/bin/../lib/gcc/nios2-elf/12.1.1/../../../../../H-x86_64-mingw32/nios2-elf/lib\libc.a(lib_a-signalr.o)
                0x000000000002a844                _kill_r
 .text._getpid_r
                0x000000000002a8a4        0x4 d:/intel_delete_after_master/nios2eds/bin/gnu/h-x86_64-mingw32/bin/../lib/gcc/nios2-elf/12.1.1/../../../../../H-x86_64-mingw32/nios2-elf/lib\libc.a(lib_a-signalr.o)
                0x000000000002a8a4                _getpid_r
 .text          0x000000000002a8a8      0x550 d:/intel_delete_after_master/nios2eds/bin/gnu/h-x86_64-mingw32/bin/../lib/gcc/nios2-elf/12.1.1\libgcc.a(_udivdi3.o)
                0x000000000002a8a8                __udivdi3
 .text          0x000000000002adf8      0x510 d:/intel_delete_after_master/nios2eds/bin/gnu/h-x86_64-mingw32/bin/../lib/gcc/nios2-elf/12.1.1\libgcc.a(_umoddi3.o)
                0x000000000002adf8                __umoddi3
 .text          0x000000000002b308      0x904 d:/intel_delete_after_master/nios2eds/bin/gnu/h-x86_64-mingw32/bin/../lib/gcc/nios2-elf/12.1.1\libgcc.a(adddf3.o)
                0x000000000002b308                __adddf3
 .text          0x000000000002bc0c      0x848 d:/intel_delete_after_master/nios2eds/bin/gnu/h-x86_64-mingw32/bin/../lib/gcc/nios2-elf/12.1.1\libgcc.a(divdf3.o)
                0x000000000002bc0c                __divdf3
 .text          0x000000000002c454       0x94 d:/intel_delete_after_master/nios2eds/bin/gnu/h-x86_64-mingw32/bin/../lib/gcc/nios2-elf/12.1.1\libgcc.a(eqdf2.o)
                0x000000000002c454                __nedf2
                0x000000000002c454                __eqdf2
 .text          0x000000000002c4e8       0xfc d:/intel_delete_after_master/nios2eds/bin/gnu/h-x86_64-mingw32/bin/../lib/gcc/nios2-elf/12.1.1\libgcc.a(gedf2.o)
                0x000000000002c4e8                __gedf2
                0x000000000002c4e8                __gtdf2
 .text          0x000000000002c5e4       0xf8 d:/intel_delete_after_master/nios2eds/bin/gnu/h-x86_64-mingw32/bin/../lib/gcc/nios2-elf/12.1.1\libgcc.a(ledf2.o)
                0x000000000002c5e4                __ledf2
                0x000000000002c5e4                __ltdf2
 .text          0x000000000002c6dc      0x6d8 d:/intel_delete_after_master/nios2eds/bin/gnu/h-x86_64-mingw32/bin/../lib/gcc/nios2-elf/12.1.1\libgcc.a(muldf3.o)
                0x000000000002c6dc                __muldf3
 .text          0x000000000002cdb4      0x99c d:/intel_delete_after_master/nios2eds/bin/gnu/h-x86_64-mingw32/bin/../lib/gcc/nios2-elf/12.1.1\libgcc.a(subdf3.o)
                0x000000000002cdb4                __subdf3
 .text          0x000000000002d750       0x54 d:/intel_delete_after_master/nios2eds/bin/gnu/h-x86_64-mingw32/bin/../lib/gcc/nios2-elf/12.1.1\libgcc.a(unorddf2.o)
                0x000000000002d750                __unorddf2
 .text          0x000000000002d7a4       0x80 d:/intel_delete_after_master/nios2eds/bin/gnu/h-x86_64-mingw32/bin/../lib/gcc/nios2-elf/12.1.1\libgcc.a(fixdfsi.o)
                0x000000000002d7a4                __fixdfsi
 .text          0x000000000002d824       0xb8 d:/intel_delete_after_master/nios2eds/bin/gnu/h-x86_64-mingw32/bin/../lib/gcc/nios2-elf/12.1.1\libgcc.a(floatsidf.o)
                0x000000000002d824                __floatsidf
 .text          0x000000000002d8dc       0x90 d:/intel_delete_after_master/nios2eds/bin/gnu/h-x86_64-mingw32/bin/../lib/gcc/nios2-elf/12.1.1\libgcc.a(floatunsidf.o)
                0x000000000002d8dc                __floatunsidf
 .text          0x000000000002d96c        0x0 d:/intel_delete_after_master/nios2eds/bin/gnu/h-x86_64-mingw32/bin/../lib/gcc/nios2-elf/12.1.1\libgcc.a(_clz.o)
 .text          0x000000000002d96c       0x50 d:/intel_delete_after_master/nios2eds/bin/gnu/h-x86_64-mingw32/bin/../lib/gcc/nios2-elf/12.1.1\libgcc.a(_clzsi2.o)
                0x000000000002d96c                __clzsi2
 .text          0x000000000002d9bc      0x10c n:/Facultate/Master/Master_2/PASIC/nivela_bidir/nivela_bidir/software/nivela_bidirectionala_bsp/\libhal_bsp.a(alt_close.o)
                0x000000000002d9f8                close
 .text          0x000000000002dac8       0x2c n:/Facultate/Master/Master_2/PASIC/nivela_bidir/nivela_bidir/software/nivela_bidirectionala_bsp/\libhal_bsp.a(alt_dev.o)
 .text          0x000000000002daf4        0x0 n:/Facultate/Master/Master_2/PASIC/nivela_bidir/nivela_bidir/software/nivela_bidirectionala_bsp/\libhal_bsp.a(alt_errno.o)
 .text          0x000000000002daf4       0x3c n:/Facultate/Master/Master_2/PASIC/nivela_bidir/nivela_bidir/software/nivela_bidirectionala_bsp/\libhal_bsp.a(alt_exit.o)
                0x000000000002daf4                _exit
 .text          0x000000000002db30       0xec n:/Facultate/Master/Master_2/PASIC/nivela_bidir/nivela_bidir/software/nivela_bidirectionala_bsp/\libhal_bsp.a(alt_fstat.o)
                0x000000000002db6c                fstat
 .text          0x000000000002dc1c       0x20 n:/Facultate/Master/Master_2/PASIC/nivela_bidir/nivela_bidir/software/nivela_bidirectionala_bsp/\libhal_bsp.a(alt_getpid.o)
                0x000000000002dc1c                getpid
 .text          0x000000000002dc3c       0xe0 n:/Facultate/Master/Master_2/PASIC/nivela_bidir/nivela_bidir/software/nivela_bidirectionala_bsp/\libhal_bsp.a(alt_isatty.o)
                0x000000000002dc78                isatty
 .text          0x000000000002dd1c      0x12c n:/Facultate/Master/Master_2/PASIC/nivela_bidir/nivela_bidir/software/nivela_bidirectionala_bsp/\libhal_bsp.a(alt_kill.o)
                0x000000000002dd58                kill
 .text          0x000000000002de48       0xec n:/Facultate/Master/Master_2/PASIC/nivela_bidir/nivela_bidir/software/nivela_bidirectionala_bsp/\libhal_bsp.a(alt_load.o)
                0x000000000002deb0                alt_load
 .text          0x000000000002df34      0x110 n:/Facultate/Master/Master_2/PASIC/nivela_bidir/nivela_bidir/software/nivela_bidirectionala_bsp/\libhal_bsp.a(alt_lseek.o)
                0x000000000002df70                lseek
 .text          0x000000000002e044       0x7c n:/Facultate/Master/Master_2/PASIC/nivela_bidir/nivela_bidir/software/nivela_bidirectionala_bsp/\libhal_bsp.a(alt_main.o)
                0x000000000002e044                alt_main
 .text          0x000000000002e0c0       0x48 n:/Facultate/Master/Master_2/PASIC/nivela_bidir/nivela_bidir/software/nivela_bidirectionala_bsp/\libhal_bsp.a(alt_malloc_lock.o)
                0x000000000002e0c0                __malloc_lock
                0x000000000002e0e4                __malloc_unlock
 .text          0x000000000002e108      0x138 n:/Facultate/Master/Master_2/PASIC/nivela_bidir/nivela_bidir/software/nivela_bidirectionala_bsp/\libhal_bsp.a(alt_read.o)
                0x000000000002e144                read
 .text          0x000000000002e240       0x58 n:/Facultate/Master/Master_2/PASIC/nivela_bidir/nivela_bidir/software/nivela_bidirectionala_bsp/\libhal_bsp.a(alt_release_fd.o)
                0x000000000002e240                alt_release_fd
 .text          0x000000000002e298       0xb8 n:/Facultate/Master/Master_2/PASIC/nivela_bidir/nivela_bidir/software/nivela_bidirectionala_bsp/\libhal_bsp.a(alt_sbrk.o)
                0x000000000002e298                sbrk
 .text          0x000000000002e350       0x30 n:/Facultate/Master/Master_2/PASIC/nivela_bidir/nivela_bidir/software/nivela_bidirectionala_bsp/\libhal_bsp.a(alt_usleep.o)
                0x000000000002e350                usleep
 .text          0x000000000002e380      0x134 n:/Facultate/Master/Master_2/PASIC/nivela_bidir/nivela_bidir/software/nivela_bidirectionala_bsp/\libhal_bsp.a(alt_write.o)
                0x000000000002e3bc                write
 .text          0x000000000002e4b4       0xd4 n:/Facultate/Master/Master_2/PASIC/nivela_bidir/nivela_bidir/software/nivela_bidirectionala_bsp/\libhal_bsp.a(alt_sys_init.o)
                0x000000000002e4e8                alt_irq_init
                0x000000000002e524                alt_sys_init
 .text          0x000000000002e588      0x164 n:/Facultate/Master/Master_2/PASIC/nivela_bidir/nivela_bidir/software/nivela_bidirectionala_bsp/\libhal_bsp.a(altera_avalon_jtag_uart_fd.o)
                0x000000000002e588                altera_avalon_jtag_uart_read_fd
                0x000000000002e5e8                altera_avalon_jtag_uart_write_fd
                0x000000000002e648                altera_avalon_jtag_uart_close_fd
                0x000000000002e698                altera_avalon_jtag_uart_ioctl_fd
 .text          0x000000000002e6ec      0x3dc n:/Facultate/Master/Master_2/PASIC/nivela_bidir/nivela_bidir/software/nivela_bidirectionala_bsp/\libhal_bsp.a(altera_avalon_jtag_uart_init.o)
                0x000000000002e6ec                altera_avalon_jtag_uart_init
                0x000000000002ea60                altera_avalon_jtag_uart_close
 .text          0x000000000002eac8       0xf4 n:/Facultate/Master/Master_2/PASIC/nivela_bidir/nivela_bidir/software/nivela_bidirectionala_bsp/\libhal_bsp.a(altera_avalon_jtag_uart_ioctl.o)
                0x000000000002eac8                altera_avalon_jtag_uart_ioctl
 .text          0x000000000002ebbc      0x220 n:/Facultate/Master/Master_2/PASIC/nivela_bidir/nivela_bidir/software/nivela_bidirectionala_bsp/\libhal_bsp.a(altera_avalon_jtag_uart_read.o)
                0x000000000002ebbc                altera_avalon_jtag_uart_read
 .text          0x000000000002eddc      0x228 n:/Facultate/Master/Master_2/PASIC/nivela_bidir/nivela_bidir/software/nivela_bidirectionala_bsp/\libhal_bsp.a(altera_avalon_jtag_uart_write.o)
                0x000000000002eddc                altera_avalon_jtag_uart_write
 .text          0x000000000002f004      0x3cc n:/Facultate/Master/Master_2/PASIC/nivela_bidir/nivela_bidir/software/nivela_bidirectionala_bsp/\libhal_bsp.a(altera_up_avalon_accelerometer_spi.o)
                0x000000000002f004                alt_up_accelerometer_spi_open_dev
                0x000000000002f040                alt_up_accelerometer_spi_read_address_register
                0x000000000002f084                alt_up_accelerometer_spi_read
                0x000000000002f0ec                alt_up_accelerometer_spi_write
                0x000000000002f154                alt_up_accelerometer_spi_read_x_axis
                0x000000000002f228                alt_up_accelerometer_spi_read_y_axis
                0x000000000002f2fc                alt_up_accelerometer_spi_read_z_axis
 .text          0x000000000002f3d0      0x150 n:/Facultate/Master/Master_2/PASIC/nivela_bidir/nivela_bidir/software/nivela_bidirectionala_bsp/\libhal_bsp.a(altera_up_avalon_adc.o)
                0x000000000002f3d0                alt_up_adc_open_dev
                0x000000000002f40c                alt_up_adc_read
 .text          0x000000000002f520      0x160 n:/Facultate/Master/Master_2/PASIC/nivela_bidir/nivela_bidir/software/nivela_bidirectionala_bsp/\libhal_bsp.a(alt_alarm_start.o)
                0x000000000002f520                alt_alarm_start
 .text          0x000000000002f680      0x158 n:/Facultate/Master/Master_2/PASIC/nivela_bidir/nivela_bidir/software/nivela_bidirectionala_bsp/\libhal_bsp.a(alt_busy_sleep.o)
                0x000000000002f680                alt_busy_sleep
 .text          0x000000000002f7d8       0x20 n:/Facultate/Master/Master_2/PASIC/nivela_bidir/nivela_bidir/software/nivela_bidirectionala_bsp/\libhal_bsp.a(alt_dcache_flush_all.o)
                0x000000000002f7d8                alt_dcache_flush_all
 .text          0x000000000002f7f8       0xe4 n:/Facultate/Master/Master_2/PASIC/nivela_bidir/nivela_bidir/software/nivela_bidirectionala_bsp/\libhal_bsp.a(alt_dev_llist_insert.o)
                0x000000000002f834                alt_dev_llist_insert
 .text          0x000000000002f8dc       0x64 n:/Facultate/Master/Master_2/PASIC/nivela_bidir/nivela_bidir/software/nivela_bidirectionala_bsp/\libhal_bsp.a(alt_do_ctors.o)
                0x000000000002f8dc                _do_ctors
 .text          0x000000000002f940       0x64 n:/Facultate/Master/Master_2/PASIC/nivela_bidir/nivela_bidir/software/nivela_bidirectionala_bsp/\libhal_bsp.a(alt_do_dtors.o)
                0x000000000002f940                _do_dtors
 .text          0x000000000002f9a4       0x90 n:/Facultate/Master/Master_2/PASIC/nivela_bidir/nivela_bidir/software/nivela_bidirectionala_bsp/\libhal_bsp.a(alt_find_dev.o)
                0x000000000002f9a4                alt_find_dev
 .text          0x000000000002fa34       0x20 n:/Facultate/Master/Master_2/PASIC/nivela_bidir/nivela_bidir/software/nivela_bidirectionala_bsp/\libhal_bsp.a(alt_icache_flush_all.o)
                0x000000000002fa34                alt_icache_flush_all
 .text          0x000000000002fa54      0x12c n:/Facultate/Master/Master_2/PASIC/nivela_bidir/nivela_bidir/software/nivela_bidirectionala_bsp/\libhal_bsp.a(alt_io_redirect.o)
                0x000000000002fb04                alt_io_redirect
 .text          0x000000000002fb80      0x180 n:/Facultate/Master/Master_2/PASIC/nivela_bidir/nivela_bidir/software/nivela_bidirectionala_bsp/\libhal_bsp.a(alt_irq_register.o)
                0x000000000002fb80                alt_irq_register
 .text          0x000000000002fd00        0x0 n:/Facultate/Master/Master_2/PASIC/nivela_bidir/nivela_bidir/software/nivela_bidirectionala_bsp/\libhal_bsp.a(alt_irq_vars.o)
 .text          0x000000000002fd00      0x248 n:/Facultate/Master/Master_2/PASIC/nivela_bidir/nivela_bidir/software/nivela_bidirectionala_bsp/\libhal_bsp.a(alt_open.o)
                0x000000000002fdf4                open
 .text          0x000000000002ff48      0x1d0 n:/Facultate/Master/Master_2/PASIC/nivela_bidir/nivela_bidir/software/nivela_bidirectionala_bsp/\libhal_bsp.a(alt_tick.o)
                0x000000000002ff48                alt_alarm_stop
                0x000000000002ffec                alt_tick
 .text          0x0000000000030118       0x24 n:/Facultate/Master/Master_2/PASIC/nivela_bidir/nivela_bidir/software/nivela_bidirectionala_bsp/\libhal_bsp.a(altera_nios2_gen2_irq.o)
                0x0000000000030118                altera_nios2_gen2_irq_init
 .text          0x000000000003013c      0x108 n:/Facultate/Master/Master_2/PASIC/nivela_bidir/nivela_bidir/software/nivela_bidirectionala_bsp/\libhal_bsp.a(alt_find_file.o)
                0x000000000003013c                alt_find_file
 .text          0x0000000000030244       0xa0 n:/Facultate/Master/Master_2/PASIC/nivela_bidir/nivela_bidir/software/nivela_bidirectionala_bsp/\libhal_bsp.a(alt_get_fd.o)
                0x0000000000030244                alt_get_fd
 .text          0x00000000000302e4        0x0 n:/Facultate/Master/Master_2/PASIC/nivela_bidir/nivela_bidir/software/nivela_bidirectionala_bsp/\libhal_bsp.a(alt_irq_entry.o)
 .text          0x00000000000302e4        0x0 n:/Facultate/Master/Master_2/PASIC/nivela_bidir/nivela_bidir/software/nivela_bidirectionala_bsp/\libhal_bsp.a(alt_irq_handler.o)
 .text          0x00000000000302e4        0x0 n:/Facultate/Master/Master_2/PASIC/nivela_bidir/nivela_bidir/software/nivela_bidirectionala_bsp/\libhal_bsp.a(alt_exception_entry.o)
 .text          0x00000000000302e4       0x74 n:/Facultate/Master/Master_2/PASIC/nivela_bidir/nivela_bidir/software/nivela_bidirectionala_bsp/\libhal_bsp.a(alt_instruction_exception_entry.o)
                0x00000000000302e4                alt_exception_cause_generated_bad_addr
 .text          0x0000000000030358        0x0 d:/intel_delete_after_master/nios2eds/bin/gnu/h-x86_64-mingw32/bin/../lib/gcc/nios2-elf/12.1.1/../../../../../H-x86_64-mingw32/nios2-elf/lib\libc.a(lib_a-atexit.o)
 .text.atexit   0x0000000000030358       0x14 d:/intel_delete_after_master/nios2eds/bin/gnu/h-x86_64-mingw32/bin/../lib/gcc/nios2-elf/12.1.1/../../../../../H-x86_64-mingw32/nios2-elf/lib\libc.a(lib_a-atexit.o)
                0x0000000000030358                atexit
 .text          0x000000000003036c        0x0 d:/intel_delete_after_master/nios2eds/bin/gnu/h-x86_64-mingw32/bin/../lib/gcc/nios2-elf/12.1.1/../../../../../H-x86_64-mingw32/nios2-elf/lib\libc.a(lib_a-exit.o)
 .text.exit     0x000000000003036c       0x34 d:/intel_delete_after_master/nios2eds/bin/gnu/h-x86_64-mingw32/bin/../lib/gcc/nios2-elf/12.1.1/../../../../../H-x86_64-mingw32/nios2-elf/lib\libc.a(lib_a-exit.o)
                0x000000000003036c                exit
 .text          0x00000000000303a0        0x0 d:/intel_delete_after_master/nios2eds/bin/gnu/h-x86_64-mingw32/bin/../lib/gcc/nios2-elf/12.1.1/../../../../../H-x86_64-mingw32/nios2-elf/lib\libc.a(lib_a-memcmp.o)
 .text.memcmp   0x00000000000303a0       0x78 d:/intel_delete_after_master/nios2eds/bin/gnu/h-x86_64-mingw32/bin/../lib/gcc/nios2-elf/12.1.1/../../../../../H-x86_64-mingw32/nios2-elf/lib\libc.a(lib_a-memcmp.o)
                0x00000000000303a0                memcmp
 .text          0x0000000000030418        0x0 d:/intel_delete_after_master/nios2eds/bin/gnu/h-x86_64-mingw32/bin/../lib/gcc/nios2-elf/12.1.1/../../../../../H-x86_64-mingw32/nios2-elf/lib\libc.a(lib_a-__atexit.o)
 .text.__register_exitproc
                0x0000000000030418       0x90 d:/intel_delete_after_master/nios2eds/bin/gnu/h-x86_64-mingw32/bin/../lib/gcc/nios2-elf/12.1.1/../../../../../H-x86_64-mingw32/nios2-elf/lib\libc.a(lib_a-__atexit.o)
                0x0000000000030418                __register_exitproc
 .text          0x00000000000304a8        0x0 d:/intel_delete_after_master/nios2eds/bin/gnu/h-x86_64-mingw32/bin/../lib/gcc/nios2-elf/12.1.1/../../../../../H-x86_64-mingw32/nios2-elf/lib\libc.a(lib_a-__call_atexit.o)
 .text.__call_exitprocs
                0x00000000000304a8      0x120 d:/intel_delete_after_master/nios2eds/bin/gnu/h-x86_64-mingw32/bin/../lib/gcc/nios2-elf/12.1.1/../../../../../H-x86_64-mingw32/nios2-elf/lib\libc.a(lib_a-__call_atexit.o)
                0x00000000000304a8                __call_exitprocs
 *(.gnu.warning.*)
 *(.fini)
                [!provide]                        PROVIDE (__etext = ABSOLUTE (.))
                [!provide]                        PROVIDE (_etext = ABSOLUTE (.))
                [!provide]                        PROVIDE (etext = ABSOLUTE (.))
 *(.eh_frame_hdr)
                0x00000000000305c8                . = ALIGN (0x4)
                [!provide]                        PROVIDE (__preinit_array_start = ABSOLUTE (.))
 *(.preinit_array)
                [!provide]                        PROVIDE (__preinit_array_end = ABSOLUTE (.))
                [!provide]                        PROVIDE (__init_array_start = ABSOLUTE (.))
 *(.init_array)
                [!provide]                        PROVIDE (__init_array_end = ABSOLUTE (.))
                [!provide]                        PROVIDE (__fini_array_start = ABSOLUTE (.))
 *(.fini_array)
                [!provide]                        PROVIDE (__fini_array_end = ABSOLUTE (.))
 *(.eh_frame)
 *(.gcc_except_table .gcc_except_table.*)
 *(.dynamic)
                0x00000000000305c8                PROVIDE (__CTOR_LIST__ = ABSOLUTE (.))
 *(.ctors)
 *(SORT_BY_NAME(.ctors.*))
                0x00000000000305c8                PROVIDE (__CTOR_END__ = ABSOLUTE (.))
                0x00000000000305c8                PROVIDE (__DTOR_LIST__ = ABSOLUTE (.))
 *(.dtors)
 *(SORT_BY_NAME(.dtors.*))
                0x00000000000305c8                PROVIDE (__DTOR_END__ = ABSOLUTE (.))
 *(.jcr)
                0x00000000000305c8                . = ALIGN (0x4)

.rodata         0x00000000000305c8      0x728
                0x00000000000305c8                PROVIDE (__ram_rodata_start = ABSOLUTE (.))
                0x00000000000305c8                . = ALIGN (0x4)
 *(.rodata .rodata.* .gnu.linkonce.r.*)
 .rodata        0x00000000000305c8       0x47 obj/default/accelerometer.o
 *fill*         0x000000000003060f        0x1 
 .rodata        0x0000000000030610       0x65 obj/default/hello_world.o
 *fill*         0x0000000000030675        0x3 
 .rodata._puts_r.str1.4
                0x0000000000030678        0x2 d:/intel_delete_after_master/nios2eds/bin/gnu/h-x86_64-mingw32/bin/../lib/gcc/nios2-elf/12.1.1/../../../../../H-x86_64-mingw32/nios2-elf/lib\libc.a(lib_a-puts.o)
 *fill*         0x000000000003067a        0x2 
 .rodata.___vfprintf_internal_r.str1.4
                0x000000000003067c       0x42 d:/intel_delete_after_master/nios2eds/bin/gnu/h-x86_64-mingw32/bin/../lib/gcc/nios2-elf/12.1.1/../../../../../H-x86_64-mingw32/nios2-elf/lib\libc.a(lib_a-vfprintf.o)
 *fill*         0x00000000000306be        0x2 
 .rodata.zeroes.0
                0x00000000000306c0       0x10 d:/intel_delete_after_master/nios2eds/bin/gnu/h-x86_64-mingw32/bin/../lib/gcc/nios2-elf/12.1.1/../../../../../H-x86_64-mingw32/nios2-elf/lib\libc.a(lib_a-vfprintf.o)
 .rodata.blanks.1
                0x00000000000306d0       0x10 d:/intel_delete_after_master/nios2eds/bin/gnu/h-x86_64-mingw32/bin/../lib/gcc/nios2-elf/12.1.1/../../../../../H-x86_64-mingw32/nios2-elf/lib\libc.a(lib_a-vfprintf.o)
 .rodata._dtoa_r.str1.4
                0x00000000000306e0       0x5e d:/intel_delete_after_master/nios2eds/bin/gnu/h-x86_64-mingw32/bin/../lib/gcc/nios2-elf/12.1.1/../../../../../H-x86_64-mingw32/nios2-elf/lib\libc.a(lib_a-dtoa.o)
                                         0x62 (size before relaxing)
 *fill*         0x000000000003073e        0x2 
 .rodata.__multadd.str1.4
                0x0000000000030740       0x3b d:/intel_delete_after_master/nios2eds/bin/gnu/h-x86_64-mingw32/bin/../lib/gcc/nios2-elf/12.1.1/../../../../../H-x86_64-mingw32/nios2-elf/lib\libc.a(lib_a-mprec.o)
                                         0x4f (size before relaxing)
 *fill*         0x000000000003077b        0x1 
 .rodata.p05.0  0x000000000003077c        0xc d:/intel_delete_after_master/nios2eds/bin/gnu/h-x86_64-mingw32/bin/../lib/gcc/nios2-elf/12.1.1/../../../../../H-x86_64-mingw32/nios2-elf/lib\libc.a(lib_a-mprec.o)
 .rodata.__mprec_tinytens
                0x0000000000030788       0x28 d:/intel_delete_after_master/nios2eds/bin/gnu/h-x86_64-mingw32/bin/../lib/gcc/nios2-elf/12.1.1/../../../../../H-x86_64-mingw32/nios2-elf/lib\libc.a(lib_a-mprec.o)
                0x0000000000030788                __mprec_tinytens
 .rodata.__mprec_bigtens
                0x00000000000307b0       0x28 d:/intel_delete_after_master/nios2eds/bin/gnu/h-x86_64-mingw32/bin/../lib/gcc/nios2-elf/12.1.1/../../../../../H-x86_64-mingw32/nios2-elf/lib\libc.a(lib_a-mprec.o)
                0x00000000000307b0                __mprec_bigtens
 .rodata.__mprec_tens
                0x00000000000307d8       0xc8 d:/intel_delete_after_master/nios2eds/bin/gnu/h-x86_64-mingw32/bin/../lib/gcc/nios2-elf/12.1.1/../../../../../H-x86_64-mingw32/nios2-elf/lib\libc.a(lib_a-mprec.o)
                0x00000000000307d8                __mprec_tens
 .rodata.___vfiprintf_internal_r.str1.4
                0x00000000000308a0       0x2f d:/intel_delete_after_master/nios2eds/bin/gnu/h-x86_64-mingw32/bin/../lib/gcc/nios2-elf/12.1.1/../../../../../H-x86_64-mingw32/nios2-elf/lib\libc.a(lib_a-vfiprintf.o)
 .rodata.zeroes.0
                0x00000000000308a0       0x10 d:/intel_delete_after_master/nios2eds/bin/gnu/h-x86_64-mingw32/bin/../lib/gcc/nios2-elf/12.1.1/../../../../../H-x86_64-mingw32/nios2-elf/lib\libc.a(lib_a-vfiprintf.o)
 .rodata.blanks.1
                0x00000000000308b0       0x10 d:/intel_delete_after_master/nios2eds/bin/gnu/h-x86_64-mingw32/bin/../lib/gcc/nios2-elf/12.1.1/../../../../../H-x86_64-mingw32/nios2-elf/lib\libc.a(lib_a-vfiprintf.o)
 .rodata.__assert_func.str1.4
                0x00000000000308c0       0x3f d:/intel_delete_after_master/nios2eds/bin/gnu/h-x86_64-mingw32/bin/../lib/gcc/nios2-elf/12.1.1/../../../../../H-x86_64-mingw32/nios2-elf/lib\libc.a(lib_a-assert.o)
                                         0x43 (size before relaxing)
 *fill*         0x00000000000308ff        0x1 
 .rodata._setlocale_r.str1.4
                0x0000000000030900        0xa d:/intel_delete_after_master/nios2eds/bin/gnu/h-x86_64-mingw32/bin/../lib/gcc/nios2-elf/12.1.1/../../../../../H-x86_64-mingw32/nios2-elf/lib\libc.a(lib_a-locale.o)
 *fill*         0x000000000003090a        0x2 
 .rodata.str1.4
                0x000000000003090c        0x2 d:/intel_delete_after_master/nios2eds/bin/gnu/h-x86_64-mingw32/bin/../lib/gcc/nios2-elf/12.1.1/../../../../../H-x86_64-mingw32/nios2-elf/lib\libc.a(lib_a-locale.o)
                                          0x5 (size before relaxing)
 *fill*         0x000000000003090e        0x2 
 .rodata._ctype_
                0x0000000000030910      0x101 d:/intel_delete_after_master/nios2eds/bin/gnu/h-x86_64-mingw32/bin/../lib/gcc/nios2-elf/12.1.1/../../../../../H-x86_64-mingw32/nios2-elf/lib\libc.a(lib_a-ctype_.o)
                0x0000000000030910                _ctype_
 *fill*         0x0000000000030a11        0x3 
 .rodata._ctype_b
                0x0000000000030a14      0x180 d:/intel_delete_after_master/nios2eds/bin/gnu/h-x86_64-mingw32/bin/../lib/gcc/nios2-elf/12.1.1/../../../../../H-x86_64-mingw32/nios2-elf/lib\libc.a(lib_a-ctype_.o)
                0x0000000000030a14                _ctype_b
 .rodata        0x0000000000030b94      0x100 d:/intel_delete_after_master/nios2eds/bin/gnu/h-x86_64-mingw32/bin/../lib/gcc/nios2-elf/12.1.1\libgcc.a(_clz.o)
                0x0000000000030b94                __clz_tab
 .rodata        0x0000000000030c94        0xa n:/Facultate/Master/Master_2/PASIC/nivela_bidir/nivela_bidir/software/nivela_bidirectionala_bsp/\libhal_bsp.a(alt_dev.o)
 *fill*         0x0000000000030c9e        0x2 
 .rodata        0x0000000000030ca0       0x11 n:/Facultate/Master/Master_2/PASIC/nivela_bidir/nivela_bidir/software/nivela_bidirectionala_bsp/\libhal_bsp.a(alt_main.o)
 *fill*         0x0000000000030cb1        0x3 
 .rodata        0x0000000000030cb4       0x3b n:/Facultate/Master/Master_2/PASIC/nivela_bidir/nivela_bidir/software/nivela_bidirectionala_bsp/\libhal_bsp.a(alt_sys_init.o)
 *(.rodata1)
                0x0000000000030cf0                . = ALIGN (0x4)
 *fill*         0x0000000000030cef        0x1 
                0x0000000000030cf0                PROVIDE (__ram_rodata_end = ABSOLUTE (.))
                0x00000000000305c8                PROVIDE (__flash_rodata_start = LOADADDR (.rodata))

.rwdata         0x0000000000030cf0     0x1c30 load address 0x0000000000032920
                0x0000000000030cf0                PROVIDE (__ram_rwdata_start = ABSOLUTE (.))
                0x0000000000030cf0                . = ALIGN (0x4)
 *(.got.plt)
 *(.got)
 *(.data1)
 *(.data .data.* .gnu.linkonce.d.*)
 .data          0x0000000000030cf0        0x0 n:/Facultate/Master/Master_2/PASIC/nivela_bidir/nivela_bidir/software/nivela_bidirectionala_bsp//obj/HAL/src/crt0.o
 .data          0x0000000000030cf0        0x0 obj/default/accelerometer.o
 .data          0x0000000000030cf0        0x0 obj/default/adc.o
 .data          0x0000000000030cf0        0x0 obj/default/global.o
 .data          0x0000000000030cf0        0x0 obj/default/hello_world.o
 .data          0x0000000000030cf0        0x0 obj/default/hex_displays.o
 .data          0x0000000000030cf0        0x0 obj/default/tests.o
 .data          0x0000000000030cf0        0x0 d:/intel_delete_after_master/nios2eds/bin/gnu/h-x86_64-mingw32/bin/../lib/gcc/nios2-elf/12.1.1\libgcc.a(lib2-divmod.o)
 .data          0x0000000000030cf0        0x0 d:/intel_delete_after_master/nios2eds/bin/gnu/h-x86_64-mingw32/bin/../lib/gcc/nios2-elf/12.1.1/../../../../../H-x86_64-mingw32/nios2-elf/lib\libc.a(lib_a-printf.o)
 .data          0x0000000000030cf0        0x0 d:/intel_delete_after_master/nios2eds/bin/gnu/h-x86_64-mingw32/bin/../lib/gcc/nios2-elf/12.1.1/../../../../../H-x86_64-mingw32/nios2-elf/lib\libc.a(lib_a-puts.o)
 .data          0x0000000000030cf0        0x0 d:/intel_delete_after_master/nios2eds/bin/gnu/h-x86_64-mingw32/bin/../lib/gcc/nios2-elf/12.1.1/../../../../../H-x86_64-mingw32/nios2-elf/lib\libc.a(lib_a-strlen.o)
 .data          0x0000000000030cf0        0x0 d:/intel_delete_after_master/nios2eds/bin/gnu/h-x86_64-mingw32/bin/../lib/gcc/nios2-elf/12.1.1/../../../../../H-x86_64-mingw32/nios2-elf/lib\libc.a(lib_a-vfprintf.o)
 .data          0x0000000000030cf0        0x0 d:/intel_delete_after_master/nios2eds/bin/gnu/h-x86_64-mingw32/bin/../lib/gcc/nios2-elf/12.1.1/../../../../../H-x86_64-mingw32/nios2-elf/lib\libc.a(lib_a-wsetup.o)
 .data          0x0000000000030cf0        0x0 d:/intel_delete_after_master/nios2eds/bin/gnu/h-x86_64-mingw32/bin/../lib/gcc/nios2-elf/12.1.1/../../../../../H-x86_64-mingw32/nios2-elf/lib\libc.a(lib_a-dtoa.o)
 .data          0x0000000000030cf0        0x0 d:/intel_delete_after_master/nios2eds/bin/gnu/h-x86_64-mingw32/bin/../lib/gcc/nios2-elf/12.1.1/../../../../../H-x86_64-mingw32/nios2-elf/lib\libc.a(lib_a-fflush.o)
 .data          0x0000000000030cf0        0x0 d:/intel_delete_after_master/nios2eds/bin/gnu/h-x86_64-mingw32/bin/../lib/gcc/nios2-elf/12.1.1/../../../../../H-x86_64-mingw32/nios2-elf/lib\libc.a(lib_a-findfp.o)
 .data          0x0000000000030cf0        0x0 d:/intel_delete_after_master/nios2eds/bin/gnu/h-x86_64-mingw32/bin/../lib/gcc/nios2-elf/12.1.1/../../../../../H-x86_64-mingw32/nios2-elf/lib\libc.a(lib_a-freer.o)
 .data          0x0000000000030cf0        0x0 d:/intel_delete_after_master/nios2eds/bin/gnu/h-x86_64-mingw32/bin/../lib/gcc/nios2-elf/12.1.1/../../../../../H-x86_64-mingw32/nios2-elf/lib\libc.a(lib_a-fvwrite.o)
 .data          0x0000000000030cf0        0x0 d:/intel_delete_after_master/nios2eds/bin/gnu/h-x86_64-mingw32/bin/../lib/gcc/nios2-elf/12.1.1/../../../../../H-x86_64-mingw32/nios2-elf/lib\libc.a(lib_a-fwalk.o)
 .data          0x0000000000030cf0        0x0 d:/intel_delete_after_master/nios2eds/bin/gnu/h-x86_64-mingw32/bin/../lib/gcc/nios2-elf/12.1.1/../../../../../H-x86_64-mingw32/nios2-elf/lib\libc.a(lib_a-impure.o)
 .data.impure_data
                0x0000000000030cf0      0x424 d:/intel_delete_after_master/nios2eds/bin/gnu/h-x86_64-mingw32/bin/../lib/gcc/nios2-elf/12.1.1/../../../../../H-x86_64-mingw32/nios2-elf/lib\libc.a(lib_a-impure.o)
 .data          0x0000000000031114        0x0 d:/intel_delete_after_master/nios2eds/bin/gnu/h-x86_64-mingw32/bin/../lib/gcc/nios2-elf/12.1.1/../../../../../H-x86_64-mingw32/nios2-elf/lib\libc.a(lib_a-localeconv.o)
 .data          0x0000000000031114        0x0 d:/intel_delete_after_master/nios2eds/bin/gnu/h-x86_64-mingw32/bin/../lib/gcc/nios2-elf/12.1.1/../../../../../H-x86_64-mingw32/nios2-elf/lib\libc.a(lib_a-makebuf.o)
 .data          0x0000000000031114        0x0 d:/intel_delete_after_master/nios2eds/bin/gnu/h-x86_64-mingw32/bin/../lib/gcc/nios2-elf/12.1.1/../../../../../H-x86_64-mingw32/nios2-elf/lib\libc.a(lib_a-mallocr.o)
 .data.__malloc_av_
                0x0000000000031114      0x408 d:/intel_delete_after_master/nios2eds/bin/gnu/h-x86_64-mingw32/bin/../lib/gcc/nios2-elf/12.1.1/../../../../../H-x86_64-mingw32/nios2-elf/lib\libc.a(lib_a-mallocr.o)
                0x0000000000031114                __malloc_av_
 .data          0x000000000003151c        0x0 d:/intel_delete_after_master/nios2eds/bin/gnu/h-x86_64-mingw32/bin/../lib/gcc/nios2-elf/12.1.1/../../../../../H-x86_64-mingw32/nios2-elf/lib\libc.a(lib_a-memchr.o)
 .data          0x000000000003151c        0x0 d:/intel_delete_after_master/nios2eds/bin/gnu/h-x86_64-mingw32/bin/../lib/gcc/nios2-elf/12.1.1/../../../../../H-x86_64-mingw32/nios2-elf/lib\libc.a(lib_a-memcpy.o)
 .data          0x000000000003151c        0x0 d:/intel_delete_after_master/nios2eds/bin/gnu/h-x86_64-mingw32/bin/../lib/gcc/nios2-elf/12.1.1/../../../../../H-x86_64-mingw32/nios2-elf/lib\libc.a(lib_a-memmove.o)
 .data          0x000000000003151c        0x0 d:/intel_delete_after_master/nios2eds/bin/gnu/h-x86_64-mingw32/bin/../lib/gcc/nios2-elf/12.1.1/../../../../../H-x86_64-mingw32/nios2-elf/lib\libc.a(lib_a-memset.o)
 .data          0x000000000003151c        0x0 d:/intel_delete_after_master/nios2eds/bin/gnu/h-x86_64-mingw32/bin/../lib/gcc/nios2-elf/12.1.1/../../../../../H-x86_64-mingw32/nios2-elf/lib\libc.a(lib_a-mprec.o)
 .data          0x000000000003151c        0x0 d:/intel_delete_after_master/nios2eds/bin/gnu/h-x86_64-mingw32/bin/../lib/gcc/nios2-elf/12.1.1/../../../../../H-x86_64-mingw32/nios2-elf/lib\libc.a(lib_a-reallocr.o)
 .data          0x000000000003151c        0x0 d:/intel_delete_after_master/nios2eds/bin/gnu/h-x86_64-mingw32/bin/../lib/gcc/nios2-elf/12.1.1/../../../../../H-x86_64-mingw32/nios2-elf/lib\libc.a(lib_a-sbrkr.o)
 .data          0x000000000003151c        0x0 d:/intel_delete_after_master/nios2eds/bin/gnu/h-x86_64-mingw32/bin/../lib/gcc/nios2-elf/12.1.1/../../../../../H-x86_64-mingw32/nios2-elf/lib\libc.a(lib_a-stdio.o)
 .data          0x000000000003151c        0x0 d:/intel_delete_after_master/nios2eds/bin/gnu/h-x86_64-mingw32/bin/../lib/gcc/nios2-elf/12.1.1/../../../../../H-x86_64-mingw32/nios2-elf/lib\libc.a(lib_a-vfiprintf.o)
 .data          0x000000000003151c        0x0 d:/intel_delete_after_master/nios2eds/bin/gnu/h-x86_64-mingw32/bin/../lib/gcc/nios2-elf/12.1.1/../../../../../H-x86_64-mingw32/nios2-elf/lib\libc.a(lib_a-writer.o)
 .data          0x000000000003151c        0x0 d:/intel_delete_after_master/nios2eds/bin/gnu/h-x86_64-mingw32/bin/../lib/gcc/nios2-elf/12.1.1/../../../../../H-x86_64-mingw32/nios2-elf/lib\libc.a(closer.o)
 .data          0x000000000003151c        0x0 d:/intel_delete_after_master/nios2eds/bin/gnu/h-x86_64-mingw32/bin/../lib/gcc/nios2-elf/12.1.1/../../../../../H-x86_64-mingw32/nios2-elf/lib\libc.a(lib_a-assert.o)
 .data          0x000000000003151c        0x0 d:/intel_delete_after_master/nios2eds/bin/gnu/h-x86_64-mingw32/bin/../lib/gcc/nios2-elf/12.1.1/../../../../../H-x86_64-mingw32/nios2-elf/lib\libc.a(lib_a-callocr.o)
 .data          0x000000000003151c        0x0 d:/intel_delete_after_master/nios2eds/bin/gnu/h-x86_64-mingw32/bin/../lib/gcc/nios2-elf/12.1.1/../../../../../H-x86_64-mingw32/nios2-elf/lib\libc.a(lib_a-errno.o)
 .data          0x000000000003151c        0x0 d:/intel_delete_after_master/nios2eds/bin/gnu/h-x86_64-mingw32/bin/../lib/gcc/nios2-elf/12.1.1/../../../../../H-x86_64-mingw32/nios2-elf/lib\libc.a(lib_a-fclose.o)
 .data          0x000000000003151c        0x0 d:/intel_delete_after_master/nios2eds/bin/gnu/h-x86_64-mingw32/bin/../lib/gcc/nios2-elf/12.1.1/../../../../../H-x86_64-mingw32/nios2-elf/lib\libc.a(lib_a-fiprintf.o)
 .data          0x000000000003151c        0x0 d:/intel_delete_after_master/nios2eds/bin/gnu/h-x86_64-mingw32/bin/../lib/gcc/nios2-elf/12.1.1/../../../../../H-x86_64-mingw32/nios2-elf/lib\libc.a(lib_a-fputwc.o)
 .data          0x000000000003151c        0x0 d:/intel_delete_after_master/nios2eds/bin/gnu/h-x86_64-mingw32/bin/../lib/gcc/nios2-elf/12.1.1/../../../../../H-x86_64-mingw32/nios2-elf/lib\libc.a(lib_a-fstatr.o)
 .data          0x000000000003151c        0x0 d:/intel_delete_after_master/nios2eds/bin/gnu/h-x86_64-mingw32/bin/../lib/gcc/nios2-elf/12.1.1/../../../../../H-x86_64-mingw32/nios2-elf/lib\libc.a(lib_a-int_errno.o)
 .data          0x000000000003151c        0x0 d:/intel_delete_after_master/nios2eds/bin/gnu/h-x86_64-mingw32/bin/../lib/gcc/nios2-elf/12.1.1/../../../../../H-x86_64-mingw32/nios2-elf/lib\libc.a(lib_a-isattyr.o)
 .data          0x000000000003151c        0x0 d:/intel_delete_after_master/nios2eds/bin/gnu/h-x86_64-mingw32/bin/../lib/gcc/nios2-elf/12.1.1/../../../../../H-x86_64-mingw32/nios2-elf/lib\libc.a(lib_a-locale.o)
 .data.__global_locale
                0x000000000003151c      0x16c d:/intel_delete_after_master/nios2eds/bin/gnu/h-x86_64-mingw32/bin/../lib/gcc/nios2-elf/12.1.1/../../../../../H-x86_64-mingw32/nios2-elf/lib\libc.a(lib_a-locale.o)
                0x000000000003151c                __global_locale
 .data          0x0000000000031688        0x0 d:/intel_delete_after_master/nios2eds/bin/gnu/h-x86_64-mingw32/bin/../lib/gcc/nios2-elf/12.1.1/../../../../../H-x86_64-mingw32/nios2-elf/lib\libc.a(lib_a-lseekr.o)
 .data          0x0000000000031688        0x0 d:/intel_delete_after_master/nios2eds/bin/gnu/h-x86_64-mingw32/bin/../lib/gcc/nios2-elf/12.1.1/../../../../../H-x86_64-mingw32/nios2-elf/lib\libc.a(lib_a-mbtowc_r.o)
 .data          0x0000000000031688        0x0 d:/intel_delete_after_master/nios2eds/bin/gnu/h-x86_64-mingw32/bin/../lib/gcc/nios2-elf/12.1.1/../../../../../H-x86_64-mingw32/nios2-elf/lib\libc.a(lib_a-readr.o)
 .data          0x0000000000031688        0x0 d:/intel_delete_after_master/nios2eds/bin/gnu/h-x86_64-mingw32/bin/../lib/gcc/nios2-elf/12.1.1/../../../../../H-x86_64-mingw32/nios2-elf/lib\libc.a(lib_a-strcmp.o)
 .data          0x0000000000031688        0x0 d:/intel_delete_after_master/nios2eds/bin/gnu/h-x86_64-mingw32/bin/../lib/gcc/nios2-elf/12.1.1/../../../../../H-x86_64-mingw32/nios2-elf/lib\libc.a(lib_a-vfiprintfr_1.o)
 .data          0x0000000000031688        0x0 d:/intel_delete_after_master/nios2eds/bin/gnu/h-x86_64-mingw32/bin/../lib/gcc/nios2-elf/12.1.1/../../../../../H-x86_64-mingw32/nios2-elf/lib\libc.a(lib_a-wbuf.o)
 .data          0x0000000000031688        0x0 d:/intel_delete_after_master/nios2eds/bin/gnu/h-x86_64-mingw32/bin/../lib/gcc/nios2-elf/12.1.1/../../../../../H-x86_64-mingw32/nios2-elf/lib\libc.a(lib_a-wcrtomb.o)
 .data          0x0000000000031688        0x0 d:/intel_delete_after_master/nios2eds/bin/gnu/h-x86_64-mingw32/bin/../lib/gcc/nios2-elf/12.1.1/../../../../../H-x86_64-mingw32/nios2-elf/lib\libc.a(lib_a-wctomb_r.o)
 .data          0x0000000000031688        0x0 d:/intel_delete_after_master/nios2eds/bin/gnu/h-x86_64-mingw32/bin/../lib/gcc/nios2-elf/12.1.1/../../../../../H-x86_64-mingw32/nios2-elf/lib\libc.a(lib_a-abort.o)
 .data          0x0000000000031688        0x0 d:/intel_delete_after_master/nios2eds/bin/gnu/h-x86_64-mingw32/bin/../lib/gcc/nios2-elf/12.1.1/../../../../../H-x86_64-mingw32/nios2-elf/lib\libc.a(lib_a-ctype_.o)
 .data          0x0000000000031688        0x0 d:/intel_delete_after_master/nios2eds/bin/gnu/h-x86_64-mingw32/bin/../lib/gcc/nios2-elf/12.1.1/../../../../../H-x86_64-mingw32/nios2-elf/lib\libc.a(lib_a-signal.o)
 .data          0x0000000000031688        0x0 d:/intel_delete_after_master/nios2eds/bin/gnu/h-x86_64-mingw32/bin/../lib/gcc/nios2-elf/12.1.1/../../../../../H-x86_64-mingw32/nios2-elf/lib\libc.a(lib_a-signalr.o)
 .data          0x0000000000031688        0x0 d:/intel_delete_after_master/nios2eds/bin/gnu/h-x86_64-mingw32/bin/../lib/gcc/nios2-elf/12.1.1\libgcc.a(_udivdi3.o)
 .data          0x0000000000031688        0x0 d:/intel_delete_after_master/nios2eds/bin/gnu/h-x86_64-mingw32/bin/../lib/gcc/nios2-elf/12.1.1\libgcc.a(_umoddi3.o)
 .data          0x0000000000031688        0x0 d:/intel_delete_after_master/nios2eds/bin/gnu/h-x86_64-mingw32/bin/../lib/gcc/nios2-elf/12.1.1\libgcc.a(adddf3.o)
 .data          0x0000000000031688        0x0 d:/intel_delete_after_master/nios2eds/bin/gnu/h-x86_64-mingw32/bin/../lib/gcc/nios2-elf/12.1.1\libgcc.a(divdf3.o)
 .data          0x0000000000031688        0x0 d:/intel_delete_after_master/nios2eds/bin/gnu/h-x86_64-mingw32/bin/../lib/gcc/nios2-elf/12.1.1\libgcc.a(eqdf2.o)
 .data          0x0000000000031688        0x0 d:/intel_delete_after_master/nios2eds/bin/gnu/h-x86_64-mingw32/bin/../lib/gcc/nios2-elf/12.1.1\libgcc.a(gedf2.o)
 .data          0x0000000000031688        0x0 d:/intel_delete_after_master/nios2eds/bin/gnu/h-x86_64-mingw32/bin/../lib/gcc/nios2-elf/12.1.1\libgcc.a(ledf2.o)
 .data          0x0000000000031688        0x0 d:/intel_delete_after_master/nios2eds/bin/gnu/h-x86_64-mingw32/bin/../lib/gcc/nios2-elf/12.1.1\libgcc.a(muldf3.o)
 .data          0x0000000000031688        0x0 d:/intel_delete_after_master/nios2eds/bin/gnu/h-x86_64-mingw32/bin/../lib/gcc/nios2-elf/12.1.1\libgcc.a(subdf3.o)
 .data          0x0000000000031688        0x0 d:/intel_delete_after_master/nios2eds/bin/gnu/h-x86_64-mingw32/bin/../lib/gcc/nios2-elf/12.1.1\libgcc.a(unorddf2.o)
 .data          0x0000000000031688        0x0 d:/intel_delete_after_master/nios2eds/bin/gnu/h-x86_64-mingw32/bin/../lib/gcc/nios2-elf/12.1.1\libgcc.a(fixdfsi.o)
 .data          0x0000000000031688        0x0 d:/intel_delete_after_master/nios2eds/bin/gnu/h-x86_64-mingw32/bin/../lib/gcc/nios2-elf/12.1.1\libgcc.a(floatsidf.o)
 .data          0x0000000000031688        0x0 d:/intel_delete_after_master/nios2eds/bin/gnu/h-x86_64-mingw32/bin/../lib/gcc/nios2-elf/12.1.1\libgcc.a(floatunsidf.o)
 .data          0x0000000000031688        0x0 d:/intel_delete_after_master/nios2eds/bin/gnu/h-x86_64-mingw32/bin/../lib/gcc/nios2-elf/12.1.1\libgcc.a(_clz.o)
 .data          0x0000000000031688        0x0 d:/intel_delete_after_master/nios2eds/bin/gnu/h-x86_64-mingw32/bin/../lib/gcc/nios2-elf/12.1.1\libgcc.a(_clzsi2.o)
 .data          0x0000000000031688        0x0 n:/Facultate/Master/Master_2/PASIC/nivela_bidir/nivela_bidir/software/nivela_bidirectionala_bsp/\libhal_bsp.a(alt_close.o)
 .data          0x0000000000031688      0x1a8 n:/Facultate/Master/Master_2/PASIC/nivela_bidir/nivela_bidir/software/nivela_bidirectionala_bsp/\libhal_bsp.a(alt_dev.o)
                0x0000000000031688                alt_dev_null
                0x00000000000316b0                alt_fd_list
 .data          0x0000000000031830        0x0 n:/Facultate/Master/Master_2/PASIC/nivela_bidir/nivela_bidir/software/nivela_bidirectionala_bsp/\libhal_bsp.a(alt_errno.o)
 .data          0x0000000000031830        0x0 n:/Facultate/Master/Master_2/PASIC/nivela_bidir/nivela_bidir/software/nivela_bidirectionala_bsp/\libhal_bsp.a(alt_exit.o)
 .data          0x0000000000031830        0x0 n:/Facultate/Master/Master_2/PASIC/nivela_bidir/nivela_bidir/software/nivela_bidirectionala_bsp/\libhal_bsp.a(alt_fstat.o)
 .data          0x0000000000031830        0x0 n:/Facultate/Master/Master_2/PASIC/nivela_bidir/nivela_bidir/software/nivela_bidirectionala_bsp/\libhal_bsp.a(alt_getpid.o)
 .data          0x0000000000031830        0x0 n:/Facultate/Master/Master_2/PASIC/nivela_bidir/nivela_bidir/software/nivela_bidirectionala_bsp/\libhal_bsp.a(alt_isatty.o)
 .data          0x0000000000031830        0x0 n:/Facultate/Master/Master_2/PASIC/nivela_bidir/nivela_bidir/software/nivela_bidirectionala_bsp/\libhal_bsp.a(alt_kill.o)
 .data          0x0000000000031830        0x0 n:/Facultate/Master/Master_2/PASIC/nivela_bidir/nivela_bidir/software/nivela_bidirectionala_bsp/\libhal_bsp.a(alt_load.o)
 .data          0x0000000000031830        0x0 n:/Facultate/Master/Master_2/PASIC/nivela_bidir/nivela_bidir/software/nivela_bidirectionala_bsp/\libhal_bsp.a(alt_lseek.o)
 .data          0x0000000000031830        0x0 n:/Facultate/Master/Master_2/PASIC/nivela_bidir/nivela_bidir/software/nivela_bidirectionala_bsp/\libhal_bsp.a(alt_main.o)
 .data          0x0000000000031830        0x0 n:/Facultate/Master/Master_2/PASIC/nivela_bidir/nivela_bidir/software/nivela_bidirectionala_bsp/\libhal_bsp.a(alt_malloc_lock.o)
 .data          0x0000000000031830        0x0 n:/Facultate/Master/Master_2/PASIC/nivela_bidir/nivela_bidir/software/nivela_bidirectionala_bsp/\libhal_bsp.a(alt_read.o)
 .data          0x0000000000031830        0x0 n:/Facultate/Master/Master_2/PASIC/nivela_bidir/nivela_bidir/software/nivela_bidirectionala_bsp/\libhal_bsp.a(alt_release_fd.o)
 .data          0x0000000000031830        0x0 n:/Facultate/Master/Master_2/PASIC/nivela_bidir/nivela_bidir/software/nivela_bidirectionala_bsp/\libhal_bsp.a(alt_sbrk.o)
 .data          0x0000000000031830        0x0 n:/Facultate/Master/Master_2/PASIC/nivela_bidir/nivela_bidir/software/nivela_bidirectionala_bsp/\libhal_bsp.a(alt_usleep.o)
 .data          0x0000000000031830        0x0 n:/Facultate/Master/Master_2/PASIC/nivela_bidir/nivela_bidir/software/nivela_bidirectionala_bsp/\libhal_bsp.a(alt_write.o)
 .data          0x0000000000031830     0x10b8 n:/Facultate/Master/Master_2/PASIC/nivela_bidir/nivela_bidir/software/nivela_bidirectionala_bsp/\libhal_bsp.a(alt_sys_init.o)