Archive member included to satisfy reference by file (symbol)

d:/intel_delete_after_master/nios2eds/bin/gnu/h-x86_64-mingw32/bin/../lib/gcc/nios2-elf/12.1.1\libgcc.a(lib2-divmod.o)
                              obj/default/main.o (__divsi3)
d:/intel_delete_after_master/nios2eds/bin/gnu/h-x86_64-mingw32/bin/../lib/gcc/nios2-elf/12.1.1/../../../../../H-x86_64-mingw32/nios2-elf/lib\libc.a(lib_a-printf.o)
                              obj/default/accelerometer.o (printf)
d:/intel_delete_after_master/nios2eds/bin/gnu/h-x86_64-mingw32/bin/../lib/gcc/nios2-elf/12.1.1/../../../../../H-x86_64-mingw32/nios2-elf/lib\libc.a(lib_a-puts.o)
                              obj/default/accelerometer.o (puts)
d:/intel_delete_after_master/nios2eds/bin/gnu/h-x86_64-mingw32/bin/../lib/gcc/nios2-elf/12.1.1/../../../../../H-x86_64-mingw32/nios2-elf/lib\libc.a(lib_a-strlen.o)
                              d:/intel_delete_after_master/nios2eds/bin/gnu/h-x86_64-mingw32/bin/../lib/gcc/nios2-elf/12.1.1/../../../../../H-x86_64-mingw32/nios2-elf/lib\libc.a(lib_a-puts.o) (strlen)
d:/intel_delete_after_master/nios2eds/bin/gnu/h-x86_64-mingw32/bin/../lib/gcc/nios2-elf/12.1.1/../../../../../H-x86_64-mingw32/nios2-elf/lib\libc.a(lib_a-vfprintf.o)
                              d:/intel_delete_after_master/nios2eds/bin/gnu/h-x86_64-mingw32/bin/../lib/gcc/nios2-elf/12.1.1/../../../../../H-x86_64-mingw32/nios2-elf/lib\libc.a(lib_a-printf.o) (___vfprintf_internal_r)
d:/intel_delete_after_master/nios2eds/bin/gnu/h-x86_64-mingw32/bin/../lib/gcc/nios2-elf/12.1.1/../../../../../H-x86_64-mingw32/nios2-elf/lib\libc.a(lib_a-wsetup.o)
                              d:/intel_delete_after_master/nios2eds/bin/gnu/h-x86_64-mingw32/bin/../lib/gcc/nios2-elf/12.1.1/../../../../../H-x86_64-mingw32/nios2-elf/lib\libc.a(lib_a-vfprintf.o) (__swsetup_r)
d:/intel_delete_after_master/nios2eds/bin/gnu/h-x86_64-mingw32/bin/../lib/gcc/nios2-elf/12.1.1/../../../../../H-x86_64-mingw32/nios2-elf/lib\libc.a(lib_a-dtoa.o)
                              d:/intel_delete_after_master/nios2eds/bin/gnu/h-x86_64-mingw32/bin/../lib/gcc/nios2-elf/12.1.1/../../../../../H-x86_64-mingw32/nios2-elf/lib\libc.a(lib_a-vfprintf.o) (_dtoa_r)
d:/intel_delete_after_master/nios2eds/bin/gnu/h-x86_64-mingw32/bin/../lib/gcc/nios2-elf/12.1.1/../../../../../H-x86_64-mingw32/nios2-elf/lib\libc.a(lib_a-fflush.o)
                              d:/intel_delete_after_master/nios2eds/bin/gnu/h-x86_64-mingw32/bin/../lib/gcc/nios2-elf/12.1.1/../../../../../H-x86_64-mingw32/nios2-elf/lib\libc.a(lib_a-vfprintf.o) (_fflush_r)
d:/intel_delete_after_master/nios2eds/bin/gnu/h-x86_64-mingw32/bin/../lib/gcc/nios2-elf/12.1.1/../../../../../H-x86_64-mingw32/nios2-elf/lib\libc.a(lib_a-findfp.o)
                              d:/intel_delete_after_master/nios2eds/bin/gnu/h-x86_64-mingw32/bin/../lib/gcc/nios2-elf/12.1.1/../../../../../H-x86_64-mingw32/nios2-elf/lib\libc.a(lib_a-puts.o) (__sinit)
d:/intel_delete_after_master/nios2eds/bin/gnu/h-x86_64-mingw32/bin/../lib/gcc/nios2-elf/12.1.1/../../../../../H-x86_64-mingw32/nios2-elf/lib\libc.a(lib_a-freer.o)
                              d:/intel_delete_after_master/nios2eds/bin/gnu/h-x86_64-mingw32/bin/../lib/gcc/nios2-elf/12.1.1/../../../../../H-x86_64-mingw32/nios2-elf/lib\libc.a(lib_a-wsetup.o) (_free_r)
d:/intel_delete_after_master/nios2eds/bin/gnu/h-x86_64-mingw32/bin/../lib/gcc/nios2-elf/12.1.1/../../../../../H-x86_64-mingw32/nios2-elf/lib\libc.a(lib_a-fvwrite.o)
                              d:/intel_delete_after_master/nios2eds/bin/gnu/h-x86_64-mingw32/bin/../lib/gcc/nios2-elf/12.1.1/../../../../../H-x86_64-mingw32/nios2-elf/lib\libc.a(lib_a-puts.o) (__sfvwrite_r)
d:/intel_delete_after_master/nios2eds/bin/gnu/h-x86_64-mingw32/bin/../lib/gcc/nios2-elf/12.1.1/../../../../../H-x86_64-mingw32/nios2-elf/lib\libc.a(lib_a-fwalk.o)
                              d:/intel_delete_after_master/nios2eds/bin/gnu/h-x86_64-mingw32/bin/../lib/gcc/nios2-elf/12.1.1/../../../../../H-x86_64-mingw32/nios2-elf/lib\libc.a(lib_a-findfp.o) (_fwalk)
d:/intel_delete_after_master/nios2eds/bin/gnu/h-x86_64-mingw32/bin/../lib/gcc/nios2-elf/12.1.1/../../../../../H-x86_64-mingw32/nios2-elf/lib\libc.a(lib_a-impure.o)
                              d:/intel_delete_after_master/nios2eds/bin/gnu/h-x86_64-mingw32/bin/../lib/gcc/nios2-elf/12.1.1/../../../../../H-x86_64-mingw32/nios2-elf/lib\libc.a(lib_a-fflush.o) (_global_impure_ptr)
d:/intel_delete_after_master/nios2eds/bin/gnu/h-x86_64-mingw32/bin/../lib/gcc/nios2-elf/12.1.1/../../../../../H-x86_64-mingw32/nios2-elf/lib\libc.a(lib_a-localeconv.o)
                              d:/intel_delete_after_master/nios2eds/bin/gnu/h-x86_64-mingw32/bin/../lib/gcc/nios2-elf/12.1.1/../../../../../H-x86_64-mingw32/nios2-elf/lib\libc.a(lib_a-vfprintf.o) (_localeconv_r)
d:/intel_delete_after_master/nios2eds/bin/gnu/h-x86_64-mingw32/bin/../lib/gcc/nios2-elf/12.1.1/../../../../../H-x86_64-mingw32/nios2-elf/lib\libc.a(lib_a-makebuf.o)
[...]
Memory Configuration

Name             Origin             Length             Attributes
reset            0x0000000000020000 0x0000000000000020
onchip_memory2_0 0x0000000000020020 0x000000000001ffe0
*default*        0x0000000000000000 0xffffffffffffffff

Linker script and memory map

LOAD n:/Facultate/Master/Master_2/PASIC/nivela_bidir/nivela_bidir/software/nivela_bidirectionala_bsp//obj/HAL/src/crt0.o
LOAD obj/default/accelerometer.o
LOAD obj/default/adc.o
LOAD obj/default/global.o
LOAD obj/default/hex_displays.o
LOAD obj/default/main.o
LOAD obj/default/tests.o
LOAD d:/intel_delete_after_master/nios2eds/bin/gnu/h-x86_64-mingw32/bin/../lib/gcc/nios2-elf/12.1.1/../../../../../H-x86_64-mingw32/nios2-elf/lib\libstdc++.a
LOAD d:/intel_delete_after_master/nios2eds/bin/gnu/h-x86_64-mingw32/bin/../lib/gcc/nios2-elf/12.1.1/../../../../../H-x86_64-mingw32/nios2-elf/lib\libm.a
LOAD d:/intel_delete_after_master/nios2eds/bin/gnu/h-x86_64-mingw32/bin/../lib/gcc/nios2-elf/12.1.1\libgcc.a
START GROUP
LOAD d:/intel_delete_after_master/nios2eds/bin/gnu/h-x86_64-mingw32/bin/../lib/gcc/nios2-elf/12.1.1/../../../../../H-x86_64-mingw32/nios2-elf/lib\libc.a
LOAD d:/intel_delete_after_master/nios2eds/bin/gnu/h-x86_64-mingw32/bin/../lib/gcc/nios2-elf/12.1.1\libgcc.a
LOAD n:/Facultate/Master/Master_2/PASIC/nivela_bidir/nivela_bidir/software/nivela_bidirectionala_bsp/\libhal_bsp.a
LOAD d:/intel_delete_after_master/nios2eds/bin/gnu/h-x86_64-mingw32/bin/../lib/gcc/nios2-elf/12.1.1/../../../../../H-x86_64-mingw32/nios2-elf/lib\libm.a
END GROUP
LOAD d:/intel_delete_after_master/nios2eds/bin/gnu/h-x86_64-mingw32/bin/../lib/gcc/nios2-elf/12.1.1\libgcc.a
                0x0000000000020000                __alt_mem_onchip_memory2_0 = 0x20000

.entry          0x0000000000020000       0x20
 *(.entry)
 .entry         0x0000000000020000       0x20 n:/Facultate/Master/Master_2/PASIC/nivela_bidir/nivela_bidir/software/nivela_bidirectionala_bsp//obj/HAL/src/crt0.o
                0x0000000000020000                __reset

.exceptions     0x0000000000020020      0x21c
                0x0000000000020020                PROVIDE (__ram_exceptions_start = ABSOLUTE (.))
                0x0000000000020020                . = ALIGN (0x20)
 *(.irq)
 *(.exceptions.entry.label)
 .exceptions.entry.label
                0x0000000000020020        0x0 n:/Facultate/Master/Master_2/PASIC/nivela_bidir/nivela_bidir/software/nivela_bidirectionala_bsp/\libhal_bsp.a(alt_irq_entry.o)
                0x0000000000020020                alt_irq_entry
 .exceptions.entry.label
                0x0000000000020020        0x0 n:/Facultate/Master/Master_2/PASIC/nivela_bidir/nivela_bidir/software/nivela_bidirectionala_bsp/\libhal_bsp.a(alt_exception_entry.o)
                0x0000000000020020                alt_exception
 *(.exceptions.entry.user)
 *(.exceptions.entry.ecc_fatal)
 *(.exceptions.entry)
 .exceptions.entry
                0x0000000000020020       0x54 n:/Facultate/Master/Master_2/PASIC/nivela_bidir/nivela_bidir/software/nivela_bidirectionala_bsp/\libhal_bsp.a(alt_exception_entry.o)
 *(.exceptions.irqtest.user)
 *(.exceptions.irqtest)
 .exceptions.irqtest
                0x0000000000020074       0x10 n:/Facultate/Master/Master_2/PASIC/nivela_bidir/nivela_bidir/software/nivela_bidirectionala_bsp/\libhal_bsp.a(alt_irq_entry.o)
 *(.exceptions.irqhandler.user)
 *(.exceptions.irqhandler)
 .exceptions.irqhandler
                0x0000000000020084        0x4 n:/Facultate/Master/Master_2/PASIC/nivela_bidir/nivela_bidir/software/nivela_bidirectionala_bsp/\libhal_bsp.a(alt_irq_entry.o)
 *(.exceptions.irqreturn.user)
 *(.exceptions.irqreturn)
 .exceptions.irqreturn
                0x0000000000020088        0x4 n:/Facultate/Master/Master_2/PASIC/nivela_bidir/nivela_bidir/software/nivela_bidirectionala_bsp/\libhal_bsp.a(alt_irq_entry.o)
 *(.exceptions.notirq.label)
 .exceptions.notirq.label
                0x000000000002008c        0x0 n:/Facultate/Master/Master_2/PASIC/nivela_bidir/nivela_bidir/software/nivela_bidirectionala_bsp/\libhal_bsp.a(alt_irq_entry.o)
 *(.exceptions.notirq.user)
 *(.exceptions.notirq)
 .exceptions.notirq
                0x000000000002008c        0x8 n:/Facultate/Master/Master_2/PASIC/nivela_bidir/nivela_bidir/software/nivela_bidirectionala_bsp/\libhal_bsp.a(alt_exception_entry.o)
 *(.exceptions.soft.user)
 *(.exceptions.soft)
 *(.exceptions.unknown.user)
 *(.exceptions.unknown)
 .exceptions.unknown
                0x0000000000020094       0x14 n:/Facultate/Master/Master_2/PASIC/nivela_bidir/nivela_bidir/software/nivela_bidirectionala_bsp/\libhal_bsp.a(alt_exception_entry.o)
 *(.exceptions.exit.label)
 .exceptions.exit.label
                0x00000000000200a8        0x0 n:/Facultate/Master/Master_2/PASIC/nivela_bidir/nivela_bidir/software/nivela_bidirectionala_bsp/\libhal_bsp.a(alt_irq_entry.o)
 .exceptions.exit.label
                0x00000000000200a8        0x0 n:/Facultate/Master/Master_2/PASIC/nivela_bidir/nivela_bidir/software/nivela_bidirectionala_bsp/\libhal_bsp.a(alt_exception_entry.o)
 *(.exceptions.exit.user)
 *(.exceptions.exit)
 .exceptions.exit
                0x00000000000200a8       0x54 n:/Facultate/Master/Master_2/PASIC/nivela_bidir/nivela_bidir/software/nivela_bidirectionala_bsp/\libhal_bsp.a(alt_exception_entry.o)
 *(.exceptions)
 .exceptions    0x00000000000200fc       0xcc n:/Facultate/Master/Master_2/PASIC/nivela_bidir/nivela_bidir/software/nivela_bidirectionala_bsp/\libhal_bsp.a(alt_irq_handler.o)
                0x00000000000200fc                alt_irq_handler
 .exceptions    0x00000000000201c8       0x74 n:/Facultate/Master/Master_2/PASIC/nivela_bidir/nivela_bidir/software/nivela_bidirectionala_bsp/\libhal_bsp.a(alt_instruction_exception_entry.o)
                0x00000000000201c8                alt_instruction_exception_entry
                0x000000000002023c                PROVIDE (__ram_exceptions_end = ABSOLUTE (.))
                0x0000000000020020                PROVIDE (__flash_exceptions_start = LOADADDR (.exceptions))

.text           0x000000000002023c    0x10458
                [!provide]                        PROVIDE (stext = ABSOLUTE (.))
 *(.interp)
 *(.hash)
 *(.dynsym)
 *(.dynstr)
 *(.gnu.version)
 *(.gnu.version_d)
 *(.gnu.version_r)
 *(.rel.init)
 *(.rela.init)
 *(.rel.text .rel.text.* .rel.gnu.linkonce.t.*)
 *(.rela.text .rela.text.* .rela.gnu.linkonce.t.*)
 *(.rel.fini)
 *(.rela.fini)
 *(.rel.rodata .rel.rodata.* .rel.gnu.linkonce.r.*)
 *(.rela.rodata .rela.rodata.* .rela.gnu.linkonce.r.*)
 *(.rel.data .rel.data.* .rel.gnu.linkonce.d.*)
 *(.rela.data .rela.data.* .rela.gnu.linkonce.d.*)
 *(.rel.tdata .rel.tdata.* .rel.gnu.linkonce.td.*)
 *(.rela.tdata .rela.tdata.* .rela.gnu.linkonce.td.*)
 *(.rel.tbss .rel.tbss.* .rel.gnu.linkonce.tb.*)
 *(.rela.tbss .rela.tbss.* .rela.gnu.linkonce.tb.*)
 *(.rel.ctors)
 *(.rela.ctors)
 *(.rel.dtors)
 *(.rela.dtors)
 *(.rel.got)
 *(.rela.got)
 *(.rel.sdata .rel.sdata.* .rel.gnu.linkonce.s.*)
 *(.rela.sdata .rela.sdata.* .rela.gnu.linkonce.s.*)
 *(.rel.sbss .rel.sbss.* .rel.gnu.linkonce.sb.*)
 *(.rela.sbss .rela.sbss.* .rela.gnu.linkonce.sb.*)
 *(.rel.sdata2 .rel.sdata2.* .rel.gnu.linkonce.s2.*)
 *(.rela.sdata2 .rela.sdata2.* .rela.gnu.linkonce.s2.*)
 *(.rel.sbss2 .rel.sbss2.* .rel.gnu.linkonce.sb2.*)
 *(.rela.sbss2 .rela.sbss2.* .rela.gnu.linkonce.sb2.*)
 *(.rel.bss .rel.bss.* .rel.gnu.linkonce.b.*)
 *(.rela.bss .rela.bss.* .rela.gnu.linkonce.b.*)
 *(.rel.plt)
 *(.rela.plt)
 *(.rel.dyn)
 *(.init)
 *(.plt)
 *(.text .stub .text.* .gnu.linkonce.t.*)
 .text          0x000000000002023c       0x3c n:/Facultate/Master/Master_2/PASIC/nivela_bidir/nivela_bidir/software/nivela_bidirectionala_bsp//obj/HAL/src/crt0.o
                0x000000000002023c                _start
 .text          0x0000000000020278      0x1b0 obj/default/accelerometer.o
                0x0000000000020278                read_ADXL345_deviceID
                0x00000000000202fc                print_accelerometer_axis
                0x0000000000020388                applyHysteresis
                0x00000000000203dc                CalibrateSensor
 .text          0x0000000000020428       0x44 obj/default/adc.o
                0x0000000000020428                getAdcValue
 .text          0x000000000002046c        0x0 obj/default/global.o
 .text          0x000000000002046c      0x15c obj/default/hex_displays.o
                0x000000000002046c                get_hex_address
                0x0000000000020498                hex_init
                0x00000000000204fc                set_hex_value
                0x0000000000020550                set_hex_state
 .text          0x00000000000205c8      0x2b0 obj/default/main.o
                0x00000000000205c8                main
 .text          0x0000000000020878       0xdc obj/default/tests.o
                0x0000000000020878                test_hex_displays
 .text          0x0000000000020954      0x1b4 d:/intel_delete_after_master/nios2eds/bin/gnu/h-x86_64-mingw32/bin/../lib/gcc/nios2-elf/12.1.1\libgcc.a(lib2-divmod.o)
                0x0000000000020954                __divsi3
                0x00000000000209d4                __modsi3
                0x0000000000020a48                __udivsi3
                0x0000000000020aac                __umodsi3
 .text          0x0000000000020b08        0x0 d:/intel_delete_after_master/nios2eds/bin/gnu/h-x86_64-mingw32/bin/../lib/gcc/nios2-elf/12.1.1/../../../../../H-x86_64-mingw32/nios2-elf/lib\libc.a(lib_a-printf.o)
 .text._printf_r
                0x0000000000020b08       0x30 d:/intel_delete_after_master/nios2eds/bin/gnu/h-x86_64-mingw32/bin/../lib/gcc/nios2-elf/12.1.1/../../../../../H-x86_64-mingw32/nios2-elf/lib\libc.a(lib_a-printf.o)
                0x0000000000020b08                _printf_r
 .text.printf   0x0000000000020b38       0x38 d:/intel_delete_after_master/nios2eds/bin/gnu/h-x86_64-mingw32/bin/../lib/gcc/nios2-elf/12.1.1/../../../../../H-x86_64-mingw32/nios2-elf/lib\libc.a(lib_a-printf.o)
                0x0000000000020b38                printf
 .text          0x0000000000020b70        0x0 d:/intel_delete_after_master/nios2eds/bin/gnu/h-x86_64-mingw32/bin/../lib/gcc/nios2-elf/12.1.1/../../../../../H-x86_64-mingw32/nios2-elf/lib\libc.a(lib_a-puts.o)
 .text._puts_r  0x0000000000020b70       0xd0 d:/intel_delete_after_master/nios2eds/bin/gnu/h-x86_64-mingw32/bin/../lib/gcc/nios2-elf/12.1.1/../../../../../H-x86_64-mingw32/nios2-elf/lib\libc.a(lib_a-puts.o)
                0x0000000000020b70                _puts_r
 .text.puts     0x0000000000020c40       0x10 d:/intel_delete_after_master/nios2eds/bin/gnu/h-x86_64-mingw32/bin/../lib/gcc/nios2-elf/12.1.1/../../../../../H-x86_64-mingw32/nios2-elf/lib\libc.a(lib_a-puts.o)
                0x0000000000020c40                puts
 .text          0x0000000000020c50        0x0 d:/intel_delete_after_master/nios2eds/bin/gnu/h-x86_64-mingw32/bin/../lib/gcc/nios2-elf/12.1.1/../../../../../H-x86_64-mingw32/nios2-elf/lib\libc.a(lib_a-strlen.o)
 .text.strlen   0x0000000000020c50       0x98 d:/intel_delete_after_master/nios2eds/bin/gnu/h-x86_64-mingw32/bin/../lib/gcc/nios2-elf/12.1.1/../../../../../H-x86_64-mingw32/nios2-elf/lib\libc.a(lib_a-strlen.o)
                0x0000000000020c50                strlen
 .text          0x0000000000020ce8        0x0 d:/intel_delete_after_master/nios2eds/bin/gnu/h-x86_64-mingw32/bin/../lib/gcc/nios2-elf/12.1.1/../../../../../H-x86_64-mingw32/nios2-elf/lib\libc.a(lib_a-vfprintf.o)
 .text.___vfprintf_internal_r
                0x0000000000020ce8     0x23a8 d:/intel_delete_after_master/nios2eds/bin/gnu/h-x86_64-mingw32/bin/../lib/gcc/nios2-elf/12.1.1/../../../../../H-x86_64-mingw32/nios2-elf/lib\libc.a(lib_a-vfprintf.o)
                0x0000000000020ce8                ___vfprintf_internal_r
 .text.__vfprintf_internal
                0x0000000000023090       0x1c d:/intel_delete_after_master/nios2eds/bin/gnu/h-x86_64-mingw32/bin/../lib/gcc/nios2-elf/12.1.1/../../../../../H-x86_64-mingw32/nios2-elf/lib\libc.a(lib_a-vfprintf.o)
                0x0000000000023090                __vfprintf_internal
 .text.__sbprintf
                0x00000000000230ac       0xc4 d:/intel_delete_after_master/nios2eds/bin/gnu/h-x86_64-mingw32/bin/../lib/gcc/nios2-elf/12.1.1/../../../../../H-x86_64-mingw32/nios2-elf/lib\libc.a(lib_a-vfprintf.o)
 .text          0x0000000000023170        0x0 d:/intel_delete_after_master/nios2eds/bin/gnu/h-x86_64-mingw32/bin/../lib/gcc/nios2-elf/12.1.1/../../../../../H-x86_64-mingw32/nios2-elf/lib\libc.a(lib_a-wsetup.o)
 .text.__swsetup_r
                0x0000000000023170      0x14c d:/intel_delete_after_master/nios2eds/bin/gnu/h-x86_64-mingw32/bin/../lib/gcc/nios2-elf/12.1.1/../../../../../H-x86_64-mingw32/nios2-elf/lib\libc.a(lib_a-wsetup.o)
                0x0000000000023170                __swsetup_r
 .text          0x00000000000232bc        0x0 d:/intel_delete_after_master/nios2eds/bin/gnu/h-x86_64-mingw32/bin/../lib/gcc/nios2-elf/12.1.1/../../../../../H-x86_64-mingw32/nios2-elf/lib\libc.a(lib_a-dtoa.o)
 .text.quorem   0x00000000000232bc      0x1fc d:/intel_delete_after_master/nios2eds/bin/gnu/h-x86_64-mingw32/bin/../lib/gcc/nios2-elf/12.1.1/../../../../../H-x86_64-mingw32/nios2-elf/lib\libc.a(lib_a-dtoa.o)
 .text._dtoa_r  0x00000000000234b8     0x17e8 d:/intel_delete_after_master/nios2eds/bin/gnu/h-x86_64-mingw32/bin/../lib/gcc/nios2-elf/12.1.1/../../../../../H-x86_64-mingw32/nios2-elf/lib\libc.a(lib_a-dtoa.o)
                0x00000000000234b8                _dtoa_r
 .text          0x0000000000024ca0        0x0 d:/intel_delete_after_master/nios2eds/bin/gnu/h-x86_64-mingw32/bin/../lib/gcc/nios2-elf/12.1.1/../../../../../H-x86_64-mingw32/nios2-elf/lib\libc.a(lib_a-fflush.o)
 .text.__sflush_r
                0x0000000000024ca0      0x208 d:/intel_delete_after_master/nios2eds/bin/gnu/h-x86_64-mingw32/bin/../lib/gcc/nios2-elf/12.1.1/../../../../../H-x86_64-mingw32/nios2-elf/lib\libc.a(lib_a-fflush.o)
                0x0000000000024ca0                __sflush_r
 .text._fflush_r
                0x0000000000024ea8       0x60 d:/intel_delete_after_master/nios2eds/bin/gnu/h-x86_64-mingw32/bin/../lib/gcc/nios2-elf/12.1.1/../../../../../H-x86_64-mingw32/nios2-elf/lib\libc.a(lib_a-fflush.o)
                0x0000000000024ea8                _fflush_r
 .text.fflush   0x0000000000024f08       0x84 d:/intel_delete_after_master/nios2eds/bin/gnu/h-x86_64-mingw32/bin/../lib/gcc/nios2-elf/12.1.1/../../../../../H-x86_64-mingw32/nios2-elf/lib\libc.a(lib_a-fflush.o)
                0x0000000000024f08                fflush
 .text          0x0000000000024f8c        0x0 d:/intel_delete_after_master/nios2eds/bin/gnu/h-x86_64-mingw32/bin/../lib/gcc/nios2-elf/12.1.1/../../../../../H-x86_64-mingw32/nios2-elf/lib\libc.a(lib_a-findfp.o)
 .text.__fp_lock
                0x0000000000024f8c        0x8 d:/intel_delete_after_master/nios2eds/bin/gnu/h-x86_64-mingw32/bin/../lib/gcc/nios2-elf/12.1.1/../../../../../H-x86_64-mingw32/nios2-elf/lib\libc.a(lib_a-findfp.o)
 .text._cleanup_r
                0x0000000000024f94        0xc d:/intel_delete_after_master/nios2eds/bin/gnu/h-x86_64-mingw32/bin/../lib/gcc/nios2-elf/12.1.1/../../../../../H-x86_64-mingw32/nios2-elf/lib\libc.a(lib_a-findfp.o)
                0x0000000000024f94                _cleanup_r
 .text.__fp_unlock
                0x0000000000024fa0        0x8 d:/intel_delete_after_master/nios2eds/bin/gnu/h-x86_64-mingw32/bin/../lib/gcc/nios2-elf/12.1.1/../../../../../H-x86_64-mingw32/nios2-elf/lib\libc.a(lib_a-findfp.o)
 .text.__sinit.part.0
                0x0000000000024fa8      0x168 d:/intel_delete_after_master/nios2eds/bin/gnu/h-x86_64-mingw32/bin/../lib/gcc/nios2-elf/12.1.1/../../../../../H-x86_64-mingw32/nios2-elf/lib\libc.a(lib_a-findfp.o)
 .text.__sfmoreglue
                0x0000000000025110       0x68 d:/intel_delete_after_master/nios2eds/bin/gnu/h-x86_64-mingw32/bin/../lib/gcc/nios2-elf/12.1.1/../../../../../H-x86_64-mingw32/nios2-elf/lib\libc.a(lib_a-findfp.o)
                0x0000000000025110                __sfmoreglue
 .text.__sfp    0x0000000000025178      0x134 d:/intel_delete_after_master/nios2eds/bin/gnu/h-x86_64-mingw32/bin/../lib/gcc/nios2-elf/12.1.1/../../../../../H-x86_64-mingw32/nios2-elf/lib\libc.a(lib_a-findfp.o)
                0x0000000000025178                __sfp
 .text._cleanup
                0x00000000000252ac       0x14 d:/intel_delete_after_master/nios2eds/bin/gnu/h-x86_64-mingw32/bin/../lib/gcc/nios2-elf/12.1.1/../../../../../H-x86_64-mingw32/nios2-elf/lib\libc.a(lib_a-findfp.o)
                0x00000000000252ac                _cleanup
 .text.__sinit  0x00000000000252c0       0x10 d:/intel_delete_after_master/nios2eds/bin/gnu/h-x86_64-mingw32/bin/../lib/gcc/nios2-elf/12.1.1/../../../../../H-x86_64-mingw32/nios2-elf/lib\libc.a(lib_a-findfp.o)
                0x00000000000252c0                __sinit
 .text.__sfp_lock_acquire
                0x00000000000252d0        0x4 d:/intel_delete_after_master/nios2eds/bin/gnu/h-x86_64-mingw32/bin/../lib/gcc/nios2-elf/12.1.1/../../../../../H-x86_64-mingw32/nios2-elf/lib\libc.a(lib_a-findfp.o)
                0x00000000000252d0                __sfp_lock_acquire
 .text.__sfp_lock_release
                0x00000000000252d4        0x4 d:/intel_delete_after_master/nios2eds/bin/gnu/h-x86_64-mingw32/bin/../lib/gcc/nios2-elf/12.1.1/../../../../../H-x86_64-mingw32/nios2-elf/lib\libc.a(lib_a-findfp.o)
                0x00000000000252d4                __sfp_lock_release
 .text.__sinit_lock_acquire
                0x00000000000252d8        0x4 d:/intel_delete_after_master/nios2eds/bin/gnu/h-x86_64-mingw32/bin/../lib/gcc/nios2-elf/12.1.1/../../../../../H-x86_64-mingw32/nios2-elf/lib\libc.a(lib_a-findfp.o)
                0x00000000000252d8                __sinit_lock_acquire
 .text.__sinit_lock_release
                0x00000000000252dc        0x4 d:/intel_delete_after_master/nios2eds/bin/gnu/h-x86_64-mingw32/bin/../lib/gcc/nios2-elf/12.1.1/../../../../../H-x86_64-mingw32/nios2-elf/lib\libc.a(lib_a-findfp.o)
                0x00000000000252dc                __sinit_lock_release
 .text.__fp_lock_all
                0x00000000000252e0       0x14 d:/intel_delete_after_master/nios2eds/bin/gnu/h-x86_64-mingw32/bin/../lib/gcc/nios2-elf/12.1.1/../../../../../H-x86_64-mingw32/nios2-elf/lib\libc.a(lib_a-findfp.o)
                0x00000000000252e0                __fp_lock_all
 .text.__fp_unlock_all
                0x00000000000252f4       0x14 d:/intel_delete_after_master/nios2eds/bin/gnu/h-x86_64-mingw32/bin/../lib/gcc/nios2-elf/12.1.1/../../../../../H-x86_64-mingw32/nios2-elf/lib\libc.a(lib_a-findfp.o)
                0x00000000000252f4                __fp_unlock_all
 .text          0x0000000000025308        0x0 d:/intel_delete_after_master/nios2eds/bin/gnu/h-x86_64-mingw32/bin/../lib/gcc/nios2-elf/12.1.1/../../../../../H-x86_64-mingw32/nios2-elf/lib\libc.a(lib_a-freer.o)
 .text._malloc_trim_r
                0x0000000000025308      0x124 d:/intel_delete_after_master/nios2eds/bin/gnu/h-x86_64-mingw32/bin/../lib/gcc/nios2-elf/12.1.1/../../../../../H-x86_64-mingw32/nios2-elf/lib\libc.a(lib_a-freer.o)
                0x0000000000025308                _malloc_trim_r
 .text._free_r  0x000000000002542c      0x308 d:/intel_delete_after_master/nios2eds/bin/gnu/h-x86_64-mingw32/bin/../lib/gcc/nios2-elf/12.1.1/../../../../../H-x86_64-mingw32/nios2-elf/lib\libc.a(lib_a-freer.o)
                0x000000000002542c                _free_r
 .text          0x0000000000025734        0x0 d:/intel_delete_after_master/nios2eds/bin/gnu/h-x86_64-mingw32/bin/../lib/gcc/nios2-elf/12.1.1/../../../../../H-x86_64-mingw32/nios2-elf/lib\libc.a(lib_a-fvwrite.o)
 .text.__sfvwrite_r
                0x0000000000025734      0x4a4 d:/intel_delete_after_master/nios2eds/bin/gnu/h-x86_64-mingw32/bin/../lib/gcc/nios2-elf/12.1.1/../../../../../H-x86_64-mingw32/nios2-elf/lib\libc.a(lib_a-fvwrite.o)
                0x0000000000025734                __sfvwrite_r
 .text          0x0000000000025bd8        0x0 d:/intel_delete_after_master/nios2eds/bin/gnu/h-x86_64-mingw32/bin/../lib/gcc/nios2-elf/12.1.1/../../../../../H-x86_64-mingw32/nios2-elf/lib\libc.a(lib_a-fwalk.o)
 .text._fwalk   0x0000000000025bd8       0x98 d:/intel_delete_after_master/nios2eds/bin/gnu/h-x86_64-mingw32/bin/../lib/gcc/nios2-elf/12.1.1/../../../../../H-x86_64-mingw32/nios2-elf/lib\libc.a(lib_a-fwalk.o)
                0x0000000000025bd8                _fwalk
 .text._fwalk_reent
                0x0000000000025c70       0xa8 d:/intel_delete_after_master/nios2eds/bin/gnu/h-x86_64-mingw32/bin/../lib/gcc/nios2-elf/12.1.1/../../../../../H-x86_64-mingw32/nios2-elf/lib\libc.a(lib_a-fwalk.o)
                0x0000000000025c70                _fwalk_reent
 .text          0x0000000000025d18        0x0 d:/intel_delete_after_master/nios2eds/bin/gnu/h-x86_64-mingw32/bin/../lib/gcc/nios2-elf/12.1.1/../../../../../H-x86_64-mingw32/nios2-elf/lib\libc.a(lib_a-impure.o)
 .text          0x0000000000025d18        0x0 d:/intel_delete_after_master/nios2eds/bin/gnu/h-x86_64-mingw32/bin/../lib/gcc/nios2-elf/12.1.1/../../../../../H-x86_64-mingw32/nios2-elf/lib\libc.a(lib_a-localeconv.o)
 .text.__localeconv_l
                0x0000000000025d18        0x8 d:/intel_delete_after_master/nios2eds/bin/gnu/h-x86_64-mingw32/bin/../lib/gcc/nios2-elf/12.1.1/../../../../../H-x86_64-mingw32/nios2-elf/lib\libc.a(lib_a-localeconv.o)
                0x0000000000025d18                __localeconv_l
 .text._localeconv_r
                0x0000000000025d20        0xc d:/intel_delete_after_master/nios2eds/bin/gnu/h-x86_64-mingw32/bin/../lib/gcc/nios2-elf/12.1.1/../../../../../H-x86_64-mingw32/nios2-elf/lib\libc.a(lib_a-localeconv.o)
                0x0000000000025d20                _localeconv_r
 .text.localeconv
                0x0000000000025d2c        0xc d:/intel_delete_after_master/nios2eds/bin/gnu/h-x86_64-mingw32/bin/../lib/gcc/nios2-elf/12.1.1/../../../../../H-x86_64-mingw32/nios2-elf/lib\libc.a(lib_a-localeconv.o)
                0x0000000000025d2c                localeconv
 .text          0x0000000000025d38        0x0 d:/intel_delete_after_master/nios2eds/bin/gnu/h-x86_64-mingw32/bin/../lib/gcc/nios2-elf/12.1.1/../../../../../H-x86_64-mingw32/nios2-elf/lib\libc.a(lib_a-makebuf.o)
 .text.__smakebuf_r
                0x0000000000025d38      0x1a0 d:/intel_delete_after_master/nios2eds/bin/gnu/h-x86_64-mingw32/bin/../lib/gcc/nios2-elf/12.1.1/../../../../../H-x86_64-mingw32/nios2-elf/lib\libc.a(lib_a-makebuf.o)
                0x0000000000025d38                __smakebuf_r
 .text.__swhatbuf_r
                0x0000000000025ed8       0x8c d:/intel_delete_after_master/nios2eds/bin/gnu/h-x86_64-mingw32/bin/../lib/gcc/nios2-elf/12.1.1/../../../../../H-x86_64-mingw32/nios2-elf/lib\libc.a(lib_a-makebuf.o)
                0x0000000000025ed8                __swhatbuf_r
 .text          0x0000000000025f64        0x0 d:/intel_delete_after_master/nios2eds/bin/gnu/h-x86_64-mingw32/bin/../lib/gcc/nios2-elf/12.1.1/../../../../../H-x86_64-mingw32/nios2-elf/lib\libc.a(lib_a-mallocr.o)
 .text._malloc_r
                0x0000000000025f64      0x7b4 d:/intel_delete_after_master/nios2eds/bin/gnu/h-x86_64-mingw32/bin/../lib/gcc/nios2-elf/12.1.1/../../../../../H-x86_64-mingw32/nios2-elf/lib\libc.a(lib_a-mallocr.o)
                0x0000000000025f64                _malloc_r
 .text          0x0000000000026718        0x0 d:/intel_delete_after_master/nios2eds/bin/gnu/h-x86_64-mingw32/bin/../lib/gcc/nios2-elf/12.1.1/../../../../../H-x86_64-mingw32/nios2-elf/lib\libc.a(lib_a-memchr.o)
 .text.memchr   0x0000000000026718       0xd0 d:/intel_delete_after_master/nios2eds/bin/gnu/h-x86_64-mingw32/bin/../lib/gcc/nios2-elf/12.1.1/../../../../../H-x86_64-mingw32/nios2-elf/lib\libc.a(lib_a-memchr.o)
                0x0000000000026718                memchr
 .text          0x00000000000267e8        0x0 d:/intel_delete_after_master/nios2eds/bin/gnu/h-x86_64-mingw32/bin/../lib/gcc/nios2-elf/12.1.1/../../../../../H-x86_64-mingw32/nios2-elf/lib\libc.a(lib_a-memcpy.o)
 .text.memcpy   0x00000000000267e8      0x100 d:/intel_delete_after_master/nios2eds/bin/gnu/h-x86_64-mingw32/bin/../lib/gcc/nios2-elf/12.1.1/../../../../../H-x86_64-mingw32/nios2-elf/lib\libc.a(lib_a-memcpy.o)
                0x00000000000267e8                memcpy
 .text          0x00000000000268e8        0x0 d:/intel_delete_after_master/nios2eds/bin/gnu/h-x86_64-mingw32/bin/../lib/gcc/nios2-elf/12.1.1/../../../../../H-x86_64-mingw32/nios2-elf/lib\libc.a(lib_a-memmove.o)
 .text.memmove  0x00000000000268e8      0x128 d:/intel_delete_after_master/nios2eds/bin/gnu/h-x86_64-mingw32/bin/../lib/gcc/nios2-elf/12.1.1/../../../../../H-x86_64-mingw32/nios2-elf/lib\libc.a(lib_a-memmove.o)
                0x00000000000268e8                memmove
 .text          0x0000000000026a10        0x0 d:/intel_delete_after_master/nios2eds/bin/gnu/h-x86_64-mingw32/bin/../lib/gcc/nios2-elf/12.1.1/../../../../../H-x86_64-mingw32/nios2-elf/lib\libc.a(lib_a-memset.o)
 .text.memset   0x0000000000026a10       0xf8 d:/intel_delete_after_master/nios2eds/bin/gnu/h-x86_64-mingw32/bin/../lib/gcc/nios2-elf/12.1.1/../../../../../H-x86_64-mingw32/nios2-elf/lib\libc.a(lib_a-memset.o)
                0x0000000000026a10                memset
 .text          0x0000000000026b08        0x0 d:/intel_delete_after_master/nios2eds/bin/gnu/h-x86_64-mingw32/bin/../lib/gcc/nios2-elf/12.1.1/../../../../../H-x86_64-mingw32/nios2-elf/lib\libc.a(lib_a-mprec.o)
 .text._Balloc  0x0000000000026b08       0xa4 d:/intel_delete_after_master/nios2eds/bin/gnu/h-x86_64-mingw32/bin/../lib/gcc/nios2-elf/12.1.1/../../../../../H-x86_64-mingw32/nios2-elf/lib\libc.a(lib_a-mprec.o)
                0x0000000000026b08                _Balloc
 .text._Bfree   0x0000000000026bac       0x24 d:/intel_delete_after_master/nios2eds/bin/gnu/h-x86_64-mingw32/bin/../lib/gcc/nios2-elf/12.1.1/../../../../../H-x86_64-mingw32/nios2-elf/lib\libc.a(lib_a-mprec.o)
                0x0000000000026bac                _Bfree
 .text.__multadd
                0x0000000000026bd0      0x130 d:/intel_delete_after_master/nios2eds/bin/gnu/h-x86_64-mingw32/bin/../lib/gcc/nios2-elf/12.1.1/../../../../../H-x86_64-mingw32/nios2-elf/lib\libc.a(lib_a-mprec.o)
                0x0000000000026bd0                __multadd
 .text.__s2b    0x0000000000026d00      0x138 d:/intel_delete_after_master/nios2eds/bin/gnu/h-x86_64-mingw32/bin/../lib/gcc/nios2-elf/12.1.1/../../../../../H-x86_64-mingw32/nios2-elf/lib\libc.a(lib_a-mprec.o)
                0x0000000000026d00                __s2b
 .text.__hi0bits
                0x0000000000026e38       0x74 d:/intel_delete_after_master/nios2eds/bin/gnu/h-x86_64-mingw32/bin/../lib/gcc/nios2-elf/12.1.1/../../../../../H-x86_64-mingw32/nios2-elf/lib\libc.a(lib_a-mprec.o)
                0x0000000000026e38                __hi0bits
 .text.__lo0bits
                0x0000000000026eac       0xb0 d:/intel_delete_after_master/nios2eds/bin/gnu/h-x86_64-mingw32/bin/../lib/gcc/nios2-elf/12.1.1/../../../../../H-x86_64-mingw32/nios2-elf/lib\libc.a(lib_a-mprec.o)
                0x0000000000026eac                __lo0bits
 .text.__i2b    0x0000000000026f5c       0xb0 d:/intel_delete_after_master/nios2eds/bin/gnu/h-x86_64-mingw32/bin/../lib/gcc/nios2-elf/12.1.1/../../../../../H-x86_64-mingw32/nios2-elf/lib\libc.a(lib_a-mprec.o)
                0x0000000000026f5c                __i2b
 .text.__multiply
                0x000000000002700c      0x254 d:/intel_delete_after_master/nios2eds/bin/gnu/h-x86_64-mingw32/bin/../lib/gcc/nios2-elf/12.1.1/../../../../../H-x86_64-mingw32/nios2-elf/lib\libc.a(lib_a-mprec.o)
                0x000000000002700c                __multiply
 .text.__pow5mult
                0x0000000000027260      0x140 d:/intel_delete_after_master/nios2eds/bin/gnu/h-x86_64-mingw32/bin/../lib/gcc/nios2-elf/12.1.1/../../../../../H-x86_64-mingw32/nios2-elf/lib\libc.a(lib_a-mprec.o)
                0x0000000000027260                __pow5mult
 .text.__lshift
                0x00000000000273a0      0x188 d:/intel_delete_after_master/nios2eds/bin/gnu/h-x86_64-mingw32/bin/../lib/gcc/nios2-elf/12.1.1/../../../../../H-x86_64-mingw32/nios2-elf/lib\libc.a(lib_a-mprec.o)
                0x00000000000273a0                __lshift
 .text.__mcmp   0x0000000000027528       0x58 d:/intel_delete_after_master/nios2eds/bin/gnu/h-x86_64-mingw32/bin/../lib/gcc/nios2-elf/12.1.1/../../../../../H-x86_64-mingw32/nios2-elf/lib\libc.a(lib_a-mprec.o)
                0x0000000000027528                __mcmp
 .text.__mdiff  0x0000000000027580      0x230 d:/intel_delete_after_master/nios2eds/bin/gnu/h-x86_64-mingw32/bin/../lib/gcc/nios2-elf/12.1.1/../../../../../H-x86_64-mingw32/nios2-elf/lib\libc.a(lib_a-mprec.o)
                0x0000000000027580                __mdiff
 .text.__ulp    0x00000000000277b0       0x60 d:/intel_delete_after_master/nios2eds/bin/gnu/h-x86_64-mingw32/bin/../lib/gcc/nios2-elf/12.1.1/../../../../../H-x86_64-mingw32/nios2-elf/lib\libc.a(lib_a-mprec.o)
                0x00000000000277b0                __ulp
 .text.__b2d    0x0000000000027810      0x100 d:/intel_delete_after_master/nios2eds/bin/gnu/h-x86_64-mingw32/bin/../lib/gcc/nios2-elf/12.1.1/../../../../../H-x86_64-mingw32/nios2-elf/lib\libc.a(lib_a-mprec.o)
                0x0000000000027810                __b2d
 .text.__d2b    0x0000000000027910      0x158 d:/intel_delete_after_master/nios2eds/bin/gnu/h-x86_64-mingw32/bin/../lib/gcc/nios2-elf/12.1.1/../../../../../H-x86_64-mingw32/nios2-elf/lib\libc.a(lib_a-mprec.o)
                0x0000000000027910                __d2b
 .text.__ratio  0x0000000000027a68       0xa8 d:/intel_delete_after_master/nios2eds/bin/gnu/h-x86_64-mingw32/bin/../lib/gcc/nios2-elf/12.1.1/../../../../../H-x86_64-mingw32/nios2-elf/lib\libc.a(lib_a-mprec.o)
                0x0000000000027a68                __ratio
 .text._mprec_log10
                0x0000000000027b10       0x70 d:/intel_delete_after_master/nios2eds/bin/gnu/h-x86_64-mingw32/bin/../lib/gcc/nios2-elf/12.1.1/../../../../../H-x86_64-mingw32/nios2-elf/lib\libc.a(lib_a-mprec.o)
                0x0000000000027b10                _mprec_log10
 .text.__copybits
                0x0000000000027b80       0x7c d:/intel_delete_after_master/nios2eds/bin/gnu/h-x86_64-mingw32/bin/../lib/gcc/nios2-elf/12.1.1/../../../../../H-x86_64-mingw32/nios2-elf/lib\libc.a(lib_a-mprec.o)
                0x0000000000027b80                __copybits
 .text.__any_on
                0x0000000000027bfc       0x60 d:/intel_delete_after_master/nios2eds/bin/gnu/h-x86_64-mingw32/bin/../lib/gcc/nios2-elf/12.1.1/../../../../../H-x86_64-mingw32/nios2-elf/lib\libc.a(lib_a-mprec.o)
                0x0000000000027bfc                __any_on
 .text          0x0000000000027c5c        0x0 d:/intel_delete_after_master/nios2eds/bin/gnu/h-x86_64-mingw32/bin/../lib/gcc/nios2-elf/12.1.1/../../../../../H-x86_64-mingw32/nios2-elf/lib\libc.a(lib_a-reallocr.o)
 .text._realloc_r
                0x0000000000027c5c      0x5f4 d:/intel_delete_after_master/nios2eds/bin/gnu/h-x86_64-mingw32/bin/../lib/gcc/nios2-elf/12.1.1/../../../../../H-x86_64-mingw32/nios2-elf/lib\libc.a(lib_a-reallocr.o)
                0x0000000000027c5c                _realloc_r
 .text          0x0000000000028250        0x0 d:/intel_delete_after_master/nios2eds/bin/gnu/h-x86_64-mingw32/bin/../lib/gcc/nios2-elf/12.1.1/../../../../../H-x86_64-mingw32/nios2-elf/lib\libc.a(lib_a-sbrkr.o)
 .text._sbrk_r  0x0000000000028250       0x58 d:/intel_delete_after_master/nios2eds/bin/gnu/h-x86_64-mingw32/bin/../lib/gcc/nios2-elf/12.1.1/../../../../../H-x86_64-mingw32/nios2-elf/lib\libc.a(lib_a-sbrkr.o)
                0x0000000000028250                _sbrk_r
 .text          0x00000000000282a8        0x0 d:/intel_delete_after_master/nios2eds/bin/gnu/h-x86_64-mingw32/bin/../lib/gcc/nios2-elf/12.1.1/../../../../../H-x86_64-mingw32/nios2-elf/lib\libc.a(lib_a-stdio.o)
 .text.__sread  0x00000000000282a8       0x54 d:/intel_delete_after_master/nios2eds/bin/gnu/h-x86_64-mingw32/bin/../lib/gcc/nios2-elf/12.1.1/../../../../../H-x86_64-mingw32/nios2-elf/lib\libc.a(lib_a-stdio.o)
                0x00000000000282a8                __sread
 .text.__seofread
                0x00000000000282fc        0x8 d:/intel_delete_after_master/nios2eds/bin/gnu/h-x86_64-mingw32/bin/../lib/gcc/nios2-elf/12.1.1/../../../../../H-x86_64-mingw32/nios2-elf/lib\libc.a(lib_a-stdio.o)
                0x00000000000282fc                __seofread
 .text.__swrite
                0x0000000000028304       0x80 d:/intel_delete_after_master/nios2eds/bin/gnu/h-x86_64-mingw32/bin/../lib/gcc/nios2-elf/12.1.1/../../../../../H-x86_64-mingw32/nios2-elf/lib\libc.a(lib_a-stdio.o)
                0x0000000000028304                __swrite
 .text.__sseek  0x0000000000028384       0x5c d:/intel_delete_after_master/nios2eds/bin/gnu/h-x86_64-mingw32/bin/../lib/gcc/nios2-elf/12.1.1/../../../../../H-x86_64-mingw32/nios2-elf/lib\libc.a(lib_a-stdio.o)
                0x0000000000028384                __sseek
 .text.__sclose
                0x00000000000283e0        0x8 d:/intel_delete_after_master/nios2eds/bin/gnu/h-x86_64-mingw32/bin/../lib/gcc/nios2-elf/12.1.1/../../../../../H-x86_64-mingw32/nios2-elf/lib\libc.a(lib_a-stdio.o)
                0x00000000000283e0                __sclose
 .text          0x00000000000283e8        0x0 d:/intel_delete_after_master/nios2eds/bin/gnu/h-x86_64-mingw32/bin/../lib/gcc/nios2-elf/12.1.1/../../../../../H-x86_64-mingw32/nios2-elf/lib\libc.a(lib_a-vfiprintf.o)
 .text.__sprint_r.part.0
                0x00000000000283e8       0xf4 d:/intel_delete_after_master/nios2eds/bin/gnu/h-x86_64-mingw32/bin/../lib/gcc/nios2-elf/12.1.1/../../../../../H-x86_64-mingw32/nios2-elf/lib\libc.a(lib_a-vfiprintf.o)
 .text.__sprint_r
                0x00000000000284dc       0x18 d:/intel_delete_after_master/nios2eds/bin/gnu/h-x86_64-mingw32/bin/../lib/gcc/nios2-elf/12.1.1/../../../../../H-x86_64-mingw32/nios2-elf/lib\libc.a(lib_a-vfiprintf.o)
                0x00000000000284dc                __sprint_r
 .text.___vfiprintf_internal_r
                0x00000000000284f4     0x1270 d:/intel_delete_after_master/nios2eds/bin/gnu/h-x86_64-mingw32/bin/../lib/gcc/nios2-elf/12.1.1/../../../../../H-x86_64-mingw32/nios2-elf/lib\libc.a(lib_a-vfiprintf.o)
                0x00000000000284f4                ___vfiprintf_internal_r
 .text.__vfiprintf_internal
                0x0000000000029764       0x1c d:/intel_delete_after_master/nios2eds/bin/gnu/h-x86_64-mingw32/bin/../lib/gcc/nios2-elf/12.1.1/../../../../../H-x86_64-mingw32/nios2-elf/lib\libc.a(lib_a-vfiprintf.o)
                0x0000000000029764                __vfiprintf_internal
 .text.__sbprintf
                0x0000000000029780       0xc4 d:/intel_delete_after_master/nios2eds/bin/gnu/h-x86_64-mingw32/bin/../lib/gcc/nios2-elf/12.1.1/../../../../../H-x86_64-mingw32/nios2-elf/lib\libc.a(lib_a-vfiprintf.o)
 .text          0x0000000000029844        0x0 d:/intel_delete_after_master/nios2eds/bin/gnu/h-x86_64-mingw32/bin/../lib/gcc/nios2-elf/12.1.1/../../../../../H-x86_64-mingw32/nios2-elf/lib\libc.a(lib_a-writer.o)
 .text._write_r
                0x0000000000029844       0x64 d:/intel_delete_after_master/nios2eds/bin/gnu/h-x86_64-mingw32/bin/../lib/gcc/nios2-elf/12.1.1/../../../../../H-x86_64-mingw32/nios2-elf/lib\libc.a(lib_a-writer.o)
                0x0000000000029844                _write_r
 .text          0x00000000000298a8        0x0 d:/intel_delete_after_master/nios2eds/bin/gnu/h-x86_64-mingw32/bin/../lib/gcc/nios2-elf/12.1.1/../../../../../H-x86_64-mingw32/nios2-elf/lib\libc.a(closer.o)
 .text._close_r
                0x00000000000298a8       0x58 d:/intel_delete_after_master/nios2eds/bin/gnu/h-x86_64-mingw32/bin/../lib/gcc/nios2-elf/12.1.1/../../../../../H-x86_64-mingw32/nios2-elf/lib\libc.a(closer.o)
                0x00000000000298a8                _close_r
 .text          0x0000000000029900        0x0 d:/intel_delete_after_master/nios2eds/bin/gnu/h-x86_64-mingw32/bin/../lib/gcc/nios2-elf/12.1.1/../../../../../H-x86_64-mingw32/nios2-elf/lib\libc.a(lib_a-assert.o)
 .text.__assert_func
                0x0000000000029900       0x64 d:/intel_delete_after_master/nios2eds/bin/gnu/h-x86_64-mingw32/bin/../lib/gcc/nios2-elf/12.1.1/../../../../../H-x86_64-mingw32/nios2-elf/lib\libc.a(lib_a-assert.o)
                0x0000000000029900                __assert_func
 .text.__assert
                0x0000000000029964       0x14 d:/intel_delete_after_master/nios2eds/bin/gnu/h-x86_64-mingw32/bin/../lib/gcc/nios2-elf/12.1.1/../../../../../H-x86_64-mingw32/nios2-elf/lib\libc.a(lib_a-assert.o)
                0x0000000000029964                __assert
 .text          0x0000000000029978        0x0 d:/intel_delete_after_master/nios2eds/bin/gnu/h-x86_64-mingw32/bin/../lib/gcc/nios2-elf/12.1.1/../../../../../H-x86_64-mingw32/nios2-elf/lib\libc.a(lib_a-callocr.o)
 .text._calloc_r
                0x0000000000029978      0x144 d:/intel_delete_after_master/nios2eds/bin/gnu/h-x86_64-mingw32/bin/../lib/gcc/nios2-elf/12.1.1/../../../../../H-x86_64-mingw32/nios2-elf/lib\libc.a(lib_a-callocr.o)
                0x0000000000029978                _calloc_r
 .text          0x0000000000029abc        0x0 d:/intel_delete_after_master/nios2eds/bin/gnu/h-x86_64-mingw32/bin/../lib/gcc/nios2-elf/12.1.1/../../../../../H-x86_64-mingw32/nios2-elf/lib\libc.a(lib_a-errno.o)
 .text.__errno  0x0000000000029abc        0xc d:/intel_delete_after_master/nios2eds/bin/gnu/h-x86_64-mingw32/bin/../lib/gcc/nios2-elf/12.1.1/../../../../../H-x86_64-mingw32/nios2-elf/lib\libc.a(lib_a-errno.o)
                0x0000000000029abc                __errno
 .text          0x0000000000029ac8        0x0 d:/intel_delete_after_master/nios2eds/bin/gnu/h-x86_64-mingw32/bin/../lib/gcc/nios2-elf/12.1.1/../../../../../H-x86_64-mingw32/nios2-elf/lib\libc.a(lib_a-fclose.o)
 .text._fclose_r
                0x0000000000029ac8       0xf8 d:/intel_delete_after_master/nios2eds/bin/gnu/h-x86_64-mingw32/bin/../lib/gcc/nios2-elf/12.1.1/../../../../../H-x86_64-mingw32/nios2-elf/lib\libc.a(lib_a-fclose.o)
                0x0000000000029ac8                _fclose_r
 .text.fclose   0x0000000000029bc0       0x10 d:/intel_delete_after_master/nios2eds/bin/gnu/h-x86_64-mingw32/bin/../lib/gcc/nios2-elf/12.1.1/../../../../../H-x86_64-mingw32/nios2-elf/lib\libc.a(lib_a-fclose.o)
                0x0000000000029bc0                fclose
 .text          0x0000000000029bd0        0x0 d:/intel_delete_after_master/nios2eds/bin/gnu/h-x86_64-mingw32/bin/../lib/gcc/nios2-elf/12.1.1/../../../../../H-x86_64-mingw32/nios2-elf/lib\libc.a(lib_a-fiprintf.o)
 .text._fiprintf_r
                0x0000000000029bd0       0x20 d:/intel_delete_after_master/nios2eds/bin/gnu/h-x86_64-mingw32/bin/../lib/gcc/nios2-elf/12.1.1/../../../../../H-x86_64-mingw32/nios2-elf/lib\libc.a(lib_a-fiprintf.o)
                0x0000000000029bd0                _fiprintf_r
 .text.fiprintf
                0x0000000000029bf0       0x38 d:/intel_delete_after_master/nios2eds/bin/gnu/h-x86_64-mingw32/bin/../lib/gcc/nios2-elf/12.1.1/../../../../../H-x86_64-mingw32/nios2-elf/lib\libc.a(lib_a-fiprintf.o)
                0x0000000000029bf0                fiprintf
 .text          0x0000000000029c28        0x0 d:/intel_delete_after_master/nios2eds/bin/gnu/h-x86_64-mingw32/bin/../lib/gcc/nios2-elf/12.1.1/../../../../../H-x86_64-mingw32/nios2-elf/lib\libc.a(lib_a-fputwc.o)
 .text.__fputwc
                0x0000000000029c28      0x164 d:/intel_delete_after_master/nios2eds/bin/gnu/h-x86_64-mingw32/bin/../lib/gcc/nios2-elf/12.1.1/../../../../../H-x86_64-mingw32/nios2-elf/lib\libc.a(lib_a-fputwc.o)
                0x0000000000029c28                __fputwc
 .text._fputwc_r
                0x0000000000029d8c       0x24 d:/intel_delete_after_master/nios2eds/bin/gnu/h-x86_64-mingw32/bin/../lib/gcc/nios2-elf/12.1.1/../../../../../H-x86_64-mingw32/nios2-elf/lib\libc.a(lib_a-fputwc.o)
                0x0000000000029d8c                _fputwc_r
 .text.fputwc   0x0000000000029db0       0x78 d:/intel_delete_after_master/nios2eds/bin/gnu/h-x86_64-mingw32/bin/../lib/gcc/nios2-elf/12.1.1/../../../../../H-x86_64-mingw32/nios2-elf/lib\libc.a(lib_a-fputwc.o)
                0x0000000000029db0                fputwc
 .text          0x0000000000029e28        0x0 d:/intel_delete_after_master/nios2eds/bin/gnu/h-x86_64-mingw32/bin/../lib/gcc/nios2-elf/12.1.1/../../../../../H-x86_64-mingw32/nios2-elf/lib\libc.a(lib_a-fstatr.o)
 .text._fstat_r
                0x0000000000029e28       0x60 d:/intel_delete_after_master/nios2eds/bin/gnu/h-x86_64-mingw32/bin/../lib/gcc/nios2-elf/12.1.1/../../../../../H-x86_64-mingw32/nios2-elf/lib\libc.a(lib_a-fstatr.o)
                0x0000000000029e28                _fstat_r
 .text          0x0000000000029e88        0x0 d:/intel_delete_after_master/nios2eds/bin/gnu/h-x86_64-mingw32/bin/../lib/gcc/nios2-elf/12.1.1/../../../../../H-x86_64-mingw32/nios2-elf/lib\libc.a(lib_a-int_errno.o)
 .text          0x0000000000029e88        0x0 d:/intel_delete_after_master/nios2eds/bin/gnu/h-x86_64-mingw32/bin/../lib/gcc/nios2-elf/12.1.1/../../../../../H-x86_64-mingw32/nios2-elf/lib\libc.a(lib_a-isattyr.o)
 .text._isatty_r
                0x0000000000029e88       0x58 d:/intel_delete_after_master/nios2eds/bin/gnu/h-x86_64-mingw32/bin/../lib/gcc/nios2-elf/12.1.1/../../../../../H-x86_64-mingw32/nios2-elf/lib\libc.a(lib_a-isattyr.o)
                0x0000000000029e88                _isatty_r
 .text          0x0000000000029ee0        0x0 d:/intel_delete_after_master/nios2eds/bin/gnu/h-x86_64-mingw32/bin/../lib/gcc/nios2-elf/12.1.1/../../../../../H-x86_64-mingw32/nios2-elf/lib\libc.a(lib_a-locale.o)
 .text._setlocale_r
                0x0000000000029ee0       0x74 d:/intel_delete_after_master/nios2eds/bin/gnu/h-x86_64-mingw32/bin/../lib/gcc/nios2-elf/12.1.1/../../../../../H-x86_64-mingw32/nios2-elf/lib\libc.a(lib_a-locale.o)
                0x0000000000029ee0                _setlocale_r
 .text.__locale_mb_cur_max
                0x0000000000029f54        0xc d:/intel_delete_after_master/nios2eds/bin/gnu/h-x86_64-mingw32/bin/../lib/gcc/nios2-elf/12.1.1/../../../../../H-x86_64-mingw32/nios2-elf/lib\libc.a(lib_a-locale.o)
                0x0000000000029f54                __locale_mb_cur_max
 .text.setlocale
                0x0000000000029f60       0x74 d:/intel_delete_after_master/nios2eds/bin/gnu/h-x86_64-mingw32/bin/../lib/gcc/nios2-elf/12.1.1/../../../../../H-x86_64-mingw32/nios2-elf/lib\libc.a(lib_a-locale.o)
                0x0000000000029f60                setlocale
 .text          0x0000000000029fd4        0x0 d:/intel_delete_after_master/nios2eds/bin/gnu/h-x86_64-mingw32/bin/../lib/gcc/nios2-elf/12.1.1/../../../../../H-x86_64-mingw32/nios2-elf/lib\libc.a(lib_a-lseekr.o)
 .text._lseek_r
                0x0000000000029fd4       0x64 d:/intel_delete_after_master/nios2eds/bin/gnu/h-x86_64-mingw32/bin/../lib/gcc/nios2-elf/12.1.1/../../../../../H-x86_64-mingw32/nios2-elf/lib\libc.a(lib_a-lseekr.o)
                0x0000000000029fd4                _lseek_r
 .text          0x000000000002a038        0x0 d:/intel_delete_after_master/nios2eds/bin/gnu/h-x86_64-mingw32/bin/../lib/gcc/nios2-elf/12.1.1/../../../../../H-x86_64-mingw32/nios2-elf/lib\libc.a(lib_a-mbtowc_r.o)
 .text._mbtowc_r
                0x000000000002a038        0xc d:/intel_delete_after_master/nios2eds/bin/gnu/h-x86_64-mingw32/bin/../lib/gcc/nios2-elf/12.1.1/../../../../../H-x86_64-mingw32/nios2-elf/lib\libc.a(lib_a-mbtowc_r.o)
                0x000000000002a038                _mbtowc_r
 .text.__ascii_mbtowc
                0x000000000002a044       0x44 d:/intel_delete_after_master/nios2eds/bin/gnu/h-x86_64-mingw32/bin/../lib/gcc/nios2-elf/12.1.1/../../../../../H-x86_64-mingw32/nios2-elf/lib\libc.a(lib_a-mbtowc_r.o)
                0x000000000002a044                __ascii_mbtowc
 .text          0x000000000002a088        0x0 d:/intel_delete_after_master/nios2eds/bin/gnu/h-x86_64-mingw32/bin/../lib/gcc/nios2-elf/12.1.1/../../../../../H-x86_64-mingw32/nios2-elf/lib\libc.a(lib_a-readr.o)
 .text._read_r  0x000000000002a088       0x64 d:/intel_delete_after_master/nios2eds/bin/gnu/h-x86_64-mingw32/bin/../lib/gcc/nios2-elf/12.1.1/../../../../../H-x86_64-mingw32/nios2-elf/lib\libc.a(lib_a-readr.o)
                0x000000000002a088                _read_r
 .text          0x000000000002a0ec        0x0 d:/intel_delete_after_master/nios2eds/bin/gnu/h-x86_64-mingw32/bin/../lib/gcc/nios2-elf/12.1.1/../../../../../H-x86_64-mingw32/nios2-elf/lib\libc.a(lib_a-strcmp.o)
 .text.strcmp   0x000000000002a0ec       0xb8 d:/intel_delete_after_master/nios2eds/bin/gnu/h-x86_64-mingw32/bin/../lib/gcc/nios2-elf/12.1.1/../../../../../H-x86_64-mingw32/nios2-elf/lib\libc.a(lib_a-strcmp.o)
                0x000000000002a0ec                strcmp
 .text          0x000000000002a1a4        0x0 d:/intel_delete_after_master/nios2eds/bin/gnu/h-x86_64-mingw32/bin/../lib/gcc/nios2-elf/12.1.1/../../../../../H-x86_64-mingw32/nios2-elf/lib\libc.a(lib_a-vfiprintfr_1.o)
 .text._vfiprintf_r
                0x000000000002a1a4        0x4 d:/intel_delete_after_master/nios2eds/bin/gnu/h-x86_64-mingw32/bin/../lib/gcc/nios2-elf/12.1.1/../../../../../H-x86_64-mingw32/nios2-elf/lib\libc.a(lib_a-vfiprintfr_1.o)
                0x000000000002a1a4                _vfiprintf_r
 .text          0x000000000002a1a8        0x0 d:/intel_delete_after_master/nios2eds/bin/gnu/h-x86_64-mingw32/bin/../lib/gcc/nios2-elf/12.1.1/../../../../../H-x86_64-mingw32/nios2-elf/lib\libc.a(lib_a-wbuf.o)
 .text.__swbuf_r
                0x000000000002a1a8      0x148 d:/intel_delete_after_master/nios2eds/bin/gnu/h-x86_64-mingw32/bin/../lib/gcc/nios2-elf/12.1.1/../../../../../H-x86_64-mingw32/nios2-elf/lib\libc.a(lib_a-wbuf.o)
                0x000000000002a1a8                __swbuf_r
 .text.__swbuf  0x000000000002a2f0       0x18 d:/intel_delete_after_master/nios2eds/bin/gnu/h-x86_64-mingw32/bin/../lib/gcc/nios2-elf/12.1.1/../../../../../H-x86_64-mingw32/nios2-elf/lib\libc.a(lib_a-wbuf.o)
                0x000000000002a2f0                __swbuf
 .text          0x000000000002a308        0x0 d:/intel_delete_after_master/nios2eds/bin/gnu/h-x86_64-mingw32/bin/../lib/gcc/nios2-elf/12.1.1/../../../../../H-x86_64-mingw32/nios2-elf/lib\libc.a(lib_a-wcrtomb.o)
 .text._wcrtomb_r
                0x000000000002a308       0x6c d:/intel_delete_after_master/nios2eds/bin/gnu/h-x86_64-mingw32/bin/../lib/gcc/nios2-elf/12.1.1/../../../../../H-x86_64-mingw32/nios2-elf/lib\libc.a(lib_a-wcrtomb.o)
                0x000000000002a308                _wcrtomb_r
 .text.wcrtomb  0x000000000002a374       0x88 d:/intel_delete_after_master/nios2eds/bin/gnu/h-x86_64-mingw32/bin/../lib/gcc/nios2-elf/12.1.1/../../../../../H-x86_64-mingw32/nios2-elf/lib\libc.a(lib_a-wcrtomb.o)
                0x000000000002a374                wcrtomb
 .text          0x000000000002a3fc        0x0 d:/intel_delete_after_master/nios2eds/bin/gnu/h-x86_64-mingw32/bin/../lib/gcc/nios2-elf/12.1.1/../../../../../H-x86_64-mingw32/nios2-elf/lib\libc.a(lib_a-wctomb_r.o)
 .text._wctomb_r
                0x000000000002a3fc        0xc d:/intel_delete_after_master/nios2eds/bin/gnu/h-x86_64-mingw32/bin/../lib/gcc/nios2-elf/12.1.1/../../../../../H-x86_64-mingw32/nios2-elf/lib\libc.a(lib_a-wctomb_r.o)
                0x000000000002a3fc                _wctomb_r
 .text.__ascii_wctomb
                0x000000000002a408       0x30 d:/intel_delete_after_master/nios2eds/bin/gnu/h-x86_64-mingw32/bin/../lib/gcc/nios2-elf/12.1.1/../../../../../H-x86_64-mingw32/nios2-elf/lib\libc.a(lib_a-wctomb_r.o)
                0x000000000002a408                __ascii_wctomb
 .text          0x000000000002a438        0x0 d:/intel_delete_after_master/nios2eds/bin/gnu/h-x86_64-mingw32/bin/../lib/gcc/nios2-elf/12.1.1/../../../../../H-x86_64-mingw32/nios2-elf/lib\libc.a(lib_a-abort.o)
 .text.unlikely.abort
                0x000000000002a438       0x18 d:/intel_delete_after_master/nios2eds/bin/gnu/h-x86_64-mingw32/bin/../lib/gcc/nios2-elf/12.1.1/../../../../../H-x86_64-mingw32/nios2-elf/lib\libc.a(lib_a-abort.o)
                0x000000000002a438                abort
 .text          0x000000000002a450        0x0 d:/intel_delete_after_master/nios2eds/bin/gnu/h-x86_64-mingw32/bin/../lib/gcc/nios2-elf/12.1.1/../../../../../H-x86_64-mingw32/nios2-elf/lib\libc.a(lib_a-ctype_.o)
 .text          0x000000000002a450        0x0 d:/intel_delete_after_master/nios2eds/bin/gnu/h-x86_64-mingw32/bin/../lib/gcc/nios2-elf/12.1.1/../../../../../H-x86_64-mingw32/nios2-elf/lib\libc.a(lib_a-signal.o)
 .text._init_signal_r
                0x000000000002a450       0x5c d:/intel_delete_after_master/nios2eds/bin/gnu/h-x86_64-mingw32/bin/../lib/gcc/nios2-elf/12.1.1/../../../../../H-x86_64-mingw32/nios2-elf/lib\libc.a(lib_a-signal.o)
                0x000000000002a450                _init_signal_r
 .text._signal_r
                0x000000000002a4ac       0x90 d:/intel_delete_after_master/nios2eds/bin/gnu/h-x86_64-mingw32/bin/../lib/gcc/nios2-elf/12.1.1/../../../../../H-x86_64-mingw32/nios2-elf/lib\libc.a(lib_a-signal.o)
                0x000000000002a4ac                _signal_r
 .text._raise_r
                0x000000000002a53c       0xb0 d:/intel_delete_after_master/nios2eds/bin/gnu/h-x86_64-mingw32/bin/../lib/gcc/nios2-elf/12.1.1/../../../../../H-x86_64-mingw32/nios2-elf/lib\libc.a(lib_a-signal.o)
                0x000000000002a53c                _raise_r
 .text.__sigtramp_r
                0x000000000002a5ec       0xbc d:/intel_delete_after_master/nios2eds/bin/gnu/h-x86_64-mingw32/bin/../lib/gcc/nios2-elf/12.1.1/../../../../../H-x86_64-mingw32/nios2-elf/lib\libc.a(lib_a-signal.o)
                0x000000000002a5ec                __sigtramp_r
 .text.raise    0x000000000002a6a8       0xb4 d:/intel_delete_after_master/nios2eds/bin/gnu/h-x86_64-mingw32/bin/../lib/gcc/nios2-elf/12.1.1/../../../../../H-x86_64-mingw32/nios2-elf/lib\libc.a(lib_a-signal.o)
                0x000000000002a6a8                raise
 .text.signal   0x000000000002a75c       0x98 d:/intel_delete_after_master/nios2eds/bin/gnu/h-x86_64-mingw32/bin/../lib/gcc/nios2-elf/12.1.1/../../../../../H-x86_64-mingw32/nios2-elf/lib\libc.a(lib_a-signal.o)
                0x000000000002a75c                signal
 .text._init_signal
                0x000000000002a7f4       0x60 d:/intel_delete_after_master/nios2eds/bin/gnu/h-x86_64-mingw32/bin/../lib/gcc/nios2-elf/12.1.1/../../../../../H-x86_64-mingw32/nios2-elf/lib\libc.a(lib_a-signal.o)
                0x000000000002a7f4                _init_signal
 .text.__sigtramp
                0x000000000002a854       0xbc d:/intel_delete_after_master/nios2eds/bin/gnu/h-x86_64-mingw32/bin/../lib/gcc/nios2-elf/12.1.1/../../../../../H-x86_64-mingw32/nios2-elf/lib\libc.a(lib_a-signal.o)
                0x000000000002a854                __sigtramp
 .text          0x000000000002a910        0x0 d:/intel_delete_after_master/nios2eds/bin/gnu/h-x86_64-mingw32/bin/../lib/gcc/nios2-elf/12.1.1/../../../../../H-x86_64-mingw32/nios2-elf/lib\libc.a(lib_a-signalr.o)
 .text._kill_r  0x000000000002a910       0x60 d:/intel_delete_after_master/nios2eds/bin/gnu/h-x86_64-mingw32/bin/../lib/gcc/nios2-elf/12.1.1/../../../../../H-x86_64-mingw32/nios2-elf/lib\libc.a(lib_a-signalr.o)
                0x000000000002a910                _kill_r
 .text._getpid_r
                0x000000000002a970        0x4 d:/intel_delete_after_master/nios2eds/bin/gnu/h-x86_64-mingw32/bin/../lib/gcc/nios2-elf/12.1.1/../../../../../H-x86_64-mingw32/nios2-elf/lib\libc.a(lib_a-signalr.o)
                0x000000000002a970                _getpid_r
 .text          0x000000000002a974      0x550 d:/intel_delete_after_master/nios2eds/bin/gnu/h-x86_64-mingw32/bin/../lib/gcc/nios2-elf/12.1.1\libgcc.a(_udivdi3.o)
                0x000000000002a974                __udivdi3
 .text          0x000000000002aec4      0x510 d:/intel_delete_after_master/nios2eds/bin/gnu/h-x86_64-mingw32/bin/../lib/gcc/nios2-elf/12.1.1\libgcc.a(_umoddi3.o)
                0x000000000002aec4                __umoddi3
 .text          0x000000000002b3d4      0x904 d:/intel_delete_after_master/nios2eds/bin/gnu/h-x86_64-mingw32/bin/../lib/gcc/nios2-elf/12.1.1\libgcc.a(adddf3.o)
                0x000000000002b3d4                __adddf3
 .text          0x000000000002bcd8      0x848 d:/intel_delete_after_master/nios2eds/bin/gnu/h-x86_64-mingw32/bin/../lib/gcc/nios2-elf/12.1.1\libgcc.a(divdf3.o)
                0x000000000002bcd8                __divdf3
 .text          0x000000000002c520       0x94 d:/intel_delete_after_master/nios2eds/bin/gnu/h-x86_64-mingw32/bin/../lib/gcc/nios2-elf/12.1.1\libgcc.a(eqdf2.o)
                0x000000000002c520                __nedf2
                0x000000000002c520                __eqdf2
 .text          0x000000000002c5b4       0xfc d:/intel_delete_after_master/nios2eds/bin/gnu/h-x86_64-mingw32/bin/../lib/gcc/nios2-elf/12.1.1\libgcc.a(gedf2.o)
                0x000000000002c5b4                __gedf2
                0x000000000002c5b4                __gtdf2
 .text          0x000000000002c6b0       0xf8 d:/intel_delete_after_master/nios2eds/bin/gnu/h-x86_64-mingw32/bin/../lib/gcc/nios2-elf/12.1.1\libgcc.a(ledf2.o)
                0x000000000002c6b0                __ledf2
                0x000000000002c6b0                __ltdf2
 .text          0x000000000002c7a8      0x6d8 d:/intel_delete_after_master/nios2eds/bin/gnu/h-x86_64-mingw32/bin/../lib/gcc/nios2-elf/12.1.1\libgcc.a(muldf3.o)
                0x000000000002c7a8                __muldf3
 .text          0x000000000002ce80      0x99c d:/intel_delete_after_master/nios2eds/bin/gnu/h-x86_64-mingw32/bin/../lib/gcc/nios2-elf/12.1.1\libgcc.a(subdf3.o)
                0x000000000002ce80                __subdf3
 .text          0x000000000002d81c       0x54 d:/intel_delete_after_master/nios2eds/bin/gnu/h-x86_64-mingw32/bin/../lib/gcc/nios2-elf/12.1.1\libgcc.a(unorddf2.o)
                0x000000000002d81c                __unorddf2
 .text          0x000000000002d870       0x80 d:/intel_delete_after_master/nios2eds/bin/gnu/h-x86_64-mingw32/bin/../lib/gcc/nios2-elf/12.1.1\libgcc.a(fixdfsi.o)
                0x000000000002d870                __fixdfsi
 .text          0x000000000002d8f0       0xb8 d:/intel_delete_after_master/nios2eds/bin/gnu/h-x86_64-mingw32/bin/../lib/gcc/nios2-elf/12.1.1\libgcc.a(floatsidf.o)
                0x000000000002d8f0                __floatsidf
 .text          0x000000000002d9a8       0x90 d:/intel_delete_after_master/nios2eds/bin/gnu/h-x86_64-mingw32/bin/../lib/gcc/nios2-elf/12.1.1\libgcc.a(floatunsidf.o)
                0x000000000002d9a8                __floatunsidf
 .text          0x000000000002da38        0x0 d:/intel_delete_after_master/nios2eds/bin/gnu/h-x86_64-mingw32/bin/../lib/gcc/nios2-elf/12.1.1\libgcc.a(_clz.o)
 .text          0x000000000002da38       0x50 d:/intel_delete_after_master/nios2eds/bin/gnu/h-x86_64-mingw32/bin/../lib/gcc/nios2-elf/12.1.1\libgcc.a(_clzsi2.o)
                0x000000000002da38                __clzsi2
 .text          0x000000000002da88      0x10c n:/Facultate/Master/Master_2/PASIC/nivela_bidir/nivela_bidir/software/nivela_bidirectionala_bsp/\libhal_bsp.a(alt_close.o)
                0x000000000002dac4                close
 .text          0x000000000002db94       0x2c n:/Facultate/Master/Master_2/PASIC/nivela_bidir/nivela_bidir/software/nivela_bidirectionala_bsp/\libhal_bsp.a(alt_dev.o)
 .text          0x000000000002dbc0        0x0 n:/Facultate/Master/Master_2/PASIC/nivela_bidir/nivela_bidir/software/nivela_bidirectionala_bsp/\libhal_bsp.a(alt_errno.o)
 .text          0x000000000002dbc0       0x3c n:/Facultate/Master/Master_2/PASIC/nivela_bidir/nivela_bidir/software/nivela_bidirectionala_bsp/\libhal_bsp.a(alt_exit.o)
                0x000000000002dbc0                _exit
 .text          0x000000000002dbfc       0xec n:/Facultate/Master/Master_2/PASIC/nivela_bidir/nivela_bidir/software/nivela_bidirectionala_bsp/\libhal_bsp.a(alt_fstat.o)
                0x000000000002dc38                fstat
 .text          0x000000000002dce8       0x20 n:/Facultate/Master/Master_2/PASIC/nivela_bidir/nivela_bidir/software/nivela_bidirectionala_bsp/\libhal_bsp.a(alt_getpid.o)
                0x000000000002dce8                getpid
 .text          0x000000000002dd08       0xe0 n:/Facultate/Master/Master_2/PASIC/nivela_bidir/nivela_bidir/software/nivela_bidirectionala_bsp/\libhal_bsp.a(alt_isatty.o)
                0x000000000002dd44                isatty
 .text          0x000000000002dde8      0x12c n:/Facultate/Master/Master_2/PASIC/nivela_bidir/nivela_bidir/software/nivela_bidirectionala_bsp/\libhal_bsp.a(alt_kill.o)
                0x000000000002de24                kill
 .text          0x000000000002df14       0xec n:/Facultate/Master/Master_2/PASIC/nivela_bidir/nivela_bidir/software/nivela_bidirectionala_bsp/\libhal_bsp.a(alt_load.o)
                0x000000000002df7c                alt_load
 .text          0x000000000002e000      0x110 n:/Facultate/Master/Master_2/PASIC/nivela_bidir/nivela_bidir/software/nivela_bidirectionala_bsp/\libhal_bsp.a(alt_lseek.o)
                0x000000000002e03c                lseek
 .text          0x000000000002e110       0x7c n:/Facultate/Master/Master_2/PASIC/nivela_bidir/nivela_bidir/software/nivela_bidirectionala_bsp/\libhal_bsp.a(alt_main.o)
                0x000000000002e110                alt_main
 .text          0x000000000002e18c       0x48 n:/Facultate/Master/Master_2/PASIC/nivela_bidir/nivela_bidir/software/nivela_bidirectionala_bsp/\libhal_bsp.a(alt_malloc_lock.o)
                0x000000000002e18c                __malloc_lock
                0x000000000002e1b0                __malloc_unlock
 .text          0x000000000002e1d4      0x138 n:/Facultate/Master/Master_2/PASIC/nivela_bidir/nivela_bidir/software/nivela_bidirectionala_bsp/\libhal_bsp.a(alt_read.o)
                0x000000000002e210                read
 .text          0x000000000002e30c       0x58 n:/Facultate/Master/Master_2/PASIC/nivela_bidir/nivela_bidir/software/nivela_bidirectionala_bsp/\libhal_bsp.a(alt_release_fd.o)
                0x000000000002e30c                alt_release_fd
 .text          0x000000000002e364       0xb8 n:/Facultate/Master/Master_2/PASIC/nivela_bidir/nivela_bidir/software/nivela_bidirectionala_bsp/\libhal_bsp.a(alt_sbrk.o)
                0x000000000002e364                sbrk
 .text          0x000000000002e41c       0x30 n:/Facultate/Master/Master_2/PASIC/nivela_bidir/nivela_bidir/software/nivela_bidirectionala_bsp/\libhal_bsp.a(alt_usleep.o)
                0x000000000002e41c                usleep
 .text          0x000000000002e44c      0x134 n:/Facultate/Master/Master_2/PASIC/nivela_bidir/nivela_bidir/software/nivela_bidirectionala_bsp/\libhal_bsp.a(alt_write.o)
                0x000000000002e488                write
 .text          0x000000000002e580       0xd4 n:/Facultate/Master/Master_2/PASIC/nivela_bidir/nivela_bidir/software/nivela_bidirectionala_bsp/\libhal_bsp.a(alt_sys_init.o)
                0x000000000002e5b4                alt_irq_init
                0x000000000002e5f0                alt_sys_init
 .text          0x000000000002e654      0x164 n:/Facultate/Master/Master_2/PASIC/nivela_bidir/nivela_bidir/software/nivela_bidirectionala_bsp/\libhal_bsp.a(altera_avalon_jtag_uart_fd.o)
                0x000000000002e654                altera_avalon_jtag_uart_read_fd
                0x000000000002e6b4                altera_avalon_jtag_uart_write_fd
                0x000000000002e714                altera_avalon_jtag_uart_close_fd
                0x000000000002e764                altera_avalon_jtag_uart_ioctl_fd
 .text          0x000000000002e7b8      0x3dc n:/Facultate/Master/Master_2/PASIC/nivela_bidir/nivela_bidir/software/nivela_bidirectionala_bsp/\libhal_bsp.a(altera_avalon_jtag_uart_init.o)
                0x000000000002e7b8                altera_avalon_jtag_uart_init
                0x000000000002eb2c                altera_avalon_jtag_uart_close
 .text          0x000000000002eb94       0xf4 n:/Facultate/Master/Master_2/PASIC/nivela_bidir/nivela_bidir/software/nivela_bidirectionala_bsp/\libhal_bsp.a(altera_avalon_jtag_uart_ioctl.o)
                0x000000000002eb94                altera_avalon_jtag_uart_ioctl
 .text          0x000000000002ec88      0x220 n:/Facultate/Master/Master_2/PASIC/nivela_bidir/nivela_bidir/software/nivela_bidirectionala_bsp/\libhal_bsp.a(altera_avalon_jtag_uart_read.o)
                0x000000000002ec88                altera_avalon_jtag_uart_read
 .text          0x000000000002eea8      0x228 n:/Facultate/Master/Master_2/PASIC/nivela_bidir/nivela_bidir/software/nivela_bidirectionala_bsp/\libhal_bsp.a(altera_avalon_jtag_uart_write.o)
                0x000000000002eea8                altera_avalon_jtag_uart_write
 .text          0x000000000002f0d0      0x3cc n:/Facultate/Master/Master_2/PASIC/nivela_bidir/nivela_bidir/software/nivela_bidirectionala_bsp/\libhal_bsp.a(altera_up_avalon_accelerometer_spi.o)
                0x000000000002f0d0                alt_up_accelerometer_spi_open_dev
                0x000000000002f10c                alt_up_accelerometer_spi_read_address_register
                0x000000000002f150                alt_up_accelerometer_spi_read
                0x000000000002f1b8                alt_up_accelerometer_spi_write
                0x000000000002f220                alt_up_accelerometer_spi_read_x_axis
                0x000000000002f2f4                alt_up_accelerometer_spi_read_y_axis
                0x000000000002f3c8                alt_up_accelerometer_spi_read_z_axis
 .text          0x000000000002f49c      0x150 n:/Facultate/Master/Master_2/PASIC/nivela_bidir/nivela_bidir/software/nivela_bidirectionala_bsp/\libhal_bsp.a(altera_up_avalon_adc.o)
                0x000000000002f49c                alt_up_adc_open_dev
                0x000000000002f4d8                alt_up_adc_read
 .text          0x000000000002f5ec      0x160 n:/Facultate/Master/Master_2/PASIC/nivela_bidir/nivela_bidir/software/nivela_bidirectionala_bsp/\libhal_bsp.a(alt_alarm_start.o)
                0x000000000002f5ec                alt_alarm_start
 .text          0x000000000002f74c      0x158 n:/Facultate/Master/Master_2/PASIC/nivela_bidir/nivela_bidir/software/nivela_bidirectionala_bsp/\libhal_bsp.a(alt_busy_sleep.o)
                0x000000000002f74c                alt_busy_sleep
 .text          0x000000000002f8a4       0x20 n:/Facultate/Master/Master_2/PASIC/nivela_bidir/nivela_bidir/software/nivela_bidirectionala_bsp/\libhal_bsp.a(alt_dcache_flush_all.o)
                0x000000000002f8a4                alt_dcache_flush_all
 .text          0x000000000002f8c4       0xe4 n:/Facultate/Master/Master_2/PASIC/nivela_bidir/nivela_bidir/software/nivela_bidirectionala_bsp/\libhal_bsp.a(alt_dev_llist_insert.o)
                0x000000000002f900                alt_dev_llist_insert
 .text          0x000000000002f9a8       0x64 n:/Facultate/Master/Master_2/PASIC/nivela_bidir/nivela_bidir/software/nivela_bidirectionala_bsp/\libhal_bsp.a(alt_do_ctors.o)
                0x000000000002f9a8                _do_ctors
 .text          0x000000000002fa0c       0x64 n:/Facultate/Master/Master_2/PASIC/nivela_bidir/nivela_bidir/software/nivela_bidirectionala_bsp/\libhal_bsp.a(alt_do_dtors.o)
                0x000000000002fa0c                _do_dtors
 .text          0x000000000002fa70       0x90 n:/Facultate/Master/Master_2/PASIC/nivela_bidir/nivela_bidir/software/nivela_bidirectionala_bsp/\libhal_bsp.a(alt_find_dev.o)
                0x000000000002fa70                alt_find_dev
 .text          0x000000000002fb00       0x20 n:/Facultate/Master/Master_2/PASIC/nivela_bidir/nivela_bidir/software/nivela_bidirectionala_bsp/\libhal_bsp.a(alt_icache_flush_all.o)
                0x000000000002fb00                alt_icache_flush_all
 .text          0x000000000002fb20      0x12c n:/Facultate/Master/Master_2/PASIC/nivela_bidir/nivela_bidir/software/nivela_bidirectionala_bsp/\libhal_bsp.a(alt_io_redirect.o)
                0x000000000002fbd0                alt_io_redirect
 .text          0x000000000002fc4c      0x180 n:/Facultate/Master/Master_2/PASIC/nivela_bidir/nivela_bidir/software/nivela_bidirectionala_bsp/\libhal_bsp.a(alt_irq_register.o)
                0x000000000002fc4c                alt_irq_register
 .text          0x000000000002fdcc        0x0 n:/Facultate/Master/Master_2/PASIC/nivela_bidir/nivela_bidir/software/nivela_bidirectionala_bsp/\libhal_bsp.a(alt_irq_vars.o)
 .text          0x000000000002fdcc      0x248 n:/Facultate/Master/Master_2/PASIC/nivela_bidir/nivela_bidir/software/nivela_bidirectionala_bsp/\libhal_bsp.a(alt_open.o)
                0x000000000002fec0                open
 .text          0x0000000000030014      0x1d0 n:/Facultate/Master/Master_2/PASIC/nivela_bidir/nivela_bidir/software/nivela_bidirectionala_bsp/\libhal_bsp.a(alt_tick.o)
                0x0000000000030014                alt_alarm_stop
                0x00000000000300b8                alt_tick
 .text          0x00000000000301e4       0x24 n:/Facultate/Master/Master_2/PASIC/nivela_bidir/nivela_bidir/software/nivela_bidirectionala_bsp/\libhal_bsp.a(altera_nios2_gen2_irq.o)
                0x00000000000301e4                altera_nios2_gen2_irq_init
 .text          0x0000000000030208      0x108 n:/Facultate/Master/Master_2/PASIC/nivela_bidir/nivela_bidir/software/nivela_bidirectionala_bsp/\libhal_bsp.a(alt_find_file.o)
                0x0000000000030208                alt_find_file
 .text          0x0000000000030310       0xa0 n:/Facultate/Master/Master_2/PASIC/nivela_bidir/nivela_bidir/software/nivela_bidirectionala_bsp/\libhal_bsp.a(alt_get_fd.o)
                0x0000000000030310                alt_get_fd
 .text          0x00000000000303b0        0x0 n:/Facultate/Master/Master_2/PASIC/nivela_bidir/nivela_bidir/software/nivela_bidirectionala_bsp/\libhal_bsp.a(alt_irq_entry.o)
 .text          0x00000000000303b0        0x0 n:/Facultate/Master/Master_2/PASIC/nivela_bidir/nivela_bidir/software/nivela_bidirectionala_bsp/\libhal_bsp.a(alt_irq_handler.o)
 .text          0x00000000000303b0        0x0 n:/Facultate/Master/Master_2/PASIC/nivela_bidir/nivela_bidir/software/nivela_bidirectionala_bsp/\libhal_bsp.a(alt_exception_entry.o)
 .text          0x00000000000303b0       0x74 n:/Facultate/Master/Master_2/PASIC/nivela_bidir/nivela_bidir/software/nivela_bidirectionala_bsp/\libhal_bsp.a(alt_instruction_exception_entry.o)
                0x00000000000303b0                alt_exception_cause_generated_bad_addr
 .text          0x0000000000030424        0x0 d:/intel_delete_after_master/nios2eds/bin/gnu/h-x86_64-mingw32/bin/../lib/gcc/nios2-elf/12.1.1/../../../../../H-x86_64-mingw32/nios2-elf/lib\libc.a(lib_a-atexit.o)
 .text.atexit   0x0000000000030424       0x14 d:/intel_delete_after_master/nios2eds/bin/gnu/h-x86_64-mingw32/bin/../lib/gcc/nios2-elf/12.1.1/../../../../../H-x86_64-mingw32/nios2-elf/lib\libc.a(lib_a-atexit.o)
                0x0000000000030424                atexit
 .text          0x0000000000030438        0x0 d:/intel_delete_after_master/nios2eds/bin/gnu/h-x86_64-mingw32/bin/../lib/gcc/nios2-elf/12.1.1/../../../../../H-x86_64-mingw32/nios2-elf/lib\libc.a(lib_a-exit.o)
 .text.exit     0x0000000000030438       0x34 d:/intel_delete_after_master/nios2eds/bin/gnu/h-x86_64-mingw32/bin/../lib/gcc/nios2-elf/12.1.1/../../../../../H-x86_64-mingw32/nios2-elf/lib\libc.a(lib_a-exit.o)
                0x0000000000030438                exit
 .text          0x000000000003046c        0x0 d:/intel_delete_after_master/nios2eds/bin/gnu/h-x86_64-mingw32/bin/../lib/gcc/nios2-elf/12.1.1/../../../../../H-x86_64-mingw32/nios2-elf/lib\libc.a(lib_a-memcmp.o)
 .text.memcmp   0x000000000003046c       0x78 d:/intel_delete_after_master/nios2eds/bin/gnu/h-x86_64-mingw32/bin/../lib/gcc/nios2-elf/12.1.1/../../../../../H-x86_64-mingw32/nios2-elf/lib\libc.a(lib_a-memcmp.o)
                0x000000000003046c                memcmp
 .text          0x00000000000304e4        0x0 d:/intel_delete_after_master/nios2eds/bin/gnu/h-x86_64-mingw32/bin/../lib/gcc/nios2-elf/12.1.1/../../../../../H-x86_64-mingw32/nios2-elf/lib\libc.a(lib_a-__atexit.o)
 .text.__register_exitproc
                0x00000000000304e4       0x90 d:/intel_delete_after_master/nios2eds/bin/gnu/h-x86_64-mingw32/bin/../lib/gcc/nios2-elf/12.1.1/../../../../../H-x86_64-mingw32/nios2-elf/lib\libc.a(lib_a-__atexit.o)
                0x00000000000304e4                __register_exitproc
 .text          0x0000000000030574        0x0 d:/intel_delete_after_master/nios2eds/bin/gnu/h-x86_64-mingw32/bin/../lib/gcc/nios2-elf/12.1.1/../../../../../H-x86_64-mingw32/nios2-elf/lib\libc.a(lib_a-__call_atexit.o)
 .text.__call_exitprocs
                0x0000000000030574      0x120 d:/intel_delete_after_master/nios2eds/bin/gnu/h-x86_64-mingw32/bin/../lib/gcc/nios2-elf/12.1.1/../../../../../H-x86_64-mingw32/nios2-elf/lib\libc.a(lib_a-__call_atexit.o)
                0x0000000000030574                __call_exitprocs
 *(.gnu.warning.*)
 *(.fini)
                [!provide]                        PROVIDE (__etext = ABSOLUTE (.))
                [!provide]                        PROVIDE (_etext = ABSOLUTE (.))
                [!provide]                        PROVIDE (etext = ABSOLUTE (.))
 *(.eh_frame_hdr)
                0x0000000000030694                . = ALIGN (0x4)
                [!provide]                        PROVIDE (__preinit_array_start = ABSOLUTE (.))
 *(.preinit_array)
                [!provide]                        PROVIDE (__preinit_array_end = ABSOLUTE (.))
                [!provide]                        PROVIDE (__init_array_start = ABSOLUTE (.))
 *(.init_array)
                [!provide]                        PROVIDE (__init_array_end = ABSOLUTE (.))
                [!provide]                        PROVIDE (__fini_array_start = ABSOLUTE (.))
 *(.fini_array)
                [!provide]                        PROVIDE (__fini_array_end = ABSOLUTE (.))
 *(.eh_frame)
 *(.gcc_except_table .gcc_except_table.*)
 *(.dynamic)
                0x0000000000030694                PROVIDE (__CTOR_LIST__ = ABSOLUTE (.))
 *(.ctors)
 *(SORT_BY_NAME(.ctors.*))
                0x0000000000030694                PROVIDE (__CTOR_END__ = ABSOLUTE (.))
                0x0000000000030694                PROVIDE (__DTOR_LIST__ = ABSOLUTE (.))
 *(.dtors)
 *(SORT_BY_NAME(.dtors.*))
                0x0000000000030694                PROVIDE (__DTOR_END__ = ABSOLUTE (.))
 *(.jcr)
                0x0000000000030694                . = ALIGN (0x4)

.rodata         0x0000000000030694      0x714
                0x0000000000030694                PROVIDE (__ram_rodata_start = ABSOLUTE (.))
                0x0000000000030694                . = ALIGN (0x4)
 *(.rodata .rodata.* .gnu.linkonce.r.*)
 .rodata        0x0000000000030694       0x47 obj/default/accelerometer.o
 *fill*         0x00000000000306db        0x1 
 .rodata        0x00000000000306dc       0x54 obj/default/main.o
 .rodata._puts_r.str1.4
                0x0000000000030730        0x2 d:/intel_delete_after_master/nios2eds/bin/gnu/h-x86_64-mingw32/bin/../lib/gcc/nios2-elf/12.1.1/../../../../../H-x86_64-mingw32/nios2-elf/lib\libc.a(lib_a-puts.o)
 *fill*         0x0000000000030732        0x2 
 .rodata.___vfprintf_internal_r.str1.4
                0x0000000000030734       0x42 d:/intel_delete_after_master/nios2eds/bin/gnu/h-x86_64-mingw32/bin/../lib/gcc/nios2-elf/12.1.1/../../../../../H-x86_64-mingw32/nios2-elf/lib\libc.a(lib_a-vfprintf.o)
 *fill*         0x0000000000030776        0x2 
 .rodata.zeroes.0
                0x0000000000030778       0x10 d:/intel_delete_after_master/nios2eds/bin/gnu/h-x86_64-mingw32/bin/../lib/gcc/nios2-elf/12.1.1/../../../../../H-x86_64-mingw32/nios2-elf/lib\libc.a(lib_a-vfprintf.o)
 .rodata.blanks.1
                0x0000000000030788       0x10 d:/intel_delete_after_master/nios2eds/bin/gnu/h-x86_64-mingw32/bin/../lib/gcc/nios2-elf/12.1.1/../../../../../H-x86_64-mingw32/nios2-elf/lib\libc.a(lib_a-vfprintf.o)
 .rodata._dtoa_r.str1.4
                0x0000000000030798       0x5e d:/intel_delete_after_master/nios2eds/bin/gnu/h-x86_64-mingw32/bin/../lib/gcc/nios2-elf/12.1.1/../../../../../H-x86_64-mingw32/nios2-elf/lib\libc.a(lib_a-dtoa.o)
                                         0x62 (size before relaxing)
 *fill*         0x00000000000307f6        0x2 
 .rodata.__multadd.str1.4
                0x00000000000307f8       0x3b d:/intel_delete_after_master/nios2eds/bin/gnu/h-x86_64-mingw32/bin/../lib/gcc/nios2-elf/12.1.1/../../../../../H-x86_64-mingw32/nios2-elf/lib\libc.a(lib_a-mprec.o)
                                         0x4f (size before relaxing)
 *fill*         0x0000000000030833        0x1 
 .rodata.p05.0  0x0000000000030834        0xc d:/intel_delete_after_master/nios2eds/bin/gnu/h-x86_64-mingw32/bin/../lib/gcc/nios2-elf/12.1.1/../../../../../H-x86_64-mingw32/nios2-elf/lib\libc.a(lib_a-mprec.o)
 .rodata.__mprec_tinytens
                0x0000000000030840       0x28 d:/intel_delete_after_master/nios2eds/bin/gnu/h-x86_64-mingw32/bin/../lib/gcc/nios2-elf/12.1.1/../../../../../H-x86_64-mingw32/nios2-elf/lib\libc.a(lib_a-mprec.o)
                0x0000000000030840                __mprec_tinytens
 .rodata.__mprec_bigtens
                0x0000000000030868       0x28 d:/intel_delete_after_master/nios2eds/bin/gnu/h-x86_64-mingw32/bin/../lib/gcc/nios2-elf/12.1.1/../../../../../H-x86_64-mingw32/nios2-elf/lib\libc.a(lib_a-mprec.o)
                0x0000000000030868                __mprec_bigtens
 .rodata.__mprec_tens
                0x0000000000030890       0xc8 d:/intel_delete_after_master/nios2eds/bin/gnu/h-x86_64-mingw32/bin/../lib/gcc/nios2-elf/12.1.1/../../../../../H-x86_64-mingw32/nios2-elf/lib\libc.a(lib_a-mprec.o)
                0x0000000000030890                __mprec_tens
 .rodata.___vfiprintf_internal_r.str1.4
                0x0000000000030958       0x2f d:/intel_delete_after_master/nios2eds/bin/gnu/h-x86_64-mingw32/bin/../lib/gcc/nios2-elf/12.1.1/../../../../../H-x86_64-mingw32/nios2-elf/lib\libc.a(lib_a-vfiprintf.o)
 .rodata.zeroes.0
                0x0000000000030958       0x10 d:/intel_delete_after_master/nios2eds/bin/gnu/h-x86_64-mingw32/bin/../lib/gcc/nios2-elf/12.1.1/../../../../../H-x86_64-mingw32/nios2-elf/lib\libc.a(lib_a-vfiprintf.o)
 .rodata.blanks.1
                0x0000000000030968       0x10 d:/intel_delete_after_master/nios2eds/bin/gnu/h-x86_64-mingw32/bin/../lib/gcc/nios2-elf/12.1.1/../../../../../H-x86_64-mingw32/nios2-elf/lib\libc.a(lib_a-vfiprintf.o)
 .rodata.__assert_func.str1.4
                0x0000000000030978       0x3f d:/intel_delete_after_master/nios2eds/bin/gnu/h-x86_64-mingw32/bin/../lib/gcc/nios2-elf/12.1.1/../../../../../H-x86_64-mingw32/nios2-elf/lib\libc.a(lib_a-assert.o)
                                         0x43 (size before relaxing)
 *fill*         0x00000000000309b7        0x1 
 .rodata._setlocale_r.str1.4
                0x00000000000309b8        0xa d:/intel_delete_after_master/nios2eds/bin/gnu/h-x86_64-mingw32/bin/../lib/gcc/nios2-elf/12.1.1/../../../../../H-x86_64-mingw32/nios2-elf/lib\libc.a(lib_a-locale.o)
 *fill*         0x00000000000309c2        0x2 
 .rodata.str1.4
                0x00000000000309c4        0x2 d:/intel_delete_after_master/nios2eds/bin/gnu/h-x86_64-mingw32/bin/../lib/gcc/nios2-elf/12.1.1/../../../../../H-x86_64-mingw32/nios2-elf/lib\libc.a(lib_a-locale.o)
                                          0x5 (size before relaxing)
 *fill*         0x00000000000309c6        0x2 
 .rodata._ctype_
                0x00000000000309c8      0x101 d:/intel_delete_after_master/nios2eds/bin/gnu/h-x86_64-mingw32/bin/../lib/gcc/nios2-elf/12.1.1/../../../../../H-x86_64-mingw32/nios2-elf/lib\libc.a(lib_a-ctype_.o)
                0x00000000000309c8                _ctype_
 *fill*         0x0000000000030ac9        0x3 
 .rodata._ctype_b
                0x0000000000030acc      0x180 d:/intel_delete_after_master/nios2eds/bin/gnu/h-x86_64-mingw32/bin/../lib/gcc/nios2-elf/12.1.1/../../../../../H-x86_64-mingw32/nios2-elf/lib\libc.a(lib_a-ctype_.o)
                0x0000000000030acc                _ctype_b
 .rodata        0x0000000000030c4c      0x100 d:/intel_delete_after_master/nios2eds/bin/gnu/h-x86_64-mingw32/bin/../lib/gcc/nios2-elf/12.1.1\libgcc.a(_clz.o)
                0x0000000000030c4c                __clz_tab
 .rodata        0x0000000000030d4c        0xa n:/Facultate/Master/Master_2/PASIC/nivela_bidir/nivela_bidir/software/nivela_bidirectionala_bsp/\libhal_bsp.a(alt_dev.o)
 *fill*         0x0000000000030d56        0x2 
 .rodata        0x0000000000030d58       0x11 n:/Facultate/Master/Master_2/PASIC/nivela_bidir/nivela_bidir/software/nivela_bidirectionala_bsp/\libhal_bsp.a(alt_main.o)
 *fill*         0x0000000000030d69        0x3 
 .rodata        0x0000000000030d6c       0x3b n:/Facultate/Master/Master_2/PASIC/nivela_bidir/nivela_bidir/software/nivela_bidirectionala_bsp/\libhal_bsp.a(alt_sys_init.o)
 *(.rodata1)
                0x0000000000030da8                . = ALIGN (0x4)
 *fill*         0x0000000000030da7        0x1 
                0x0000000000030da8                PROVIDE (__ram_rodata_end = ABSOLUTE (.))
                0x0000000000030694                PROVIDE (__flash_rodata_start = LOADADDR (.rodata))

.rwdata         0x0000000000030da8     0x1c30 load address 0x00000000000329d8
                0x0000000000030da8                PROVIDE (__ram_rwdata_start = ABSOLUTE (.))
                0x0000000000030da8                . = ALIGN (0x4)
 *(.got.plt)
 *(.got)
 *(.data1)
 *(.data .data.* .gnu.linkonce.d.*)
 .data          0x0000000000030da8        0x0 n:/Facultate/Master/Master_2/PASIC/nivela_bidir/nivela_bidir/software/nivela_bidirectionala_bsp//obj/HAL/src/crt0.o
 .data          0x0000000000030da8        0x0 obj/default/accelerometer.o
 .data          0x0000000000030da8        0x0 obj/default/adc.o
 .data          0x0000000000030da8        0x0 obj/default/global.o
 .data          0x0000000000030da8        0x0 obj/default/hex_displays.o
 .data          0x0000000000030da8        0x0 obj/default/main.o
 .data          0x0000000000030da8        0x0 obj/default/tests.o
 .data          0x0000000000030da8        0x0 d:/intel_delete_after_master/nios2eds/bin/gnu/h-x86_64-mingw32/bin/../lib/gcc/nios2-elf/12.1.1\libgcc.a(lib2-divmod.o)
 .data          0x0000000000030da8        0x0 d:/intel_delete_after_master/nios2eds/bin/gnu/h-x86_64-mingw32/bin/../lib/gcc/nios2-elf/12.1.1/../../../../../H-x86_64-mingw32/nios2-elf/lib\libc.a(lib_a-printf.o)
 .data          0x0000000000030da8        0x0 d:/intel_delete_after_master/nios2eds/bin/gnu/h-x86_64-mingw32/bin/../lib/gcc/nios2-elf/12.1.1/../../../../../H-x86_64-mingw32/nios2-elf/lib\libc.a(lib_a-puts.o)
 .data          0x0000000000030da8        0x0 d:/intel_delete_after_master/nios2eds/bin/gnu/h-x86_64-mingw32/bin/../lib/gcc/nios2-elf/12.1.1/../../../../../H-x86_64-mingw32/nios2-elf/lib\libc.a(lib_a-strlen.o)
 .data          0x0000000000030da8        0x0 d:/intel_delete_after_master/nios2eds/bin/gnu/h-x86_64-mingw32/bin/../lib/gcc/nios2-elf/12.1.1/../../../../../H-x86_64-mingw32/nios2-elf/lib\libc.a(lib_a-vfprintf.o)
 .data          0x0000000000030da8        0x0 d:/intel_delete_after_master/nios2eds/bin/gnu/h-x86_64-mingw32/bin/../lib/gcc/nios2-elf/12.1.1/../../../../../H-x86_64-mingw32/nios2-elf/lib\libc.a(lib_a-wsetup.o)
 .data          0x0000000000030da8        0x0 d:/intel_delete_after_master/nios2eds/bin/gnu/h-x86_64-mingw32/bin/../lib/gcc/nios2-elf/12.1.1/../../../../../H-x86_64-mingw32/nios2-elf/lib\libc.a(lib_a-dtoa.o)
 .data          0x0000000000030da8        0x0 d:/intel_delete_after_master/nios2eds/bin/gnu/h-x86_64-mingw32/bin/../lib/gcc/nios2-elf/12.1.1/../../../../../H-x86_64-mingw32/nios2-elf/lib\libc.a(lib_a-fflush.o)
 .data          0x0000000000030da8        0x0 d:/intel_delete_after_master/nios2eds/bin/gnu/h-x86_64-mingw32/bin/../lib/gcc/nios2-elf/12.1.1/../../../../../H-x86_64-mingw32/nios2-elf/lib\libc.a(lib_a-findfp.o)
 .data          0x0000000000030da8        0x0 d:/intel_delete_after_master/nios2eds/bin/gnu/h-x86_64-mingw32/bin/../lib/gcc/nios2-elf/12.1.1/../../../../../H-x86_64-mingw32/nios2-elf/lib\libc.a(lib_a-freer.o)
 .data          0x0000000000030da8        0x0 d:/intel_delete_after_master/nios2eds/bin/gnu/h-x86_64-mingw32/bin/../lib/gcc/nios2-elf/12.1.1/../../../../../H-x86_64-mingw32/nios2-elf/lib\libc.a(lib_a-fvwrite.o)
 .data          0x0000000000030da8        0x0 d:/intel_delete_after_master/nios2eds/bin/gnu/h-x86_64-mingw32/bin/../lib/gcc/nios2-elf/12.1.1/../../../../../H-x86_64-mingw32/nios2-elf/lib\libc.a(lib_a-fwalk.o)
 .data          0x0000000000030da8        0x0 d:/intel_delete_after_master/nios2eds/bin/gnu/h-x86_64-mingw32/bin/../lib/gcc/nios2-elf/12.1.1/../../../../../H-x86_64-mingw32/nios2-elf/lib\libc.a(lib_a-impure.o)
 .data.impure_data
                0x0000000000030da8      0x424 d:/intel_delete_after_master/nios2eds/bin/gnu/h-x86_64-mingw32/bin/../lib/gcc/nios2-elf/12.1.1/../../../../../H-x86_64-mingw32/nios2-elf/lib\libc.a(lib_a-impure.o)
 .data          0x00000000000311cc        0x0 d:/intel_delete_after_master/nios2eds/bin/gnu/h-x86_64-mingw32/bin/../lib/gcc/nios2-elf/12.1.1/../../../../../H-x86_64-mingw32/nios2-elf/lib\libc.a(lib_a-localeconv.o)
 .data          0x00000000000311cc        0x0 d:/intel_delete_after_master/nios2eds/bin/gnu/h-x86_64-mingw32/bin/../lib/gcc/nios2-elf/12.1.1/../../../../../H-x86_64-mingw32/nios2-elf/lib\libc.a(lib_a-makebuf.o)
 .data          0x00000000000311cc        0x0 d:/intel_delete_after_master/nios2eds/bin/gnu/h-x86_64-mingw32/bin/../lib/gcc/nios2-elf/12.1.1/../../../../../H-x86_64-mingw32/nios2-elf/lib\libc.a(lib_a-mallocr.o)
 .data.__malloc_av_
                0x00000000000311cc      0x408 d:/intel_delete_after_master/nios2eds/bin/gnu/h-x86_64-mingw32/bin/../lib/gcc/nios2-elf/12.1.1/../../../../../H-x86_64-mingw32/nios2-elf/lib\libc.a(lib_a-mallocr.o)
                0x00000000000311cc                __malloc_av_
 .data          0x00000000000315d4        0x0 d:/intel_delete_after_master/nios2eds/bin/gnu/h-x86_64-mingw32/bin/../lib/gcc/nios2-elf/12.1.1/../../../../../H-x86_64-mingw32/nios2-elf/lib\libc.a(lib_a-memchr.o)
 .data          0x00000000000315d4        0x0 d:/intel_delete_after_master/nios2eds/bin/gnu/h-x86_64-mingw32/bin/../lib/gcc/nios2-elf/12.1.1/../../../../../H-x86_64-mingw32/nios2-elf/lib\libc.a(lib_a-memcpy.o)
 .data          0x00000000000315d4        0x0 d:/intel_delete_after_master/nios2eds/bin/gnu/h-x86_64-mingw32/bin/../lib/gcc/nios2-elf/12.1.1/../../../../../H-x86_64-mingw32/nios2-elf/lib\libc.a(lib_a-memmove.o)
 .data          0x00000000000315d4        0x0 d:/intel_delete_after_master/nios2eds/bin/gnu/h-x86_64-mingw32/bin/../lib/gcc/nios2-elf/12.1.1/../../../../../H-x86_64-mingw32/nios2-elf/lib\libc.a(lib_a-memset.o)
 .data          0x00000000000315d4        0x0 d:/intel_delete_after_master/nios2eds/bin/gnu/h-x86_64-mingw32/bin/../lib/gcc/nios2-elf/12.1.1/../../../../../H-x86_64-mingw32/nios2-elf/lib\libc.a(lib_a-mprec.o)
 .data          0x00000000000315d4        0x0 d:/intel_delete_after_master/nios2eds/bin/gnu/h-x86_64-mingw32/bin/../lib/gcc/nios2-elf/12.1.1/../../../../../H-x86_64-mingw32/nios2-elf/lib\libc.a(lib_a-reallocr.o)
 .data          0x00000000000315d4        0x0 d:/intel_delete_after_master/nios2eds/bin/gnu/h-x86_64-mingw32/bin/../lib/gcc/nios2-elf/12.1.1/../../../../../H-x86_64-mingw32/nios2-elf/lib\libc.a(lib_a-sbrkr.o)
 .data          0x00000000000315d4        0x0 d:/intel_delete_after_master/nios2eds/bin/gnu/h-x86_64-mingw32/bin/../lib/gcc/nios2-elf/12.1.1/../../../../../H-x86_64-mingw32/nios2-elf/lib\libc.a(lib_a-stdio.o)
 .data          0x00000000000315d4        0x0 d:/intel_delete_after_master/nios2eds/bin/gnu/h-x86_64-mingw32/bin/../lib/gcc/nios2-elf/12.1.1/../../../../../H-x86_64-mingw32/nios2-elf/lib\libc.a(lib_a-vfiprintf.o)
 .data          0x00000000000315d4        0x0 d:/intel_delete_after_master/nios2eds/bin/gnu/h-x86_64-mingw32/bin/../lib/gcc/nios2-elf/12.1.1/../../../../../H-x86_64-mingw32/nios2-elf/lib\libc.a(lib_a-writer.o)
 .data          0x00000000000315d4        0x0 d:/intel_delete_after_master/nios2eds/bin/gnu/h-x86_64-mingw32/bin/../lib/gcc/nios2-elf/12.1.1/../../../../../H-x86_64-mingw32/nios2-elf/lib\libc.a(closer.o)
 .data          0x00000000000315d4        0x0 d:/intel_delete_after_master/nios2eds/bin/gnu/h-x86_64-mingw32/bin/../lib/gcc/nios2-elf/12.1.1/../../../../../H-x86_64-mingw32/nios2-elf/lib\libc.a(lib_a-assert.o)
 .data          0x00000000000315d4        0x0 d:/intel_delete_after_master/nios2eds/bin/gnu/h-x86_64-mingw32/bin/../lib/gcc/nios2-elf/12.1.1/../../../../../H-x86_64-mingw32/nios2-elf/lib\libc.a(lib_a-callocr.o)
 .data          0x00000000000315d4        0x0 d:/intel_delete_after_master/nios2eds/bin/gnu/h-x86_64-mingw32/bin/../lib/gcc/nios2-elf/12.1.1/../../../../../H-x86_64-mingw32/nios2-elf/lib\libc.a(lib_a-errno.o)
 .data          0x00000000000315d4        0x0 d:/intel_delete_after_master/nios2eds/bin/gnu/h-x86_64-mingw32/bin/../lib/gcc/nios2-elf/12.1.1/../../../../../H-x86_64-mingw32/nios2-elf/lib\libc.a(lib_a-fclose.o)
 .data          0x00000000000315d4        0x0 d:/intel_delete_after_master/nios2eds/bin/gnu/h-x86_64-mingw32/bin/../lib/gcc/nios2-elf/12.1.1/../../../../../H-x86_64-mingw32/nios2-elf/lib\libc.a(lib_a-fiprintf.o)
 .data          0x00000000000315d4        0x0 d:/intel_delete_after_master/nios2eds/bin/gnu/h-x86_64-mingw32/bin/../lib/gcc/nios2-elf/12.1.1/../../../../../H-x86_64-mingw32/nios2-elf/lib\libc.a(lib_a-fputwc.o)
 .data          0x00000000000315d4        0x0 d:/intel_delete_after_master/nios2eds/bin/gnu/h-x86_64-mingw32/bin/../lib/gcc/nios2-elf/12.1.1/../../../../../H-x86_64-mingw32/nios2-elf/lib\libc.a(lib_a-fstatr.o)
 .data          0x00000000000315d4        0x0 d:/intel_delete_after_master/nios2eds/bin/gnu/h-x86_64-mingw32/bin/../lib/gcc/nios2-elf/12.1.1/../../../../../H-x86_64-mingw32/nios2-elf/lib\libc.a(lib_a-int_errno.o)
 .data          0x00000000000315d4        0x0 d:/intel_delete_after_master/nios2eds/bin/gnu/h-x86_64-mingw32/bin/../lib/gcc/nios2-elf/12.1.1/../../../../../H-x86_64-mingw32/nios2-elf/lib\libc.a(lib_a-isattyr.o)
 .data          0x00000000000315d4        0x0 d:/intel_delete_after_master/nios2eds/bin/gnu/h-x86_64-mingw32/bin/../lib/gcc/nios2-elf/12.1.1/../../../../../H-x86_64-mingw32/nios2-elf/lib\libc.a(lib_a-locale.o)
 .data.__global_locale
                0x00000000000315d4      0x16c d:/intel_delete_after_master/nios2eds/bin/gnu/h-x86_64-mingw32/bin/../lib/gcc/nios2-elf/12.1.1/../../../../../H-x86_64-mingw32/nios2-elf/lib\libc.a(lib_a-locale.o)
                0x00000000000315d4                __global_locale
 .data          0x0000000000031740        0x0 d:/intel_delete_after_master/nios2eds/bin/gnu/h-x86_64-mingw32/bin/../lib/gcc/nios2-elf/12.1.1/../../../../../H-x86_64-mingw32/nios2-elf/lib\libc.a(lib_a-lseekr.o)
 .data          0x0000000000031740        0x0 d:/intel_delete_after_master/nios2eds/bin/gnu/h-x86_64-mingw32/bin/../lib/gcc/nios2-elf/12.1.1/../../../../../H-x86_64-mingw32/nios2-elf/lib\libc.a(lib_a-mbtowc_r.o)
 .data          0x0000000000031740        0x0 d:/intel_delete_after_master/nios2eds/bin/gnu/h-x86_64-mingw32/bin/../lib/gcc/nios2-elf/12.1.1/../../../../../H-x86_64-mingw32/nios2-elf/lib\libc.a(lib_a-readr.o)
 .data          0x0000000000031740        0x0 d:/intel_delete_after_master/nios2eds/bin/gnu/h-x86_64-mingw32/bin/../lib/gcc/nios2-elf/12.1.1/../../../../../H-x86_64-mingw32/nios2-elf/lib\libc.a(lib_a-strcmp.o)
 .data          0x0000000000031740        0x0 d:/intel_delete_after_master/nios2eds/bin/gnu/h-x86_64-mingw32/bin/../lib/gcc/nios2-elf/12.1.1/../../../../../H-x86_64-mingw32/nios2-elf/lib\libc.a(lib_a-vfiprintfr_1.o)
 .data          0x0000000000031740        0x0 d:/intel_delete_after_master/nios2eds/bin/gnu/h-x86_64-mingw32/bin/../lib/gcc/nios2-elf/12.1.1/../../../../../H-x86_64-mingw32/nios2-elf/lib\libc.a(lib_a-wbuf.o)
 .data          0x0000000000031740        0x0 d:/intel_delete_after_master/nios2eds/bin/gnu/h-x86_64-mingw32/bin/../lib/gcc/nios2-elf/12.1.1/../../../../../H-x86_64-mingw32/nios2-elf/lib\libc.a(lib_a-wcrtomb.o)
 .data          0x0000000000031740        0x0 d:/intel_delete_after_master/nios2eds/bin/gnu/h-x86_64-mingw32/bin/../lib/gcc/nios2-elf/12.1.1/../../../../../H-x86_64-mingw32/nios2-elf/lib\libc.a(lib_a-wctomb_r.o)
 .data          0x0000000000031740        0x0 d:/intel_delete_after_master/nios2eds/bin/gnu/h-x86_64-mingw32/bin/../lib/gcc/nios2-elf/12.1.1/../../../../../H-x86_64-mingw32/nios2-elf/lib\libc.a(lib_a-abort.o)
 .data          0x0000000000031740        0x0 d:/intel_delete_after_master/nios2eds/bin/gnu/h-x86_64-mingw32/bin/../lib/gcc/nios2-elf/12.1.1/../../../../../H-x86_64-mingw32/nios2-elf/lib\libc.a(lib_a-ctype_.o)
 .data          0x0000000000031740        0x0 d:/intel_delete_after_master/nios2eds/bin/gnu/h-x86_64-mingw32/bin/../lib/gcc/nios2-elf/12.1.1/../../../../../H-x86_64-mingw32/nios2-elf/lib\libc.a(lib_a-signal.o)
 .data          0x0000000000031740        0x0 d:/intel_delete_after_master/nios2eds/bin/gnu/h-x86_64-mingw32/bin/../lib/gcc/nios2-elf/12.1.1/../../../../../H-x86_64-mingw32/nios2-elf/lib\libc.a(lib_a-signalr.o)
 .data          0x0000000000031740        0x0 d:/intel_delete_after_master/nios2eds/bin/gnu/h-x86_64-mingw32/bin/../lib/gcc/nios2-elf/12.1.1\libgcc.a(_udivdi3.o)
 .data          0x0000000000031740        0x0 d:/intel_delete_after_master/nios2eds/bin/gnu/h-x86_64-mingw32/bin/../lib/gcc/nios2-elf/12.1.1\libgcc.a(_umoddi3.o)
 .data          0x0000000000031740        0x0 d:/intel_delete_after_master/nios2eds/bin/gnu/h-x86_64-mingw32/bin/../lib/gcc/nios2-elf/12.1.1\libgcc.a(adddf3.o)
 .data          0x0000000000031740        0x0 d:/intel_delete_after_master/nios2eds/bin/gnu/h-x86_64-mingw32/bin/../lib/gcc/nios2-elf/12.1.1\libgcc.a(divdf3.o)
 .data          0x0000000000031740        0x0 d:/intel_delete_after_master/nios2eds/bin/gnu/h-x86_64-mingw32/bin/../lib/gcc/nios2-elf/12.1.1\libgcc.a(eqdf2.o)
 .data          0x0000000000031740        0x0 d:/intel_delete_after_master/nios2eds/bin/gnu/h-x86_64-mingw32/bin/../lib/gcc/nios2-elf/12.1.1\libgcc.a(gedf2.o)
 .data          0x0000000000031740        0x0 d:/intel_delete_after_master/nios2eds/bin/gnu/h-x86_64-mingw32/bin/../lib/gcc/nios2-elf/12.1.1\libgcc.a(ledf2.o)
 .data          0x0000000000031740        0x0 d:/intel_delete_after_master/nios2eds/bin/gnu/h-x86_64-mingw32/bin/../lib/gcc/nios2-elf/12.1.1\libgcc.a(muldf3.o)
 .data          0x0000000000031740        0x0 d:/intel_delete_after_master/nios2eds/bin/gnu/h-x86_64-mingw32/bin/../lib/gcc/nios2-elf/12.1.1\libgcc.a(subdf3.o)
 .data          0x0000000000031740        0x0 d:/intel_delete_after_master/nios2eds/bin/gnu/h-x86_64-mingw32/bin/../lib/gcc/nios2-elf/12.1.1\libgcc.a(unorddf2.o)
 .data          0x0000000000031740        0x0 d:/intel_delete_after_master/nios2eds/bin/gnu/h-x86_64-mingw32/bin/../lib/gcc/nios2-elf/12.1.1\libgcc.a(fixdfsi.o)
 .data          0x0000000000031740        0x0 d:/intel_delete_after_master/nios2eds/bin/gnu/h-x86_64-mingw32/bin/../lib/gcc/nios2-elf/12.1.1\libgcc.a(floatsidf.o)
 .data          0x0000000000031740        0x0 d:/intel_delete_after_master/nios2eds/bin/gnu/h-x86_64-mingw32/bin/../lib/gcc/nios2-elf/12.1.1\libgcc.a(floatunsidf.o)
 .data          0x0000000000031740        0x0 d:/intel_delete_after_master/nios2eds/bin/gnu/h-x86_64-mingw32/bin/../lib/gcc/nios2-elf/12.1.1\libgcc.a(_clz.o)
 .data          0x0000000000031740        0x0 d:/intel_delete_after_master/nios2eds/bin/gnu/h-x86_64-mingw32/bin/../lib/gcc/nios2-elf/12.1.1\libgcc.a(_clzsi2.o)
 .data          0x0000000000031740        0x0 n:/Facultate/Master/Master_2/PASIC/nivela_bidir/nivela_bidir/software/nivela_bidirectionala_bsp/\libhal_bsp.a(alt_close.o)
 .data          0x0000000000031740      0x1a8 n:/Facultate/Master/Master_2/PASIC/nivela_bidir/nivela_bidir/software/nivela_bidirectionala_bsp/\libhal_bsp.a(alt_dev.o)
                0x0000000000031740                alt_dev_null
                0x0000000000031768                alt_fd_list
 .data          0x00000000000318e8        0x0 n:/Facultate/Master/Master_2/PASIC/nivela_bidir/nivela_bidir/software/nivela_bidirectionala_bsp/\libhal_bsp.a(alt_errno.o)
 .data          0x00000000000318e8        0x0 n:/Facultate/Master/Master_2/PASIC/nivela_bidir/nivela_bidir/software/nivela_bidirectionala_bsp/\libhal_bsp.a(alt_exit.o)
 .data          0x00000000000318e8        0x0 n:/Facultate/Master/Master_2/PASIC/nivela_bidir/nivela_bidir/software/nivela_bidirectionala_bsp/\libhal_bsp.a(alt_fstat.o)
 .data          0x00000000000318e8        0x0 n:/Facultate/Master/Master_2/PASIC/nivela_bidir/nivela_bidir/software/nivela_bidirectionala_bsp/\libhal_bsp.a(alt_getpid.o)
 .data          0x00000000000318e8        0x0 n:/Facultate/Master/Master_2/PASIC/nivela_bidir/nivela_bidir/software/nivela_bidirectionala_bsp/\libhal_bsp.a(alt_isatty.o)
 .data          0x00000000000318e8        0x0 n:/Facultate/Master/Master_2/PASIC/nivela_bidir/nivela_bidir/software/nivela_bidirectionala_bsp/\libhal_bsp.a(alt_kill.o)
 .data          0x00000000000318e8        0x0 n:/Facultate/Master/Master_2/PASIC/nivela_bidir/nivela_bidir/software/nivela_bidirectionala_bsp/\libhal_bsp.a(alt_load.o)
 .data          0x00000000000318e8        0x0 n:/Facultate/Master/Master_2/PASIC/nivela_bidir/nivela_bidir/software/nivela_bidirectionala_bsp/\libhal_bsp.a(alt_lseek.o)
 .data          0x00000000000318e8        0x0 n:/Facultate/Master/Master_2/PASIC/nivela_bidir/nivela_bidir/software/nivela_bidirectionala_bsp/\libhal_bsp.a(alt_main.o)
 .data          0x00000000000318e8        0x0 n:/Facultate/Master/Master_2/PASIC/nivela_bidir/nivela_bidir/software/nivela_bidirectionala_bsp/\libhal_bsp.a(alt_malloc_lock.o)
 .data          0x00000000000318e8        0x0 n:/Facultate/Master/Master_2/PASIC/nivela_bidir/nivela_bidir/software/nivela_bidirectionala_bsp/\libhal_bsp.a(alt_read.o)
 .data          0x00000000000318e8        0x0 n:/Facultate/Master/Master_2/PASIC/nivela_bidir/nivela_bidir/software/nivela_bidirectionala_bsp/\libhal_bsp.a(alt_release_fd.o)
 .data          0x00000000000318e8        0x0 n:/Facultate/Master/Master_2/PASIC/nivela_bidir/nivela_bidir/software/nivela_bidirectionala_bsp/\libhal_bsp.a(alt_sbrk.o)
 .data          0x00000000000318e8        0x0 n:/Facultate/Master/Master_2/PASIC/nivela_bidir/nivela_bidir/software/nivela_bidirectionala_bsp/\libhal_bsp.a(alt_usleep.o)
 .data          0x00000000000318e8        0x0 n:/Facultate/Master/Master_2/PASIC/nivela_bidir/nivela_bidir/software/nivela_bidirectionala_bsp/\libhal_bsp.a(alt_write.o)
 .data          0x00000000000318e8     0x10b8 n:/Facultate/Master/Master_2/PASIC/nivela_bidir/nivela_bidir/software/nivela_bidirectionala_bsp/\libhal_bsp.a(alt_sys_init.o)
 .data          0x00000000000329a0        0x0 n:/Facultate/Master/Master_2/PASIC/nivela_bidir/nivela_bidir/software/nivela_bidirectionala_bsp/\libhal_bsp.a(altera_avalon_jtag_uart_fd.o)