Archive member included to satisfy reference by file (symbol)

d:/intel_delete_after_master/nios2eds/bin/gnu/h-x86_64-mingw32/bin/../lib/gcc/nios2-elf/12.1.1\libgcc.a(lib2-divmod.o)
                              obj/default/main.o (__divsi3)
d:/intel_delete_after_master/nios2eds/bin/gnu/h-x86_64-mingw32/bin/../lib/gcc/nios2-elf/12.1.1/../../../../../H-x86_64-mingw32/nios2-elf/lib\libc.a(lib_a-printf.o)
                              obj/default/accelerometer.o (printf)
d:/intel_delete_after_master/nios2eds/bin/gnu/h-x86_64-mingw32/bin/../lib/gcc/nios2-elf/12.1.1/../../../../../H-x86_64-mingw32/nios2-elf/lib\libc.a(lib_a-puts.o)
                              obj/default/accelerometer.o (puts)
d:/intel_delete_after_master/nios2eds/bin/gnu/h-x86_64-mingw32/bin/../lib/gcc/nios2-elf/12.1.1/../../../../../H-x86_64-mingw32/nios2-elf/lib\libc.a(lib_a-strlen.o)
                              d:/intel_delete_after_master/nios2eds/bin/gnu/h-x86_64-mingw32/bin/../lib/gcc/nios2-elf/12.1.1/../../../../../H-x86_64-mingw32/nios2-elf/lib\libc.a(lib_a-puts.o) (strlen)
d:/intel_delete_after_master/nios2eds/bin/gnu/h-x86_64-mingw32/bin/../lib/gcc/nios2-elf/12.1.1/../../../../../H-x86_64-mingw32/nios2-elf/lib\libc.a(lib_a-vfprintf.o)
                              d:/intel_delete_after_master/nios2eds/bin/gnu/h-x86_64-mingw32/bin/../lib/gcc/nios2-elf/12.1.1/../../../../../H-x86_64-mingw32/nios2-elf/lib\libc.a(lib_a-printf.o) (___vfprintf_internal_r)
d:/intel_delete_after_master/nios2eds/bin/gnu/h-x86_64-mingw32/bin/../lib/gcc/nios2-elf/12.1.1/../../../../../H-x86_64-mingw32/nios2-elf/lib\libc.a(lib_a-wsetup.o)
                              d:/intel_delete_after_master/nios2eds/bin/gnu/h-x86_64-mingw32/bin/../lib/gcc/nios2-elf/12.1.1/../../../../../H-x86_64-mingw32/nios2-elf/lib\libc.a(lib_a-vfprintf.o) (__swsetup_r)
d:/intel_delete_after_master/nios2eds/bin/gnu/h-x86_64-mingw32/bin/../lib/gcc/nios2-elf/12.1.1/../../../../../H-x86_64-mingw32/nios2-elf/lib\libc.a(lib_a-dtoa.o)
                              d:/intel_delete_after_master/nios2eds/bin/gnu/h-x86_64-mingw32/bin/../lib/gcc/nios2-elf/12.1.1/../../../../../H-x86_64-mingw32/nios2-elf/lib\libc.a(lib_a-vfprintf.o) (_dtoa_r)
d:/intel_delete_after_master/nios2eds/bin/gnu/h-x86_64-mingw32/bin/../lib/gcc/nios2-elf/12.1.1/../../../../../H-x86_64-mingw32/nios2-elf/lib\libc.a(lib_a-fflush.o)
                              d:/intel_delete_after_master/nios2eds/bin/gnu/h-x86_64-mingw32/bin/../lib/gcc/nios2-elf/12.1.1/../../../../../H-x86_64-mingw32/nios2-elf/lib\libc.a(lib_a-vfprintf.o) (_fflush_r)
d:/intel_delete_after_master/nios2eds/bin/gnu/h-x86_64-mingw32/bin/../lib/gcc/nios2-elf/12.1.1/../../../../../H-x86_64-mingw32/nios2-elf/lib\libc.a(lib_a-findfp.o)
                              d:/intel_delete_after_master/nios2eds/bin/gnu/h-x86_64-mingw32/bin/../lib/gcc/nios2-elf/12.1.1/../../../../../H-x86_64-mingw32/nios2-elf/lib\libc.a(lib_a-puts.o) (__sinit)
d:/intel_delete_after_master/nios2eds/bin/gnu/h-x86_64-mingw32/bin/../lib/gcc/nios2-elf/12.1.1/../../../../../H-x86_64-mingw32/nios2-elf/lib\libc.a(lib_a-freer.o)
                              d:/intel_delete_after_master/nios2eds/bin/gnu/h-x86_64-mingw32/bin/../lib/gcc/nios2-elf/12.1.1/../../../../../H-x86_64-mingw32/nios2-elf/lib\libc.a(lib_a-wsetup.o) (_free_r)
d:/intel_delete_after_master/nios2eds/bin/gnu/h-x86_64-mingw32/bin/../lib/gcc/nios2-elf/12.1.1/../../../../../H-x86_64-mingw32/nios2-elf/lib\libc.a(lib_a-fvwrite.o)
                              d:/intel_delete_after_master/nios2eds/bin/gnu/h-x86_64-mingw32/bin/../lib/gcc/nios2-elf/12.1.1/../../../../../H-x86_64-mingw32/nios2-elf/lib\libc.a(lib_a-puts.o) (__sfvwrite_r)
d:/intel_delete_after_master/nios2eds/bin/gnu/h-x86_64-mingw32/bin/../lib/gcc/nios2-elf/12.1.1/../../../../../H-x86_64-mingw32/nios2-elf/lib\libc.a(lib_a-fwalk.o)
                              d:/intel_delete_after_master/nios2eds/bin/gnu/h-x86_64-mingw32/bin/../lib/gcc/nios2-elf/12.1.1/../../../../../H-x86_64-mingw32/nios2-elf/lib\libc.a(lib_a-findfp.o) (_fwalk)
d:/intel_delete_after_master/nios2eds/bin/gnu/h-x86_64-mingw32/bin/../lib/gcc/nios2-elf/12.1.1/../../../../../H-x86_64-mingw32/nios2-elf/lib\libc.a(lib_a-impure.o)
                              d:/intel_delete_after_master/nios2eds/bin/gnu/h-x86_64-mingw32/bin/../lib/gcc/nios2-elf/12.1.1/../../../../../H-x86_64-mingw32/nios2-elf/lib\libc.a(lib_a-fflush.o) (_global_impure_ptr)
d:/intel_delete_after_master/nios2eds/bin/gnu/h-x86_64-mingw32/bin/../lib/gcc/nios2-elf/12.1.1/../../../../../H-x86_64-mingw32/nios2-elf/lib\libc.a(lib_a-localeconv.o)
                              d:/intel_delete_after_master/nios2eds/bin/gnu/h-x86_64-mingw32/bin/../lib/gcc/nios2-elf/12.1.1/../../../../../H-x86_64-mingw32/nios2-elf/lib\libc.a(lib_a-vfprintf.o) (_localeconv_r)
d:/intel_delete_after_master/nios2eds/bin/gnu/h-x86_64-mingw32/bin/../lib/gcc/nios2-elf/12.1.1/../../../../../H-x86_64-mingw32/nios2-elf/lib\libc.a(lib_a-makebuf.o)
[...]
Memory Configuration

Name             Origin             Length             Attributes
reset            0x0000000000020000 0x0000000000000020
onchip_memory2_0 0x0000000000020020 0x000000000001ffe0
*default*        0x0000000000000000 0xffffffffffffffff

Linker script and memory map

LOAD n:/Facultate/Master/Master_2/PASIC/nivela_bidir/nivela_bidir/software/nivela_bidirectionala_bsp//obj/HAL/src/crt0.o
LOAD obj/default/accelerometer.o
LOAD obj/default/adc.o
LOAD obj/default/global.o
LOAD obj/default/hex_displays.o
LOAD obj/default/main.o
LOAD obj/default/tests.o
LOAD d:/intel_delete_after_master/nios2eds/bin/gnu/h-x86_64-mingw32/bin/../lib/gcc/nios2-elf/12.1.1/../../../../../H-x86_64-mingw32/nios2-elf/lib\libstdc++.a
LOAD d:/intel_delete_after_master/nios2eds/bin/gnu/h-x86_64-mingw32/bin/../lib/gcc/nios2-elf/12.1.1/../../../../../H-x86_64-mingw32/nios2-elf/lib\libm.a
LOAD d:/intel_delete_after_master/nios2eds/bin/gnu/h-x86_64-mingw32/bin/../lib/gcc/nios2-elf/12.1.1\libgcc.a
START GROUP
LOAD d:/intel_delete_after_master/nios2eds/bin/gnu/h-x86_64-mingw32/bin/../lib/gcc/nios2-elf/12.1.1/../../../../../H-x86_64-mingw32/nios2-elf/lib\libc.a
LOAD d:/intel_delete_after_master/nios2eds/bin/gnu/h-x86_64-mingw32/bin/../lib/gcc/nios2-elf/12.1.1\libgcc.a
LOAD n:/Facultate/Master/Master_2/PASIC/nivela_bidir/nivela_bidir/software/nivela_bidirectionala_bsp/\libhal_bsp.a
LOAD d:/intel_delete_after_master/nios2eds/bin/gnu/h-x86_64-mingw32/bin/../lib/gcc/nios2-elf/12.1.1/../../../../../H-x86_64-mingw32/nios2-elf/lib\libm.a
END GROUP
LOAD d:/intel_delete_after_master/nios2eds/bin/gnu/h-x86_64-mingw32/bin/../lib/gcc/nios2-elf/12.1.1\libgcc.a
                0x0000000000020000                __alt_mem_onchip_memory2_0 = 0x20000

.entry          0x0000000000020000       0x20
 *(.entry)
 .entry         0x0000000000020000       0x20 n:/Facultate/Master/Master_2/PASIC/nivela_bidir/nivela_bidir/software/nivela_bidirectionala_bsp//obj/HAL/src/crt0.o
                0x0000000000020000                __reset

.exceptions     0x0000000000020020      0x21c
                0x0000000000020020                PROVIDE (__ram_exceptions_start = ABSOLUTE (.))
                0x0000000000020020                . = ALIGN (0x20)
 *(.irq)
 *(.exceptions.entry.label)
 .exceptions.entry.label
                0x0000000000020020        0x0 n:/Facultate/Master/Master_2/PASIC/nivela_bidir/nivela_bidir/software/nivela_bidirectionala_bsp/\libhal_bsp.a(alt_irq_entry.o)
                0x0000000000020020                alt_irq_entry
 .exceptions.entry.label
                0x0000000000020020        0x0 n:/Facultate/Master/Master_2/PASIC/nivela_bidir/nivela_bidir/software/nivela_bidirectionala_bsp/\libhal_bsp.a(alt_exception_entry.o)
                0x0000000000020020                alt_exception
 *(.exceptions.entry.user)
 *(.exceptions.entry.ecc_fatal)
 *(.exceptions.entry)
 .exceptions.entry
                0x0000000000020020       0x54 n:/Facultate/Master/Master_2/PASIC/nivela_bidir/nivela_bidir/software/nivela_bidirectionala_bsp/\libhal_bsp.a(alt_exception_entry.o)
 *(.exceptions.irqtest.user)
 *(.exceptions.irqtest)
 .exceptions.irqtest
                0x0000000000020074       0x10 n:/Facultate/Master/Master_2/PASIC/nivela_bidir/nivela_bidir/software/nivela_bidirectionala_bsp/\libhal_bsp.a(alt_irq_entry.o)
 *(.exceptions.irqhandler.user)
 *(.exceptions.irqhandler)
 .exceptions.irqhandler
                0x0000000000020084        0x4 n:/Facultate/Master/Master_2/PASIC/nivela_bidir/nivela_bidir/software/nivela_bidirectionala_bsp/\libhal_bsp.a(alt_irq_entry.o)
 *(.exceptions.irqreturn.user)
 *(.exceptions.irqreturn)
 .exceptions.irqreturn
                0x0000000000020088        0x4 n:/Facultate/Master/Master_2/PASIC/nivela_bidir/nivela_bidir/software/nivela_bidirectionala_bsp/\libhal_bsp.a(alt_irq_entry.o)
 *(.exceptions.notirq.label)
 .exceptions.notirq.label
                0x000000000002008c        0x0 n:/Facultate/Master/Master_2/PASIC/nivela_bidir/nivela_bidir/software/nivela_bidirectionala_bsp/\libhal_bsp.a(alt_irq_entry.o)
 *(.exceptions.notirq.user)
 *(.exceptions.notirq)
 .exceptions.notirq
                0x000000000002008c        0x8 n:/Facultate/Master/Master_2/PASIC/nivela_bidir/nivela_bidir/software/nivela_bidirectionala_bsp/\libhal_bsp.a(alt_exception_entry.o)
 *(.exceptions.soft.user)
 *(.exceptions.soft)
 *(.exceptions.unknown.user)
 *(.exceptions.unknown)
 .exceptions.unknown
                0x0000000000020094       0x14 n:/Facultate/Master/Master_2/PASIC/nivela_bidir/nivela_bidir/software/nivela_bidirectionala_bsp/\libhal_bsp.a(alt_exception_entry.o)
 *(.exceptions.exit.label)
 .exceptions.exit.label
                0x00000000000200a8        0x0 n:/Facultate/Master/Master_2/PASIC/nivela_bidir/nivela_bidir/software/nivela_bidirectionala_bsp/\libhal_bsp.a(alt_irq_entry.o)
 .exceptions.exit.label
                0x00000000000200a8        0x0 n:/Facultate/Master/Master_2/PASIC/nivela_bidir/nivela_bidir/software/nivela_bidirectionala_bsp/\libhal_bsp.a(alt_exception_entry.o)
 *(.exceptions.exit.user)
 *(.exceptions.exit)
 .exceptions.exit
                0x00000000000200a8       0x54 n:/Facultate/Master/Master_2/PASIC/nivela_bidir/nivela_bidir/software/nivela_bidirectionala_bsp/\libhal_bsp.a(alt_exception_entry.o)
 *(.exceptions)
 .exceptions    0x00000000000200fc       0xcc n:/Facultate/Master/Master_2/PASIC/nivela_bidir/nivela_bidir/software/nivela_bidirectionala_bsp/\libhal_bsp.a(alt_irq_handler.o)
                0x00000000000200fc                alt_irq_handler
 .exceptions    0x00000000000201c8       0x74 n:/Facultate/Master/Master_2/PASIC/nivela_bidir/nivela_bidir/software/nivela_bidirectionala_bsp/\libhal_bsp.a(alt_instruction_exception_entry.o)
                0x00000000000201c8                alt_instruction_exception_entry
                0x000000000002023c                PROVIDE (__ram_exceptions_end = ABSOLUTE (.))
                0x0000000000020020                PROVIDE (__flash_exceptions_start = LOADADDR (.exceptions))

.text           0x000000000002023c    0x1034c
                [!provide]                        PROVIDE (stext = ABSOLUTE (.))
 *(.interp)
 *(.hash)
 *(.dynsym)
 *(.dynstr)
 *(.gnu.version)
 *(.gnu.version_d)
 *(.gnu.version_r)
 *(.rel.init)
 *(.rela.init)
 *(.rel.text .rel.text.* .rel.gnu.linkonce.t.*)
 *(.rela.text .rela.text.* .rela.gnu.linkonce.t.*)
 *(.rel.fini)
 *(.rela.fini)
 *(.rel.rodata .rel.rodata.* .rel.gnu.linkonce.r.*)
 *(.rela.rodata .rela.rodata.* .rela.gnu.linkonce.r.*)
 *(.rel.data .rel.data.* .rel.gnu.linkonce.d.*)
 *(.rela.data .rela.data.* .rela.gnu.linkonce.d.*)
 *(.rel.tdata .rel.tdata.* .rel.gnu.linkonce.td.*)
 *(.rela.tdata .rela.tdata.* .rela.gnu.linkonce.td.*)
 *(.rel.tbss .rel.tbss.* .rel.gnu.linkonce.tb.*)
 *(.rela.tbss .rela.tbss.* .rela.gnu.linkonce.tb.*)
 *(.rel.ctors)
 *(.rela.ctors)
 *(.rel.dtors)
 *(.rela.dtors)
 *(.rel.got)
 *(.rela.got)
 *(.rel.sdata .rel.sdata.* .rel.gnu.linkonce.s.*)
 *(.rela.sdata .rela.sdata.* .rela.gnu.linkonce.s.*)
 *(.rel.sbss .rel.sbss.* .rel.gnu.linkonce.sb.*)
 *(.rela.sbss .rela.sbss.* .rela.gnu.linkonce.sb.*)
 *(.rel.sdata2 .rel.sdata2.* .rel.gnu.linkonce.s2.*)
 *(.rela.sdata2 .rela.sdata2.* .rela.gnu.linkonce.s2.*)
 *(.rel.sbss2 .rel.sbss2.* .rel.gnu.linkonce.sb2.*)
 *(.rela.sbss2 .rela.sbss2.* .rela.gnu.linkonce.sb2.*)
 *(.rel.bss .rel.bss.* .rel.gnu.linkonce.b.*)
 *(.rela.bss .rela.bss.* .rela.gnu.linkonce.b.*)
 *(.rel.plt)
 *(.rela.plt)
 *(.rel.dyn)
 *(.init)
 *(.plt)
 *(.text .stub .text.* .gnu.linkonce.t.*)
 .text          0x000000000002023c       0x3c n:/Facultate/Master/Master_2/PASIC/nivela_bidir/nivela_bidir/software/nivela_bidirectionala_bsp//obj/HAL/src/crt0.o
                0x000000000002023c                _start
 .text          0x0000000000020278      0x164 obj/default/accelerometer.o
                0x0000000000020278                read_ADXL345_deviceID
                0x00000000000202fc                print_accelerometer_axis
                0x0000000000020388                applyHysteresis
 .text          0x00000000000203dc       0x44 obj/default/adc.o
                0x00000000000203dc                getAdcValue
 .text          0x0000000000020420        0x0 obj/default/global.o
 .text          0x0000000000020420      0x15c obj/default/hex_displays.o
                0x0000000000020420                get_hex_address
                0x000000000002044c                hex_init
                0x00000000000204b0                set_hex_value
                0x0000000000020504                set_hex_state
 .text          0x000000000002057c      0x1f0 obj/default/main.o
                0x000000000002057c                main
 .text          0x000000000002076c       0xdc obj/default/tests.o
                0x000000000002076c                test_hex_displays
 .text          0x0000000000020848      0x1b4 d:/intel_delete_after_master/nios2eds/bin/gnu/h-x86_64-mingw32/bin/../lib/gcc/nios2-elf/12.1.1\libgcc.a(lib2-divmod.o)
                0x0000000000020848                __divsi3
                0x00000000000208c8                __modsi3
                0x000000000002093c                __udivsi3
                0x00000000000209a0                __umodsi3
 .text          0x00000000000209fc        0x0 d:/intel_delete_after_master/nios2eds/bin/gnu/h-x86_64-mingw32/bin/../lib/gcc/nios2-elf/12.1.1/../../../../../H-x86_64-mingw32/nios2-elf/lib\libc.a(lib_a-printf.o)
 .text._printf_r
                0x00000000000209fc       0x30 d:/intel_delete_after_master/nios2eds/bin/gnu/h-x86_64-mingw32/bin/../lib/gcc/nios2-elf/12.1.1/../../../../../H-x86_64-mingw32/nios2-elf/lib\libc.a(lib_a-printf.o)
                0x00000000000209fc                _printf_r
 .text.printf   0x0000000000020a2c       0x38 d:/intel_delete_after_master/nios2eds/bin/gnu/h-x86_64-mingw32/bin/../lib/gcc/nios2-elf/12.1.1/../../../../../H-x86_64-mingw32/nios2-elf/lib\libc.a(lib_a-printf.o)
                0x0000000000020a2c                printf
 .text          0x0000000000020a64        0x0 d:/intel_delete_after_master/nios2eds/bin/gnu/h-x86_64-mingw32/bin/../lib/gcc/nios2-elf/12.1.1/../../../../../H-x86_64-mingw32/nios2-elf/lib\libc.a(lib_a-puts.o)
 .text._puts_r  0x0000000000020a64       0xd0 d:/intel_delete_after_master/nios2eds/bin/gnu/h-x86_64-mingw32/bin/../lib/gcc/nios2-elf/12.1.1/../../../../../H-x86_64-mingw32/nios2-elf/lib\libc.a(lib_a-puts.o)
                0x0000000000020a64                _puts_r
 .text.puts     0x0000000000020b34       0x10 d:/intel_delete_after_master/nios2eds/bin/gnu/h-x86_64-mingw32/bin/../lib/gcc/nios2-elf/12.1.1/../../../../../H-x86_64-mingw32/nios2-elf/lib\libc.a(lib_a-puts.o)
                0x0000000000020b34                puts
 .text          0x0000000000020b44        0x0 d:/intel_delete_after_master/nios2eds/bin/gnu/h-x86_64-mingw32/bin/../lib/gcc/nios2-elf/12.1.1/../../../../../H-x86_64-mingw32/nios2-elf/lib\libc.a(lib_a-strlen.o)
 .text.strlen   0x0000000000020b44       0x98 d:/intel_delete_after_master/nios2eds/bin/gnu/h-x86_64-mingw32/bin/../lib/gcc/nios2-elf/12.1.1/../../../../../H-x86_64-mingw32/nios2-elf/lib\libc.a(lib_a-strlen.o)
                0x0000000000020b44                strlen
 .text          0x0000000000020bdc        0x0 d:/intel_delete_after_master/nios2eds/bin/gnu/h-x86_64-mingw32/bin/../lib/gcc/nios2-elf/12.1.1/../../../../../H-x86_64-mingw32/nios2-elf/lib\libc.a(lib_a-vfprintf.o)
 .text.___vfprintf_internal_r
                0x0000000000020bdc     0x23a8 d:/intel_delete_after_master/nios2eds/bin/gnu/h-x86_64-mingw32/bin/../lib/gcc/nios2-elf/12.1.1/../../../../../H-x86_64-mingw32/nios2-elf/lib\libc.a(lib_a-vfprintf.o)
                0x0000000000020bdc                ___vfprintf_internal_r
 .text.__vfprintf_internal
                0x0000000000022f84       0x1c d:/intel_delete_after_master/nios2eds/bin/gnu/h-x86_64-mingw32/bin/../lib/gcc/nios2-elf/12.1.1/../../../../../H-x86_64-mingw32/nios2-elf/lib\libc.a(lib_a-vfprintf.o)
                0x0000000000022f84                __vfprintf_internal
 .text.__sbprintf
                0x0000000000022fa0       0xc4 d:/intel_delete_after_master/nios2eds/bin/gnu/h-x86_64-mingw32/bin/../lib/gcc/nios2-elf/12.1.1/../../../../../H-x86_64-mingw32/nios2-elf/lib\libc.a(lib_a-vfprintf.o)
 .text          0x0000000000023064        0x0 d:/intel_delete_after_master/nios2eds/bin/gnu/h-x86_64-mingw32/bin/../lib/gcc/nios2-elf/12.1.1/../../../../../H-x86_64-mingw32/nios2-elf/lib\libc.a(lib_a-wsetup.o)
 .text.__swsetup_r
                0x0000000000023064      0x14c d:/intel_delete_after_master/nios2eds/bin/gnu/h-x86_64-mingw32/bin/../lib/gcc/nios2-elf/12.1.1/../../../../../H-x86_64-mingw32/nios2-elf/lib\libc.a(lib_a-wsetup.o)
                0x0000000000023064                __swsetup_r
 .text          0x00000000000231b0        0x0 d:/intel_delete_after_master/nios2eds/bin/gnu/h-x86_64-mingw32/bin/../lib/gcc/nios2-elf/12.1.1/../../../../../H-x86_64-mingw32/nios2-elf/lib\libc.a(lib_a-dtoa.o)
 .text.quorem   0x00000000000231b0      0x1fc d:/intel_delete_after_master/nios2eds/bin/gnu/h-x86_64-mingw32/bin/../lib/gcc/nios2-elf/12.1.1/../../../../../H-x86_64-mingw32/nios2-elf/lib\libc.a(lib_a-dtoa.o)
 .text._dtoa_r  0x00000000000233ac     0x17e8 d:/intel_delete_after_master/nios2eds/bin/gnu/h-x86_64-mingw32/bin/../lib/gcc/nios2-elf/12.1.1/../../../../../H-x86_64-mingw32/nios2-elf/lib\libc.a(lib_a-dtoa.o)
                0x00000000000233ac                _dtoa_r
 .text          0x0000000000024b94        0x0 d:/intel_delete_after_master/nios2eds/bin/gnu/h-x86_64-mingw32/bin/../lib/gcc/nios2-elf/12.1.1/../../../../../H-x86_64-mingw32/nios2-elf/lib\libc.a(lib_a-fflush.o)
 .text.__sflush_r
                0x0000000000024b94      0x208 d:/intel_delete_after_master/nios2eds/bin/gnu/h-x86_64-mingw32/bin/../lib/gcc/nios2-elf/12.1.1/../../../../../H-x86_64-mingw32/nios2-elf/lib\libc.a(lib_a-fflush.o)
                0x0000000000024b94                __sflush_r
 .text._fflush_r
                0x0000000000024d9c       0x60 d:/intel_delete_after_master/nios2eds/bin/gnu/h-x86_64-mingw32/bin/../lib/gcc/nios2-elf/12.1.1/../../../../../H-x86_64-mingw32/nios2-elf/lib\libc.a(lib_a-fflush.o)
                0x0000000000024d9c                _fflush_r
 .text.fflush   0x0000000000024dfc       0x84 d:/intel_delete_after_master/nios2eds/bin/gnu/h-x86_64-mingw32/bin/../lib/gcc/nios2-elf/12.1.1/../../../../../H-x86_64-mingw32/nios2-elf/lib\libc.a(lib_a-fflush.o)
                0x0000000000024dfc                fflush
 .text          0x0000000000024e80        0x0 d:/intel_delete_after_master/nios2eds/bin/gnu/h-x86_64-mingw32/bin/../lib/gcc/nios2-elf/12.1.1/../../../../../H-x86_64-mingw32/nios2-elf/lib\libc.a(lib_a-findfp.o)
 .text.__fp_lock
                0x0000000000024e80        0x8 d:/intel_delete_after_master/nios2eds/bin/gnu/h-x86_64-mingw32/bin/../lib/gcc/nios2-elf/12.1.1/../../../../../H-x86_64-mingw32/nios2-elf/lib\libc.a(lib_a-findfp.o)
 .text._cleanup_r
                0x0000000000024e88        0xc d:/intel_delete_after_master/nios2eds/bin/gnu/h-x86_64-mingw32/bin/../lib/gcc/nios2-elf/12.1.1/../../../../../H-x86_64-mingw32/nios2-elf/lib\libc.a(lib_a-findfp.o)
                0x0000000000024e88                _cleanup_r
 .text.__fp_unlock
                0x0000000000024e94        0x8 d:/intel_delete_after_master/nios2eds/bin/gnu/h-x86_64-mingw32/bin/../lib/gcc/nios2-elf/12.1.1/../../../../../H-x86_64-mingw32/nios2-elf/lib\libc.a(lib_a-findfp.o)
 .text.__sinit.part.0
                0x0000000000024e9c      0x168 d:/intel_delete_after_master/nios2eds/bin/gnu/h-x86_64-mingw32/bin/../lib/gcc/nios2-elf/12.1.1/../../../../../H-x86_64-mingw32/nios2-elf/lib\libc.a(lib_a-findfp.o)
 .text.__sfmoreglue
                0x0000000000025004       0x68 d:/intel_delete_after_master/nios2eds/bin/gnu/h-x86_64-mingw32/bin/../lib/gcc/nios2-elf/12.1.1/../../../../../H-x86_64-mingw32/nios2-elf/lib\libc.a(lib_a-findfp.o)
                0x0000000000025004                __sfmoreglue
 .text.__sfp    0x000000000002506c      0x134 d:/intel_delete_after_master/nios2eds/bin/gnu/h-x86_64-mingw32/bin/../lib/gcc/nios2-elf/12.1.1/../../../../../H-x86_64-mingw32/nios2-elf/lib\libc.a(lib_a-findfp.o)
                0x000000000002506c                __sfp
 .text._cleanup
                0x00000000000251a0       0x14 d:/intel_delete_after_master/nios2eds/bin/gnu/h-x86_64-mingw32/bin/../lib/gcc/nios2-elf/12.1.1/../../../../../H-x86_64-mingw32/nios2-elf/lib\libc.a(lib_a-findfp.o)
                0x00000000000251a0                _cleanup
 .text.__sinit  0x00000000000251b4       0x10 d:/intel_delete_after_master/nios2eds/bin/gnu/h-x86_64-mingw32/bin/../lib/gcc/nios2-elf/12.1.1/../../../../../H-x86_64-mingw32/nios2-elf/lib\libc.a(lib_a-findfp.o)
                0x00000000000251b4                __sinit
 .text.__sfp_lock_acquire
                0x00000000000251c4        0x4 d:/intel_delete_after_master/nios2eds/bin/gnu/h-x86_64-mingw32/bin/../lib/gcc/nios2-elf/12.1.1/../../../../../H-x86_64-mingw32/nios2-elf/lib\libc.a(lib_a-findfp.o)
                0x00000000000251c4                __sfp_lock_acquire
 .text.__sfp_lock_release
                0x00000000000251c8        0x4 d:/intel_delete_after_master/nios2eds/bin/gnu/h-x86_64-mingw32/bin/../lib/gcc/nios2-elf/12.1.1/../../../../../H-x86_64-mingw32/nios2-elf/lib\libc.a(lib_a-findfp.o)
                0x00000000000251c8                __sfp_lock_release
 .text.__sinit_lock_acquire
                0x00000000000251cc        0x4 d:/intel_delete_after_master/nios2eds/bin/gnu/h-x86_64-mingw32/bin/../lib/gcc/nios2-elf/12.1.1/../../../../../H-x86_64-mingw32/nios2-elf/lib\libc.a(lib_a-findfp.o)
                0x00000000000251cc                __sinit_lock_acquire
 .text.__sinit_lock_release
                0x00000000000251d0        0x4 d:/intel_delete_after_master/nios2eds/bin/gnu/h-x86_64-mingw32/bin/../lib/gcc/nios2-elf/12.1.1/../../../../../H-x86_64-mingw32/nios2-elf/lib\libc.a(lib_a-findfp.o)
                0x00000000000251d0                __sinit_lock_release
 .text.__fp_lock_all
                0x00000000000251d4       0x14 d:/intel_delete_after_master/nios2eds/bin/gnu/h-x86_64-mingw32/bin/../lib/gcc/nios2-elf/12.1.1/../../../../../H-x86_64-mingw32/nios2-elf/lib\libc.a(lib_a-findfp.o)
                0x00000000000251d4                __fp_lock_all
 .text.__fp_unlock_all
                0x00000000000251e8       0x14 d:/intel_delete_after_master/nios2eds/bin/gnu/h-x86_64-mingw32/bin/../lib/gcc/nios2-elf/12.1.1/../../../../../H-x86_64-mingw32/nios2-elf/lib\libc.a(lib_a-findfp.o)
                0x00000000000251e8                __fp_unlock_all
 .text          0x00000000000251fc        0x0 d:/intel_delete_after_master/nios2eds/bin/gnu/h-x86_64-mingw32/bin/../lib/gcc/nios2-elf/12.1.1/../../../../../H-x86_64-mingw32/nios2-elf/lib\libc.a(lib_a-freer.o)
 .text._malloc_trim_r
                0x00000000000251fc      0x124 d:/intel_delete_after_master/nios2eds/bin/gnu/h-x86_64-mingw32/bin/../lib/gcc/nios2-elf/12.1.1/../../../../../H-x86_64-mingw32/nios2-elf/lib\libc.a(lib_a-freer.o)
                0x00000000000251fc                _malloc_trim_r
 .text._free_r  0x0000000000025320      0x308 d:/intel_delete_after_master/nios2eds/bin/gnu/h-x86_64-mingw32/bin/../lib/gcc/nios2-elf/12.1.1/../../../../../H-x86_64-mingw32/nios2-elf/lib\libc.a(lib_a-freer.o)
                0x0000000000025320                _free_r
 .text          0x0000000000025628        0x0 d:/intel_delete_after_master/nios2eds/bin/gnu/h-x86_64-mingw32/bin/../lib/gcc/nios2-elf/12.1.1/../../../../../H-x86_64-mingw32/nios2-elf/lib\libc.a(lib_a-fvwrite.o)
 .text.__sfvwrite_r
                0x0000000000025628      0x4a4 d:/intel_delete_after_master/nios2eds/bin/gnu/h-x86_64-mingw32/bin/../lib/gcc/nios2-elf/12.1.1/../../../../../H-x86_64-mingw32/nios2-elf/lib\libc.a(lib_a-fvwrite.o)
                0x0000000000025628                __sfvwrite_r
 .text          0x0000000000025acc        0x0 d:/intel_delete_after_master/nios2eds/bin/gnu/h-x86_64-mingw32/bin/../lib/gcc/nios2-elf/12.1.1/../../../../../H-x86_64-mingw32/nios2-elf/lib\libc.a(lib_a-fwalk.o)
 .text._fwalk   0x0000000000025acc       0x98 d:/intel_delete_after_master/nios2eds/bin/gnu/h-x86_64-mingw32/bin/../lib/gcc/nios2-elf/12.1.1/../../../../../H-x86_64-mingw32/nios2-elf/lib\libc.a(lib_a-fwalk.o)
                0x0000000000025acc                _fwalk
 .text._fwalk_reent
                0x0000000000025b64       0xa8 d:/intel_delete_after_master/nios2eds/bin/gnu/h-x86_64-mingw32/bin/../lib/gcc/nios2-elf/12.1.1/../../../../../H-x86_64-mingw32/nios2-elf/lib\libc.a(lib_a-fwalk.o)
                0x0000000000025b64                _fwalk_reent
 .text          0x0000000000025c0c        0x0 d:/intel_delete_after_master/nios2eds/bin/gnu/h-x86_64-mingw32/bin/../lib/gcc/nios2-elf/12.1.1/../../../../../H-x86_64-mingw32/nios2-elf/lib\libc.a(lib_a-impure.o)
 .text          0x0000000000025c0c        0x0 d:/intel_delete_after_master/nios2eds/bin/gnu/h-x86_64-mingw32/bin/../lib/gcc/nios2-elf/12.1.1/../../../../../H-x86_64-mingw32/nios2-elf/lib\libc.a(lib_a-localeconv.o)
 .text.__localeconv_l
                0x0000000000025c0c        0x8 d:/intel_delete_after_master/nios2eds/bin/gnu/h-x86_64-mingw32/bin/../lib/gcc/nios2-elf/12.1.1/../../../../../H-x86_64-mingw32/nios2-elf/lib\libc.a(lib_a-localeconv.o)
                0x0000000000025c0c                __localeconv_l
 .text._localeconv_r
                0x0000000000025c14        0xc d:/intel_delete_after_master/nios2eds/bin/gnu/h-x86_64-mingw32/bin/../lib/gcc/nios2-elf/12.1.1/../../../../../H-x86_64-mingw32/nios2-elf/lib\libc.a(lib_a-localeconv.o)
                0x0000000000025c14                _localeconv_r
 .text.localeconv
                0x0000000000025c20        0xc d:/intel_delete_after_master/nios2eds/bin/gnu/h-x86_64-mingw32/bin/../lib/gcc/nios2-elf/12.1.1/../../../../../H-x86_64-mingw32/nios2-elf/lib\libc.a(lib_a-localeconv.o)
                0x0000000000025c20                localeconv
 .text          0x0000000000025c2c        0x0 d:/intel_delete_after_master/nios2eds/bin/gnu/h-x86_64-mingw32/bin/../lib/gcc/nios2-elf/12.1.1/../../../../../H-x86_64-mingw32/nios2-elf/lib\libc.a(lib_a-makebuf.o)
 .text.__smakebuf_r
                0x0000000000025c2c      0x1a0 d:/intel_delete_after_master/nios2eds/bin/gnu/h-x86_64-mingw32/bin/../lib/gcc/nios2-elf/12.1.1/../../../../../H-x86_64-mingw32/nios2-elf/lib\libc.a(lib_a-makebuf.o)
                0x0000000000025c2c                __smakebuf_r
 .text.__swhatbuf_r
                0x0000000000025dcc       0x8c d:/intel_delete_after_master/nios2eds/bin/gnu/h-x86_64-mingw32/bin/../lib/gcc/nios2-elf/12.1.1/../../../../../H-x86_64-mingw32/nios2-elf/lib\libc.a(lib_a-makebuf.o)
                0x0000000000025dcc                __swhatbuf_r
 .text          0x0000000000025e58        0x0 d:/intel_delete_after_master/nios2eds/bin/gnu/h-x86_64-mingw32/bin/../lib/gcc/nios2-elf/12.1.1/../../../../../H-x86_64-mingw32/nios2-elf/lib\libc.a(lib_a-mallocr.o)
 .text._malloc_r
                0x0000000000025e58      0x7b4 d:/intel_delete_after_master/nios2eds/bin/gnu/h-x86_64-mingw32/bin/../lib/gcc/nios2-elf/12.1.1/../../../../../H-x86_64-mingw32/nios2-elf/lib\libc.a(lib_a-mallocr.o)
                0x0000000000025e58                _malloc_r
 .text          0x000000000002660c        0x0 d:/intel_delete_after_master/nios2eds/bin/gnu/h-x86_64-mingw32/bin/../lib/gcc/nios2-elf/12.1.1/../../../../../H-x86_64-mingw32/nios2-elf/lib\libc.a(lib_a-memchr.o)
 .text.memchr   0x000000000002660c       0xd0 d:/intel_delete_after_master/nios2eds/bin/gnu/h-x86_64-mingw32/bin/../lib/gcc/nios2-elf/12.1.1/../../../../../H-x86_64-mingw32/nios2-elf/lib\libc.a(lib_a-memchr.o)
                0x000000000002660c                memchr
 .text          0x00000000000266dc        0x0 d:/intel_delete_after_master/nios2eds/bin/gnu/h-x86_64-mingw32/bin/../lib/gcc/nios2-elf/12.1.1/../../../../../H-x86_64-mingw32/nios2-elf/lib\libc.a(lib_a-memcpy.o)
 .text.memcpy   0x00000000000266dc      0x100 d:/intel_delete_after_master/nios2eds/bin/gnu/h-x86_64-mingw32/bin/../lib/gcc/nios2-elf/12.1.1/../../../../../H-x86_64-mingw32/nios2-elf/lib\libc.a(lib_a-memcpy.o)
                0x00000000000266dc                memcpy
 .text          0x00000000000267dc        0x0 d:/intel_delete_after_master/nios2eds/bin/gnu/h-x86_64-mingw32/bin/../lib/gcc/nios2-elf/12.1.1/../../../../../H-x86_64-mingw32/nios2-elf/lib\libc.a(lib_a-memmove.o)
 .text.memmove  0x00000000000267dc      0x128 d:/intel_delete_after_master/nios2eds/bin/gnu/h-x86_64-mingw32/bin/../lib/gcc/nios2-elf/12.1.1/../../../../../H-x86_64-mingw32/nios2-elf/lib\libc.a(lib_a-memmove.o)
                0x00000000000267dc                memmove
 .text          0x0000000000026904        0x0 d:/intel_delete_after_master/nios2eds/bin/gnu/h-x86_64-mingw32/bin/../lib/gcc/nios2-elf/12.1.1/../../../../../H-x86_64-mingw32/nios2-elf/lib\libc.a(lib_a-memset.o)
 .text.memset   0x0000000000026904       0xf8 d:/intel_delete_after_master/nios2eds/bin/gnu/h-x86_64-mingw32/bin/../lib/gcc/nios2-elf/12.1.1/../../../../../H-x86_64-mingw32/nios2-elf/lib\libc.a(lib_a-memset.o)
                0x0000000000026904                memset
 .text          0x00000000000269fc        0x0 d:/intel_delete_after_master/nios2eds/bin/gnu/h-x86_64-mingw32/bin/../lib/gcc/nios2-elf/12.1.1/../../../../../H-x86_64-mingw32/nios2-elf/lib\libc.a(lib_a-mprec.o)
 .text._Balloc  0x00000000000269fc       0xa4 d:/intel_delete_after_master/nios2eds/bin/gnu/h-x86_64-mingw32/bin/../lib/gcc/nios2-elf/12.1.1/../../../../../H-x86_64-mingw32/nios2-elf/lib\libc.a(lib_a-mprec.o)
                0x00000000000269fc                _Balloc
 .text._Bfree   0x0000000000026aa0       0x24 d:/intel_delete_after_master/nios2eds/bin/gnu/h-x86_64-mingw32/bin/../lib/gcc/nios2-elf/12.1.1/../../../../../H-x86_64-mingw32/nios2-elf/lib\libc.a(lib_a-mprec.o)
                0x0000000000026aa0                _Bfree
 .text.__multadd
                0x0000000000026ac4      0x130 d:/intel_delete_after_master/nios2eds/bin/gnu/h-x86_64-mingw32/bin/../lib/gcc/nios2-elf/12.1.1/../../../../../H-x86_64-mingw32/nios2-elf/lib\libc.a(lib_a-mprec.o)
                0x0000000000026ac4                __multadd
 .text.__s2b    0x0000000000026bf4      0x138 d:/intel_delete_after_master/nios2eds/bin/gnu/h-x86_64-mingw32/bin/../lib/gcc/nios2-elf/12.1.1/../../../../../H-x86_64-mingw32/nios2-elf/lib\libc.a(lib_a-mprec.o)
                0x0000000000026bf4                __s2b
 .text.__hi0bits
                0x0000000000026d2c       0x74 d:/intel_delete_after_master/nios2eds/bin/gnu/h-x86_64-mingw32/bin/../lib/gcc/nios2-elf/12.1.1/../../../../../H-x86_64-mingw32/nios2-elf/lib\libc.a(lib_a-mprec.o)
                0x0000000000026d2c                __hi0bits
 .text.__lo0bits
                0x0000000000026da0       0xb0 d:/intel_delete_after_master/nios2eds/bin/gnu/h-x86_64-mingw32/bin/../lib/gcc/nios2-elf/12.1.1/../../../../../H-x86_64-mingw32/nios2-elf/lib\libc.a(lib_a-mprec.o)
                0x0000000000026da0                __lo0bits
 .text.__i2b    0x0000000000026e50       0xb0 d:/intel_delete_after_master/nios2eds/bin/gnu/h-x86_64-mingw32/bin/../lib/gcc/nios2-elf/12.1.1/../../../../../H-x86_64-mingw32/nios2-elf/lib\libc.a(lib_a-mprec.o)
                0x0000000000026e50                __i2b
 .text.__multiply
                0x0000000000026f00      0x254 d:/intel_delete_after_master/nios2eds/bin/gnu/h-x86_64-mingw32/bin/../lib/gcc/nios2-elf/12.1.1/../../../../../H-x86_64-mingw32/nios2-elf/lib\libc.a(lib_a-mprec.o)
                0x0000000000026f00                __multiply
 .text.__pow5mult
                0x0000000000027154      0x140 d:/intel_delete_after_master/nios2eds/bin/gnu/h-x86_64-mingw32/bin/../lib/gcc/nios2-elf/12.1.1/../../../../../H-x86_64-mingw32/nios2-elf/lib\libc.a(lib_a-mprec.o)
                0x0000000000027154                __pow5mult
 .text.__lshift
                0x0000000000027294      0x188 d:/intel_delete_after_master/nios2eds/bin/gnu/h-x86_64-mingw32/bin/../lib/gcc/nios2-elf/12.1.1/../../../../../H-x86_64-mingw32/nios2-elf/lib\libc.a(lib_a-mprec.o)
                0x0000000000027294                __lshift
 .text.__mcmp   0x000000000002741c       0x58 d:/intel_delete_after_master/nios2eds/bin/gnu/h-x86_64-mingw32/bin/../lib/gcc/nios2-elf/12.1.1/../../../../../H-x86_64-mingw32/nios2-elf/lib\libc.a(lib_a-mprec.o)
                0x000000000002741c                __mcmp
 .text.__mdiff  0x0000000000027474      0x230 d:/intel_delete_after_master/nios2eds/bin/gnu/h-x86_64-mingw32/bin/../lib/gcc/nios2-elf/12.1.1/../../../../../H-x86_64-mingw32/nios2-elf/lib\libc.a(lib_a-mprec.o)
                0x0000000000027474                __mdiff
 .text.__ulp    0x00000000000276a4       0x60 d:/intel_delete_after_master/nios2eds/bin/gnu/h-x86_64-mingw32/bin/../lib/gcc/nios2-elf/12.1.1/../../../../../H-x86_64-mingw32/nios2-elf/lib\libc.a(lib_a-mprec.o)
                0x00000000000276a4                __ulp
 .text.__b2d    0x0000000000027704      0x100 d:/intel_delete_after_master/nios2eds/bin/gnu/h-x86_64-mingw32/bin/../lib/gcc/nios2-elf/12.1.1/../../../../../H-x86_64-mingw32/nios2-elf/lib\libc.a(lib_a-mprec.o)
                0x0000000000027704                __b2d
 .text.__d2b    0x0000000000027804      0x158 d:/intel_delete_after_master/nios2eds/bin/gnu/h-x86_64-mingw32/bin/../lib/gcc/nios2-elf/12.1.1/../../../../../H-x86_64-mingw32/nios2-elf/lib\libc.a(lib_a-mprec.o)
                0x0000000000027804                __d2b
 .text.__ratio  0x000000000002795c       0xa8 d:/intel_delete_after_master/nios2eds/bin/gnu/h-x86_64-mingw32/bin/../lib/gcc/nios2-elf/12.1.1/../../../../../H-x86_64-mingw32/nios2-elf/lib\libc.a(lib_a-mprec.o)
                0x000000000002795c                __ratio
 .text._mprec_log10
                0x0000000000027a04       0x70 d:/intel_delete_after_master/nios2eds/bin/gnu/h-x86_64-mingw32/bin/../lib/gcc/nios2-elf/12.1.1/../../../../../H-x86_64-mingw32/nios2-elf/lib\libc.a(lib_a-mprec.o)
                0x0000000000027a04                _mprec_log10
 .text.__copybits
                0x0000000000027a74       0x7c d:/intel_delete_after_master/nios2eds/bin/gnu/h-x86_64-mingw32/bin/../lib/gcc/nios2-elf/12.1.1/../../../../../H-x86_64-mingw32/nios2-elf/lib\libc.a(lib_a-mprec.o)
                0x0000000000027a74                __copybits
 .text.__any_on
                0x0000000000027af0       0x60 d:/intel_delete_after_master/nios2eds/bin/gnu/h-x86_64-mingw32/bin/../lib/gcc/nios2-elf/12.1.1/../../../../../H-x86_64-mingw32/nios2-elf/lib\libc.a(lib_a-mprec.o)
                0x0000000000027af0                __any_on
 .text          0x0000000000027b50        0x0 d:/intel_delete_after_master/nios2eds/bin/gnu/h-x86_64-mingw32/bin/../lib/gcc/nios2-elf/12.1.1/../../../../../H-x86_64-mingw32/nios2-elf/lib\libc.a(lib_a-reallocr.o)
 .text._realloc_r
                0x0000000000027b50      0x5f4 d:/intel_delete_after_master/nios2eds/bin/gnu/h-x86_64-mingw32/bin/../lib/gcc/nios2-elf/12.1.1/../../../../../H-x86_64-mingw32/nios2-elf/lib\libc.a(lib_a-reallocr.o)
                0x0000000000027b50                _realloc_r
 .text          0x0000000000028144        0x0 d:/intel_delete_after_master/nios2eds/bin/gnu/h-x86_64-mingw32/bin/../lib/gcc/nios2-elf/12.1.1/../../../../../H-x86_64-mingw32/nios2-elf/lib\libc.a(lib_a-sbrkr.o)
 .text._sbrk_r  0x0000000000028144       0x58 d:/intel_delete_after_master/nios2eds/bin/gnu/h-x86_64-mingw32/bin/../lib/gcc/nios2-elf/12.1.1/../../../../../H-x86_64-mingw32/nios2-elf/lib\libc.a(lib_a-sbrkr.o)
                0x0000000000028144                _sbrk_r
 .text          0x000000000002819c        0x0 d:/intel_delete_after_master/nios2eds/bin/gnu/h-x86_64-mingw32/bin/../lib/gcc/nios2-elf/12.1.1/../../../../../H-x86_64-mingw32/nios2-elf/lib\libc.a(lib_a-stdio.o)
 .text.__sread  0x000000000002819c       0x54 d:/intel_delete_after_master/nios2eds/bin/gnu/h-x86_64-mingw32/bin/../lib/gcc/nios2-elf/12.1.1/../../../../../H-x86_64-mingw32/nios2-elf/lib\libc.a(lib_a-stdio.o)
                0x000000000002819c                __sread
 .text.__seofread
                0x00000000000281f0        0x8 d:/intel_delete_after_master/nios2eds/bin/gnu/h-x86_64-mingw32/bin/../lib/gcc/nios2-elf/12.1.1/../../../../../H-x86_64-mingw32/nios2-elf/lib\libc.a(lib_a-stdio.o)
                0x00000000000281f0                __seofread
 .text.__swrite
                0x00000000000281f8       0x80 d:/intel_delete_after_master/nios2eds/bin/gnu/h-x86_64-mingw32/bin/../lib/gcc/nios2-elf/12.1.1/../../../../../H-x86_64-mingw32/nios2-elf/lib\libc.a(lib_a-stdio.o)
                0x00000000000281f8                __swrite
 .text.__sseek  0x0000000000028278       0x5c d:/intel_delete_after_master/nios2eds/bin/gnu/h-x86_64-mingw32/bin/../lib/gcc/nios2-elf/12.1.1/../../../../../H-x86_64-mingw32/nios2-elf/lib\libc.a(lib_a-stdio.o)
                0x0000000000028278                __sseek
 .text.__sclose
                0x00000000000282d4        0x8 d:/intel_delete_after_master/nios2eds/bin/gnu/h-x86_64-mingw32/bin/../lib/gcc/nios2-elf/12.1.1/../../../../../H-x86_64-mingw32/nios2-elf/lib\libc.a(lib_a-stdio.o)
                0x00000000000282d4                __sclose
 .text          0x00000000000282dc        0x0 d:/intel_delete_after_master/nios2eds/bin/gnu/h-x86_64-mingw32/bin/../lib/gcc/nios2-elf/12.1.1/../../../../../H-x86_64-mingw32/nios2-elf/lib\libc.a(lib_a-vfiprintf.o)
 .text.__sprint_r.part.0
                0x00000000000282dc       0xf4 d:/intel_delete_after_master/nios2eds/bin/gnu/h-x86_64-mingw32/bin/../lib/gcc/nios2-elf/12.1.1/../../../../../H-x86_64-mingw32/nios2-elf/lib\libc.a(lib_a-vfiprintf.o)
 .text.__sprint_r
                0x00000000000283d0       0x18 d:/intel_delete_after_master/nios2eds/bin/gnu/h-x86_64-mingw32/bin/../lib/gcc/nios2-elf/12.1.1/../../../../../H-x86_64-mingw32/nios2-elf/lib\libc.a(lib_a-vfiprintf.o)
                0x00000000000283d0                __sprint_r
 .text.___vfiprintf_internal_r
                0x00000000000283e8     0x1270 d:/intel_delete_after_master/nios2eds/bin/gnu/h-x86_64-mingw32/bin/../lib/gcc/nios2-elf/12.1.1/../../../../../H-x86_64-mingw32/nios2-elf/lib\libc.a(lib_a-vfiprintf.o)
                0x00000000000283e8                ___vfiprintf_internal_r
 .text.__vfiprintf_internal
                0x0000000000029658       0x1c d:/intel_delete_after_master/nios2eds/bin/gnu/h-x86_64-mingw32/bin/../lib/gcc/nios2-elf/12.1.1/../../../../../H-x86_64-mingw32/nios2-elf/lib\libc.a(lib_a-vfiprintf.o)
                0x0000000000029658                __vfiprintf_internal
 .text.__sbprintf
                0x0000000000029674       0xc4 d:/intel_delete_after_master/nios2eds/bin/gnu/h-x86_64-mingw32/bin/../lib/gcc/nios2-elf/12.1.1/../../../../../H-x86_64-mingw32/nios2-elf/lib\libc.a(lib_a-vfiprintf.o)
 .text          0x0000000000029738        0x0 d:/intel_delete_after_master/nios2eds/bin/gnu/h-x86_64-mingw32/bin/../lib/gcc/nios2-elf/12.1.1/../../../../../H-x86_64-mingw32/nios2-elf/lib\libc.a(lib_a-writer.o)
 .text._write_r
                0x0000000000029738       0x64 d:/intel_delete_after_master/nios2eds/bin/gnu/h-x86_64-mingw32/bin/../lib/gcc/nios2-elf/12.1.1/../../../../../H-x86_64-mingw32/nios2-elf/lib\libc.a(lib_a-writer.o)
                0x0000000000029738                _write_r
 .text          0x000000000002979c        0x0 d:/intel_delete_after_master/nios2eds/bin/gnu/h-x86_64-mingw32/bin/../lib/gcc/nios2-elf/12.1.1/../../../../../H-x86_64-mingw32/nios2-elf/lib\libc.a(closer.o)
 .text._close_r
                0x000000000002979c       0x58 d:/intel_delete_after_master/nios2eds/bin/gnu/h-x86_64-mingw32/bin/../lib/gcc/nios2-elf/12.1.1/../../../../../H-x86_64-mingw32/nios2-elf/lib\libc.a(closer.o)
                0x000000000002979c                _close_r
 .text          0x00000000000297f4        0x0 d:/intel_delete_after_master/nios2eds/bin/gnu/h-x86_64-mingw32/bin/../lib/gcc/nios2-elf/12.1.1/../../../../../H-x86_64-mingw32/nios2-elf/lib\libc.a(lib_a-assert.o)
 .text.__assert_func
                0x00000000000297f4       0x64 d:/intel_delete_after_master/nios2eds/bin/gnu/h-x86_64-mingw32/bin/../lib/gcc/nios2-elf/12.1.1/../../../../../H-x86_64-mingw32/nios2-elf/lib\libc.a(lib_a-assert.o)
                0x00000000000297f4                __assert_func
 .text.__assert
                0x0000000000029858       0x14 d:/intel_delete_after_master/nios2eds/bin/gnu/h-x86_64-mingw32/bin/../lib/gcc/nios2-elf/12.1.1/../../../../../H-x86_64-mingw32/nios2-elf/lib\libc.a(lib_a-assert.o)
                0x0000000000029858                __assert
 .text          0x000000000002986c        0x0 d:/intel_delete_after_master/nios2eds/bin/gnu/h-x86_64-mingw32/bin/../lib/gcc/nios2-elf/12.1.1/../../../../../H-x86_64-mingw32/nios2-elf/lib\libc.a(lib_a-callocr.o)
 .text._calloc_r
                0x000000000002986c      0x144 d:/intel_delete_after_master/nios2eds/bin/gnu/h-x86_64-mingw32/bin/../lib/gcc/nios2-elf/12.1.1/../../../../../H-x86_64-mingw32/nios2-elf/lib\libc.a(lib_a-callocr.o)
                0x000000000002986c                _calloc_r
 .text          0x00000000000299b0        0x0 d:/intel_delete_after_master/nios2eds/bin/gnu/h-x86_64-mingw32/bin/../lib/gcc/nios2-elf/12.1.1/../../../../../H-x86_64-mingw32/nios2-elf/lib\libc.a(lib_a-errno.o)
 .text.__errno  0x00000000000299b0        0xc d:/intel_delete_after_master/nios2eds/bin/gnu/h-x86_64-mingw32/bin/../lib/gcc/nios2-elf/12.1.1/../../../../../H-x86_64-mingw32/nios2-elf/lib\libc.a(lib_a-errno.o)
                0x00000000000299b0                __errno
 .text          0x00000000000299bc        0x0 d:/intel_delete_after_master/nios2eds/bin/gnu/h-x86_64-mingw32/bin/../lib/gcc/nios2-elf/12.1.1/../../../../../H-x86_64-mingw32/nios2-elf/lib\libc.a(lib_a-fclose.o)
 .text._fclose_r
                0x00000000000299bc       0xf8 d:/intel_delete_after_master/nios2eds/bin/gnu/h-x86_64-mingw32/bin/../lib/gcc/nios2-elf/12.1.1/../../../../../H-x86_64-mingw32/nios2-elf/lib\libc.a(lib_a-fclose.o)
                0x00000000000299bc                _fclose_r
 .text.fclose   0x0000000000029ab4       0x10 d:/intel_delete_after_master/nios2eds/bin/gnu/h-x86_64-mingw32/bin/../lib/gcc/nios2-elf/12.1.1/../../../../../H-x86_64-mingw32/nios2-elf/lib\libc.a(lib_a-fclose.o)
                0x0000000000029ab4                fclose
 .text          0x0000000000029ac4        0x0 d:/intel_delete_after_master/nios2eds/bin/gnu/h-x86_64-mingw32/bin/../lib/gcc/nios2-elf/12.1.1/../../../../../H-x86_64-mingw32/nios2-elf/lib\libc.a(lib_a-fiprintf.o)
 .text._fiprintf_r
                0x0000000000029ac4       0x20 d:/intel_delete_after_master/nios2eds/bin/gnu/h-x86_64-mingw32/bin/../lib/gcc/nios2-elf/12.1.1/../../../../../H-x86_64-mingw32/nios2-elf/lib\libc.a(lib_a-fiprintf.o)
                0x0000000000029ac4                _fiprintf_r
 .text.fiprintf
                0x0000000000029ae4       0x38 d:/intel_delete_after_master/nios2eds/bin/gnu/h-x86_64-mingw32/bin/../lib/gcc/nios2-elf/12.1.1/../../../../../H-x86_64-mingw32/nios2-elf/lib\libc.a(lib_a-fiprintf.o)
                0x0000000000029ae4                fiprintf
 .text          0x0000000000029b1c        0x0 d:/intel_delete_after_master/nios2eds/bin/gnu/h-x86_64-mingw32/bin/../lib/gcc/nios2-elf/12.1.1/../../../../../H-x86_64-mingw32/nios2-elf/lib\libc.a(lib_a-fputwc.o)
 .text.__fputwc
                0x0000000000029b1c      0x164 d:/intel_delete_after_master/nios2eds/bin/gnu/h-x86_64-mingw32/bin/../lib/gcc/nios2-elf/12.1.1/../../../../../H-x86_64-mingw32/nios2-elf/lib\libc.a(lib_a-fputwc.o)
                0x0000000000029b1c                __fputwc
 .text._fputwc_r
                0x0000000000029c80       0x24 d:/intel_delete_after_master/nios2eds/bin/gnu/h-x86_64-mingw32/bin/../lib/gcc/nios2-elf/12.1.1/../../../../../H-x86_64-mingw32/nios2-elf/lib\libc.a(lib_a-fputwc.o)
                0x0000000000029c80                _fputwc_r
 .text.fputwc   0x0000000000029ca4       0x78 d:/intel_delete_after_master/nios2eds/bin/gnu/h-x86_64-mingw32/bin/../lib/gcc/nios2-elf/12.1.1/../../../../../H-x86_64-mingw32/nios2-elf/lib\libc.a(lib_a-fputwc.o)
                0x0000000000029ca4                fputwc
 .text          0x0000000000029d1c        0x0 d:/intel_delete_after_master/nios2eds/bin/gnu/h-x86_64-mingw32/bin/../lib/gcc/nios2-elf/12.1.1/../../../../../H-x86_64-mingw32/nios2-elf/lib\libc.a(lib_a-fstatr.o)
 .text._fstat_r
                0x0000000000029d1c       0x60 d:/intel_delete_after_master/nios2eds/bin/gnu/h-x86_64-mingw32/bin/../lib/gcc/nios2-elf/12.1.1/../../../../../H-x86_64-mingw32/nios2-elf/lib\libc.a(lib_a-fstatr.o)
                0x0000000000029d1c                _fstat_r
 .text          0x0000000000029d7c        0x0 d:/intel_delete_after_master/nios2eds/bin/gnu/h-x86_64-mingw32/bin/../lib/gcc/nios2-elf/12.1.1/../../../../../H-x86_64-mingw32/nios2-elf/lib\libc.a(lib_a-int_errno.o)
 .text          0x0000000000029d7c        0x0 d:/intel_delete_after_master/nios2eds/bin/gnu/h-x86_64-mingw32/bin/../lib/gcc/nios2-elf/12.1.1/../../../../../H-x86_64-mingw32/nios2-elf/lib\libc.a(lib_a-isattyr.o)
 .text._isatty_r
                0x0000000000029d7c       0x58 d:/intel_delete_after_master/nios2eds/bin/gnu/h-x86_64-mingw32/bin/../lib/gcc/nios2-elf/12.1.1/../../../../../H-x86_64-mingw32/nios2-elf/lib\libc.a(lib_a-isattyr.o)
                0x0000000000029d7c                _isatty_r
 .text          0x0000000000029dd4        0x0 d:/intel_delete_after_master/nios2eds/bin/gnu/h-x86_64-mingw32/bin/../lib/gcc/nios2-elf/12.1.1/../../../../../H-x86_64-mingw32/nios2-elf/lib\libc.a(lib_a-locale.o)
 .text._setlocale_r
                0x0000000000029dd4       0x74 d:/intel_delete_after_master/nios2eds/bin/gnu/h-x86_64-mingw32/bin/../lib/gcc/nios2-elf/12.1.1/../../../../../H-x86_64-mingw32/nios2-elf/lib\libc.a(lib_a-locale.o)
                0x0000000000029dd4                _setlocale_r
 .text.__locale_mb_cur_max
                0x0000000000029e48        0xc d:/intel_delete_after_master/nios2eds/bin/gnu/h-x86_64-mingw32/bin/../lib/gcc/nios2-elf/12.1.1/../../../../../H-x86_64-mingw32/nios2-elf/lib\libc.a(lib_a-locale.o)
                0x0000000000029e48                __locale_mb_cur_max
 .text.setlocale
                0x0000000000029e54       0x74 d:/intel_delete_after_master/nios2eds/bin/gnu/h-x86_64-mingw32/bin/../lib/gcc/nios2-elf/12.1.1/../../../../../H-x86_64-mingw32/nios2-elf/lib\libc.a(lib_a-locale.o)
                0x0000000000029e54                setlocale
 .text          0x0000000000029ec8        0x0 d:/intel_delete_after_master/nios2eds/bin/gnu/h-x86_64-mingw32/bin/../lib/gcc/nios2-elf/12.1.1/../../../../../H-x86_64-mingw32/nios2-elf/lib\libc.a(lib_a-lseekr.o)
 .text._lseek_r
                0x0000000000029ec8       0x64 d:/intel_delete_after_master/nios2eds/bin/gnu/h-x86_64-mingw32/bin/../lib/gcc/nios2-elf/12.1.1/../../../../../H-x86_64-mingw32/nios2-elf/lib\libc.a(lib_a-lseekr.o)
                0x0000000000029ec8                _lseek_r
 .text          0x0000000000029f2c        0x0 d:/intel_delete_after_master/nios2eds/bin/gnu/h-x86_64-mingw32/bin/../lib/gcc/nios2-elf/12.1.1/../../../../../H-x86_64-mingw32/nios2-elf/lib\libc.a(lib_a-mbtowc_r.o)
 .text._mbtowc_r
                0x0000000000029f2c        0xc d:/intel_delete_after_master/nios2eds/bin/gnu/h-x86_64-mingw32/bin/../lib/gcc/nios2-elf/12.1.1/../../../../../H-x86_64-mingw32/nios2-elf/lib\libc.a(lib_a-mbtowc_r.o)
                0x0000000000029f2c                _mbtowc_r
 .text.__ascii_mbtowc
                0x0000000000029f38       0x44 d:/intel_delete_after_master/nios2eds/bin/gnu/h-x86_64-mingw32/bin/../lib/gcc/nios2-elf/12.1.1/../../../../../H-x86_64-mingw32/nios2-elf/lib\libc.a(lib_a-mbtowc_r.o)
                0x0000000000029f38                __ascii_mbtowc
 .text          0x0000000000029f7c        0x0 d:/intel_delete_after_master/nios2eds/bin/gnu/h-x86_64-mingw32/bin/../lib/gcc/nios2-elf/12.1.1/../../../../../H-x86_64-mingw32/nios2-elf/lib\libc.a(lib_a-readr.o)
 .text._read_r  0x0000000000029f7c       0x64 d:/intel_delete_after_master/nios2eds/bin/gnu/h-x86_64-mingw32/bin/../lib/gcc/nios2-elf/12.1.1/../../../../../H-x86_64-mingw32/nios2-elf/lib\libc.a(lib_a-readr.o)
                0x0000000000029f7c                _read_r
 .text          0x0000000000029fe0        0x0 d:/intel_delete_after_master/nios2eds/bin/gnu/h-x86_64-mingw32/bin/../lib/gcc/nios2-elf/12.1.1/../../../../../H-x86_64-mingw32/nios2-elf/lib\libc.a(lib_a-strcmp.o)
 .text.strcmp   0x0000000000029fe0       0xb8 d:/intel_delete_after_master/nios2eds/bin/gnu/h-x86_64-mingw32/bin/../lib/gcc/nios2-elf/12.1.1/../../../../../H-x86_64-mingw32/nios2-elf/lib\libc.a(lib_a-strcmp.o)
                0x0000000000029fe0                strcmp
 .text          0x000000000002a098        0x0 d:/intel_delete_after_master/nios2eds/bin/gnu/h-x86_64-mingw32/bin/../lib/gcc/nios2-elf/12.1.1/../../../../../H-x86_64-mingw32/nios2-elf/lib\libc.a(lib_a-vfiprintfr_1.o)
 .text._vfiprintf_r
                0x000000000002a098        0x4 d:/intel_delete_after_master/nios2eds/bin/gnu/h-x86_64-mingw32/bin/../lib/gcc/nios2-elf/12.1.1/../../../../../H-x86_64-mingw32/nios2-elf/lib\libc.a(lib_a-vfiprintfr_1.o)
                0x000000000002a098                _vfiprintf_r
 .text          0x000000000002a09c        0x0 d:/intel_delete_after_master/nios2eds/bin/gnu/h-x86_64-mingw32/bin/../lib/gcc/nios2-elf/12.1.1/../../../../../H-x86_64-mingw32/nios2-elf/lib\libc.a(lib_a-wbuf.o)
 .text.__swbuf_r
                0x000000000002a09c      0x148 d:/intel_delete_after_master/nios2eds/bin/gnu/h-x86_64-mingw32/bin/../lib/gcc/nios2-elf/12.1.1/../../../../../H-x86_64-mingw32/nios2-elf/lib\libc.a(lib_a-wbuf.o)
                0x000000000002a09c                __swbuf_r
 .text.__swbuf  0x000000000002a1e4       0x18 d:/intel_delete_after_master/nios2eds/bin/gnu/h-x86_64-mingw32/bin/../lib/gcc/nios2-elf/12.1.1/../../../../../H-x86_64-mingw32/nios2-elf/lib\libc.a(lib_a-wbuf.o)
                0x000000000002a1e4                __swbuf
 .text          0x000000000002a1fc        0x0 d:/intel_delete_after_master/nios2eds/bin/gnu/h-x86_64-mingw32/bin/../lib/gcc/nios2-elf/12.1.1/../../../../../H-x86_64-mingw32/nios2-elf/lib\libc.a(lib_a-wcrtomb.o)
 .text._wcrtomb_r
                0x000000000002a1fc       0x6c d:/intel_delete_after_master/nios2eds/bin/gnu/h-x86_64-mingw32/bin/../lib/gcc/nios2-elf/12.1.1/../../../../../H-x86_64-mingw32/nios2-elf/lib\libc.a(lib_a-wcrtomb.o)
                0x000000000002a1fc                _wcrtomb_r
 .text.wcrtomb  0x000000000002a268       0x88 d:/intel_delete_after_master/nios2eds/bin/gnu/h-x86_64-mingw32/bin/../lib/gcc/nios2-elf/12.1.1/../../../../../H-x86_64-mingw32/nios2-elf/lib\libc.a(lib_a-wcrtomb.o)
                0x000000000002a268                wcrtomb
 .text          0x000000000002a2f0        0x0 d:/intel_delete_after_master/nios2eds/bin/gnu/h-x86_64-mingw32/bin/../lib/gcc/nios2-elf/12.1.1/../../../../../H-x86_64-mingw32/nios2-elf/lib\libc.a(lib_a-wctomb_r.o)
 .text._wctomb_r
                0x000000000002a2f0        0xc d:/intel_delete_after_master/nios2eds/bin/gnu/h-x86_64-mingw32/bin/../lib/gcc/nios2-elf/12.1.1/../../../../../H-x86_64-mingw32/nios2-elf/lib\libc.a(lib_a-wctomb_r.o)
                0x000000000002a2f0                _wctomb_r
 .text.__ascii_wctomb
                0x000000000002a2fc       0x30 d:/intel_delete_after_master/nios2eds/bin/gnu/h-x86_64-mingw32/bin/../lib/gcc/nios2-elf/12.1.1/../../../../../H-x86_64-mingw32/nios2-elf/lib\libc.a(lib_a-wctomb_r.o)
                0x000000000002a2fc                __ascii_wctomb
 .text          0x000000000002a32c        0x0 d:/intel_delete_after_master/nios2eds/bin/gnu/h-x86_64-mingw32/bin/../lib/gcc/nios2-elf/12.1.1/../../../../../H-x86_64-mingw32/nios2-elf/lib\libc.a(lib_a-abort.o)
 .text.unlikely.abort
                0x000000000002a32c       0x18 d:/intel_delete_after_master/nios2eds/bin/gnu/h-x86_64-mingw32/bin/../lib/gcc/nios2-elf/12.1.1/../../../../../H-x86_64-mingw32/nios2-elf/lib\libc.a(lib_a-abort.o)
                0x000000000002a32c                abort
 .text          0x000000000002a344        0x0 d:/intel_delete_after_master/nios2eds/bin/gnu/h-x86_64-mingw32/bin/../lib/gcc/nios2-elf/12.1.1/../../../../../H-x86_64-mingw32/nios2-elf/lib\libc.a(lib_a-ctype_.o)
 .text          0x000000000002a344        0x0 d:/intel_delete_after_master/nios2eds/bin/gnu/h-x86_64-mingw32/bin/../lib/gcc/nios2-elf/12.1.1/../../../../../H-x86_64-mingw32/nios2-elf/lib\libc.a(lib_a-signal.o)
 .text._init_signal_r
                0x000000000002a344       0x5c d:/intel_delete_after_master/nios2eds/bin/gnu/h-x86_64-mingw32/bin/../lib/gcc/nios2-elf/12.1.1/../../../../../H-x86_64-mingw32/nios2-elf/lib\libc.a(lib_a-signal.o)
                0x000000000002a344                _init_signal_r
 .text._signal_r
                0x000000000002a3a0       0x90 d:/intel_delete_after_master/nios2eds/bin/gnu/h-x86_64-mingw32/bin/../lib/gcc/nios2-elf/12.1.1/../../../../../H-x86_64-mingw32/nios2-elf/lib\libc.a(lib_a-signal.o)
                0x000000000002a3a0                _signal_r
 .text._raise_r
                0x000000000002a430       0xb0 d:/intel_delete_after_master/nios2eds/bin/gnu/h-x86_64-mingw32/bin/../lib/gcc/nios2-elf/12.1.1/../../../../../H-x86_64-mingw32/nios2-elf/lib\libc.a(lib_a-signal.o)
                0x000000000002a430                _raise_r
 .text.__sigtramp_r
                0x000000000002a4e0       0xbc d:/intel_delete_after_master/nios2eds/bin/gnu/h-x86_64-mingw32/bin/../lib/gcc/nios2-elf/12.1.1/../../../../../H-x86_64-mingw32/nios2-elf/lib\libc.a(lib_a-signal.o)
                0x000000000002a4e0                __sigtramp_r
 .text.raise    0x000000000002a59c       0xb4 d:/intel_delete_after_master/nios2eds/bin/gnu/h-x86_64-mingw32/bin/../lib/gcc/nios2-elf/12.1.1/../../../../../H-x86_64-mingw32/nios2-elf/lib\libc.a(lib_a-signal.o)
                0x000000000002a59c                raise
 .text.signal   0x000000000002a650       0x98 d:/intel_delete_after_master/nios2eds/bin/gnu/h-x86_64-mingw32/bin/../lib/gcc/nios2-elf/12.1.1/../../../../../H-x86_64-mingw32/nios2-elf/lib\libc.a(lib_a-signal.o)
                0x000000000002a650                signal
 .text._init_signal
                0x000000000002a6e8       0x60 d:/intel_delete_after_master/nios2eds/bin/gnu/h-x86_64-mingw32/bin/../lib/gcc/nios2-elf/12.1.1/../../../../../H-x86_64-mingw32/nios2-elf/lib\libc.a(lib_a-signal.o)
                0x000000000002a6e8                _init_signal
 .text.__sigtramp
                0x000000000002a748       0xbc d:/intel_delete_after_master/nios2eds/bin/gnu/h-x86_64-mingw32/bin/../lib/gcc/nios2-elf/12.1.1/../../../../../H-x86_64-mingw32/nios2-elf/lib\libc.a(lib_a-signal.o)
                0x000000000002a748                __sigtramp
 .text          0x000000000002a804        0x0 d:/intel_delete_after_master/nios2eds/bin/gnu/h-x86_64-mingw32/bin/../lib/gcc/nios2-elf/12.1.1/../../../../../H-x86_64-mingw32/nios2-elf/lib\libc.a(lib_a-signalr.o)
 .text._kill_r  0x000000000002a804       0x60 d:/intel_delete_after_master/nios2eds/bin/gnu/h-x86_64-mingw32/bin/../lib/gcc/nios2-elf/12.1.1/../../../../../H-x86_64-mingw32/nios2-elf/lib\libc.a(lib_a-signalr.o)
                0x000000000002a804                _kill_r
 .text._getpid_r
                0x000000000002a864        0x4 d:/intel_delete_after_master/nios2eds/bin/gnu/h-x86_64-mingw32/bin/../lib/gcc/nios2-elf/12.1.1/../../../../../H-x86_64-mingw32/nios2-elf/lib\libc.a(lib_a-signalr.o)
                0x000000000002a864                _getpid_r
 .text          0x000000000002a868      0x550 d:/intel_delete_after_master/nios2eds/bin/gnu/h-x86_64-mingw32/bin/../lib/gcc/nios2-elf/12.1.1\libgcc.a(_udivdi3.o)
                0x000000000002a868                __udivdi3
 .text          0x000000000002adb8      0x510 d:/intel_delete_after_master/nios2eds/bin/gnu/h-x86_64-mingw32/bin/../lib/gcc/nios2-elf/12.1.1\libgcc.a(_umoddi3.o)
                0x000000000002adb8                __umoddi3
 .text          0x000000000002b2c8      0x904 d:/intel_delete_after_master/nios2eds/bin/gnu/h-x86_64-mingw32/bin/../lib/gcc/nios2-elf/12.1.1\libgcc.a(adddf3.o)
                0x000000000002b2c8                __adddf3
 .text          0x000000000002bbcc      0x848 d:/intel_delete_after_master/nios2eds/bin/gnu/h-x86_64-mingw32/bin/../lib/gcc/nios2-elf/12.1.1\libgcc.a(divdf3.o)
                0x000000000002bbcc                __divdf3
 .text          0x000000000002c414       0x94 d:/intel_delete_after_master/nios2eds/bin/gnu/h-x86_64-mingw32/bin/../lib/gcc/nios2-elf/12.1.1\libgcc.a(eqdf2.o)
                0x000000000002c414                __nedf2
                0x000000000002c414                __eqdf2
 .text          0x000000000002c4a8       0xfc d:/intel_delete_after_master/nios2eds/bin/gnu/h-x86_64-mingw32/bin/../lib/gcc/nios2-elf/12.1.1\libgcc.a(gedf2.o)
                0x000000000002c4a8                __gedf2
                0x000000000002c4a8                __gtdf2
 .text          0x000000000002c5a4       0xf8 d:/intel_delete_after_master/nios2eds/bin/gnu/h-x86_64-mingw32/bin/../lib/gcc/nios2-elf/12.1.1\libgcc.a(ledf2.o)
                0x000000000002c5a4                __ledf2
                0x000000000002c5a4                __ltdf2
 .text          0x000000000002c69c      0x6d8 d:/intel_delete_after_master/nios2eds/bin/gnu/h-x86_64-mingw32/bin/../lib/gcc/nios2-elf/12.1.1\libgcc.a(muldf3.o)
                0x000000000002c69c                __muldf3
 .text          0x000000000002cd74      0x99c d:/intel_delete_after_master/nios2eds/bin/gnu/h-x86_64-mingw32/bin/../lib/gcc/nios2-elf/12.1.1\libgcc.a(subdf3.o)
                0x000000000002cd74                __subdf3
 .text          0x000000000002d710       0x54 d:/intel_delete_after_master/nios2eds/bin/gnu/h-x86_64-mingw32/bin/../lib/gcc/nios2-elf/12.1.1\libgcc.a(unorddf2.o)
                0x000000000002d710                __unorddf2
 .text          0x000000000002d764       0x80 d:/intel_delete_after_master/nios2eds/bin/gnu/h-x86_64-mingw32/bin/../lib/gcc/nios2-elf/12.1.1\libgcc.a(fixdfsi.o)
                0x000000000002d764                __fixdfsi
 .text          0x000000000002d7e4       0xb8 d:/intel_delete_after_master/nios2eds/bin/gnu/h-x86_64-mingw32/bin/../lib/gcc/nios2-elf/12.1.1\libgcc.a(floatsidf.o)
                0x000000000002d7e4                __floatsidf
 .text          0x000000000002d89c       0x90 d:/intel_delete_after_master/nios2eds/bin/gnu/h-x86_64-mingw32/bin/../lib/gcc/nios2-elf/12.1.1\libgcc.a(floatunsidf.o)
                0x000000000002d89c                __floatunsidf
 .text          0x000000000002d92c        0x0 d:/intel_delete_after_master/nios2eds/bin/gnu/h-x86_64-mingw32/bin/../lib/gcc/nios2-elf/12.1.1\libgcc.a(_clz.o)
 .text          0x000000000002d92c       0x50 d:/intel_delete_after_master/nios2eds/bin/gnu/h-x86_64-mingw32/bin/../lib/gcc/nios2-elf/12.1.1\libgcc.a(_clzsi2.o)
                0x000000000002d92c                __clzsi2
 .text          0x000000000002d97c      0x10c n:/Facultate/Master/Master_2/PASIC/nivela_bidir/nivela_bidir/software/nivela_bidirectionala_bsp/\libhal_bsp.a(alt_close.o)
                0x000000000002d9b8                close
 .text          0x000000000002da88       0x2c n:/Facultate/Master/Master_2/PASIC/nivela_bidir/nivela_bidir/software/nivela_bidirectionala_bsp/\libhal_bsp.a(alt_dev.o)
 .text          0x000000000002dab4        0x0 n:/Facultate/Master/Master_2/PASIC/nivela_bidir/nivela_bidir/software/nivela_bidirectionala_bsp/\libhal_bsp.a(alt_errno.o)
 .text          0x000000000002dab4       0x3c n:/Facultate/Master/Master_2/PASIC/nivela_bidir/nivela_bidir/software/nivela_bidirectionala_bsp/\libhal_bsp.a(alt_exit.o)
                0x000000000002dab4                _exit
 .text          0x000000000002daf0       0xec n:/Facultate/Master/Master_2/PASIC/nivela_bidir/nivela_bidir/software/nivela_bidirectionala_bsp/\libhal_bsp.a(alt_fstat.o)
                0x000000000002db2c                fstat
 .text          0x000000000002dbdc       0x20 n:/Facultate/Master/Master_2/PASIC/nivela_bidir/nivela_bidir/software/nivela_bidirectionala_bsp/\libhal_bsp.a(alt_getpid.o)
                0x000000000002dbdc                getpid
 .text          0x000000000002dbfc       0xe0 n:/Facultate/Master/Master_2/PASIC/nivela_bidir/nivela_bidir/software/nivela_bidirectionala_bsp/\libhal_bsp.a(alt_isatty.o)
                0x000000000002dc38                isatty
 .text          0x000000000002dcdc      0x12c n:/Facultate/Master/Master_2/PASIC/nivela_bidir/nivela_bidir/software/nivela_bidirectionala_bsp/\libhal_bsp.a(alt_kill.o)
                0x000000000002dd18                kill
 .text          0x000000000002de08       0xec n:/Facultate/Master/Master_2/PASIC/nivela_bidir/nivela_bidir/software/nivela_bidirectionala_bsp/\libhal_bsp.a(alt_load.o)
                0x000000000002de70                alt_load
 .text          0x000000000002def4      0x110 n:/Facultate/Master/Master_2/PASIC/nivela_bidir/nivela_bidir/software/nivela_bidirectionala_bsp/\libhal_bsp.a(alt_lseek.o)
                0x000000000002df30                lseek
 .text          0x000000000002e004       0x7c n:/Facultate/Master/Master_2/PASIC/nivela_bidir/nivela_bidir/software/nivela_bidirectionala_bsp/\libhal_bsp.a(alt_main.o)
                0x000000000002e004                alt_main
 .text          0x000000000002e080       0x48 n:/Facultate/Master/Master_2/PASIC/nivela_bidir/nivela_bidir/software/nivela_bidirectionala_bsp/\libhal_bsp.a(alt_malloc_lock.o)
                0x000000000002e080                __malloc_lock
                0x000000000002e0a4                __malloc_unlock
 .text          0x000000000002e0c8      0x138 n:/Facultate/Master/Master_2/PASIC/nivela_bidir/nivela_bidir/software/nivela_bidirectionala_bsp/\libhal_bsp.a(alt_read.o)
                0x000000000002e104                read
 .text          0x000000000002e200       0x58 n:/Facultate/Master/Master_2/PASIC/nivela_bidir/nivela_bidir/software/nivela_bidirectionala_bsp/\libhal_bsp.a(alt_release_fd.o)
                0x000000000002e200                alt_release_fd
 .text          0x000000000002e258       0xb8 n:/Facultate/Master/Master_2/PASIC/nivela_bidir/nivela_bidir/software/nivela_bidirectionala_bsp/\libhal_bsp.a(alt_sbrk.o)
                0x000000000002e258                sbrk
 .text          0x000000000002e310       0x30 n:/Facultate/Master/Master_2/PASIC/nivela_bidir/nivela_bidir/software/nivela_bidirectionala_bsp/\libhal_bsp.a(alt_usleep.o)
                0x000000000002e310                usleep
 .text          0x000000000002e340      0x134 n:/Facultate/Master/Master_2/PASIC/nivela_bidir/nivela_bidir/software/nivela_bidirectionala_bsp/\libhal_bsp.a(alt_write.o)
                0x000000000002e37c                write
 .text          0x000000000002e474       0xd4 n:/Facultate/Master/Master_2/PASIC/nivela_bidir/nivela_bidir/software/nivela_bidirectionala_bsp/\libhal_bsp.a(alt_sys_init.o)
                0x000000000002e4a8                alt_irq_init
                0x000000000002e4e4                alt_sys_init
 .text          0x000000000002e548      0x164 n:/Facultate/Master/Master_2/PASIC/nivela_bidir/nivela_bidir/software/nivela_bidirectionala_bsp/\libhal_bsp.a(altera_avalon_jtag_uart_fd.o)
                0x000000000002e548                altera_avalon_jtag_uart_read_fd
                0x000000000002e5a8                altera_avalon_jtag_uart_write_fd
                0x000000000002e608                altera_avalon_jtag_uart_close_fd
                0x000000000002e658                altera_avalon_jtag_uart_ioctl_fd
 .text          0x000000000002e6ac      0x3dc n:/Facultate/Master/Master_2/PASIC/nivela_bidir/nivela_bidir/software/nivela_bidirectionala_bsp/\libhal_bsp.a(altera_avalon_jtag_uart_init.o)
                0x000000000002e6ac                altera_avalon_jtag_uart_init
                0x000000000002ea20                altera_avalon_jtag_uart_close
 .text          0x000000000002ea88       0xf4 n:/Facultate/Master/Master_2/PASIC/nivela_bidir/nivela_bidir/software/nivela_bidirectionala_bsp/\libhal_bsp.a(altera_avalon_jtag_uart_ioctl.o)
                0x000000000002ea88                altera_avalon_jtag_uart_ioctl
 .text          0x000000000002eb7c      0x220 n:/Facultate/Master/Master_2/PASIC/nivela_bidir/nivela_bidir/software/nivela_bidirectionala_bsp/\libhal_bsp.a(altera_avalon_jtag_uart_read.o)
                0x000000000002eb7c                altera_avalon_jtag_uart_read
 .text          0x000000000002ed9c      0x228 n:/Facultate/Master/Master_2/PASIC/nivela_bidir/nivela_bidir/software/nivela_bidirectionala_bsp/\libhal_bsp.a(altera_avalon_jtag_uart_write.o)
                0x000000000002ed9c                altera_avalon_jtag_uart_write
 .text          0x000000000002efc4      0x3cc n:/Facultate/Master/Master_2/PASIC/nivela_bidir/nivela_bidir/software/nivela_bidirectionala_bsp/\libhal_bsp.a(altera_up_avalon_accelerometer_spi.o)
                0x000000000002efc4                alt_up_accelerometer_spi_open_dev
                0x000000000002f000                alt_up_accelerometer_spi_read_address_register
                0x000000000002f044                alt_up_accelerometer_spi_read
                0x000000000002f0ac                alt_up_accelerometer_spi_write
                0x000000000002f114                alt_up_accelerometer_spi_read_x_axis
                0x000000000002f1e8                alt_up_accelerometer_spi_read_y_axis
                0x000000000002f2bc                alt_up_accelerometer_spi_read_z_axis
 .text          0x000000000002f390      0x150 n:/Facultate/Master/Master_2/PASIC/nivela_bidir/nivela_bidir/software/nivela_bidirectionala_bsp/\libhal_bsp.a(altera_up_avalon_adc.o)
                0x000000000002f390                alt_up_adc_open_dev
                0x000000000002f3cc                alt_up_adc_read
 .text          0x000000000002f4e0      0x160 n:/Facultate/Master/Master_2/PASIC/nivela_bidir/nivela_bidir/software/nivela_bidirectionala_bsp/\libhal_bsp.a(alt_alarm_start.o)
                0x000000000002f4e0                alt_alarm_start
 .text          0x000000000002f640      0x158 n:/Facultate/Master/Master_2/PASIC/nivela_bidir/nivela_bidir/software/nivela_bidirectionala_bsp/\libhal_bsp.a(alt_busy_sleep.o)
                0x000000000002f640                alt_busy_sleep
 .text          0x000000000002f798       0x20 n:/Facultate/Master/Master_2/PASIC/nivela_bidir/nivela_bidir/software/nivela_bidirectionala_bsp/\libhal_bsp.a(alt_dcache_flush_all.o)
                0x000000000002f798                alt_dcache_flush_all
 .text          0x000000000002f7b8       0xe4 n:/Facultate/Master/Master_2/PASIC/nivela_bidir/nivela_bidir/software/nivela_bidirectionala_bsp/\libhal_bsp.a(alt_dev_llist_insert.o)
                0x000000000002f7f4                alt_dev_llist_insert
 .text          0x000000000002f89c       0x64 n:/Facultate/Master/Master_2/PASIC/nivela_bidir/nivela_bidir/software/nivela_bidirectionala_bsp/\libhal_bsp.a(alt_do_ctors.o)
                0x000000000002f89c                _do_ctors
 .text          0x000000000002f900       0x64 n:/Facultate/Master/Master_2/PASIC/nivela_bidir/nivela_bidir/software/nivela_bidirectionala_bsp/\libhal_bsp.a(alt_do_dtors.o)
                0x000000000002f900                _do_dtors
 .text          0x000000000002f964       0x90 n:/Facultate/Master/Master_2/PASIC/nivela_bidir/nivela_bidir/software/nivela_bidirectionala_bsp/\libhal_bsp.a(alt_find_dev.o)
                0x000000000002f964                alt_find_dev
 .text          0x000000000002f9f4       0x20 n:/Facultate/Master/Master_2/PASIC/nivela_bidir/nivela_bidir/software/nivela_bidirectionala_bsp/\libhal_bsp.a(alt_icache_flush_all.o)
                0x000000000002f9f4                alt_icache_flush_all
 .text          0x000000000002fa14      0x12c n:/Facultate/Master/Master_2/PASIC/nivela_bidir/nivela_bidir/software/nivela_bidirectionala_bsp/\libhal_bsp.a(alt_io_redirect.o)
                0x000000000002fac4                alt_io_redirect
 .text          0x000000000002fb40      0x180 n:/Facultate/Master/Master_2/PASIC/nivela_bidir/nivela_bidir/software/nivela_bidirectionala_bsp/\libhal_bsp.a(alt_irq_register.o)
                0x000000000002fb40                alt_irq_register
 .text          0x000000000002fcc0        0x0 n:/Facultate/Master/Master_2/PASIC/nivela_bidir/nivela_bidir/software/nivela_bidirectionala_bsp/\libhal_bsp.a(alt_irq_vars.o)
 .text          0x000000000002fcc0      0x248 n:/Facultate/Master/Master_2/PASIC/nivela_bidir/nivela_bidir/software/nivela_bidirectionala_bsp/\libhal_bsp.a(alt_open.o)
                0x000000000002fdb4                open
 .text          0x000000000002ff08      0x1d0 n:/Facultate/Master/Master_2/PASIC/nivela_bidir/nivela_bidir/software/nivela_bidirectionala_bsp/\libhal_bsp.a(alt_tick.o)
                0x000000000002ff08                alt_alarm_stop
                0x000000000002ffac                alt_tick
 .text          0x00000000000300d8       0x24 n:/Facultate/Master/Master_2/PASIC/nivela_bidir/nivela_bidir/software/nivela_bidirectionala_bsp/\libhal_bsp.a(altera_nios2_gen2_irq.o)
                0x00000000000300d8                altera_nios2_gen2_irq_init
 .text          0x00000000000300fc      0x108 n:/Facultate/Master/Master_2/PASIC/nivela_bidir/nivela_bidir/software/nivela_bidirectionala_bsp/\libhal_bsp.a(alt_find_file.o)
                0x00000000000300fc                alt_find_file
 .text          0x0000000000030204       0xa0 n:/Facultate/Master/Master_2/PASIC/nivela_bidir/nivela_bidir/software/nivela_bidirectionala_bsp/\libhal_bsp.a(alt_get_fd.o)
                0x0000000000030204                alt_get_fd
 .text          0x00000000000302a4        0x0 n:/Facultate/Master/Master_2/PASIC/nivela_bidir/nivela_bidir/software/nivela_bidirectionala_bsp/\libhal_bsp.a(alt_irq_entry.o)
 .text          0x00000000000302a4        0x0 n:/Facultate/Master/Master_2/PASIC/nivela_bidir/nivela_bidir/software/nivela_bidirectionala_bsp/\libhal_bsp.a(alt_irq_handler.o)
 .text          0x00000000000302a4        0x0 n:/Facultate/Master/Master_2/PASIC/nivela_bidir/nivela_bidir/software/nivela_bidirectionala_bsp/\libhal_bsp.a(alt_exception_entry.o)
 .text          0x00000000000302a4       0x74 n:/Facultate/Master/Master_2/PASIC/nivela_bidir/nivela_bidir/software/nivela_bidirectionala_bsp/\libhal_bsp.a(alt_instruction_exception_entry.o)
                0x00000000000302a4                alt_exception_cause_generated_bad_addr
 .text          0x0000000000030318        0x0 d:/intel_delete_after_master/nios2eds/bin/gnu/h-x86_64-mingw32/bin/../lib/gcc/nios2-elf/12.1.1/../../../../../H-x86_64-mingw32/nios2-elf/lib\libc.a(lib_a-atexit.o)
 .text.atexit   0x0000000000030318       0x14 d:/intel_delete_after_master/nios2eds/bin/gnu/h-x86_64-mingw32/bin/../lib/gcc/nios2-elf/12.1.1/../../../../../H-x86_64-mingw32/nios2-elf/lib\libc.a(lib_a-atexit.o)
                0x0000000000030318                atexit
 .text          0x000000000003032c        0x0 d:/intel_delete_after_master/nios2eds/bin/gnu/h-x86_64-mingw32/bin/../lib/gcc/nios2-elf/12.1.1/../../../../../H-x86_64-mingw32/nios2-elf/lib\libc.a(lib_a-exit.o)
 .text.exit     0x000000000003032c       0x34 d:/intel_delete_after_master/nios2eds/bin/gnu/h-x86_64-mingw32/bin/../lib/gcc/nios2-elf/12.1.1/../../../../../H-x86_64-mingw32/nios2-elf/lib\libc.a(lib_a-exit.o)
                0x000000000003032c                exit
 .text          0x0000000000030360        0x0 d:/intel_delete_after_master/nios2eds/bin/gnu/h-x86_64-mingw32/bin/../lib/gcc/nios2-elf/12.1.1/../../../../../H-x86_64-mingw32/nios2-elf/lib\libc.a(lib_a-memcmp.o)
 .text.memcmp   0x0000000000030360       0x78 d:/intel_delete_after_master/nios2eds/bin/gnu/h-x86_64-mingw32/bin/../lib/gcc/nios2-elf/12.1.1/../../../../../H-x86_64-mingw32/nios2-elf/lib\libc.a(lib_a-memcmp.o)
                0x0000000000030360                memcmp
 .text          0x00000000000303d8        0x0 d:/intel_delete_after_master/nios2eds/bin/gnu/h-x86_64-mingw32/bin/../lib/gcc/nios2-elf/12.1.1/../../../../../H-x86_64-mingw32/nios2-elf/lib\libc.a(lib_a-__atexit.o)
 .text.__register_exitproc
                0x00000000000303d8       0x90 d:/intel_delete_after_master/nios2eds/bin/gnu/h-x86_64-mingw32/bin/../lib/gcc/nios2-elf/12.1.1/../../../../../H-x86_64-mingw32/nios2-elf/lib\libc.a(lib_a-__atexit.o)
                0x00000000000303d8                __register_exitproc
 .text          0x0000000000030468        0x0 d:/intel_delete_after_master/nios2eds/bin/gnu/h-x86_64-mingw32/bin/../lib/gcc/nios2-elf/12.1.1/../../../../../H-x86_64-mingw32/nios2-elf/lib\libc.a(lib_a-__call_atexit.o)
 .text.__call_exitprocs
                0x0000000000030468      0x120 d:/intel_delete_after_master/nios2eds/bin/gnu/h-x86_64-mingw32/bin/../lib/gcc/nios2-elf/12.1.1/../../../../../H-x86_64-mingw32/nios2-elf/lib\libc.a(lib_a-__call_atexit.o)
                0x0000000000030468                __call_exitprocs
 *(.gnu.warning.*)
 *(.fini)
                [!provide]                        PROVIDE (__etext = ABSOLUTE (.))
                [!provide]                        PROVIDE (_etext = ABSOLUTE (.))
                [!provide]                        PROVIDE (etext = ABSOLUTE (.))
 *(.eh_frame_hdr)
                0x0000000000030588                . = ALIGN (0x4)
                [!provide]                        PROVIDE (__preinit_array_start = ABSOLUTE (.))
 *(.preinit_array)
                [!provide]                        PROVIDE (__preinit_array_end = ABSOLUTE (.))
                [!provide]                        PROVIDE (__init_array_start = ABSOLUTE (.))
 *(.init_array)
                [!provide]                        PROVIDE (__init_array_end = ABSOLUTE (.))
                [!provide]                        PROVIDE (__fini_array_start = ABSOLUTE (.))
 *(.fini_array)
                [!provide]                        PROVIDE (__fini_array_end = ABSOLUTE (.))
 *(.eh_frame)
 *(.gcc_except_table .gcc_except_table.*)
 *(.dynamic)
                0x0000000000030588                PROVIDE (__CTOR_LIST__ = ABSOLUTE (.))
 *(.ctors)
 *(SORT_BY_NAME(.ctors.*))
                0x0000000000030588                PROVIDE (__CTOR_END__ = ABSOLUTE (.))
                0x0000000000030588                PROVIDE (__DTOR_LIST__ = ABSOLUTE (.))
 *(.dtors)
 *(SORT_BY_NAME(.dtors.*))
                0x0000000000030588                PROVIDE (__DTOR_END__ = ABSOLUTE (.))
 *(.jcr)
                0x0000000000030588                . = ALIGN (0x4)

.rodata         0x0000000000030588      0x714
                0x0000000000030588                PROVIDE (__ram_rodata_start = ABSOLUTE (.))
                0x0000000000030588                . = ALIGN (0x4)
 *(.rodata .rodata.* .gnu.linkonce.r.*)
 .rodata        0x0000000000030588       0x47 obj/default/accelerometer.o
 *fill*         0x00000000000305cf        0x1 
 .rodata        0x00000000000305d0       0x54 obj/default/main.o
 .rodata._puts_r.str1.4
                0x0000000000030624        0x2 d:/intel_delete_after_master/nios2eds/bin/gnu/h-x86_64-mingw32/bin/../lib/gcc/nios2-elf/12.1.1/../../../../../H-x86_64-mingw32/nios2-elf/lib\libc.a(lib_a-puts.o)
 *fill*         0x0000000000030626        0x2 
 .rodata.___vfprintf_internal_r.str1.4
                0x0000000000030628       0x42 d:/intel_delete_after_master/nios2eds/bin/gnu/h-x86_64-mingw32/bin/../lib/gcc/nios2-elf/12.1.1/../../../../../H-x86_64-mingw32/nios2-elf/lib\libc.a(lib_a-vfprintf.o)
 *fill*         0x000000000003066a        0x2 
 .rodata.zeroes.0
                0x000000000003066c       0x10 d:/intel_delete_after_master/nios2eds/bin/gnu/h-x86_64-mingw32/bin/../lib/gcc/nios2-elf/12.1.1/../../../../../H-x86_64-mingw32/nios2-elf/lib\libc.a(lib_a-vfprintf.o)
 .rodata.blanks.1
                0x000000000003067c       0x10 d:/intel_delete_after_master/nios2eds/bin/gnu/h-x86_64-mingw32/bin/../lib/gcc/nios2-elf/12.1.1/../../../../../H-x86_64-mingw32/nios2-elf/lib\libc.a(lib_a-vfprintf.o)
 .rodata._dtoa_r.str1.4
                0x000000000003068c       0x5e d:/intel_delete_after_master/nios2eds/bin/gnu/h-x86_64-mingw32/bin/../lib/gcc/nios2-elf/12.1.1/../../../../../H-x86_64-mingw32/nios2-elf/lib\libc.a(lib_a-dtoa.o)
                                         0x62 (size before relaxing)
 *fill*         0x00000000000306ea        0x2 
 .rodata.__multadd.str1.4
                0x00000000000306ec       0x3b d:/intel_delete_after_master/nios2eds/bin/gnu/h-x86_64-mingw32/bin/../lib/gcc/nios2-elf/12.1.1/../../../../../H-x86_64-mingw32/nios2-elf/lib\libc.a(lib_a-mprec.o)
                                         0x4f (size before relaxing)
 *fill*         0x0000000000030727        0x1 
 .rodata.p05.0  0x0000000000030728        0xc d:/intel_delete_after_master/nios2eds/bin/gnu/h-x86_64-mingw32/bin/../lib/gcc/nios2-elf/12.1.1/../../../../../H-x86_64-mingw32/nios2-elf/lib\libc.a(lib_a-mprec.o)
 .rodata.__mprec_tinytens
                0x0000000000030734       0x28 d:/intel_delete_after_master/nios2eds/bin/gnu/h-x86_64-mingw32/bin/../lib/gcc/nios2-elf/12.1.1/../../../../../H-x86_64-mingw32/nios2-elf/lib\libc.a(lib_a-mprec.o)
                0x0000000000030734                __mprec_tinytens
 .rodata.__mprec_bigtens
                0x000000000003075c       0x28 d:/intel_delete_after_master/nios2eds/bin/gnu/h-x86_64-mingw32/bin/../lib/gcc/nios2-elf/12.1.1/../../../../../H-x86_64-mingw32/nios2-elf/lib\libc.a(lib_a-mprec.o)
                0x000000000003075c                __mprec_bigtens
 .rodata.__mprec_tens
                0x0000000000030784       0xc8 d:/intel_delete_after_master/nios2eds/bin/gnu/h-x86_64-mingw32/bin/../lib/gcc/nios2-elf/12.1.1/../../../../../H-x86_64-mingw32/nios2-elf/lib\libc.a(lib_a-mprec.o)
                0x0000000000030784                __mprec_tens
 .rodata.___vfiprintf_internal_r.str1.4
                0x000000000003084c       0x2f d:/intel_delete_after_master/nios2eds/bin/gnu/h-x86_64-mingw32/bin/../lib/gcc/nios2-elf/12.1.1/../../../../../H-x86_64-mingw32/nios2-elf/lib\libc.a(lib_a-vfiprintf.o)
 .rodata.zeroes.0
                0x000000000003084c       0x10 d:/intel_delete_after_master/nios2eds/bin/gnu/h-x86_64-mingw32/bin/../lib/gcc/nios2-elf/12.1.1/../../../../../H-x86_64-mingw32/nios2-elf/lib\libc.a(lib_a-vfiprintf.o)
 .rodata.blanks.1
                0x000000000003085c       0x10 d:/intel_delete_after_master/nios2eds/bin/gnu/h-x86_64-mingw32/bin/../lib/gcc/nios2-elf/12.1.1/../../../../../H-x86_64-mingw32/nios2-elf/lib\libc.a(lib_a-vfiprintf.o)
 .rodata.__assert_func.str1.4
                0x000000000003086c       0x3f d:/intel_delete_after_master/nios2eds/bin/gnu/h-x86_64-mingw32/bin/../lib/gcc/nios2-elf/12.1.1/../../../../../H-x86_64-mingw32/nios2-elf/lib\libc.a(lib_a-assert.o)
                                         0x43 (size before relaxing)
 *fill*         0x00000000000308ab        0x1 
 .rodata._setlocale_r.str1.4
                0x00000000000308ac        0xa d:/intel_delete_after_master/nios2eds/bin/gnu/h-x86_64-mingw32/bin/../lib/gcc/nios2-elf/12.1.1/../../../../../H-x86_64-mingw32/nios2-elf/lib\libc.a(lib_a-locale.o)
 *fill*         0x00000000000308b6        0x2 
 .rodata.str1.4
                0x00000000000308b8        0x2 d:/intel_delete_after_master/nios2eds/bin/gnu/h-x86_64-mingw32/bin/../lib/gcc/nios2-elf/12.1.1/../../../../../H-x86_64-mingw32/nios2-elf/lib\libc.a(lib_a-locale.o)
                                          0x5 (size before relaxing)
 *fill*         0x00000000000308ba        0x2 
 .rodata._ctype_
                0x00000000000308bc      0x101 d:/intel_delete_after_master/nios2eds/bin/gnu/h-x86_64-mingw32/bin/../lib/gcc/nios2-elf/12.1.1/../../../../../H-x86_64-mingw32/nios2-elf/lib\libc.a(lib_a-ctype_.o)
                0x00000000000308bc                _ctype_
 *fill*         0x00000000000309bd        0x3 
 .rodata._ctype_b
                0x00000000000309c0      0x180 d:/intel_delete_after_master/nios2eds/bin/gnu/h-x86_64-mingw32/bin/../lib/gcc/nios2-elf/12.1.1/../../../../../H-x86_64-mingw32/nios2-elf/lib\libc.a(lib_a-ctype_.o)
                0x00000000000309c0                _ctype_b
 .rodata        0x0000000000030b40      0x100 d:/intel_delete_after_master/nios2eds/bin/gnu/h-x86_64-mingw32/bin/../lib/gcc/nios2-elf/12.1.1\libgcc.a(_clz.o)
                0x0000000000030b40                __clz_tab
 .rodata        0x0000000000030c40        0xa n:/Facultate/Master/Master_2/PASIC/nivela_bidir/nivela_bidir/software/nivela_bidirectionala_bsp/\libhal_bsp.a(alt_dev.o)
 *fill*         0x0000000000030c4a        0x2 
 .rodata        0x0000000000030c4c       0x11 n:/Facultate/Master/Master_2/PASIC/nivela_bidir/nivela_bidir/software/nivela_bidirectionala_bsp/\libhal_bsp.a(alt_main.o)
 *fill*         0x0000000000030c5d        0x3 
 .rodata        0x0000000000030c60       0x3b n:/Facultate/Master/Master_2/PASIC/nivela_bidir/nivela_bidir/software/nivela_bidirectionala_bsp/\libhal_bsp.a(alt_sys_init.o)
 *(.rodata1)
                0x0000000000030c9c                . = ALIGN (0x4)
 *fill*         0x0000000000030c9b        0x1 
                0x0000000000030c9c                PROVIDE (__ram_rodata_end = ABSOLUTE (.))
                0x0000000000030588                PROVIDE (__flash_rodata_start = LOADADDR (.rodata))

.rwdata         0x0000000000030c9c     0x1c30 load address 0x00000000000328cc
                0x0000000000030c9c                PROVIDE (__ram_rwdata_start = ABSOLUTE (.))
                0x0000000000030c9c                . = ALIGN (0x4)
 *(.got.plt)
 *(.got)
 *(.data1)
 *(.data .data.* .gnu.linkonce.d.*)
 .data          0x0000000000030c9c        0x0 n:/Facultate/Master/Master_2/PASIC/nivela_bidir/nivela_bidir/software/nivela_bidirectionala_bsp//obj/HAL/src/crt0.o
 .data          0x0000000000030c9c        0x0 obj/default/accelerometer.o
 .data          0x0000000000030c9c        0x0 obj/default/adc.o
 .data          0x0000000000030c9c        0x0 obj/default/global.o
 .data          0x0000000000030c9c        0x0 obj/default/hex_displays.o
 .data          0x0000000000030c9c        0x0 obj/default/main.o
 .data          0x0000000000030c9c        0x0 obj/default/tests.o
 .data          0x0000000000030c9c        0x0 d:/intel_delete_after_master/nios2eds/bin/gnu/h-x86_64-mingw32/bin/../lib/gcc/nios2-elf/12.1.1\libgcc.a(lib2-divmod.o)
 .data          0x0000000000030c9c        0x0 d:/intel_delete_after_master/nios2eds/bin/gnu/h-x86_64-mingw32/bin/../lib/gcc/nios2-elf/12.1.1/../../../../../H-x86_64-mingw32/nios2-elf/lib\libc.a(lib_a-printf.o)
 .data          0x0000000000030c9c        0x0 d:/intel_delete_after_master/nios2eds/bin/gnu/h-x86_64-mingw32/bin/../lib/gcc/nios2-elf/12.1.1/../../../../../H-x86_64-mingw32/nios2-elf/lib\libc.a(lib_a-puts.o)
 .data          0x0000000000030c9c        0x0 d:/intel_delete_after_master/nios2eds/bin/gnu/h-x86_64-mingw32/bin/../lib/gcc/nios2-elf/12.1.1/../../../../../H-x86_64-mingw32/nios2-elf/lib\libc.a(lib_a-strlen.o)
 .data          0x0000000000030c9c        0x0 d:/intel_delete_after_master/nios2eds/bin/gnu/h-x86_64-mingw32/bin/../lib/gcc/nios2-elf/12.1.1/../../../../../H-x86_64-mingw32/nios2-elf/lib\libc.a(lib_a-vfprintf.o)
 .data          0x0000000000030c9c        0x0 d:/intel_delete_after_master/nios2eds/bin/gnu/h-x86_64-mingw32/bin/../lib/gcc/nios2-elf/12.1.1/../../../../../H-x86_64-mingw32/nios2-elf/lib\libc.a(lib_a-wsetup.o)
 .data          0x0000000000030c9c        0x0 d:/intel_delete_after_master/nios2eds/bin/gnu/h-x86_64-mingw32/bin/../lib/gcc/nios2-elf/12.1.1/../../../../../H-x86_64-mingw32/nios2-elf/lib\libc.a(lib_a-dtoa.o)
 .data          0x0000000000030c9c        0x0 d:/intel_delete_after_master/nios2eds/bin/gnu/h-x86_64-mingw32/bin/../lib/gcc/nios2-elf/12.1.1/../../../../../H-x86_64-mingw32/nios2-elf/lib\libc.a(lib_a-fflush.o)
 .data          0x0000000000030c9c        0x0 d:/intel_delete_after_master/nios2eds/bin/gnu/h-x86_64-mingw32/bin/../lib/gcc/nios2-elf/12.1.1/../../../../../H-x86_64-mingw32/nios2-elf/lib\libc.a(lib_a-findfp.o)
 .data          0x0000000000030c9c        0x0 d:/intel_delete_after_master/nios2eds/bin/gnu/h-x86_64-mingw32/bin/../lib/gcc/nios2-elf/12.1.1/../../../../../H-x86_64-mingw32/nios2-elf/lib\libc.a(lib_a-freer.o)
 .data          0x0000000000030c9c        0x0 d:/intel_delete_after_master/nios2eds/bin/gnu/h-x86_64-mingw32/bin/../lib/gcc/nios2-elf/12.1.1/../../../../../H-x86_64-mingw32/nios2-elf/lib\libc.a(lib_a-fvwrite.o)
 .data          0x0000000000030c9c        0x0 d:/intel_delete_after_master/nios2eds/bin/gnu/h-x86_64-mingw32/bin/../lib/gcc/nios2-elf/12.1.1/../../../../../H-x86_64-mingw32/nios2-elf/lib\libc.a(lib_a-fwalk.o)
 .data          0x0000000000030c9c        0x0 d:/intel_delete_after_master/nios2eds/bin/gnu/h-x86_64-mingw32/bin/../lib/gcc/nios2-elf/12.1.1/../../../../../H-x86_64-mingw32/nios2-elf/lib\libc.a(lib_a-impure.o)
 .data.impure_data
                0x0000000000030c9c      0x424 d:/intel_delete_after_master/nios2eds/bin/gnu/h-x86_64-mingw32/bin/../lib/gcc/nios2-elf/12.1.1/../../../../../H-x86_64-mingw32/nios2-elf/lib\libc.a(lib_a-impure.o)
 .data          0x00000000000310c0        0x0 d:/intel_delete_after_master/nios2eds/bin/gnu/h-x86_64-mingw32/bin/../lib/gcc/nios2-elf/12.1.1/../../../../../H-x86_64-mingw32/nios2-elf/lib\libc.a(lib_a-localeconv.o)
 .data          0x00000000000310c0        0x0 d:/intel_delete_after_master/nios2eds/bin/gnu/h-x86_64-mingw32/bin/../lib/gcc/nios2-elf/12.1.1/../../../../../H-x86_64-mingw32/nios2-elf/lib\libc.a(lib_a-makebuf.o)
 .data          0x00000000000310c0        0x0 d:/intel_delete_after_master/nios2eds/bin/gnu/h-x86_64-mingw32/bin/../lib/gcc/nios2-elf/12.1.1/../../../../../H-x86_64-mingw32/nios2-elf/lib\libc.a(lib_a-mallocr.o)
 .data.__malloc_av_
                0x00000000000310c0      0x408 d:/intel_delete_after_master/nios2eds/bin/gnu/h-x86_64-mingw32/bin/../lib/gcc/nios2-elf/12.1.1/../../../../../H-x86_64-mingw32/nios2-elf/lib\libc.a(lib_a-mallocr.o)
                0x00000000000310c0                __malloc_av_
 .data          0x00000000000314c8        0x0 d:/intel_delete_after_master/nios2eds/bin/gnu/h-x86_64-mingw32/bin/../lib/gcc/nios2-elf/12.1.1/../../../../../H-x86_64-mingw32/nios2-elf/lib\libc.a(lib_a-memchr.o)
 .data          0x00000000000314c8        0x0 d:/intel_delete_after_master/nios2eds/bin/gnu/h-x86_64-mingw32/bin/../lib/gcc/nios2-elf/12.1.1/../../../../../H-x86_64-mingw32/nios2-elf/lib\libc.a(lib_a-memcpy.o)
 .data          0x00000000000314c8        0x0 d:/intel_delete_after_master/nios2eds/bin/gnu/h-x86_64-mingw32/bin/../lib/gcc/nios2-elf/12.1.1/../../../../../H-x86_64-mingw32/nios2-elf/lib\libc.a(lib_a-memmove.o)
 .data          0x00000000000314c8        0x0 d:/intel_delete_after_master/nios2eds/bin/gnu/h-x86_64-mingw32/bin/../lib/gcc/nios2-elf/12.1.1/../../../../../H-x86_64-mingw32/nios2-elf/lib\libc.a(lib_a-memset.o)
 .data          0x00000000000314c8        0x0 d:/intel_delete_after_master/nios2eds/bin/gnu/h-x86_64-mingw32/bin/../lib/gcc/nios2-elf/12.1.1/../../../../../H-x86_64-mingw32/nios2-elf/lib\libc.a(lib_a-mprec.o)
 .data          0x00000000000314c8        0x0 d:/intel_delete_after_master/nios2eds/bin/gnu/h-x86_64-mingw32/bin/../lib/gcc/nios2-elf/12.1.1/../../../../../H-x86_64-mingw32/nios2-elf/lib\libc.a(lib_a-reallocr.o)
 .data          0x00000000000314c8        0x0 d:/intel_delete_after_master/nios2eds/bin/gnu/h-x86_64-mingw32/bin/../lib/gcc/nios2-elf/12.1.1/../../../../../H-x86_64-mingw32/nios2-elf/lib\libc.a(lib_a-sbrkr.o)
 .data          0x00000000000314c8        0x0 d:/intel_delete_after_master/nios2eds/bin/gnu/h-x86_64-mingw32/bin/../lib/gcc/nios2-elf/12.1.1/../../../../../H-x86_64-mingw32/nios2-elf/lib\libc.a(lib_a-stdio.o)
 .data          0x00000000000314c8        0x0 d:/intel_delete_after_master/nios2eds/bin/gnu/h-x86_64-mingw32/bin/../lib/gcc/nios2-elf/12.1.1/../../../../../H-x86_64-mingw32/nios2-elf/lib\libc.a(lib_a-vfiprintf.o)
 .data          0x00000000000314c8        0x0 d:/intel_delete_after_master/nios2eds/bin/gnu/h-x86_64-mingw32/bin/../lib/gcc/nios2-elf/12.1.1/../../../../../H-x86_64-mingw32/nios2-elf/lib\libc.a(lib_a-writer.o)
 .data          0x00000000000314c8        0x0 d:/intel_delete_after_master/nios2eds/bin/gnu/h-x86_64-mingw32/bin/../lib/gcc/nios2-elf/12.1.1/../../../../../H-x86_64-mingw32/nios2-elf/lib\libc.a(closer.o)
 .data          0x00000000000314c8        0x0 d:/intel_delete_after_master/nios2eds/bin/gnu/h-x86_64-mingw32/bin/../lib/gcc/nios2-elf/12.1.1/../../../../../H-x86_64-mingw32/nios2-elf/lib\libc.a(lib_a-assert.o)
 .data          0x00000000000314c8        0x0 d:/intel_delete_after_master/nios2eds/bin/gnu/h-x86_64-mingw32/bin/../lib/gcc/nios2-elf/12.1.1/../../../../../H-x86_64-mingw32/nios2-elf/lib\libc.a(lib_a-callocr.o)
 .data          0x00000000000314c8        0x0 d:/intel_delete_after_master/nios2eds/bin/gnu/h-x86_64-mingw32/bin/../lib/gcc/nios2-elf/12.1.1/../../../../../H-x86_64-mingw32/nios2-elf/lib\libc.a(lib_a-errno.o)
 .data          0x00000000000314c8        0x0 d:/intel_delete_after_master/nios2eds/bin/gnu/h-x86_64-mingw32/bin/../lib/gcc/nios2-elf/12.1.1/../../../../../H-x86_64-mingw32/nios2-elf/lib\libc.a(lib_a-fclose.o)
 .data          0x00000000000314c8        0x0 d:/intel_delete_after_master/nios2eds/bin/gnu/h-x86_64-mingw32/bin/../lib/gcc/nios2-elf/12.1.1/../../../../../H-x86_64-mingw32/nios2-elf/lib\libc.a(lib_a-fiprintf.o)
 .data          0x00000000000314c8        0x0 d:/intel_delete_after_master/nios2eds/bin/gnu/h-x86_64-mingw32/bin/../lib/gcc/nios2-elf/12.1.1/../../../../../H-x86_64-mingw32/nios2-elf/lib\libc.a(lib_a-fputwc.o)
 .data          0x00000000000314c8        0x0 d:/intel_delete_after_master/nios2eds/bin/gnu/h-x86_64-mingw32/bin/../lib/gcc/nios2-elf/12.1.1/../../../../../H-x86_64-mingw32/nios2-elf/lib\libc.a(lib_a-fstatr.o)
 .data          0x00000000000314c8        0x0 d:/intel_delete_after_master/nios2eds/bin/gnu/h-x86_64-mingw32/bin/../lib/gcc/nios2-elf/12.1.1/../../../../../H-x86_64-mingw32/nios2-elf/lib\libc.a(lib_a-int_errno.o)
 .data          0x00000000000314c8        0x0 d:/intel_delete_after_master/nios2eds/bin/gnu/h-x86_64-mingw32/bin/../lib/gcc/nios2-elf/12.1.1/../../../../../H-x86_64-mingw32/nios2-elf/lib\libc.a(lib_a-isattyr.o)
 .data          0x00000000000314c8        0x0 d:/intel_delete_after_master/nios2eds/bin/gnu/h-x86_64-mingw32/bin/../lib/gcc/nios2-elf/12.1.1/../../../../../H-x86_64-mingw32/nios2-elf/lib\libc.a(lib_a-locale.o)
 .data.__global_locale
                0x00000000000314c8      0x16c d:/intel_delete_after_master/nios2eds/bin/gnu/h-x86_64-mingw32/bin/../lib/gcc/nios2-elf/12.1.1/../../../../../H-x86_64-mingw32/nios2-elf/lib\libc.a(lib_a-locale.o)
                0x00000000000314c8                __global_locale
 .data          0x0000000000031634        0x0 d:/intel_delete_after_master/nios2eds/bin/gnu/h-x86_64-mingw32/bin/../lib/gcc/nios2-elf/12.1.1/../../../../../H-x86_64-mingw32/nios2-elf/lib\libc.a(lib_a-lseekr.o)
 .data          0x0000000000031634        0x0 d:/intel_delete_after_master/nios2eds/bin/gnu/h-x86_64-mingw32/bin/../lib/gcc/nios2-elf/12.1.1/../../../../../H-x86_64-mingw32/nios2-elf/lib\libc.a(lib_a-mbtowc_r.o)
 .data          0x0000000000031634        0x0 d:/intel_delete_after_master/nios2eds/bin/gnu/h-x86_64-mingw32/bin/../lib/gcc/nios2-elf/12.1.1/../../../../../H-x86_64-mingw32/nios2-elf/lib\libc.a(lib_a-readr.o)
 .data          0x0000000000031634        0x0 d:/intel_delete_after_master/nios2eds/bin/gnu/h-x86_64-mingw32/bin/../lib/gcc/nios2-elf/12.1.1/../../../../../H-x86_64-mingw32/nios2-elf/lib\libc.a(lib_a-strcmp.o)
 .data          0x0000000000031634        0x0 d:/intel_delete_after_master/nios2eds/bin/gnu/h-x86_64-mingw32/bin/../lib/gcc/nios2-elf/12.1.1/../../../../../H-x86_64-mingw32/nios2-elf/lib\libc.a(lib_a-vfiprintfr_1.o)
 .data          0x0000000000031634        0x0 d:/intel_delete_after_master/nios2eds/bin/gnu/h-x86_64-mingw32/bin/../lib/gcc/nios2-elf/12.1.1/../../../../../H-x86_64-mingw32/nios2-elf/lib\libc.a(lib_a-wbuf.o)
 .data          0x0000000000031634        0x0 d:/intel_delete_after_master/nios2eds/bin/gnu/h-x86_64-mingw32/bin/../lib/gcc/nios2-elf/12.1.1/../../../../../H-x86_64-mingw32/nios2-elf/lib\libc.a(lib_a-wcrtomb.o)
 .data          0x0000000000031634        0x0 d:/intel_delete_after_master/nios2eds/bin/gnu/h-x86_64-mingw32/bin/../lib/gcc/nios2-elf/12.1.1/../../../../../H-x86_64-mingw32/nios2-elf/lib\libc.a(lib_a-wctomb_r.o)
 .data          0x0000000000031634        0x0 d:/intel_delete_after_master/nios2eds/bin/gnu/h-x86_64-mingw32/bin/../lib/gcc/nios2-elf/12.1.1/../../../../../H-x86_64-mingw32/nios2-elf/lib\libc.a(lib_a-abort.o)
 .data          0x0000000000031634        0x0 d:/intel_delete_after_master/nios2eds/bin/gnu/h-x86_64-mingw32/bin/../lib/gcc/nios2-elf/12.1.1/../../../../../H-x86_64-mingw32/nios2-elf/lib\libc.a(lib_a-ctype_.o)
 .data          0x0000000000031634        0x0 d:/intel_delete_after_master/nios2eds/bin/gnu/h-x86_64-mingw32/bin/../lib/gcc/nios2-elf/12.1.1/../../../../../H-x86_64-mingw32/nios2-elf/lib\libc.a(lib_a-signal.o)
 .data          0x0000000000031634        0x0 d:/intel_delete_after_master/nios2eds/bin/gnu/h-x86_64-mingw32/bin/../lib/gcc/nios2-elf/12.1.1/../../../../../H-x86_64-mingw32/nios2-elf/lib\libc.a(lib_a-signalr.o)
 .data          0x0000000000031634        0x0 d:/intel_delete_after_master/nios2eds/bin/gnu/h-x86_64-mingw32/bin/../lib/gcc/nios2-elf/12.1.1\libgcc.a(_udivdi3.o)
 .data          0x0000000000031634        0x0 d:/intel_delete_after_master/nios2eds/bin/gnu/h-x86_64-mingw32/bin/../lib/gcc/nios2-elf/12.1.1\libgcc.a(_umoddi3.o)
 .data          0x0000000000031634        0x0 d:/intel_delete_after_master/nios2eds/bin/gnu/h-x86_64-mingw32/bin/../lib/gcc/nios2-elf/12.1.1\libgcc.a(adddf3.o)
 .data          0x0000000000031634        0x0 d:/intel_delete_after_master/nios2eds/bin/gnu/h-x86_64-mingw32/bin/../lib/gcc/nios2-elf/12.1.1\libgcc.a(divdf3.o)
 .data          0x0000000000031634        0x0 d:/intel_delete_after_master/nios2eds/bin/gnu/h-x86_64-mingw32/bin/../lib/gcc/nios2-elf/12.1.1\libgcc.a(eqdf2.o)
 .data          0x0000000000031634        0x0 d:/intel_delete_after_master/nios2eds/bin/gnu/h-x86_64-mingw32/bin/../lib/gcc/nios2-elf/12.1.1\libgcc.a(gedf2.o)
 .data          0x0000000000031634        0x0 d:/intel_delete_after_master/nios2eds/bin/gnu/h-x86_64-mingw32/bin/../lib/gcc/nios2-elf/12.1.1\libgcc.a(ledf2.o)
 .data          0x0000000000031634        0x0 d:/intel_delete_after_master/nios2eds/bin/gnu/h-x86_64-mingw32/bin/../lib/gcc/nios2-elf/12.1.1\libgcc.a(muldf3.o)
 .data          0x0000000000031634        0x0 d:/intel_delete_after_master/nios2eds/bin/gnu/h-x86_64-mingw32/bin/../lib/gcc/nios2-elf/12.1.1\libgcc.a(subdf3.o)
 .data          0x0000000000031634        0x0 d:/intel_delete_after_master/nios2eds/bin/gnu/h-x86_64-mingw32/bin/../lib/gcc/nios2-elf/12.1.1\libgcc.a(unorddf2.o)
 .data          0x0000000000031634        0x0 d:/intel_delete_after_master/nios2eds/bin/gnu/h-x86_64-mingw32/bin/../lib/gcc/nios2-elf/12.1.1\libgcc.a(fixdfsi.o)
 .data          0x0000000000031634        0x0 d:/intel_delete_after_master/nios2eds/bin/gnu/h-x86_64-mingw32/bin/../lib/gcc/nios2-elf/12.1.1\libgcc.a(floatsidf.o)
 .data          0x0000000000031634        0x0 d:/intel_delete_after_master/nios2eds/bin/gnu/h-x86_64-mingw32/bin/../lib/gcc/nios2-elf/12.1.1\libgcc.a(floatunsidf.o)
 .data          0x0000000000031634        0x0 d:/intel_delete_after_master/nios2eds/bin/gnu/h-x86_64-mingw32/bin/../lib/gcc/nios2-elf/12.1.1\libgcc.a(_clz.o)
 .data          0x0000000000031634        0x0 d:/intel_delete_after_master/nios2eds/bin/gnu/h-x86_64-mingw32/bin/../lib/gcc/nios2-elf/12.1.1\libgcc.a(_clzsi2.o)
 .data          0x0000000000031634        0x0 n:/Facultate/Master/Master_2/PASIC/nivela_bidir/nivela_bidir/software/nivela_bidirectionala_bsp/\libhal_bsp.a(alt_close.o)
 .data          0x0000000000031634      0x1a8 n:/Facultate/Master/Master_2/PASIC/nivela_bidir/nivela_bidir/software/nivela_bidirectionala_bsp/\libhal_bsp.a(alt_dev.o)
                0x0000000000031634                alt_dev_null
                0x000000000003165c                alt_fd_list
 .data          0x00000000000317dc        0x0 n:/Facultate/Master/Master_2/PASIC/nivela_bidir/nivela_bidir/software/nivela_bidirectionala_bsp/\libhal_bsp.a(alt_errno.o)
 .data          0x00000000000317dc        0x0 n:/Facultate/Master/Master_2/PASIC/nivela_bidir/nivela_bidir/software/nivela_bidirectionala_bsp/\libhal_bsp.a(alt_exit.o)
 .data          0x00000000000317dc        0x0 n:/Facultate/Master/Master_2/PASIC/nivela_bidir/nivela_bidir/software/nivela_bidirectionala_bsp/\libhal_bsp.a(alt_fstat.o)
 .data          0x00000000000317dc        0x0 n:/Facultate/Master/Master_2/PASIC/nivela_bidir/nivela_bidir/software/nivela_bidirectionala_bsp/\libhal_bsp.a(alt_getpid.o)
 .data          0x00000000000317dc        0x0 n:/Facultate/Master/Master_2/PASIC/nivela_bidir/nivela_bidir/software/nivela_bidirectionala_bsp/\libhal_bsp.a(alt_isatty.o)
 .data          0x00000000000317dc        0x0 n:/Facultate/Master/Master_2/PASIC/nivela_bidir/nivela_bidir/software/nivela_bidirectionala_bsp/\libhal_bsp.a(alt_kill.o)
 .data          0x00000000000317dc        0x0 n:/Facultate/Master/Master_2/PASIC/nivela_bidir/nivela_bidir/software/nivela_bidirectionala_bsp/\libhal_bsp.a(alt_load.o)
 .data          0x00000000000317dc        0x0 n:/Facultate/Master/Master_2/PASIC/nivela_bidir/nivela_bidir/software/nivela_bidirectionala_bsp/\libhal_bsp.a(alt_lseek.o)
 .data          0x00000000000317dc        0x0 n:/Facultate/Master/Master_2/PASIC/nivela_bidir/nivela_bidir/software/nivela_bidirectionala_bsp/\libhal_bsp.a(alt_main.o)
 .data          0x00000000000317dc        0x0 n:/Facultate/Master/Master_2/PASIC/nivela_bidir/nivela_bidir/software/nivela_bidirectionala_bsp/\libhal_bsp.a(alt_malloc_lock.o)
 .data          0x00000000000317dc        0x0 n:/Facultate/Master/Master_2/PASIC/nivela_bidir/nivela_bidir/software/nivela_bidirectionala_bsp/\libhal_bsp.a(alt_read.o)
 .data          0x00000000000317dc        0x0 n:/Facultate/Master/Master_2/PASIC/nivela_bidir/nivela_bidir/software/nivela_bidirectionala_bsp/\libhal_bsp.a(alt_release_fd.o)
 .data          0x00000000000317dc        0x0 n:/Facultate/Master/Master_2/PASIC/nivela_bidir/nivela_bidir/software/nivela_bidirectionala_bsp/\libhal_bsp.a(alt_sbrk.o)
 .data          0x00000000000317dc        0x0 n:/Facultate/Master/Master_2/PASIC/nivela_bidir/nivela_bidir/software/nivela_bidirectionala_bsp/\libhal_bsp.a(alt_usleep.o)
 .data          0x00000000000317dc        0x0 n:/Facultate/Master/Master_2/PASIC/nivela_bidir/nivela_bidir/software/nivela_bidirectionala_bsp/\libhal_bsp.a(alt_write.o)
 .data          0x00000000000317dc     0x10b8 n:/Facultate/Master/Master_2/PASIC/nivela_bidir/nivela_bidir/software/nivela_bidirectionala_bsp/\libhal_bsp.a(alt_sys_init.o)
 .data          0x0000000000032894        0x0 n:/Facultate/Master/Master_2/PASIC/nivela_bidir/nivela_bidir/software/nivela_bidirectionala_bsp/\libhal_bsp.a(altera_avalon_jtag_uart_fd.o)