Archive member included to satisfy reference by file (symbol)

d:/intel_delete_after_master/nios2eds/bin/gnu/h-x86_64-mingw32/bin/../lib/gcc/nios2-elf/12.1.1\libgcc.a(lib2-divmod.o)
                              obj/default/main.o (__divsi3)
d:/intel_delete_after_master/nios2eds/bin/gnu/h-x86_64-mingw32/bin/../lib/gcc/nios2-elf/12.1.1/../../../../../H-x86_64-mingw32/nios2-elf/lib\libc.a(lib_a-printf.o)
                              obj/default/accelerometer.o (printf)
d:/intel_delete_after_master/nios2eds/bin/gnu/h-x86_64-mingw32/bin/../lib/gcc/nios2-elf/12.1.1/../../../../../H-x86_64-mingw32/nios2-elf/lib\libc.a(lib_a-puts.o)
                              obj/default/accelerometer.o (puts)
d:/intel_delete_after_master/nios2eds/bin/gnu/h-x86_64-mingw32/bin/../lib/gcc/nios2-elf/12.1.1/../../../../../H-x86_64-mingw32/nios2-elf/lib\libc.a(lib_a-strlen.o)
                              d:/intel_delete_after_master/nios2eds/bin/gnu/h-x86_64-mingw32/bin/../lib/gcc/nios2-elf/12.1.1/../../../../../H-x86_64-mingw32/nios2-elf/lib\libc.a(lib_a-puts.o) (strlen)
d:/intel_delete_after_master/nios2eds/bin/gnu/h-x86_64-mingw32/bin/../lib/gcc/nios2-elf/12.1.1/../../../../../H-x86_64-mingw32/nios2-elf/lib\libc.a(lib_a-vfprintf.o)
                              d:/intel_delete_after_master/nios2eds/bin/gnu/h-x86_64-mingw32/bin/../lib/gcc/nios2-elf/12.1.1/../../../../../H-x86_64-mingw32/nios2-elf/lib\libc.a(lib_a-printf.o) (___vfprintf_internal_r)
d:/intel_delete_after_master/nios2eds/bin/gnu/h-x86_64-mingw32/bin/../lib/gcc/nios2-elf/12.1.1/../../../../../H-x86_64-mingw32/nios2-elf/lib\libc.a(lib_a-wsetup.o)
                              d:/intel_delete_after_master/nios2eds/bin/gnu/h-x86_64-mingw32/bin/../lib/gcc/nios2-elf/12.1.1/../../../../../H-x86_64-mingw32/nios2-elf/lib\libc.a(lib_a-vfprintf.o) (__swsetup_r)
d:/intel_delete_after_master/nios2eds/bin/gnu/h-x86_64-mingw32/bin/../lib/gcc/nios2-elf/12.1.1/../../../../../H-x86_64-mingw32/nios2-elf/lib\libc.a(lib_a-dtoa.o)
                              d:/intel_delete_after_master/nios2eds/bin/gnu/h-x86_64-mingw32/bin/../lib/gcc/nios2-elf/12.1.1/../../../../../H-x86_64-mingw32/nios2-elf/lib\libc.a(lib_a-vfprintf.o) (_dtoa_r)
d:/intel_delete_after_master/nios2eds/bin/gnu/h-x86_64-mingw32/bin/../lib/gcc/nios2-elf/12.1.1/../../../../../H-x86_64-mingw32/nios2-elf/lib\libc.a(lib_a-fflush.o)
                              d:/intel_delete_after_master/nios2eds/bin/gnu/h-x86_64-mingw32/bin/../lib/gcc/nios2-elf/12.1.1/../../../../../H-x86_64-mingw32/nios2-elf/lib\libc.a(lib_a-vfprintf.o) (_fflush_r)
d:/intel_delete_after_master/nios2eds/bin/gnu/h-x86_64-mingw32/bin/../lib/gcc/nios2-elf/12.1.1/../../../../../H-x86_64-mingw32/nios2-elf/lib\libc.a(lib_a-findfp.o)
                              d:/intel_delete_after_master/nios2eds/bin/gnu/h-x86_64-mingw32/bin/../lib/gcc/nios2-elf/12.1.1/../../../../../H-x86_64-mingw32/nios2-elf/lib\libc.a(lib_a-puts.o) (__sinit)
d:/intel_delete_after_master/nios2eds/bin/gnu/h-x86_64-mingw32/bin/../lib/gcc/nios2-elf/12.1.1/../../../../../H-x86_64-mingw32/nios2-elf/lib\libc.a(lib_a-freer.o)
                              d:/intel_delete_after_master/nios2eds/bin/gnu/h-x86_64-mingw32/bin/../lib/gcc/nios2-elf/12.1.1/../../../../../H-x86_64-mingw32/nios2-elf/lib\libc.a(lib_a-wsetup.o) (_free_r)
d:/intel_delete_after_master/nios2eds/bin/gnu/h-x86_64-mingw32/bin/../lib/gcc/nios2-elf/12.1.1/../../../../../H-x86_64-mingw32/nios2-elf/lib\libc.a(lib_a-fvwrite.o)
                              d:/intel_delete_after_master/nios2eds/bin/gnu/h-x86_64-mingw32/bin/../lib/gcc/nios2-elf/12.1.1/../../../../../H-x86_64-mingw32/nios2-elf/lib\libc.a(lib_a-puts.o) (__sfvwrite_r)
d:/intel_delete_after_master/nios2eds/bin/gnu/h-x86_64-mingw32/bin/../lib/gcc/nios2-elf/12.1.1/../../../../../H-x86_64-mingw32/nios2-elf/lib\libc.a(lib_a-fwalk.o)
                              d:/intel_delete_after_master/nios2eds/bin/gnu/h-x86_64-mingw32/bin/../lib/gcc/nios2-elf/12.1.1/../../../../../H-x86_64-mingw32/nios2-elf/lib\libc.a(lib_a-findfp.o) (_fwalk)
d:/intel_delete_after_master/nios2eds/bin/gnu/h-x86_64-mingw32/bin/../lib/gcc/nios2-elf/12.1.1/../../../../../H-x86_64-mingw32/nios2-elf/lib\libc.a(lib_a-impure.o)
                              d:/intel_delete_after_master/nios2eds/bin/gnu/h-x86_64-mingw32/bin/../lib/gcc/nios2-elf/12.1.1/../../../../../H-x86_64-mingw32/nios2-elf/lib\libc.a(lib_a-fflush.o) (_global_impure_ptr)
d:/intel_delete_after_master/nios2eds/bin/gnu/h-x86_64-mingw32/bin/../lib/gcc/nios2-elf/12.1.1/../../../../../H-x86_64-mingw32/nios2-elf/lib\libc.a(lib_a-localeconv.o)
                              d:/intel_delete_after_master/nios2eds/bin/gnu/h-x86_64-mingw32/bin/../lib/gcc/nios2-elf/12.1.1/../../../../../H-x86_64-mingw32/nios2-elf/lib\libc.a(lib_a-vfprintf.o) (_localeconv_r)
d:/intel_delete_after_master/nios2eds/bin/gnu/h-x86_64-mingw32/bin/../lib/gcc/nios2-elf/12.1.1/../../../../../H-x86_64-mingw32/nios2-elf/lib\libc.a(lib_a-makebuf.o)
[...]
Memory Configuration

Name             Origin             Length             Attributes
reset            0x0000000000020000 0x0000000000000020
onchip_memory2_0 0x0000000000020020 0x000000000001ffe0
*default*        0x0000000000000000 0xffffffffffffffff

Linker script and memory map

LOAD n:/Facultate/Master/Master_2/PASIC/nivela_bidir/nivela_bidir/software/nivela_bidirectionala_bsp//obj/HAL/src/crt0.o
LOAD obj/default/accelerometer.o
LOAD obj/default/adc.o
LOAD obj/default/global.o
LOAD obj/default/hex_displays.o
LOAD obj/default/main.o
LOAD obj/default/tests.o
LOAD d:/intel_delete_after_master/nios2eds/bin/gnu/h-x86_64-mingw32/bin/../lib/gcc/nios2-elf/12.1.1/../../../../../H-x86_64-mingw32/nios2-elf/lib\libstdc++.a
LOAD d:/intel_delete_after_master/nios2eds/bin/gnu/h-x86_64-mingw32/bin/../lib/gcc/nios2-elf/12.1.1/../../../../../H-x86_64-mingw32/nios2-elf/lib\libm.a
LOAD d:/intel_delete_after_master/nios2eds/bin/gnu/h-x86_64-mingw32/bin/../lib/gcc/nios2-elf/12.1.1\libgcc.a
START GROUP
LOAD d:/intel_delete_after_master/nios2eds/bin/gnu/h-x86_64-mingw32/bin/../lib/gcc/nios2-elf/12.1.1/../../../../../H-x86_64-mingw32/nios2-elf/lib\libc.a
LOAD d:/intel_delete_after_master/nios2eds/bin/gnu/h-x86_64-mingw32/bin/../lib/gcc/nios2-elf/12.1.1\libgcc.a
LOAD n:/Facultate/Master/Master_2/PASIC/nivela_bidir/nivela_bidir/software/nivela_bidirectionala_bsp/\libhal_bsp.a
LOAD d:/intel_delete_after_master/nios2eds/bin/gnu/h-x86_64-mingw32/bin/../lib/gcc/nios2-elf/12.1.1/../../../../../H-x86_64-mingw32/nios2-elf/lib\libm.a
END GROUP
LOAD d:/intel_delete_after_master/nios2eds/bin/gnu/h-x86_64-mingw32/bin/../lib/gcc/nios2-elf/12.1.1\libgcc.a
                0x0000000000020000                __alt_mem_onchip_memory2_0 = 0x20000

.entry          0x0000000000020000       0x20
 *(.entry)
 .entry         0x0000000000020000       0x20 n:/Facultate/Master/Master_2/PASIC/nivela_bidir/nivela_bidir/software/nivela_bidirectionala_bsp//obj/HAL/src/crt0.o
                0x0000000000020000                __reset

.exceptions     0x0000000000020020      0x21c
                0x0000000000020020                PROVIDE (__ram_exceptions_start = ABSOLUTE (.))
                0x0000000000020020                . = ALIGN (0x20)
 *(.irq)
 *(.exceptions.entry.label)
 .exceptions.entry.label
                0x0000000000020020        0x0 n:/Facultate/Master/Master_2/PASIC/nivela_bidir/nivela_bidir/software/nivela_bidirectionala_bsp/\libhal_bsp.a(alt_irq_entry.o)
                0x0000000000020020                alt_irq_entry
 .exceptions.entry.label
                0x0000000000020020        0x0 n:/Facultate/Master/Master_2/PASIC/nivela_bidir/nivela_bidir/software/nivela_bidirectionala_bsp/\libhal_bsp.a(alt_exception_entry.o)
                0x0000000000020020                alt_exception
 *(.exceptions.entry.user)
 *(.exceptions.entry.ecc_fatal)
 *(.exceptions.entry)
 .exceptions.entry
                0x0000000000020020       0x54 n:/Facultate/Master/Master_2/PASIC/nivela_bidir/nivela_bidir/software/nivela_bidirectionala_bsp/\libhal_bsp.a(alt_exception_entry.o)
 *(.exceptions.irqtest.user)
 *(.exceptions.irqtest)
 .exceptions.irqtest
                0x0000000000020074       0x10 n:/Facultate/Master/Master_2/PASIC/nivela_bidir/nivela_bidir/software/nivela_bidirectionala_bsp/\libhal_bsp.a(alt_irq_entry.o)
 *(.exceptions.irqhandler.user)
 *(.exceptions.irqhandler)
 .exceptions.irqhandler
                0x0000000000020084        0x4 n:/Facultate/Master/Master_2/PASIC/nivela_bidir/nivela_bidir/software/nivela_bidirectionala_bsp/\libhal_bsp.a(alt_irq_entry.o)
 *(.exceptions.irqreturn.user)
 *(.exceptions.irqreturn)
 .exceptions.irqreturn
                0x0000000000020088        0x4 n:/Facultate/Master/Master_2/PASIC/nivela_bidir/nivela_bidir/software/nivela_bidirectionala_bsp/\libhal_bsp.a(alt_irq_entry.o)
 *(.exceptions.notirq.label)
 .exceptions.notirq.label
                0x000000000002008c        0x0 n:/Facultate/Master/Master_2/PASIC/nivela_bidir/nivela_bidir/software/nivela_bidirectionala_bsp/\libhal_bsp.a(alt_irq_entry.o)
 *(.exceptions.notirq.user)
 *(.exceptions.notirq)
 .exceptions.notirq
                0x000000000002008c        0x8 n:/Facultate/Master/Master_2/PASIC/nivela_bidir/nivela_bidir/software/nivela_bidirectionala_bsp/\libhal_bsp.a(alt_exception_entry.o)
 *(.exceptions.soft.user)
 *(.exceptions.soft)
 *(.exceptions.unknown.user)
 *(.exceptions.unknown)
 .exceptions.unknown
                0x0000000000020094       0x14 n:/Facultate/Master/Master_2/PASIC/nivela_bidir/nivela_bidir/software/nivela_bidirectionala_bsp/\libhal_bsp.a(alt_exception_entry.o)
 *(.exceptions.exit.label)
 .exceptions.exit.label
                0x00000000000200a8        0x0 n:/Facultate/Master/Master_2/PASIC/nivela_bidir/nivela_bidir/software/nivela_bidirectionala_bsp/\libhal_bsp.a(alt_irq_entry.o)
 .exceptions.exit.label
                0x00000000000200a8        0x0 n:/Facultate/Master/Master_2/PASIC/nivela_bidir/nivela_bidir/software/nivela_bidirectionala_bsp/\libhal_bsp.a(alt_exception_entry.o)
 *(.exceptions.exit.user)
 *(.exceptions.exit)
 .exceptions.exit
                0x00000000000200a8       0x54 n:/Facultate/Master/Master_2/PASIC/nivela_bidir/nivela_bidir/software/nivela_bidirectionala_bsp/\libhal_bsp.a(alt_exception_entry.o)
 *(.exceptions)
 .exceptions    0x00000000000200fc       0xcc n:/Facultate/Master/Master_2/PASIC/nivela_bidir/nivela_bidir/software/nivela_bidirectionala_bsp/\libhal_bsp.a(alt_irq_handler.o)
                0x00000000000200fc                alt_irq_handler
 .exceptions    0x00000000000201c8       0x74 n:/Facultate/Master/Master_2/PASIC/nivela_bidir/nivela_bidir/software/nivela_bidirectionala_bsp/\libhal_bsp.a(alt_instruction_exception_entry.o)
                0x00000000000201c8                alt_instruction_exception_entry
                0x000000000002023c                PROVIDE (__ram_exceptions_end = ABSOLUTE (.))
                0x0000000000020020                PROVIDE (__flash_exceptions_start = LOADADDR (.exceptions))

.text           0x000000000002023c    0x103bc
                [!provide]                        PROVIDE (stext = ABSOLUTE (.))
 *(.interp)
 *(.hash)
 *(.dynsym)
 *(.dynstr)
 *(.gnu.version)
 *(.gnu.version_d)
 *(.gnu.version_r)
 *(.rel.init)
 *(.rela.init)
 *(.rel.text .rel.text.* .rel.gnu.linkonce.t.*)
 *(.rela.text .rela.text.* .rela.gnu.linkonce.t.*)
 *(.rel.fini)
 *(.rela.fini)
 *(.rel.rodata .rel.rodata.* .rel.gnu.linkonce.r.*)
 *(.rela.rodata .rela.rodata.* .rela.gnu.linkonce.r.*)
 *(.rel.data .rel.data.* .rel.gnu.linkonce.d.*)
 *(.rela.data .rela.data.* .rela.gnu.linkonce.d.*)
 *(.rel.tdata .rel.tdata.* .rel.gnu.linkonce.td.*)
 *(.rela.tdata .rela.tdata.* .rela.gnu.linkonce.td.*)
 *(.rel.tbss .rel.tbss.* .rel.gnu.linkonce.tb.*)
 *(.rela.tbss .rela.tbss.* .rela.gnu.linkonce.tb.*)
 *(.rel.ctors)
 *(.rela.ctors)
 *(.rel.dtors)
 *(.rela.dtors)
 *(.rel.got)
 *(.rela.got)
 *(.rel.sdata .rel.sdata.* .rel.gnu.linkonce.s.*)
 *(.rela.sdata .rela.sdata.* .rela.gnu.linkonce.s.*)
 *(.rel.sbss .rel.sbss.* .rel.gnu.linkonce.sb.*)
 *(.rela.sbss .rela.sbss.* .rela.gnu.linkonce.sb.*)
 *(.rel.sdata2 .rel.sdata2.* .rel.gnu.linkonce.s2.*)
 *(.rela.sdata2 .rela.sdata2.* .rela.gnu.linkonce.s2.*)
 *(.rel.sbss2 .rel.sbss2.* .rel.gnu.linkonce.sb2.*)
 *(.rela.sbss2 .rela.sbss2.* .rela.gnu.linkonce.sb2.*)
 *(.rel.bss .rel.bss.* .rel.gnu.linkonce.b.*)
 *(.rela.bss .rela.bss.* .rela.gnu.linkonce.b.*)
 *(.rel.plt)
 *(.rela.plt)
 *(.rel.dyn)
 *(.init)
 *(.plt)
 *(.text .stub .text.* .gnu.linkonce.t.*)
 .text          0x000000000002023c       0x3c n:/Facultate/Master/Master_2/PASIC/nivela_bidir/nivela_bidir/software/nivela_bidirectionala_bsp//obj/HAL/src/crt0.o
                0x000000000002023c                _start
 .text          0x0000000000020278      0x164 obj/default/accelerometer.o
                0x0000000000020278                read_ADXL345_deviceID
                0x00000000000202fc                print_accelerometer_axis
                0x0000000000020388                applyHysteresis
 .text          0x00000000000203dc       0x44 obj/default/adc.o
                0x00000000000203dc                getAdcValue
 .text          0x0000000000020420        0x0 obj/default/global.o
 .text          0x0000000000020420      0x15c obj/default/hex_displays.o
                0x0000000000020420                get_hex_address
                0x000000000002044c                hex_init
                0x00000000000204b0                set_hex_value
                0x0000000000020504                set_hex_state
 .text          0x000000000002057c      0x260 obj/default/main.o
                0x000000000002057c                main
 .text          0x00000000000207dc       0xdc obj/default/tests.o
                0x00000000000207dc                test_hex_displays
 .text          0x00000000000208b8      0x1b4 d:/intel_delete_after_master/nios2eds/bin/gnu/h-x86_64-mingw32/bin/../lib/gcc/nios2-elf/12.1.1\libgcc.a(lib2-divmod.o)
                0x00000000000208b8                __divsi3
                0x0000000000020938                __modsi3
                0x00000000000209ac                __udivsi3
                0x0000000000020a10                __umodsi3
 .text          0x0000000000020a6c        0x0 d:/intel_delete_after_master/nios2eds/bin/gnu/h-x86_64-mingw32/bin/../lib/gcc/nios2-elf/12.1.1/../../../../../H-x86_64-mingw32/nios2-elf/lib\libc.a(lib_a-printf.o)
 .text._printf_r
                0x0000000000020a6c       0x30 d:/intel_delete_after_master/nios2eds/bin/gnu/h-x86_64-mingw32/bin/../lib/gcc/nios2-elf/12.1.1/../../../../../H-x86_64-mingw32/nios2-elf/lib\libc.a(lib_a-printf.o)
                0x0000000000020a6c                _printf_r
 .text.printf   0x0000000000020a9c       0x38 d:/intel_delete_after_master/nios2eds/bin/gnu/h-x86_64-mingw32/bin/../lib/gcc/nios2-elf/12.1.1/../../../../../H-x86_64-mingw32/nios2-elf/lib\libc.a(lib_a-printf.o)
                0x0000000000020a9c                printf
 .text          0x0000000000020ad4        0x0 d:/intel_delete_after_master/nios2eds/bin/gnu/h-x86_64-mingw32/bin/../lib/gcc/nios2-elf/12.1.1/../../../../../H-x86_64-mingw32/nios2-elf/lib\libc.a(lib_a-puts.o)
 .text._puts_r  0x0000000000020ad4       0xd0 d:/intel_delete_after_master/nios2eds/bin/gnu/h-x86_64-mingw32/bin/../lib/gcc/nios2-elf/12.1.1/../../../../../H-x86_64-mingw32/nios2-elf/lib\libc.a(lib_a-puts.o)
                0x0000000000020ad4                _puts_r
 .text.puts     0x0000000000020ba4       0x10 d:/intel_delete_after_master/nios2eds/bin/gnu/h-x86_64-mingw32/bin/../lib/gcc/nios2-elf/12.1.1/../../../../../H-x86_64-mingw32/nios2-elf/lib\libc.a(lib_a-puts.o)
                0x0000000000020ba4                puts
 .text          0x0000000000020bb4        0x0 d:/intel_delete_after_master/nios2eds/bin/gnu/h-x86_64-mingw32/bin/../lib/gcc/nios2-elf/12.1.1/../../../../../H-x86_64-mingw32/nios2-elf/lib\libc.a(lib_a-strlen.o)
 .text.strlen   0x0000000000020bb4       0x98 d:/intel_delete_after_master/nios2eds/bin/gnu/h-x86_64-mingw32/bin/../lib/gcc/nios2-elf/12.1.1/../../../../../H-x86_64-mingw32/nios2-elf/lib\libc.a(lib_a-strlen.o)
                0x0000000000020bb4                strlen
 .text          0x0000000000020c4c        0x0 d:/intel_delete_after_master/nios2eds/bin/gnu/h-x86_64-mingw32/bin/../lib/gcc/nios2-elf/12.1.1/../../../../../H-x86_64-mingw32/nios2-elf/lib\libc.a(lib_a-vfprintf.o)
 .text.___vfprintf_internal_r
                0x0000000000020c4c     0x23a8 d:/intel_delete_after_master/nios2eds/bin/gnu/h-x86_64-mingw32/bin/../lib/gcc/nios2-elf/12.1.1/../../../../../H-x86_64-mingw32/nios2-elf/lib\libc.a(lib_a-vfprintf.o)
                0x0000000000020c4c                ___vfprintf_internal_r
 .text.__vfprintf_internal
                0x0000000000022ff4       0x1c d:/intel_delete_after_master/nios2eds/bin/gnu/h-x86_64-mingw32/bin/../lib/gcc/nios2-elf/12.1.1/../../../../../H-x86_64-mingw32/nios2-elf/lib\libc.a(lib_a-vfprintf.o)
                0x0000000000022ff4                __vfprintf_internal
 .text.__sbprintf
                0x0000000000023010       0xc4 d:/intel_delete_after_master/nios2eds/bin/gnu/h-x86_64-mingw32/bin/../lib/gcc/nios2-elf/12.1.1/../../../../../H-x86_64-mingw32/nios2-elf/lib\libc.a(lib_a-vfprintf.o)
 .text          0x00000000000230d4        0x0 d:/intel_delete_after_master/nios2eds/bin/gnu/h-x86_64-mingw32/bin/../lib/gcc/nios2-elf/12.1.1/../../../../../H-x86_64-mingw32/nios2-elf/lib\libc.a(lib_a-wsetup.o)
 .text.__swsetup_r
                0x00000000000230d4      0x14c d:/intel_delete_after_master/nios2eds/bin/gnu/h-x86_64-mingw32/bin/../lib/gcc/nios2-elf/12.1.1/../../../../../H-x86_64-mingw32/nios2-elf/lib\libc.a(lib_a-wsetup.o)
                0x00000000000230d4                __swsetup_r
 .text          0x0000000000023220        0x0 d:/intel_delete_after_master/nios2eds/bin/gnu/h-x86_64-mingw32/bin/../lib/gcc/nios2-elf/12.1.1/../../../../../H-x86_64-mingw32/nios2-elf/lib\libc.a(lib_a-dtoa.o)
 .text.quorem   0x0000000000023220      0x1fc d:/intel_delete_after_master/nios2eds/bin/gnu/h-x86_64-mingw32/bin/../lib/gcc/nios2-elf/12.1.1/../../../../../H-x86_64-mingw32/nios2-elf/lib\libc.a(lib_a-dtoa.o)
 .text._dtoa_r  0x000000000002341c     0x17e8 d:/intel_delete_after_master/nios2eds/bin/gnu/h-x86_64-mingw32/bin/../lib/gcc/nios2-elf/12.1.1/../../../../../H-x86_64-mingw32/nios2-elf/lib\libc.a(lib_a-dtoa.o)
                0x000000000002341c                _dtoa_r
 .text          0x0000000000024c04        0x0 d:/intel_delete_after_master/nios2eds/bin/gnu/h-x86_64-mingw32/bin/../lib/gcc/nios2-elf/12.1.1/../../../../../H-x86_64-mingw32/nios2-elf/lib\libc.a(lib_a-fflush.o)
 .text.__sflush_r
                0x0000000000024c04      0x208 d:/intel_delete_after_master/nios2eds/bin/gnu/h-x86_64-mingw32/bin/../lib/gcc/nios2-elf/12.1.1/../../../../../H-x86_64-mingw32/nios2-elf/lib\libc.a(lib_a-fflush.o)
                0x0000000000024c04                __sflush_r
 .text._fflush_r
                0x0000000000024e0c       0x60 d:/intel_delete_after_master/nios2eds/bin/gnu/h-x86_64-mingw32/bin/../lib/gcc/nios2-elf/12.1.1/../../../../../H-x86_64-mingw32/nios2-elf/lib\libc.a(lib_a-fflush.o)
                0x0000000000024e0c                _fflush_r
 .text.fflush   0x0000000000024e6c       0x84 d:/intel_delete_after_master/nios2eds/bin/gnu/h-x86_64-mingw32/bin/../lib/gcc/nios2-elf/12.1.1/../../../../../H-x86_64-mingw32/nios2-elf/lib\libc.a(lib_a-fflush.o)
                0x0000000000024e6c                fflush
 .text          0x0000000000024ef0        0x0 d:/intel_delete_after_master/nios2eds/bin/gnu/h-x86_64-mingw32/bin/../lib/gcc/nios2-elf/12.1.1/../../../../../H-x86_64-mingw32/nios2-elf/lib\libc.a(lib_a-findfp.o)
 .text.__fp_lock
                0x0000000000024ef0        0x8 d:/intel_delete_after_master/nios2eds/bin/gnu/h-x86_64-mingw32/bin/../lib/gcc/nios2-elf/12.1.1/../../../../../H-x86_64-mingw32/nios2-elf/lib\libc.a(lib_a-findfp.o)
 .text._cleanup_r
                0x0000000000024ef8        0xc d:/intel_delete_after_master/nios2eds/bin/gnu/h-x86_64-mingw32/bin/../lib/gcc/nios2-elf/12.1.1/../../../../../H-x86_64-mingw32/nios2-elf/lib\libc.a(lib_a-findfp.o)
                0x0000000000024ef8                _cleanup_r
 .text.__fp_unlock
                0x0000000000024f04        0x8 d:/intel_delete_after_master/nios2eds/bin/gnu/h-x86_64-mingw32/bin/../lib/gcc/nios2-elf/12.1.1/../../../../../H-x86_64-mingw32/nios2-elf/lib\libc.a(lib_a-findfp.o)
 .text.__sinit.part.0
                0x0000000000024f0c      0x168 d:/intel_delete_after_master/nios2eds/bin/gnu/h-x86_64-mingw32/bin/../lib/gcc/nios2-elf/12.1.1/../../../../../H-x86_64-mingw32/nios2-elf/lib\libc.a(lib_a-findfp.o)
 .text.__sfmoreglue
                0x0000000000025074       0x68 d:/intel_delete_after_master/nios2eds/bin/gnu/h-x86_64-mingw32/bin/../lib/gcc/nios2-elf/12.1.1/../../../../../H-x86_64-mingw32/nios2-elf/lib\libc.a(lib_a-findfp.o)
                0x0000000000025074                __sfmoreglue
 .text.__sfp    0x00000000000250dc      0x134 d:/intel_delete_after_master/nios2eds/bin/gnu/h-x86_64-mingw32/bin/../lib/gcc/nios2-elf/12.1.1/../../../../../H-x86_64-mingw32/nios2-elf/lib\libc.a(lib_a-findfp.o)
                0x00000000000250dc                __sfp
 .text._cleanup
                0x0000000000025210       0x14 d:/intel_delete_after_master/nios2eds/bin/gnu/h-x86_64-mingw32/bin/../lib/gcc/nios2-elf/12.1.1/../../../../../H-x86_64-mingw32/nios2-elf/lib\libc.a(lib_a-findfp.o)
                0x0000000000025210                _cleanup
 .text.__sinit  0x0000000000025224       0x10 d:/intel_delete_after_master/nios2eds/bin/gnu/h-x86_64-mingw32/bin/../lib/gcc/nios2-elf/12.1.1/../../../../../H-x86_64-mingw32/nios2-elf/lib\libc.a(lib_a-findfp.o)
                0x0000000000025224                __sinit
 .text.__sfp_lock_acquire
                0x0000000000025234        0x4 d:/intel_delete_after_master/nios2eds/bin/gnu/h-x86_64-mingw32/bin/../lib/gcc/nios2-elf/12.1.1/../../../../../H-x86_64-mingw32/nios2-elf/lib\libc.a(lib_a-findfp.o)
                0x0000000000025234                __sfp_lock_acquire
 .text.__sfp_lock_release
                0x0000000000025238        0x4 d:/intel_delete_after_master/nios2eds/bin/gnu/h-x86_64-mingw32/bin/../lib/gcc/nios2-elf/12.1.1/../../../../../H-x86_64-mingw32/nios2-elf/lib\libc.a(lib_a-findfp.o)
                0x0000000000025238                __sfp_lock_release
 .text.__sinit_lock_acquire
                0x000000000002523c        0x4 d:/intel_delete_after_master/nios2eds/bin/gnu/h-x86_64-mingw32/bin/../lib/gcc/nios2-elf/12.1.1/../../../../../H-x86_64-mingw32/nios2-elf/lib\libc.a(lib_a-findfp.o)
                0x000000000002523c                __sinit_lock_acquire
 .text.__sinit_lock_release
                0x0000000000025240        0x4 d:/intel_delete_after_master/nios2eds/bin/gnu/h-x86_64-mingw32/bin/../lib/gcc/nios2-elf/12.1.1/../../../../../H-x86_64-mingw32/nios2-elf/lib\libc.a(lib_a-findfp.o)
                0x0000000000025240                __sinit_lock_release
 .text.__fp_lock_all
                0x0000000000025244       0x14 d:/intel_delete_after_master/nios2eds/bin/gnu/h-x86_64-mingw32/bin/../lib/gcc/nios2-elf/12.1.1/../../../../../H-x86_64-mingw32/nios2-elf/lib\libc.a(lib_a-findfp.o)
                0x0000000000025244                __fp_lock_all
 .text.__fp_unlock_all
                0x0000000000025258       0x14 d:/intel_delete_after_master/nios2eds/bin/gnu/h-x86_64-mingw32/bin/../lib/gcc/nios2-elf/12.1.1/../../../../../H-x86_64-mingw32/nios2-elf/lib\libc.a(lib_a-findfp.o)
                0x0000000000025258                __fp_unlock_all
 .text          0x000000000002526c        0x0 d:/intel_delete_after_master/nios2eds/bin/gnu/h-x86_64-mingw32/bin/../lib/gcc/nios2-elf/12.1.1/../../../../../H-x86_64-mingw32/nios2-elf/lib\libc.a(lib_a-freer.o)
 .text._malloc_trim_r
                0x000000000002526c      0x124 d:/intel_delete_after_master/nios2eds/bin/gnu/h-x86_64-mingw32/bin/../lib/gcc/nios2-elf/12.1.1/../../../../../H-x86_64-mingw32/nios2-elf/lib\libc.a(lib_a-freer.o)
                0x000000000002526c                _malloc_trim_r
 .text._free_r  0x0000000000025390      0x308 d:/intel_delete_after_master/nios2eds/bin/gnu/h-x86_64-mingw32/bin/../lib/gcc/nios2-elf/12.1.1/../../../../../H-x86_64-mingw32/nios2-elf/lib\libc.a(lib_a-freer.o)
                0x0000000000025390                _free_r
 .text          0x0000000000025698        0x0 d:/intel_delete_after_master/nios2eds/bin/gnu/h-x86_64-mingw32/bin/../lib/gcc/nios2-elf/12.1.1/../../../../../H-x86_64-mingw32/nios2-elf/lib\libc.a(lib_a-fvwrite.o)
 .text.__sfvwrite_r
                0x0000000000025698      0x4a4 d:/intel_delete_after_master/nios2eds/bin/gnu/h-x86_64-mingw32/bin/../lib/gcc/nios2-elf/12.1.1/../../../../../H-x86_64-mingw32/nios2-elf/lib\libc.a(lib_a-fvwrite.o)
                0x0000000000025698                __sfvwrite_r
 .text          0x0000000000025b3c        0x0 d:/intel_delete_after_master/nios2eds/bin/gnu/h-x86_64-mingw32/bin/../lib/gcc/nios2-elf/12.1.1/../../../../../H-x86_64-mingw32/nios2-elf/lib\libc.a(lib_a-fwalk.o)
 .text._fwalk   0x0000000000025b3c       0x98 d:/intel_delete_after_master/nios2eds/bin/gnu/h-x86_64-mingw32/bin/../lib/gcc/nios2-elf/12.1.1/../../../../../H-x86_64-mingw32/nios2-elf/lib\libc.a(lib_a-fwalk.o)
                0x0000000000025b3c                _fwalk
 .text._fwalk_reent
                0x0000000000025bd4       0xa8 d:/intel_delete_after_master/nios2eds/bin/gnu/h-x86_64-mingw32/bin/../lib/gcc/nios2-elf/12.1.1/../../../../../H-x86_64-mingw32/nios2-elf/lib\libc.a(lib_a-fwalk.o)
                0x0000000000025bd4                _fwalk_reent
 .text          0x0000000000025c7c        0x0 d:/intel_delete_after_master/nios2eds/bin/gnu/h-x86_64-mingw32/bin/../lib/gcc/nios2-elf/12.1.1/../../../../../H-x86_64-mingw32/nios2-elf/lib\libc.a(lib_a-impure.o)
 .text          0x0000000000025c7c        0x0 d:/intel_delete_after_master/nios2eds/bin/gnu/h-x86_64-mingw32/bin/../lib/gcc/nios2-elf/12.1.1/../../../../../H-x86_64-mingw32/nios2-elf/lib\libc.a(lib_a-localeconv.o)
 .text.__localeconv_l
                0x0000000000025c7c        0x8 d:/intel_delete_after_master/nios2eds/bin/gnu/h-x86_64-mingw32/bin/../lib/gcc/nios2-elf/12.1.1/../../../../../H-x86_64-mingw32/nios2-elf/lib\libc.a(lib_a-localeconv.o)
                0x0000000000025c7c                __localeconv_l
 .text._localeconv_r
                0x0000000000025c84        0xc d:/intel_delete_after_master/nios2eds/bin/gnu/h-x86_64-mingw32/bin/../lib/gcc/nios2-elf/12.1.1/../../../../../H-x86_64-mingw32/nios2-elf/lib\libc.a(lib_a-localeconv.o)
                0x0000000000025c84                _localeconv_r
 .text.localeconv
                0x0000000000025c90        0xc d:/intel_delete_after_master/nios2eds/bin/gnu/h-x86_64-mingw32/bin/../lib/gcc/nios2-elf/12.1.1/../../../../../H-x86_64-mingw32/nios2-elf/lib\libc.a(lib_a-localeconv.o)
                0x0000000000025c90                localeconv
 .text          0x0000000000025c9c        0x0 d:/intel_delete_after_master/nios2eds/bin/gnu/h-x86_64-mingw32/bin/../lib/gcc/nios2-elf/12.1.1/../../../../../H-x86_64-mingw32/nios2-elf/lib\libc.a(lib_a-makebuf.o)
 .text.__smakebuf_r
                0x0000000000025c9c      0x1a0 d:/intel_delete_after_master/nios2eds/bin/gnu/h-x86_64-mingw32/bin/../lib/gcc/nios2-elf/12.1.1/../../../../../H-x86_64-mingw32/nios2-elf/lib\libc.a(lib_a-makebuf.o)
                0x0000000000025c9c                __smakebuf_r
 .text.__swhatbuf_r
                0x0000000000025e3c       0x8c d:/intel_delete_after_master/nios2eds/bin/gnu/h-x86_64-mingw32/bin/../lib/gcc/nios2-elf/12.1.1/../../../../../H-x86_64-mingw32/nios2-elf/lib\libc.a(lib_a-makebuf.o)
                0x0000000000025e3c                __swhatbuf_r
 .text          0x0000000000025ec8        0x0 d:/intel_delete_after_master/nios2eds/bin/gnu/h-x86_64-mingw32/bin/../lib/gcc/nios2-elf/12.1.1/../../../../../H-x86_64-mingw32/nios2-elf/lib\libc.a(lib_a-mallocr.o)
 .text._malloc_r
                0x0000000000025ec8      0x7b4 d:/intel_delete_after_master/nios2eds/bin/gnu/h-x86_64-mingw32/bin/../lib/gcc/nios2-elf/12.1.1/../../../../../H-x86_64-mingw32/nios2-elf/lib\libc.a(lib_a-mallocr.o)
                0x0000000000025ec8                _malloc_r
 .text          0x000000000002667c        0x0 d:/intel_delete_after_master/nios2eds/bin/gnu/h-x86_64-mingw32/bin/../lib/gcc/nios2-elf/12.1.1/../../../../../H-x86_64-mingw32/nios2-elf/lib\libc.a(lib_a-memchr.o)
 .text.memchr   0x000000000002667c       0xd0 d:/intel_delete_after_master/nios2eds/bin/gnu/h-x86_64-mingw32/bin/../lib/gcc/nios2-elf/12.1.1/../../../../../H-x86_64-mingw32/nios2-elf/lib\libc.a(lib_a-memchr.o)
                0x000000000002667c                memchr
 .text          0x000000000002674c        0x0 d:/intel_delete_after_master/nios2eds/bin/gnu/h-x86_64-mingw32/bin/../lib/gcc/nios2-elf/12.1.1/../../../../../H-x86_64-mingw32/nios2-elf/lib\libc.a(lib_a-memcpy.o)
 .text.memcpy   0x000000000002674c      0x100 d:/intel_delete_after_master/nios2eds/bin/gnu/h-x86_64-mingw32/bin/../lib/gcc/nios2-elf/12.1.1/../../../../../H-x86_64-mingw32/nios2-elf/lib\libc.a(lib_a-memcpy.o)
                0x000000000002674c                memcpy
 .text          0x000000000002684c        0x0 d:/intel_delete_after_master/nios2eds/bin/gnu/h-x86_64-mingw32/bin/../lib/gcc/nios2-elf/12.1.1/../../../../../H-x86_64-mingw32/nios2-elf/lib\libc.a(lib_a-memmove.o)
 .text.memmove  0x000000000002684c      0x128 d:/intel_delete_after_master/nios2eds/bin/gnu/h-x86_64-mingw32/bin/../lib/gcc/nios2-elf/12.1.1/../../../../../H-x86_64-mingw32/nios2-elf/lib\libc.a(lib_a-memmove.o)
                0x000000000002684c                memmove
 .text          0x0000000000026974        0x0 d:/intel_delete_after_master/nios2eds/bin/gnu/h-x86_64-mingw32/bin/../lib/gcc/nios2-elf/12.1.1/../../../../../H-x86_64-mingw32/nios2-elf/lib\libc.a(lib_a-memset.o)
 .text.memset   0x0000000000026974       0xf8 d:/intel_delete_after_master/nios2eds/bin/gnu/h-x86_64-mingw32/bin/../lib/gcc/nios2-elf/12.1.1/../../../../../H-x86_64-mingw32/nios2-elf/lib\libc.a(lib_a-memset.o)
                0x0000000000026974                memset
 .text          0x0000000000026a6c        0x0 d:/intel_delete_after_master/nios2eds/bin/gnu/h-x86_64-mingw32/bin/../lib/gcc/nios2-elf/12.1.1/../../../../../H-x86_64-mingw32/nios2-elf/lib\libc.a(lib_a-mprec.o)
 .text._Balloc  0x0000000000026a6c       0xa4 d:/intel_delete_after_master/nios2eds/bin/gnu/h-x86_64-mingw32/bin/../lib/gcc/nios2-elf/12.1.1/../../../../../H-x86_64-mingw32/nios2-elf/lib\libc.a(lib_a-mprec.o)
                0x0000000000026a6c                _Balloc
 .text._Bfree   0x0000000000026b10       0x24 d:/intel_delete_after_master/nios2eds/bin/gnu/h-x86_64-mingw32/bin/../lib/gcc/nios2-elf/12.1.1/../../../../../H-x86_64-mingw32/nios2-elf/lib\libc.a(lib_a-mprec.o)
                0x0000000000026b10                _Bfree
 .text.__multadd
                0x0000000000026b34      0x130 d:/intel_delete_after_master/nios2eds/bin/gnu/h-x86_64-mingw32/bin/../lib/gcc/nios2-elf/12.1.1/../../../../../H-x86_64-mingw32/nios2-elf/lib\libc.a(lib_a-mprec.o)
                0x0000000000026b34                __multadd
 .text.__s2b    0x0000000000026c64      0x138 d:/intel_delete_after_master/nios2eds/bin/gnu/h-x86_64-mingw32/bin/../lib/gcc/nios2-elf/12.1.1/../../../../../H-x86_64-mingw32/nios2-elf/lib\libc.a(lib_a-mprec.o)
                0x0000000000026c64                __s2b
 .text.__hi0bits
                0x0000000000026d9c       0x74 d:/intel_delete_after_master/nios2eds/bin/gnu/h-x86_64-mingw32/bin/../lib/gcc/nios2-elf/12.1.1/../../../../../H-x86_64-mingw32/nios2-elf/lib\libc.a(lib_a-mprec.o)
                0x0000000000026d9c                __hi0bits
 .text.__lo0bits
                0x0000000000026e10       0xb0 d:/intel_delete_after_master/nios2eds/bin/gnu/h-x86_64-mingw32/bin/../lib/gcc/nios2-elf/12.1.1/../../../../../H-x86_64-mingw32/nios2-elf/lib\libc.a(lib_a-mprec.o)
                0x0000000000026e10                __lo0bits
 .text.__i2b    0x0000000000026ec0       0xb0 d:/intel_delete_after_master/nios2eds/bin/gnu/h-x86_64-mingw32/bin/../lib/gcc/nios2-elf/12.1.1/../../../../../H-x86_64-mingw32/nios2-elf/lib\libc.a(lib_a-mprec.o)
                0x0000000000026ec0                __i2b
 .text.__multiply
                0x0000000000026f70      0x254 d:/intel_delete_after_master/nios2eds/bin/gnu/h-x86_64-mingw32/bin/../lib/gcc/nios2-elf/12.1.1/../../../../../H-x86_64-mingw32/nios2-elf/lib\libc.a(lib_a-mprec.o)
                0x0000000000026f70                __multiply
 .text.__pow5mult
                0x00000000000271c4      0x140 d:/intel_delete_after_master/nios2eds/bin/gnu/h-x86_64-mingw32/bin/../lib/gcc/nios2-elf/12.1.1/../../../../../H-x86_64-mingw32/nios2-elf/lib\libc.a(lib_a-mprec.o)
                0x00000000000271c4                __pow5mult
 .text.__lshift
                0x0000000000027304      0x188 d:/intel_delete_after_master/nios2eds/bin/gnu/h-x86_64-mingw32/bin/../lib/gcc/nios2-elf/12.1.1/../../../../../H-x86_64-mingw32/nios2-elf/lib\libc.a(lib_a-mprec.o)
                0x0000000000027304                __lshift
 .text.__mcmp   0x000000000002748c       0x58 d:/intel_delete_after_master/nios2eds/bin/gnu/h-x86_64-mingw32/bin/../lib/gcc/nios2-elf/12.1.1/../../../../../H-x86_64-mingw32/nios2-elf/lib\libc.a(lib_a-mprec.o)
                0x000000000002748c                __mcmp
 .text.__mdiff  0x00000000000274e4      0x230 d:/intel_delete_after_master/nios2eds/bin/gnu/h-x86_64-mingw32/bin/../lib/gcc/nios2-elf/12.1.1/../../../../../H-x86_64-mingw32/nios2-elf/lib\libc.a(lib_a-mprec.o)
                0x00000000000274e4                __mdiff
 .text.__ulp    0x0000000000027714       0x60 d:/intel_delete_after_master/nios2eds/bin/gnu/h-x86_64-mingw32/bin/../lib/gcc/nios2-elf/12.1.1/../../../../../H-x86_64-mingw32/nios2-elf/lib\libc.a(lib_a-mprec.o)
                0x0000000000027714                __ulp
 .text.__b2d    0x0000000000027774      0x100 d:/intel_delete_after_master/nios2eds/bin/gnu/h-x86_64-mingw32/bin/../lib/gcc/nios2-elf/12.1.1/../../../../../H-x86_64-mingw32/nios2-elf/lib\libc.a(lib_a-mprec.o)
                0x0000000000027774                __b2d
 .text.__d2b    0x0000000000027874      0x158 d:/intel_delete_after_master/nios2eds/bin/gnu/h-x86_64-mingw32/bin/../lib/gcc/nios2-elf/12.1.1/../../../../../H-x86_64-mingw32/nios2-elf/lib\libc.a(lib_a-mprec.o)
                0x0000000000027874                __d2b
 .text.__ratio  0x00000000000279cc       0xa8 d:/intel_delete_after_master/nios2eds/bin/gnu/h-x86_64-mingw32/bin/../lib/gcc/nios2-elf/12.1.1/../../../../../H-x86_64-mingw32/nios2-elf/lib\libc.a(lib_a-mprec.o)
                0x00000000000279cc                __ratio
 .text._mprec_log10
                0x0000000000027a74       0x70 d:/intel_delete_after_master/nios2eds/bin/gnu/h-x86_64-mingw32/bin/../lib/gcc/nios2-elf/12.1.1/../../../../../H-x86_64-mingw32/nios2-elf/lib\libc.a(lib_a-mprec.o)
                0x0000000000027a74                _mprec_log10
 .text.__copybits
                0x0000000000027ae4       0x7c d:/intel_delete_after_master/nios2eds/bin/gnu/h-x86_64-mingw32/bin/../lib/gcc/nios2-elf/12.1.1/../../../../../H-x86_64-mingw32/nios2-elf/lib\libc.a(lib_a-mprec.o)
                0x0000000000027ae4                __copybits
 .text.__any_on
                0x0000000000027b60       0x60 d:/intel_delete_after_master/nios2eds/bin/gnu/h-x86_64-mingw32/bin/../lib/gcc/nios2-elf/12.1.1/../../../../../H-x86_64-mingw32/nios2-elf/lib\libc.a(lib_a-mprec.o)
                0x0000000000027b60                __any_on
 .text          0x0000000000027bc0        0x0 d:/intel_delete_after_master/nios2eds/bin/gnu/h-x86_64-mingw32/bin/../lib/gcc/nios2-elf/12.1.1/../../../../../H-x86_64-mingw32/nios2-elf/lib\libc.a(lib_a-reallocr.o)
 .text._realloc_r
                0x0000000000027bc0      0x5f4 d:/intel_delete_after_master/nios2eds/bin/gnu/h-x86_64-mingw32/bin/../lib/gcc/nios2-elf/12.1.1/../../../../../H-x86_64-mingw32/nios2-elf/lib\libc.a(lib_a-reallocr.o)
                0x0000000000027bc0                _realloc_r
 .text          0x00000000000281b4        0x0 d:/intel_delete_after_master/nios2eds/bin/gnu/h-x86_64-mingw32/bin/../lib/gcc/nios2-elf/12.1.1/../../../../../H-x86_64-mingw32/nios2-elf/lib\libc.a(lib_a-sbrkr.o)
 .text._sbrk_r  0x00000000000281b4       0x58 d:/intel_delete_after_master/nios2eds/bin/gnu/h-x86_64-mingw32/bin/../lib/gcc/nios2-elf/12.1.1/../../../../../H-x86_64-mingw32/nios2-elf/lib\libc.a(lib_a-sbrkr.o)
                0x00000000000281b4                _sbrk_r
 .text          0x000000000002820c        0x0 d:/intel_delete_after_master/nios2eds/bin/gnu/h-x86_64-mingw32/bin/../lib/gcc/nios2-elf/12.1.1/../../../../../H-x86_64-mingw32/nios2-elf/lib\libc.a(lib_a-stdio.o)
 .text.__sread  0x000000000002820c       0x54 d:/intel_delete_after_master/nios2eds/bin/gnu/h-x86_64-mingw32/bin/../lib/gcc/nios2-elf/12.1.1/../../../../../H-x86_64-mingw32/nios2-elf/lib\libc.a(lib_a-stdio.o)
                0x000000000002820c                __sread
 .text.__seofread
                0x0000000000028260        0x8 d:/intel_delete_after_master/nios2eds/bin/gnu/h-x86_64-mingw32/bin/../lib/gcc/nios2-elf/12.1.1/../../../../../H-x86_64-mingw32/nios2-elf/lib\libc.a(lib_a-stdio.o)
                0x0000000000028260                __seofread
 .text.__swrite
                0x0000000000028268       0x80 d:/intel_delete_after_master/nios2eds/bin/gnu/h-x86_64-mingw32/bin/../lib/gcc/nios2-elf/12.1.1/../../../../../H-x86_64-mingw32/nios2-elf/lib\libc.a(lib_a-stdio.o)
                0x0000000000028268                __swrite
 .text.__sseek  0x00000000000282e8       0x5c d:/intel_delete_after_master/nios2eds/bin/gnu/h-x86_64-mingw32/bin/../lib/gcc/nios2-elf/12.1.1/../../../../../H-x86_64-mingw32/nios2-elf/lib\libc.a(lib_a-stdio.o)
                0x00000000000282e8                __sseek
 .text.__sclose
                0x0000000000028344        0x8 d:/intel_delete_after_master/nios2eds/bin/gnu/h-x86_64-mingw32/bin/../lib/gcc/nios2-elf/12.1.1/../../../../../H-x86_64-mingw32/nios2-elf/lib\libc.a(lib_a-stdio.o)
                0x0000000000028344                __sclose
 .text          0x000000000002834c        0x0 d:/intel_delete_after_master/nios2eds/bin/gnu/h-x86_64-mingw32/bin/../lib/gcc/nios2-elf/12.1.1/../../../../../H-x86_64-mingw32/nios2-elf/lib\libc.a(lib_a-vfiprintf.o)
 .text.__sprint_r.part.0
                0x000000000002834c       0xf4 d:/intel_delete_after_master/nios2eds/bin/gnu/h-x86_64-mingw32/bin/../lib/gcc/nios2-elf/12.1.1/../../../../../H-x86_64-mingw32/nios2-elf/lib\libc.a(lib_a-vfiprintf.o)
 .text.__sprint_r
                0x0000000000028440       0x18 d:/intel_delete_after_master/nios2eds/bin/gnu/h-x86_64-mingw32/bin/../lib/gcc/nios2-elf/12.1.1/../../../../../H-x86_64-mingw32/nios2-elf/lib\libc.a(lib_a-vfiprintf.o)
                0x0000000000028440                __sprint_r
 .text.___vfiprintf_internal_r
                0x0000000000028458     0x1270 d:/intel_delete_after_master/nios2eds/bin/gnu/h-x86_64-mingw32/bin/../lib/gcc/nios2-elf/12.1.1/../../../../../H-x86_64-mingw32/nios2-elf/lib\libc.a(lib_a-vfiprintf.o)
                0x0000000000028458                ___vfiprintf_internal_r
 .text.__vfiprintf_internal
                0x00000000000296c8       0x1c d:/intel_delete_after_master/nios2eds/bin/gnu/h-x86_64-mingw32/bin/../lib/gcc/nios2-elf/12.1.1/../../../../../H-x86_64-mingw32/nios2-elf/lib\libc.a(lib_a-vfiprintf.o)
                0x00000000000296c8                __vfiprintf_internal
 .text.__sbprintf
                0x00000000000296e4       0xc4 d:/intel_delete_after_master/nios2eds/bin/gnu/h-x86_64-mingw32/bin/../lib/gcc/nios2-elf/12.1.1/../../../../../H-x86_64-mingw32/nios2-elf/lib\libc.a(lib_a-vfiprintf.o)
 .text          0x00000000000297a8        0x0 d:/intel_delete_after_master/nios2eds/bin/gnu/h-x86_64-mingw32/bin/../lib/gcc/nios2-elf/12.1.1/../../../../../H-x86_64-mingw32/nios2-elf/lib\libc.a(lib_a-writer.o)
 .text._write_r
                0x00000000000297a8       0x64 d:/intel_delete_after_master/nios2eds/bin/gnu/h-x86_64-mingw32/bin/../lib/gcc/nios2-elf/12.1.1/../../../../../H-x86_64-mingw32/nios2-elf/lib\libc.a(lib_a-writer.o)
                0x00000000000297a8                _write_r
 .text          0x000000000002980c        0x0 d:/intel_delete_after_master/nios2eds/bin/gnu/h-x86_64-mingw32/bin/../lib/gcc/nios2-elf/12.1.1/../../../../../H-x86_64-mingw32/nios2-elf/lib\libc.a(closer.o)
 .text._close_r
                0x000000000002980c       0x58 d:/intel_delete_after_master/nios2eds/bin/gnu/h-x86_64-mingw32/bin/../lib/gcc/nios2-elf/12.1.1/../../../../../H-x86_64-mingw32/nios2-elf/lib\libc.a(closer.o)
                0x000000000002980c                _close_r
 .text          0x0000000000029864        0x0 d:/intel_delete_after_master/nios2eds/bin/gnu/h-x86_64-mingw32/bin/../lib/gcc/nios2-elf/12.1.1/../../../../../H-x86_64-mingw32/nios2-elf/lib\libc.a(lib_a-assert.o)
 .text.__assert_func
                0x0000000000029864       0x64 d:/intel_delete_after_master/nios2eds/bin/gnu/h-x86_64-mingw32/bin/../lib/gcc/nios2-elf/12.1.1/../../../../../H-x86_64-mingw32/nios2-elf/lib\libc.a(lib_a-assert.o)
                0x0000000000029864                __assert_func
 .text.__assert
                0x00000000000298c8       0x14 d:/intel_delete_after_master/nios2eds/bin/gnu/h-x86_64-mingw32/bin/../lib/gcc/nios2-elf/12.1.1/../../../../../H-x86_64-mingw32/nios2-elf/lib\libc.a(lib_a-assert.o)
                0x00000000000298c8                __assert
 .text          0x00000000000298dc        0x0 d:/intel_delete_after_master/nios2eds/bin/gnu/h-x86_64-mingw32/bin/../lib/gcc/nios2-elf/12.1.1/../../../../../H-x86_64-mingw32/nios2-elf/lib\libc.a(lib_a-callocr.o)
 .text._calloc_r
                0x00000000000298dc      0x144 d:/intel_delete_after_master/nios2eds/bin/gnu/h-x86_64-mingw32/bin/../lib/gcc/nios2-elf/12.1.1/../../../../../H-x86_64-mingw32/nios2-elf/lib\libc.a(lib_a-callocr.o)
                0x00000000000298dc                _calloc_r
 .text          0x0000000000029a20        0x0 d:/intel_delete_after_master/nios2eds/bin/gnu/h-x86_64-mingw32/bin/../lib/gcc/nios2-elf/12.1.1/../../../../../H-x86_64-mingw32/nios2-elf/lib\libc.a(lib_a-errno.o)
 .text.__errno  0x0000000000029a20        0xc d:/intel_delete_after_master/nios2eds/bin/gnu/h-x86_64-mingw32/bin/../lib/gcc/nios2-elf/12.1.1/../../../../../H-x86_64-mingw32/nios2-elf/lib\libc.a(lib_a-errno.o)
                0x0000000000029a20                __errno
 .text          0x0000000000029a2c        0x0 d:/intel_delete_after_master/nios2eds/bin/gnu/h-x86_64-mingw32/bin/../lib/gcc/nios2-elf/12.1.1/../../../../../H-x86_64-mingw32/nios2-elf/lib\libc.a(lib_a-fclose.o)
 .text._fclose_r
                0x0000000000029a2c       0xf8 d:/intel_delete_after_master/nios2eds/bin/gnu/h-x86_64-mingw32/bin/../lib/gcc/nios2-elf/12.1.1/../../../../../H-x86_64-mingw32/nios2-elf/lib\libc.a(lib_a-fclose.o)
                0x0000000000029a2c                _fclose_r
 .text.fclose   0x0000000000029b24       0x10 d:/intel_delete_after_master/nios2eds/bin/gnu/h-x86_64-mingw32/bin/../lib/gcc/nios2-elf/12.1.1/../../../../../H-x86_64-mingw32/nios2-elf/lib\libc.a(lib_a-fclose.o)
                0x0000000000029b24                fclose
 .text          0x0000000000029b34        0x0 d:/intel_delete_after_master/nios2eds/bin/gnu/h-x86_64-mingw32/bin/../lib/gcc/nios2-elf/12.1.1/../../../../../H-x86_64-mingw32/nios2-elf/lib\libc.a(lib_a-fiprintf.o)
 .text._fiprintf_r
                0x0000000000029b34       0x20 d:/intel_delete_after_master/nios2eds/bin/gnu/h-x86_64-mingw32/bin/../lib/gcc/nios2-elf/12.1.1/../../../../../H-x86_64-mingw32/nios2-elf/lib\libc.a(lib_a-fiprintf.o)
                0x0000000000029b34                _fiprintf_r
 .text.fiprintf
                0x0000000000029b54       0x38 d:/intel_delete_after_master/nios2eds/bin/gnu/h-x86_64-mingw32/bin/../lib/gcc/nios2-elf/12.1.1/../../../../../H-x86_64-mingw32/nios2-elf/lib\libc.a(lib_a-fiprintf.o)
                0x0000000000029b54                fiprintf
 .text          0x0000000000029b8c        0x0 d:/intel_delete_after_master/nios2eds/bin/gnu/h-x86_64-mingw32/bin/../lib/gcc/nios2-elf/12.1.1/../../../../../H-x86_64-mingw32/nios2-elf/lib\libc.a(lib_a-fputwc.o)
 .text.__fputwc
                0x0000000000029b8c      0x164 d:/intel_delete_after_master/nios2eds/bin/gnu/h-x86_64-mingw32/bin/../lib/gcc/nios2-elf/12.1.1/../../../../../H-x86_64-mingw32/nios2-elf/lib\libc.a(lib_a-fputwc.o)
                0x0000000000029b8c                __fputwc
 .text._fputwc_r
                0x0000000000029cf0       0x24 d:/intel_delete_after_master/nios2eds/bin/gnu/h-x86_64-mingw32/bin/../lib/gcc/nios2-elf/12.1.1/../../../../../H-x86_64-mingw32/nios2-elf/lib\libc.a(lib_a-fputwc.o)
                0x0000000000029cf0                _fputwc_r
 .text.fputwc   0x0000000000029d14       0x78 d:/intel_delete_after_master/nios2eds/bin/gnu/h-x86_64-mingw32/bin/../lib/gcc/nios2-elf/12.1.1/../../../../../H-x86_64-mingw32/nios2-elf/lib\libc.a(lib_a-fputwc.o)
                0x0000000000029d14                fputwc
 .text          0x0000000000029d8c        0x0 d:/intel_delete_after_master/nios2eds/bin/gnu/h-x86_64-mingw32/bin/../lib/gcc/nios2-elf/12.1.1/../../../../../H-x86_64-mingw32/nios2-elf/lib\libc.a(lib_a-fstatr.o)
 .text._fstat_r
                0x0000000000029d8c       0x60 d:/intel_delete_after_master/nios2eds/bin/gnu/h-x86_64-mingw32/bin/../lib/gcc/nios2-elf/12.1.1/../../../../../H-x86_64-mingw32/nios2-elf/lib\libc.a(lib_a-fstatr.o)
                0x0000000000029d8c                _fstat_r
 .text          0x0000000000029dec        0x0 d:/intel_delete_after_master/nios2eds/bin/gnu/h-x86_64-mingw32/bin/../lib/gcc/nios2-elf/12.1.1/../../../../../H-x86_64-mingw32/nios2-elf/lib\libc.a(lib_a-int_errno.o)
 .text          0x0000000000029dec        0x0 d:/intel_delete_after_master/nios2eds/bin/gnu/h-x86_64-mingw32/bin/../lib/gcc/nios2-elf/12.1.1/../../../../../H-x86_64-mingw32/nios2-elf/lib\libc.a(lib_a-isattyr.o)
 .text._isatty_r
                0x0000000000029dec       0x58 d:/intel_delete_after_master/nios2eds/bin/gnu/h-x86_64-mingw32/bin/../lib/gcc/nios2-elf/12.1.1/../../../../../H-x86_64-mingw32/nios2-elf/lib\libc.a(lib_a-isattyr.o)
                0x0000000000029dec                _isatty_r
 .text          0x0000000000029e44        0x0 d:/intel_delete_after_master/nios2eds/bin/gnu/h-x86_64-mingw32/bin/../lib/gcc/nios2-elf/12.1.1/../../../../../H-x86_64-mingw32/nios2-elf/lib\libc.a(lib_a-locale.o)
 .text._setlocale_r
                0x0000000000029e44       0x74 d:/intel_delete_after_master/nios2eds/bin/gnu/h-x86_64-mingw32/bin/../lib/gcc/nios2-elf/12.1.1/../../../../../H-x86_64-mingw32/nios2-elf/lib\libc.a(lib_a-locale.o)
                0x0000000000029e44                _setlocale_r
 .text.__locale_mb_cur_max
                0x0000000000029eb8        0xc d:/intel_delete_after_master/nios2eds/bin/gnu/h-x86_64-mingw32/bin/../lib/gcc/nios2-elf/12.1.1/../../../../../H-x86_64-mingw32/nios2-elf/lib\libc.a(lib_a-locale.o)
                0x0000000000029eb8                __locale_mb_cur_max
 .text.setlocale
                0x0000000000029ec4       0x74 d:/intel_delete_after_master/nios2eds/bin/gnu/h-x86_64-mingw32/bin/../lib/gcc/nios2-elf/12.1.1/../../../../../H-x86_64-mingw32/nios2-elf/lib\libc.a(lib_a-locale.o)
                0x0000000000029ec4                setlocale
 .text          0x0000000000029f38        0x0 d:/intel_delete_after_master/nios2eds/bin/gnu/h-x86_64-mingw32/bin/../lib/gcc/nios2-elf/12.1.1/../../../../../H-x86_64-mingw32/nios2-elf/lib\libc.a(lib_a-lseekr.o)
 .text._lseek_r
                0x0000000000029f38       0x64 d:/intel_delete_after_master/nios2eds/bin/gnu/h-x86_64-mingw32/bin/../lib/gcc/nios2-elf/12.1.1/../../../../../H-x86_64-mingw32/nios2-elf/lib\libc.a(lib_a-lseekr.o)
                0x0000000000029f38                _lseek_r
 .text          0x0000000000029f9c        0x0 d:/intel_delete_after_master/nios2eds/bin/gnu/h-x86_64-mingw32/bin/../lib/gcc/nios2-elf/12.1.1/../../../../../H-x86_64-mingw32/nios2-elf/lib\libc.a(lib_a-mbtowc_r.o)
 .text._mbtowc_r
                0x0000000000029f9c        0xc d:/intel_delete_after_master/nios2eds/bin/gnu/h-x86_64-mingw32/bin/../lib/gcc/nios2-elf/12.1.1/../../../../../H-x86_64-mingw32/nios2-elf/lib\libc.a(lib_a-mbtowc_r.o)
                0x0000000000029f9c                _mbtowc_r
 .text.__ascii_mbtowc
                0x0000000000029fa8       0x44 d:/intel_delete_after_master/nios2eds/bin/gnu/h-x86_64-mingw32/bin/../lib/gcc/nios2-elf/12.1.1/../../../../../H-x86_64-mingw32/nios2-elf/lib\libc.a(lib_a-mbtowc_r.o)
                0x0000000000029fa8                __ascii_mbtowc
 .text          0x0000000000029fec        0x0 d:/intel_delete_after_master/nios2eds/bin/gnu/h-x86_64-mingw32/bin/../lib/gcc/nios2-elf/12.1.1/../../../../../H-x86_64-mingw32/nios2-elf/lib\libc.a(lib_a-readr.o)
 .text._read_r  0x0000000000029fec       0x64 d:/intel_delete_after_master/nios2eds/bin/gnu/h-x86_64-mingw32/bin/../lib/gcc/nios2-elf/12.1.1/../../../../../H-x86_64-mingw32/nios2-elf/lib\libc.a(lib_a-readr.o)
                0x0000000000029fec                _read_r
 .text          0x000000000002a050        0x0 d:/intel_delete_after_master/nios2eds/bin/gnu/h-x86_64-mingw32/bin/../lib/gcc/nios2-elf/12.1.1/../../../../../H-x86_64-mingw32/nios2-elf/lib\libc.a(lib_a-strcmp.o)
 .text.strcmp   0x000000000002a050       0xb8 d:/intel_delete_after_master/nios2eds/bin/gnu/h-x86_64-mingw32/bin/../lib/gcc/nios2-elf/12.1.1/../../../../../H-x86_64-mingw32/nios2-elf/lib\libc.a(lib_a-strcmp.o)
                0x000000000002a050                strcmp
 .text          0x000000000002a108        0x0 d:/intel_delete_after_master/nios2eds/bin/gnu/h-x86_64-mingw32/bin/../lib/gcc/nios2-elf/12.1.1/../../../../../H-x86_64-mingw32/nios2-elf/lib\libc.a(lib_a-vfiprintfr_1.o)
 .text._vfiprintf_r
                0x000000000002a108        0x4 d:/intel_delete_after_master/nios2eds/bin/gnu/h-x86_64-mingw32/bin/../lib/gcc/nios2-elf/12.1.1/../../../../../H-x86_64-mingw32/nios2-elf/lib\libc.a(lib_a-vfiprintfr_1.o)
                0x000000000002a108                _vfiprintf_r
 .text          0x000000000002a10c        0x0 d:/intel_delete_after_master/nios2eds/bin/gnu/h-x86_64-mingw32/bin/../lib/gcc/nios2-elf/12.1.1/../../../../../H-x86_64-mingw32/nios2-elf/lib\libc.a(lib_a-wbuf.o)
 .text.__swbuf_r
                0x000000000002a10c      0x148 d:/intel_delete_after_master/nios2eds/bin/gnu/h-x86_64-mingw32/bin/../lib/gcc/nios2-elf/12.1.1/../../../../../H-x86_64-mingw32/nios2-elf/lib\libc.a(lib_a-wbuf.o)
                0x000000000002a10c                __swbuf_r
 .text.__swbuf  0x000000000002a254       0x18 d:/intel_delete_after_master/nios2eds/bin/gnu/h-x86_64-mingw32/bin/../lib/gcc/nios2-elf/12.1.1/../../../../../H-x86_64-mingw32/nios2-elf/lib\libc.a(lib_a-wbuf.o)
                0x000000000002a254                __swbuf
 .text          0x000000000002a26c        0x0 d:/intel_delete_after_master/nios2eds/bin/gnu/h-x86_64-mingw32/bin/../lib/gcc/nios2-elf/12.1.1/../../../../../H-x86_64-mingw32/nios2-elf/lib\libc.a(lib_a-wcrtomb.o)
 .text._wcrtomb_r
                0x000000000002a26c       0x6c d:/intel_delete_after_master/nios2eds/bin/gnu/h-x86_64-mingw32/bin/../lib/gcc/nios2-elf/12.1.1/../../../../../H-x86_64-mingw32/nios2-elf/lib\libc.a(lib_a-wcrtomb.o)
                0x000000000002a26c                _wcrtomb_r
 .text.wcrtomb  0x000000000002a2d8       0x88 d:/intel_delete_after_master/nios2eds/bin/gnu/h-x86_64-mingw32/bin/../lib/gcc/nios2-elf/12.1.1/../../../../../H-x86_64-mingw32/nios2-elf/lib\libc.a(lib_a-wcrtomb.o)
                0x000000000002a2d8                wcrtomb
 .text          0x000000000002a360        0x0 d:/intel_delete_after_master/nios2eds/bin/gnu/h-x86_64-mingw32/bin/../lib/gcc/nios2-elf/12.1.1/../../../../../H-x86_64-mingw32/nios2-elf/lib\libc.a(lib_a-wctomb_r.o)
 .text._wctomb_r
                0x000000000002a360        0xc d:/intel_delete_after_master/nios2eds/bin/gnu/h-x86_64-mingw32/bin/../lib/gcc/nios2-elf/12.1.1/../../../../../H-x86_64-mingw32/nios2-elf/lib\libc.a(lib_a-wctomb_r.o)
                0x000000000002a360                _wctomb_r
 .text.__ascii_wctomb
                0x000000000002a36c       0x30 d:/intel_delete_after_master/nios2eds/bin/gnu/h-x86_64-mingw32/bin/../lib/gcc/nios2-elf/12.1.1/../../../../../H-x86_64-mingw32/nios2-elf/lib\libc.a(lib_a-wctomb_r.o)
                0x000000000002a36c                __ascii_wctomb
 .text          0x000000000002a39c        0x0 d:/intel_delete_after_master/nios2eds/bin/gnu/h-x86_64-mingw32/bin/../lib/gcc/nios2-elf/12.1.1/../../../../../H-x86_64-mingw32/nios2-elf/lib\libc.a(lib_a-abort.o)
 .text.unlikely.abort
                0x000000000002a39c       0x18 d:/intel_delete_after_master/nios2eds/bin/gnu/h-x86_64-mingw32/bin/../lib/gcc/nios2-elf/12.1.1/../../../../../H-x86_64-mingw32/nios2-elf/lib\libc.a(lib_a-abort.o)
                0x000000000002a39c                abort
 .text          0x000000000002a3b4        0x0 d:/intel_delete_after_master/nios2eds/bin/gnu/h-x86_64-mingw32/bin/../lib/gcc/nios2-elf/12.1.1/../../../../../H-x86_64-mingw32/nios2-elf/lib\libc.a(lib_a-ctype_.o)
 .text          0x000000000002a3b4        0x0 d:/intel_delete_after_master/nios2eds/bin/gnu/h-x86_64-mingw32/bin/../lib/gcc/nios2-elf/12.1.1/../../../../../H-x86_64-mingw32/nios2-elf/lib\libc.a(lib_a-signal.o)
 .text._init_signal_r
                0x000000000002a3b4       0x5c d:/intel_delete_after_master/nios2eds/bin/gnu/h-x86_64-mingw32/bin/../lib/gcc/nios2-elf/12.1.1/../../../../../H-x86_64-mingw32/nios2-elf/lib\libc.a(lib_a-signal.o)
                0x000000000002a3b4                _init_signal_r
 .text._signal_r
                0x000000000002a410       0x90 d:/intel_delete_after_master/nios2eds/bin/gnu/h-x86_64-mingw32/bin/../lib/gcc/nios2-elf/12.1.1/../../../../../H-x86_64-mingw32/nios2-elf/lib\libc.a(lib_a-signal.o)
                0x000000000002a410                _signal_r
 .text._raise_r
                0x000000000002a4a0       0xb0 d:/intel_delete_after_master/nios2eds/bin/gnu/h-x86_64-mingw32/bin/../lib/gcc/nios2-elf/12.1.1/../../../../../H-x86_64-mingw32/nios2-elf/lib\libc.a(lib_a-signal.o)
                0x000000000002a4a0                _raise_r
 .text.__sigtramp_r
                0x000000000002a550       0xbc d:/intel_delete_after_master/nios2eds/bin/gnu/h-x86_64-mingw32/bin/../lib/gcc/nios2-elf/12.1.1/../../../../../H-x86_64-mingw32/nios2-elf/lib\libc.a(lib_a-signal.o)
                0x000000000002a550                __sigtramp_r
 .text.raise    0x000000000002a60c       0xb4 d:/intel_delete_after_master/nios2eds/bin/gnu/h-x86_64-mingw32/bin/../lib/gcc/nios2-elf/12.1.1/../../../../../H-x86_64-mingw32/nios2-elf/lib\libc.a(lib_a-signal.o)
                0x000000000002a60c                raise
 .text.signal   0x000000000002a6c0       0x98 d:/intel_delete_after_master/nios2eds/bin/gnu/h-x86_64-mingw32/bin/../lib/gcc/nios2-elf/12.1.1/../../../../../H-x86_64-mingw32/nios2-elf/lib\libc.a(lib_a-signal.o)
                0x000000000002a6c0                signal
 .text._init_signal
                0x000000000002a758       0x60 d:/intel_delete_after_master/nios2eds/bin/gnu/h-x86_64-mingw32/bin/../lib/gcc/nios2-elf/12.1.1/../../../../../H-x86_64-mingw32/nios2-elf/lib\libc.a(lib_a-signal.o)
                0x000000000002a758                _init_signal
 .text.__sigtramp
                0x000000000002a7b8       0xbc d:/intel_delete_after_master/nios2eds/bin/gnu/h-x86_64-mingw32/bin/../lib/gcc/nios2-elf/12.1.1/../../../../../H-x86_64-mingw32/nios2-elf/lib\libc.a(lib_a-signal.o)
                0x000000000002a7b8                __sigtramp
 .text          0x000000000002a874        0x0 d:/intel_delete_after_master/nios2eds/bin/gnu/h-x86_64-mingw32/bin/../lib/gcc/nios2-elf/12.1.1/../../../../../H-x86_64-mingw32/nios2-elf/lib\libc.a(lib_a-signalr.o)
 .text._kill_r  0x000000000002a874       0x60 d:/intel_delete_after_master/nios2eds/bin/gnu/h-x86_64-mingw32/bin/../lib/gcc/nios2-elf/12.1.1/../../../../../H-x86_64-mingw32/nios2-elf/lib\libc.a(lib_a-signalr.o)
                0x000000000002a874                _kill_r
 .text._getpid_r
                0x000000000002a8d4        0x4 d:/intel_delete_after_master/nios2eds/bin/gnu/h-x86_64-mingw32/bin/../lib/gcc/nios2-elf/12.1.1/../../../../../H-x86_64-mingw32/nios2-elf/lib\libc.a(lib_a-signalr.o)
                0x000000000002a8d4                _getpid_r
 .text          0x000000000002a8d8      0x550 d:/intel_delete_after_master/nios2eds/bin/gnu/h-x86_64-mingw32/bin/../lib/gcc/nios2-elf/12.1.1\libgcc.a(_udivdi3.o)
                0x000000000002a8d8                __udivdi3
 .text          0x000000000002ae28      0x510 d:/intel_delete_after_master/nios2eds/bin/gnu/h-x86_64-mingw32/bin/../lib/gcc/nios2-elf/12.1.1\libgcc.a(_umoddi3.o)
                0x000000000002ae28                __umoddi3
 .text          0x000000000002b338      0x904 d:/intel_delete_after_master/nios2eds/bin/gnu/h-x86_64-mingw32/bin/../lib/gcc/nios2-elf/12.1.1\libgcc.a(adddf3.o)
                0x000000000002b338                __adddf3
 .text          0x000000000002bc3c      0x848 d:/intel_delete_after_master/nios2eds/bin/gnu/h-x86_64-mingw32/bin/../lib/gcc/nios2-elf/12.1.1\libgcc.a(divdf3.o)
                0x000000000002bc3c                __divdf3
 .text          0x000000000002c484       0x94 d:/intel_delete_after_master/nios2eds/bin/gnu/h-x86_64-mingw32/bin/../lib/gcc/nios2-elf/12.1.1\libgcc.a(eqdf2.o)
                0x000000000002c484                __nedf2
                0x000000000002c484                __eqdf2
 .text          0x000000000002c518       0xfc d:/intel_delete_after_master/nios2eds/bin/gnu/h-x86_64-mingw32/bin/../lib/gcc/nios2-elf/12.1.1\libgcc.a(gedf2.o)
                0x000000000002c518                __gedf2
                0x000000000002c518                __gtdf2
 .text          0x000000000002c614       0xf8 d:/intel_delete_after_master/nios2eds/bin/gnu/h-x86_64-mingw32/bin/../lib/gcc/nios2-elf/12.1.1\libgcc.a(ledf2.o)
                0x000000000002c614                __ledf2
                0x000000000002c614                __ltdf2
 .text          0x000000000002c70c      0x6d8 d:/intel_delete_after_master/nios2eds/bin/gnu/h-x86_64-mingw32/bin/../lib/gcc/nios2-elf/12.1.1\libgcc.a(muldf3.o)
                0x000000000002c70c                __muldf3
 .text          0x000000000002cde4      0x99c d:/intel_delete_after_master/nios2eds/bin/gnu/h-x86_64-mingw32/bin/../lib/gcc/nios2-elf/12.1.1\libgcc.a(subdf3.o)
                0x000000000002cde4                __subdf3
 .text          0x000000000002d780       0x54 d:/intel_delete_after_master/nios2eds/bin/gnu/h-x86_64-mingw32/bin/../lib/gcc/nios2-elf/12.1.1\libgcc.a(unorddf2.o)
                0x000000000002d780                __unorddf2
 .text          0x000000000002d7d4       0x80 d:/intel_delete_after_master/nios2eds/bin/gnu/h-x86_64-mingw32/bin/../lib/gcc/nios2-elf/12.1.1\libgcc.a(fixdfsi.o)
                0x000000000002d7d4                __fixdfsi
 .text          0x000000000002d854       0xb8 d:/intel_delete_after_master/nios2eds/bin/gnu/h-x86_64-mingw32/bin/../lib/gcc/nios2-elf/12.1.1\libgcc.a(floatsidf.o)
                0x000000000002d854                __floatsidf
 .text          0x000000000002d90c       0x90 d:/intel_delete_after_master/nios2eds/bin/gnu/h-x86_64-mingw32/bin/../lib/gcc/nios2-elf/12.1.1\libgcc.a(floatunsidf.o)
                0x000000000002d90c                __floatunsidf
 .text          0x000000000002d99c        0x0 d:/intel_delete_after_master/nios2eds/bin/gnu/h-x86_64-mingw32/bin/../lib/gcc/nios2-elf/12.1.1\libgcc.a(_clz.o)
 .text          0x000000000002d99c       0x50 d:/intel_delete_after_master/nios2eds/bin/gnu/h-x86_64-mingw32/bin/../lib/gcc/nios2-elf/12.1.1\libgcc.a(_clzsi2.o)
                0x000000000002d99c                __clzsi2
 .text          0x000000000002d9ec      0x10c n:/Facultate/Master/Master_2/PASIC/nivela_bidir/nivela_bidir/software/nivela_bidirectionala_bsp/\libhal_bsp.a(alt_close.o)
                0x000000000002da28                close
 .text          0x000000000002daf8       0x2c n:/Facultate/Master/Master_2/PASIC/nivela_bidir/nivela_bidir/software/nivela_bidirectionala_bsp/\libhal_bsp.a(alt_dev.o)
 .text          0x000000000002db24        0x0 n:/Facultate/Master/Master_2/PASIC/nivela_bidir/nivela_bidir/software/nivela_bidirectionala_bsp/\libhal_bsp.a(alt_errno.o)
 .text          0x000000000002db24       0x3c n:/Facultate/Master/Master_2/PASIC/nivela_bidir/nivela_bidir/software/nivela_bidirectionala_bsp/\libhal_bsp.a(alt_exit.o)
                0x000000000002db24                _exit
 .text          0x000000000002db60       0xec n:/Facultate/Master/Master_2/PASIC/nivela_bidir/nivela_bidir/software/nivela_bidirectionala_bsp/\libhal_bsp.a(alt_fstat.o)
                0x000000000002db9c                fstat
 .text          0x000000000002dc4c       0x20 n:/Facultate/Master/Master_2/PASIC/nivela_bidir/nivela_bidir/software/nivela_bidirectionala_bsp/\libhal_bsp.a(alt_getpid.o)
                0x000000000002dc4c                getpid
 .text          0x000000000002dc6c       0xe0 n:/Facultate/Master/Master_2/PASIC/nivela_bidir/nivela_bidir/software/nivela_bidirectionala_bsp/\libhal_bsp.a(alt_isatty.o)
                0x000000000002dca8                isatty
 .text          0x000000000002dd4c      0x12c n:/Facultate/Master/Master_2/PASIC/nivela_bidir/nivela_bidir/software/nivela_bidirectionala_bsp/\libhal_bsp.a(alt_kill.o)
                0x000000000002dd88                kill
 .text          0x000000000002de78       0xec n:/Facultate/Master/Master_2/PASIC/nivela_bidir/nivela_bidir/software/nivela_bidirectionala_bsp/\libhal_bsp.a(alt_load.o)
                0x000000000002dee0                alt_load
 .text          0x000000000002df64      0x110 n:/Facultate/Master/Master_2/PASIC/nivela_bidir/nivela_bidir/software/nivela_bidirectionala_bsp/\libhal_bsp.a(alt_lseek.o)
                0x000000000002dfa0                lseek
 .text          0x000000000002e074       0x7c n:/Facultate/Master/Master_2/PASIC/nivela_bidir/nivela_bidir/software/nivela_bidirectionala_bsp/\libhal_bsp.a(alt_main.o)
                0x000000000002e074                alt_main
 .text          0x000000000002e0f0       0x48 n:/Facultate/Master/Master_2/PASIC/nivela_bidir/nivela_bidir/software/nivela_bidirectionala_bsp/\libhal_bsp.a(alt_malloc_lock.o)
                0x000000000002e0f0                __malloc_lock
                0x000000000002e114                __malloc_unlock
 .text          0x000000000002e138      0x138 n:/Facultate/Master/Master_2/PASIC/nivela_bidir/nivela_bidir/software/nivela_bidirectionala_bsp/\libhal_bsp.a(alt_read.o)
                0x000000000002e174                read
 .text          0x000000000002e270       0x58 n:/Facultate/Master/Master_2/PASIC/nivela_bidir/nivela_bidir/software/nivela_bidirectionala_bsp/\libhal_bsp.a(alt_release_fd.o)
                0x000000000002e270                alt_release_fd
 .text          0x000000000002e2c8       0xb8 n:/Facultate/Master/Master_2/PASIC/nivela_bidir/nivela_bidir/software/nivela_bidirectionala_bsp/\libhal_bsp.a(alt_sbrk.o)
                0x000000000002e2c8                sbrk
 .text          0x000000000002e380       0x30 n:/Facultate/Master/Master_2/PASIC/nivela_bidir/nivela_bidir/software/nivela_bidirectionala_bsp/\libhal_bsp.a(alt_usleep.o)
                0x000000000002e380                usleep
 .text          0x000000000002e3b0      0x134 n:/Facultate/Master/Master_2/PASIC/nivela_bidir/nivela_bidir/software/nivela_bidirectionala_bsp/\libhal_bsp.a(alt_write.o)
                0x000000000002e3ec                write
 .text          0x000000000002e4e4       0xd4 n:/Facultate/Master/Master_2/PASIC/nivela_bidir/nivela_bidir/software/nivela_bidirectionala_bsp/\libhal_bsp.a(alt_sys_init.o)
                0x000000000002e518                alt_irq_init
                0x000000000002e554                alt_sys_init
 .text          0x000000000002e5b8      0x164 n:/Facultate/Master/Master_2/PASIC/nivela_bidir/nivela_bidir/software/nivela_bidirectionala_bsp/\libhal_bsp.a(altera_avalon_jtag_uart_fd.o)
                0x000000000002e5b8                altera_avalon_jtag_uart_read_fd
                0x000000000002e618                altera_avalon_jtag_uart_write_fd
                0x000000000002e678                altera_avalon_jtag_uart_close_fd
                0x000000000002e6c8                altera_avalon_jtag_uart_ioctl_fd
 .text          0x000000000002e71c      0x3dc n:/Facultate/Master/Master_2/PASIC/nivela_bidir/nivela_bidir/software/nivela_bidirectionala_bsp/\libhal_bsp.a(altera_avalon_jtag_uart_init.o)
                0x000000000002e71c                altera_avalon_jtag_uart_init
                0x000000000002ea90                altera_avalon_jtag_uart_close
 .text          0x000000000002eaf8       0xf4 n:/Facultate/Master/Master_2/PASIC/nivela_bidir/nivela_bidir/software/nivela_bidirectionala_bsp/\libhal_bsp.a(altera_avalon_jtag_uart_ioctl.o)
                0x000000000002eaf8                altera_avalon_jtag_uart_ioctl
 .text          0x000000000002ebec      0x220 n:/Facultate/Master/Master_2/PASIC/nivela_bidir/nivela_bidir/software/nivela_bidirectionala_bsp/\libhal_bsp.a(altera_avalon_jtag_uart_read.o)
                0x000000000002ebec                altera_avalon_jtag_uart_read
 .text          0x000000000002ee0c      0x228 n:/Facultate/Master/Master_2/PASIC/nivela_bidir/nivela_bidir/software/nivela_bidirectionala_bsp/\libhal_bsp.a(altera_avalon_jtag_uart_write.o)
                0x000000000002ee0c                altera_avalon_jtag_uart_write
 .text          0x000000000002f034      0x3cc n:/Facultate/Master/Master_2/PASIC/nivela_bidir/nivela_bidir/software/nivela_bidirectionala_bsp/\libhal_bsp.a(altera_up_avalon_accelerometer_spi.o)
                0x000000000002f034                alt_up_accelerometer_spi_open_dev
                0x000000000002f070                alt_up_accelerometer_spi_read_address_register
                0x000000000002f0b4                alt_up_accelerometer_spi_read
                0x000000000002f11c                alt_up_accelerometer_spi_write
                0x000000000002f184                alt_up_accelerometer_spi_read_x_axis
                0x000000000002f258                alt_up_accelerometer_spi_read_y_axis
                0x000000000002f32c                alt_up_accelerometer_spi_read_z_axis
 .text          0x000000000002f400      0x150 n:/Facultate/Master/Master_2/PASIC/nivela_bidir/nivela_bidir/software/nivela_bidirectionala_bsp/\libhal_bsp.a(altera_up_avalon_adc.o)
                0x000000000002f400                alt_up_adc_open_dev
                0x000000000002f43c                alt_up_adc_read
 .text          0x000000000002f550      0x160 n:/Facultate/Master/Master_2/PASIC/nivela_bidir/nivela_bidir/software/nivela_bidirectionala_bsp/\libhal_bsp.a(alt_alarm_start.o)
                0x000000000002f550                alt_alarm_start
 .text          0x000000000002f6b0      0x158 n:/Facultate/Master/Master_2/PASIC/nivela_bidir/nivela_bidir/software/nivela_bidirectionala_bsp/\libhal_bsp.a(alt_busy_sleep.o)
                0x000000000002f6b0                alt_busy_sleep
 .text          0x000000000002f808       0x20 n:/Facultate/Master/Master_2/PASIC/nivela_bidir/nivela_bidir/software/nivela_bidirectionala_bsp/\libhal_bsp.a(alt_dcache_flush_all.o)
                0x000000000002f808                alt_dcache_flush_all
 .text          0x000000000002f828       0xe4 n:/Facultate/Master/Master_2/PASIC/nivela_bidir/nivela_bidir/software/nivela_bidirectionala_bsp/\libhal_bsp.a(alt_dev_llist_insert.o)
                0x000000000002f864                alt_dev_llist_insert
 .text          0x000000000002f90c       0x64 n:/Facultate/Master/Master_2/PASIC/nivela_bidir/nivela_bidir/software/nivela_bidirectionala_bsp/\libhal_bsp.a(alt_do_ctors.o)
                0x000000000002f90c                _do_ctors
 .text          0x000000000002f970       0x64 n:/Facultate/Master/Master_2/PASIC/nivela_bidir/nivela_bidir/software/nivela_bidirectionala_bsp/\libhal_bsp.a(alt_do_dtors.o)
                0x000000000002f970                _do_dtors
 .text          0x000000000002f9d4       0x90 n:/Facultate/Master/Master_2/PASIC/nivela_bidir/nivela_bidir/software/nivela_bidirectionala_bsp/\libhal_bsp.a(alt_find_dev.o)
                0x000000000002f9d4                alt_find_dev
 .text          0x000000000002fa64       0x20 n:/Facultate/Master/Master_2/PASIC/nivela_bidir/nivela_bidir/software/nivela_bidirectionala_bsp/\libhal_bsp.a(alt_icache_flush_all.o)
                0x000000000002fa64                alt_icache_flush_all
 .text          0x000000000002fa84      0x12c n:/Facultate/Master/Master_2/PASIC/nivela_bidir/nivela_bidir/software/nivela_bidirectionala_bsp/\libhal_bsp.a(alt_io_redirect.o)
                0x000000000002fb34                alt_io_redirect
 .text          0x000000000002fbb0      0x180 n:/Facultate/Master/Master_2/PASIC/nivela_bidir/nivela_bidir/software/nivela_bidirectionala_bsp/\libhal_bsp.a(alt_irq_register.o)
                0x000000000002fbb0                alt_irq_register
 .text          0x000000000002fd30        0x0 n:/Facultate/Master/Master_2/PASIC/nivela_bidir/nivela_bidir/software/nivela_bidirectionala_bsp/\libhal_bsp.a(alt_irq_vars.o)
 .text          0x000000000002fd30      0x248 n:/Facultate/Master/Master_2/PASIC/nivela_bidir/nivela_bidir/software/nivela_bidirectionala_bsp/\libhal_bsp.a(alt_open.o)
                0x000000000002fe24                open
 .text          0x000000000002ff78      0x1d0 n:/Facultate/Master/Master_2/PASIC/nivela_bidir/nivela_bidir/software/nivela_bidirectionala_bsp/\libhal_bsp.a(alt_tick.o)
                0x000000000002ff78                alt_alarm_stop
                0x000000000003001c                alt_tick
 .text          0x0000000000030148       0x24 n:/Facultate/Master/Master_2/PASIC/nivela_bidir/nivela_bidir/software/nivela_bidirectionala_bsp/\libhal_bsp.a(altera_nios2_gen2_irq.o)
                0x0000000000030148                altera_nios2_gen2_irq_init
 .text          0x000000000003016c      0x108 n:/Facultate/Master/Master_2/PASIC/nivela_bidir/nivela_bidir/software/nivela_bidirectionala_bsp/\libhal_bsp.a(alt_find_file.o)
                0x000000000003016c                alt_find_file
 .text          0x0000000000030274       0xa0 n:/Facultate/Master/Master_2/PASIC/nivela_bidir/nivela_bidir/software/nivela_bidirectionala_bsp/\libhal_bsp.a(alt_get_fd.o)
                0x0000000000030274                alt_get_fd
 .text          0x0000000000030314        0x0 n:/Facultate/Master/Master_2/PASIC/nivela_bidir/nivela_bidir/software/nivela_bidirectionala_bsp/\libhal_bsp.a(alt_irq_entry.o)
 .text          0x0000000000030314        0x0 n:/Facultate/Master/Master_2/PASIC/nivela_bidir/nivela_bidir/software/nivela_bidirectionala_bsp/\libhal_bsp.a(alt_irq_handler.o)
 .text          0x0000000000030314        0x0 n:/Facultate/Master/Master_2/PASIC/nivela_bidir/nivela_bidir/software/nivela_bidirectionala_bsp/\libhal_bsp.a(alt_exception_entry.o)
 .text          0x0000000000030314       0x74 n:/Facultate/Master/Master_2/PASIC/nivela_bidir/nivela_bidir/software/nivela_bidirectionala_bsp/\libhal_bsp.a(alt_instruction_exception_entry.o)
                0x0000000000030314                alt_exception_cause_generated_bad_addr
 .text          0x0000000000030388        0x0 d:/intel_delete_after_master/nios2eds/bin/gnu/h-x86_64-mingw32/bin/../lib/gcc/nios2-elf/12.1.1/../../../../../H-x86_64-mingw32/nios2-elf/lib\libc.a(lib_a-atexit.o)
 .text.atexit   0x0000000000030388       0x14 d:/intel_delete_after_master/nios2eds/bin/gnu/h-x86_64-mingw32/bin/../lib/gcc/nios2-elf/12.1.1/../../../../../H-x86_64-mingw32/nios2-elf/lib\libc.a(lib_a-atexit.o)
                0x0000000000030388                atexit
 .text          0x000000000003039c        0x0 d:/intel_delete_after_master/nios2eds/bin/gnu/h-x86_64-mingw32/bin/../lib/gcc/nios2-elf/12.1.1/../../../../../H-x86_64-mingw32/nios2-elf/lib\libc.a(lib_a-exit.o)
 .text.exit     0x000000000003039c       0x34 d:/intel_delete_after_master/nios2eds/bin/gnu/h-x86_64-mingw32/bin/../lib/gcc/nios2-elf/12.1.1/../../../../../H-x86_64-mingw32/nios2-elf/lib\libc.a(lib_a-exit.o)
                0x000000000003039c                exit
 .text          0x00000000000303d0        0x0 d:/intel_delete_after_master/nios2eds/bin/gnu/h-x86_64-mingw32/bin/../lib/gcc/nios2-elf/12.1.1/../../../../../H-x86_64-mingw32/nios2-elf/lib\libc.a(lib_a-memcmp.o)
 .text.memcmp   0x00000000000303d0       0x78 d:/intel_delete_after_master/nios2eds/bin/gnu/h-x86_64-mingw32/bin/../lib/gcc/nios2-elf/12.1.1/../../../../../H-x86_64-mingw32/nios2-elf/lib\libc.a(lib_a-memcmp.o)
                0x00000000000303d0                memcmp
 .text          0x0000000000030448        0x0 d:/intel_delete_after_master/nios2eds/bin/gnu/h-x86_64-mingw32/bin/../lib/gcc/nios2-elf/12.1.1/../../../../../H-x86_64-mingw32/nios2-elf/lib\libc.a(lib_a-__atexit.o)
 .text.__register_exitproc
                0x0000000000030448       0x90 d:/intel_delete_after_master/nios2eds/bin/gnu/h-x86_64-mingw32/bin/../lib/gcc/nios2-elf/12.1.1/../../../../../H-x86_64-mingw32/nios2-elf/lib\libc.a(lib_a-__atexit.o)
                0x0000000000030448                __register_exitproc
 .text          0x00000000000304d8        0x0 d:/intel_delete_after_master/nios2eds/bin/gnu/h-x86_64-mingw32/bin/../lib/gcc/nios2-elf/12.1.1/../../../../../H-x86_64-mingw32/nios2-elf/lib\libc.a(lib_a-__call_atexit.o)
 .text.__call_exitprocs
                0x00000000000304d8      0x120 d:/intel_delete_after_master/nios2eds/bin/gnu/h-x86_64-mingw32/bin/../lib/gcc/nios2-elf/12.1.1/../../../../../H-x86_64-mingw32/nios2-elf/lib\libc.a(lib_a-__call_atexit.o)
                0x00000000000304d8                __call_exitprocs
 *(.gnu.warning.*)
 *(.fini)
                [!provide]                        PROVIDE (__etext = ABSOLUTE (.))
                [!provide]                        PROVIDE (_etext = ABSOLUTE (.))
                [!provide]                        PROVIDE (etext = ABSOLUTE (.))
 *(.eh_frame_hdr)
                0x00000000000305f8                . = ALIGN (0x4)
                [!provide]                        PROVIDE (__preinit_array_start = ABSOLUTE (.))
 *(.preinit_array)
                [!provide]                        PROVIDE (__preinit_array_end = ABSOLUTE (.))
                [!provide]                        PROVIDE (__init_array_start = ABSOLUTE (.))
 *(.init_array)
                [!provide]                        PROVIDE (__init_array_end = ABSOLUTE (.))
                [!provide]                        PROVIDE (__fini_array_start = ABSOLUTE (.))
 *(.fini_array)
                [!provide]                        PROVIDE (__fini_array_end = ABSOLUTE (.))
 *(.eh_frame)
 *(.gcc_except_table .gcc_except_table.*)
 *(.dynamic)
                0x00000000000305f8                PROVIDE (__CTOR_LIST__ = ABSOLUTE (.))
 *(.ctors)
 *(SORT_BY_NAME(.ctors.*))
                0x00000000000305f8                PROVIDE (__CTOR_END__ = ABSOLUTE (.))
                0x00000000000305f8                PROVIDE (__DTOR_LIST__ = ABSOLUTE (.))
 *(.dtors)
 *(SORT_BY_NAME(.dtors.*))
                0x00000000000305f8                PROVIDE (__DTOR_END__ = ABSOLUTE (.))
 *(.jcr)
                0x00000000000305f8                . = ALIGN (0x4)

.rodata         0x00000000000305f8      0x714
                0x00000000000305f8                PROVIDE (__ram_rodata_start = ABSOLUTE (.))
                0x00000000000305f8                . = ALIGN (0x4)
 *(.rodata .rodata.* .gnu.linkonce.r.*)
 .rodata        0x00000000000305f8       0x47 obj/default/accelerometer.o
 *fill*         0x000000000003063f        0x1 
 .rodata        0x0000000000030640       0x54 obj/default/main.o
 .rodata._puts_r.str1.4
                0x0000000000030694        0x2 d:/intel_delete_after_master/nios2eds/bin/gnu/h-x86_64-mingw32/bin/../lib/gcc/nios2-elf/12.1.1/../../../../../H-x86_64-mingw32/nios2-elf/lib\libc.a(lib_a-puts.o)
 *fill*         0x0000000000030696        0x2 
 .rodata.___vfprintf_internal_r.str1.4
                0x0000000000030698       0x42 d:/intel_delete_after_master/nios2eds/bin/gnu/h-x86_64-mingw32/bin/../lib/gcc/nios2-elf/12.1.1/../../../../../H-x86_64-mingw32/nios2-elf/lib\libc.a(lib_a-vfprintf.o)
 *fill*         0x00000000000306da        0x2 
 .rodata.zeroes.0
                0x00000000000306dc       0x10 d:/intel_delete_after_master/nios2eds/bin/gnu/h-x86_64-mingw32/bin/../lib/gcc/nios2-elf/12.1.1/../../../../../H-x86_64-mingw32/nios2-elf/lib\libc.a(lib_a-vfprintf.o)
 .rodata.blanks.1
                0x00000000000306ec       0x10 d:/intel_delete_after_master/nios2eds/bin/gnu/h-x86_64-mingw32/bin/../lib/gcc/nios2-elf/12.1.1/../../../../../H-x86_64-mingw32/nios2-elf/lib\libc.a(lib_a-vfprintf.o)
 .rodata._dtoa_r.str1.4
                0x00000000000306fc       0x5e d:/intel_delete_after_master/nios2eds/bin/gnu/h-x86_64-mingw32/bin/../lib/gcc/nios2-elf/12.1.1/../../../../../H-x86_64-mingw32/nios2-elf/lib\libc.a(lib_a-dtoa.o)
                                         0x62 (size before relaxing)
 *fill*         0x000000000003075a        0x2 
 .rodata.__multadd.str1.4
                0x000000000003075c       0x3b d:/intel_delete_after_master/nios2eds/bin/gnu/h-x86_64-mingw32/bin/../lib/gcc/nios2-elf/12.1.1/../../../../../H-x86_64-mingw32/nios2-elf/lib\libc.a(lib_a-mprec.o)
                                         0x4f (size before relaxing)
 *fill*         0x0000000000030797        0x1 
 .rodata.p05.0  0x0000000000030798        0xc d:/intel_delete_after_master/nios2eds/bin/gnu/h-x86_64-mingw32/bin/../lib/gcc/nios2-elf/12.1.1/../../../../../H-x86_64-mingw32/nios2-elf/lib\libc.a(lib_a-mprec.o)
 .rodata.__mprec_tinytens
                0x00000000000307a4       0x28 d:/intel_delete_after_master/nios2eds/bin/gnu/h-x86_64-mingw32/bin/../lib/gcc/nios2-elf/12.1.1/../../../../../H-x86_64-mingw32/nios2-elf/lib\libc.a(lib_a-mprec.o)
                0x00000000000307a4                __mprec_tinytens
 .rodata.__mprec_bigtens
                0x00000000000307cc       0x28 d:/intel_delete_after_master/nios2eds/bin/gnu/h-x86_64-mingw32/bin/../lib/gcc/nios2-elf/12.1.1/../../../../../H-x86_64-mingw32/nios2-elf/lib\libc.a(lib_a-mprec.o)
                0x00000000000307cc                __mprec_bigtens
 .rodata.__mprec_tens
                0x00000000000307f4       0xc8 d:/intel_delete_after_master/nios2eds/bin/gnu/h-x86_64-mingw32/bin/../lib/gcc/nios2-elf/12.1.1/../../../../../H-x86_64-mingw32/nios2-elf/lib\libc.a(lib_a-mprec.o)
                0x00000000000307f4                __mprec_tens
 .rodata.___vfiprintf_internal_r.str1.4
                0x00000000000308bc       0x2f d:/intel_delete_after_master/nios2eds/bin/gnu/h-x86_64-mingw32/bin/../lib/gcc/nios2-elf/12.1.1/../../../../../H-x86_64-mingw32/nios2-elf/lib\libc.a(lib_a-vfiprintf.o)
 .rodata.zeroes.0
                0x00000000000308bc       0x10 d:/intel_delete_after_master/nios2eds/bin/gnu/h-x86_64-mingw32/bin/../lib/gcc/nios2-elf/12.1.1/../../../../../H-x86_64-mingw32/nios2-elf/lib\libc.a(lib_a-vfiprintf.o)
 .rodata.blanks.1
                0x00000000000308cc       0x10 d:/intel_delete_after_master/nios2eds/bin/gnu/h-x86_64-mingw32/bin/../lib/gcc/nios2-elf/12.1.1/../../../../../H-x86_64-mingw32/nios2-elf/lib\libc.a(lib_a-vfiprintf.o)
 .rodata.__assert_func.str1.4
                0x00000000000308dc       0x3f d:/intel_delete_after_master/nios2eds/bin/gnu/h-x86_64-mingw32/bin/../lib/gcc/nios2-elf/12.1.1/../../../../../H-x86_64-mingw32/nios2-elf/lib\libc.a(lib_a-assert.o)
                                         0x43 (size before relaxing)
 *fill*         0x000000000003091b        0x1 
 .rodata._setlocale_r.str1.4
                0x000000000003091c        0xa d:/intel_delete_after_master/nios2eds/bin/gnu/h-x86_64-mingw32/bin/../lib/gcc/nios2-elf/12.1.1/../../../../../H-x86_64-mingw32/nios2-elf/lib\libc.a(lib_a-locale.o)
 *fill*         0x0000000000030926        0x2 
 .rodata.str1.4
                0x0000000000030928        0x2 d:/intel_delete_after_master/nios2eds/bin/gnu/h-x86_64-mingw32/bin/../lib/gcc/nios2-elf/12.1.1/../../../../../H-x86_64-mingw32/nios2-elf/lib\libc.a(lib_a-locale.o)
                                          0x5 (size before relaxing)
 *fill*         0x000000000003092a        0x2 
 .rodata._ctype_
                0x000000000003092c      0x101 d:/intel_delete_after_master/nios2eds/bin/gnu/h-x86_64-mingw32/bin/../lib/gcc/nios2-elf/12.1.1/../../../../../H-x86_64-mingw32/nios2-elf/lib\libc.a(lib_a-ctype_.o)
                0x000000000003092c                _ctype_
 *fill*         0x0000000000030a2d        0x3 
 .rodata._ctype_b
                0x0000000000030a30      0x180 d:/intel_delete_after_master/nios2eds/bin/gnu/h-x86_64-mingw32/bin/../lib/gcc/nios2-elf/12.1.1/../../../../../H-x86_64-mingw32/nios2-elf/lib\libc.a(lib_a-ctype_.o)
                0x0000000000030a30                _ctype_b
 .rodata        0x0000000000030bb0      0x100 d:/intel_delete_after_master/nios2eds/bin/gnu/h-x86_64-mingw32/bin/../lib/gcc/nios2-elf/12.1.1\libgcc.a(_clz.o)
                0x0000000000030bb0                __clz_tab
 .rodata        0x0000000000030cb0        0xa n:/Facultate/Master/Master_2/PASIC/nivela_bidir/nivela_bidir/software/nivela_bidirectionala_bsp/\libhal_bsp.a(alt_dev.o)
 *fill*         0x0000000000030cba        0x2 
 .rodata        0x0000000000030cbc       0x11 n:/Facultate/Master/Master_2/PASIC/nivela_bidir/nivela_bidir/software/nivela_bidirectionala_bsp/\libhal_bsp.a(alt_main.o)
 *fill*         0x0000000000030ccd        0x3 
 .rodata        0x0000000000030cd0       0x3b n:/Facultate/Master/Master_2/PASIC/nivela_bidir/nivela_bidir/software/nivela_bidirectionala_bsp/\libhal_bsp.a(alt_sys_init.o)
 *(.rodata1)
                0x0000000000030d0c                . = ALIGN (0x4)
 *fill*         0x0000000000030d0b        0x1 
                0x0000000000030d0c                PROVIDE (__ram_rodata_end = ABSOLUTE (.))
                0x00000000000305f8                PROVIDE (__flash_rodata_start = LOADADDR (.rodata))

.rwdata         0x0000000000030d0c     0x1c30 load address 0x000000000003293c
                0x0000000000030d0c                PROVIDE (__ram_rwdata_start = ABSOLUTE (.))
                0x0000000000030d0c                . = ALIGN (0x4)
 *(.got.plt)
 *(.got)
 *(.data1)
 *(.data .data.* .gnu.linkonce.d.*)
 .data          0x0000000000030d0c        0x0 n:/Facultate/Master/Master_2/PASIC/nivela_bidir/nivela_bidir/software/nivela_bidirectionala_bsp//obj/HAL/src/crt0.o
 .data          0x0000000000030d0c        0x0 obj/default/accelerometer.o
 .data          0x0000000000030d0c        0x0 obj/default/adc.o
 .data          0x0000000000030d0c        0x0 obj/default/global.o
 .data          0x0000000000030d0c        0x0 obj/default/hex_displays.o
 .data          0x0000000000030d0c        0x0 obj/default/main.o
 .data          0x0000000000030d0c        0x0 obj/default/tests.o
 .data          0x0000000000030d0c        0x0 d:/intel_delete_after_master/nios2eds/bin/gnu/h-x86_64-mingw32/bin/../lib/gcc/nios2-elf/12.1.1\libgcc.a(lib2-divmod.o)
 .data          0x0000000000030d0c        0x0 d:/intel_delete_after_master/nios2eds/bin/gnu/h-x86_64-mingw32/bin/../lib/gcc/nios2-elf/12.1.1/../../../../../H-x86_64-mingw32/nios2-elf/lib\libc.a(lib_a-printf.o)
 .data          0x0000000000030d0c        0x0 d:/intel_delete_after_master/nios2eds/bin/gnu/h-x86_64-mingw32/bin/../lib/gcc/nios2-elf/12.1.1/../../../../../H-x86_64-mingw32/nios2-elf/lib\libc.a(lib_a-puts.o)
 .data          0x0000000000030d0c        0x0 d:/intel_delete_after_master/nios2eds/bin/gnu/h-x86_64-mingw32/bin/../lib/gcc/nios2-elf/12.1.1/../../../../../H-x86_64-mingw32/nios2-elf/lib\libc.a(lib_a-strlen.o)
 .data          0x0000000000030d0c        0x0 d:/intel_delete_after_master/nios2eds/bin/gnu/h-x86_64-mingw32/bin/../lib/gcc/nios2-elf/12.1.1/../../../../../H-x86_64-mingw32/nios2-elf/lib\libc.a(lib_a-vfprintf.o)
 .data          0x0000000000030d0c        0x0 d:/intel_delete_after_master/nios2eds/bin/gnu/h-x86_64-mingw32/bin/../lib/gcc/nios2-elf/12.1.1/../../../../../H-x86_64-mingw32/nios2-elf/lib\libc.a(lib_a-wsetup.o)
 .data          0x0000000000030d0c        0x0 d:/intel_delete_after_master/nios2eds/bin/gnu/h-x86_64-mingw32/bin/../lib/gcc/nios2-elf/12.1.1/../../../../../H-x86_64-mingw32/nios2-elf/lib\libc.a(lib_a-dtoa.o)
 .data          0x0000000000030d0c        0x0 d:/intel_delete_after_master/nios2eds/bin/gnu/h-x86_64-mingw32/bin/../lib/gcc/nios2-elf/12.1.1/../../../../../H-x86_64-mingw32/nios2-elf/lib\libc.a(lib_a-fflush.o)
 .data          0x0000000000030d0c        0x0 d:/intel_delete_after_master/nios2eds/bin/gnu/h-x86_64-mingw32/bin/../lib/gcc/nios2-elf/12.1.1/../../../../../H-x86_64-mingw32/nios2-elf/lib\libc.a(lib_a-findfp.o)
 .data          0x0000000000030d0c        0x0 d:/intel_delete_after_master/nios2eds/bin/gnu/h-x86_64-mingw32/bin/../lib/gcc/nios2-elf/12.1.1/../../../../../H-x86_64-mingw32/nios2-elf/lib\libc.a(lib_a-freer.o)
 .data          0x0000000000030d0c        0x0 d:/intel_delete_after_master/nios2eds/bin/gnu/h-x86_64-mingw32/bin/../lib/gcc/nios2-elf/12.1.1/../../../../../H-x86_64-mingw32/nios2-elf/lib\libc.a(lib_a-fvwrite.o)
 .data          0x0000000000030d0c        0x0 d:/intel_delete_after_master/nios2eds/bin/gnu/h-x86_64-mingw32/bin/../lib/gcc/nios2-elf/12.1.1/../../../../../H-x86_64-mingw32/nios2-elf/lib\libc.a(lib_a-fwalk.o)
 .data          0x0000000000030d0c        0x0 d:/intel_delete_after_master/nios2eds/bin/gnu/h-x86_64-mingw32/bin/../lib/gcc/nios2-elf/12.1.1/../../../../../H-x86_64-mingw32/nios2-elf/lib\libc.a(lib_a-impure.o)
 .data.impure_data
                0x0000000000030d0c      0x424 d:/intel_delete_after_master/nios2eds/bin/gnu/h-x86_64-mingw32/bin/../lib/gcc/nios2-elf/12.1.1/../../../../../H-x86_64-mingw32/nios2-elf/lib\libc.a(lib_a-impure.o)
 .data          0x0000000000031130        0x0 d:/intel_delete_after_master/nios2eds/bin/gnu/h-x86_64-mingw32/bin/../lib/gcc/nios2-elf/12.1.1/../../../../../H-x86_64-mingw32/nios2-elf/lib\libc.a(lib_a-localeconv.o)
 .data          0x0000000000031130        0x0 d:/intel_delete_after_master/nios2eds/bin/gnu/h-x86_64-mingw32/bin/../lib/gcc/nios2-elf/12.1.1/../../../../../H-x86_64-mingw32/nios2-elf/lib\libc.a(lib_a-makebuf.o)
 .data          0x0000000000031130        0x0 d:/intel_delete_after_master/nios2eds/bin/gnu/h-x86_64-mingw32/bin/../lib/gcc/nios2-elf/12.1.1/../../../../../H-x86_64-mingw32/nios2-elf/lib\libc.a(lib_a-mallocr.o)
 .data.__malloc_av_
                0x0000000000031130      0x408 d:/intel_delete_after_master/nios2eds/bin/gnu/h-x86_64-mingw32/bin/../lib/gcc/nios2-elf/12.1.1/../../../../../H-x86_64-mingw32/nios2-elf/lib\libc.a(lib_a-mallocr.o)
                0x0000000000031130                __malloc_av_
 .data          0x0000000000031538        0x0 d:/intel_delete_after_master/nios2eds/bin/gnu/h-x86_64-mingw32/bin/../lib/gcc/nios2-elf/12.1.1/../../../../../H-x86_64-mingw32/nios2-elf/lib\libc.a(lib_a-memchr.o)
 .data          0x0000000000031538        0x0 d:/intel_delete_after_master/nios2eds/bin/gnu/h-x86_64-mingw32/bin/../lib/gcc/nios2-elf/12.1.1/../../../../../H-x86_64-mingw32/nios2-elf/lib\libc.a(lib_a-memcpy.o)
 .data          0x0000000000031538        0x0 d:/intel_delete_after_master/nios2eds/bin/gnu/h-x86_64-mingw32/bin/../lib/gcc/nios2-elf/12.1.1/../../../../../H-x86_64-mingw32/nios2-elf/lib\libc.a(lib_a-memmove.o)
 .data          0x0000000000031538        0x0 d:/intel_delete_after_master/nios2eds/bin/gnu/h-x86_64-mingw32/bin/../lib/gcc/nios2-elf/12.1.1/../../../../../H-x86_64-mingw32/nios2-elf/lib\libc.a(lib_a-memset.o)
 .data          0x0000000000031538        0x0 d:/intel_delete_after_master/nios2eds/bin/gnu/h-x86_64-mingw32/bin/../lib/gcc/nios2-elf/12.1.1/../../../../../H-x86_64-mingw32/nios2-elf/lib\libc.a(lib_a-mprec.o)
 .data          0x0000000000031538        0x0 d:/intel_delete_after_master/nios2eds/bin/gnu/h-x86_64-mingw32/bin/../lib/gcc/nios2-elf/12.1.1/../../../../../H-x86_64-mingw32/nios2-elf/lib\libc.a(lib_a-reallocr.o)
 .data          0x0000000000031538        0x0 d:/intel_delete_after_master/nios2eds/bin/gnu/h-x86_64-mingw32/bin/../lib/gcc/nios2-elf/12.1.1/../../../../../H-x86_64-mingw32/nios2-elf/lib\libc.a(lib_a-sbrkr.o)
 .data          0x0000000000031538        0x0 d:/intel_delete_after_master/nios2eds/bin/gnu/h-x86_64-mingw32/bin/../lib/gcc/nios2-elf/12.1.1/../../../../../H-x86_64-mingw32/nios2-elf/lib\libc.a(lib_a-stdio.o)
 .data          0x0000000000031538        0x0 d:/intel_delete_after_master/nios2eds/bin/gnu/h-x86_64-mingw32/bin/../lib/gcc/nios2-elf/12.1.1/../../../../../H-x86_64-mingw32/nios2-elf/lib\libc.a(lib_a-vfiprintf.o)
 .data          0x0000000000031538        0x0 d:/intel_delete_after_master/nios2eds/bin/gnu/h-x86_64-mingw32/bin/../lib/gcc/nios2-elf/12.1.1/../../../../../H-x86_64-mingw32/nios2-elf/lib\libc.a(lib_a-writer.o)
 .data          0x0000000000031538        0x0 d:/intel_delete_after_master/nios2eds/bin/gnu/h-x86_64-mingw32/bin/../lib/gcc/nios2-elf/12.1.1/../../../../../H-x86_64-mingw32/nios2-elf/lib\libc.a(closer.o)
 .data          0x0000000000031538        0x0 d:/intel_delete_after_master/nios2eds/bin/gnu/h-x86_64-mingw32/bin/../lib/gcc/nios2-elf/12.1.1/../../../../../H-x86_64-mingw32/nios2-elf/lib\libc.a(lib_a-assert.o)
 .data          0x0000000000031538        0x0 d:/intel_delete_after_master/nios2eds/bin/gnu/h-x86_64-mingw32/bin/../lib/gcc/nios2-elf/12.1.1/../../../../../H-x86_64-mingw32/nios2-elf/lib\libc.a(lib_a-callocr.o)
 .data          0x0000000000031538        0x0 d:/intel_delete_after_master/nios2eds/bin/gnu/h-x86_64-mingw32/bin/../lib/gcc/nios2-elf/12.1.1/../../../../../H-x86_64-mingw32/nios2-elf/lib\libc.a(lib_a-errno.o)
 .data          0x0000000000031538        0x0 d:/intel_delete_after_master/nios2eds/bin/gnu/h-x86_64-mingw32/bin/../lib/gcc/nios2-elf/12.1.1/../../../../../H-x86_64-mingw32/nios2-elf/lib\libc.a(lib_a-fclose.o)
 .data          0x0000000000031538        0x0 d:/intel_delete_after_master/nios2eds/bin/gnu/h-x86_64-mingw32/bin/../lib/gcc/nios2-elf/12.1.1/../../../../../H-x86_64-mingw32/nios2-elf/lib\libc.a(lib_a-fiprintf.o)
 .data          0x0000000000031538        0x0 d:/intel_delete_after_master/nios2eds/bin/gnu/h-x86_64-mingw32/bin/../lib/gcc/nios2-elf/12.1.1/../../../../../H-x86_64-mingw32/nios2-elf/lib\libc.a(lib_a-fputwc.o)
 .data          0x0000000000031538        0x0 d:/intel_delete_after_master/nios2eds/bin/gnu/h-x86_64-mingw32/bin/../lib/gcc/nios2-elf/12.1.1/../../../../../H-x86_64-mingw32/nios2-elf/lib\libc.a(lib_a-fstatr.o)
 .data          0x0000000000031538        0x0 d:/intel_delete_after_master/nios2eds/bin/gnu/h-x86_64-mingw32/bin/../lib/gcc/nios2-elf/12.1.1/../../../../../H-x86_64-mingw32/nios2-elf/lib\libc.a(lib_a-int_errno.o)
 .data          0x0000000000031538        0x0 d:/intel_delete_after_master/nios2eds/bin/gnu/h-x86_64-mingw32/bin/../lib/gcc/nios2-elf/12.1.1/../../../../../H-x86_64-mingw32/nios2-elf/lib\libc.a(lib_a-isattyr.o)
 .data          0x0000000000031538        0x0 d:/intel_delete_after_master/nios2eds/bin/gnu/h-x86_64-mingw32/bin/../lib/gcc/nios2-elf/12.1.1/../../../../../H-x86_64-mingw32/nios2-elf/lib\libc.a(lib_a-locale.o)
 .data.__global_locale
                0x0000000000031538      0x16c d:/intel_delete_after_master/nios2eds/bin/gnu/h-x86_64-mingw32/bin/../lib/gcc/nios2-elf/12.1.1/../../../../../H-x86_64-mingw32/nios2-elf/lib\libc.a(lib_a-locale.o)
                0x0000000000031538                __global_locale
 .data          0x00000000000316a4        0x0 d:/intel_delete_after_master/nios2eds/bin/gnu/h-x86_64-mingw32/bin/../lib/gcc/nios2-elf/12.1.1/../../../../../H-x86_64-mingw32/nios2-elf/lib\libc.a(lib_a-lseekr.o)
 .data          0x00000000000316a4        0x0 d:/intel_delete_after_master/nios2eds/bin/gnu/h-x86_64-mingw32/bin/../lib/gcc/nios2-elf/12.1.1/../../../../../H-x86_64-mingw32/nios2-elf/lib\libc.a(lib_a-mbtowc_r.o)
 .data          0x00000000000316a4        0x0 d:/intel_delete_after_master/nios2eds/bin/gnu/h-x86_64-mingw32/bin/../lib/gcc/nios2-elf/12.1.1/../../../../../H-x86_64-mingw32/nios2-elf/lib\libc.a(lib_a-readr.o)
 .data          0x00000000000316a4        0x0 d:/intel_delete_after_master/nios2eds/bin/gnu/h-x86_64-mingw32/bin/../lib/gcc/nios2-elf/12.1.1/../../../../../H-x86_64-mingw32/nios2-elf/lib\libc.a(lib_a-strcmp.o)
 .data          0x00000000000316a4        0x0 d:/intel_delete_after_master/nios2eds/bin/gnu/h-x86_64-mingw32/bin/../lib/gcc/nios2-elf/12.1.1/../../../../../H-x86_64-mingw32/nios2-elf/lib\libc.a(lib_a-vfiprintfr_1.o)
 .data          0x00000000000316a4        0x0 d:/intel_delete_after_master/nios2eds/bin/gnu/h-x86_64-mingw32/bin/../lib/gcc/nios2-elf/12.1.1/../../../../../H-x86_64-mingw32/nios2-elf/lib\libc.a(lib_a-wbuf.o)
 .data          0x00000000000316a4        0x0 d:/intel_delete_after_master/nios2eds/bin/gnu/h-x86_64-mingw32/bin/../lib/gcc/nios2-elf/12.1.1/../../../../../H-x86_64-mingw32/nios2-elf/lib\libc.a(lib_a-wcrtomb.o)
 .data          0x00000000000316a4        0x0 d:/intel_delete_after_master/nios2eds/bin/gnu/h-x86_64-mingw32/bin/../lib/gcc/nios2-elf/12.1.1/../../../../../H-x86_64-mingw32/nios2-elf/lib\libc.a(lib_a-wctomb_r.o)
 .data          0x00000000000316a4        0x0 d:/intel_delete_after_master/nios2eds/bin/gnu/h-x86_64-mingw32/bin/../lib/gcc/nios2-elf/12.1.1/../../../../../H-x86_64-mingw32/nios2-elf/lib\libc.a(lib_a-abort.o)
 .data          0x00000000000316a4        0x0 d:/intel_delete_after_master/nios2eds/bin/gnu/h-x86_64-mingw32/bin/../lib/gcc/nios2-elf/12.1.1/../../../../../H-x86_64-mingw32/nios2-elf/lib\libc.a(lib_a-ctype_.o)
 .data          0x00000000000316a4        0x0 d:/intel_delete_after_master/nios2eds/bin/gnu/h-x86_64-mingw32/bin/../lib/gcc/nios2-elf/12.1.1/../../../../../H-x86_64-mingw32/nios2-elf/lib\libc.a(lib_a-signal.o)
 .data          0x00000000000316a4        0x0 d:/intel_delete_after_master/nios2eds/bin/gnu/h-x86_64-mingw32/bin/../lib/gcc/nios2-elf/12.1.1/../../../../../H-x86_64-mingw32/nios2-elf/lib\libc.a(lib_a-signalr.o)
 .data          0x00000000000316a4        0x0 d:/intel_delete_after_master/nios2eds/bin/gnu/h-x86_64-mingw32/bin/../lib/gcc/nios2-elf/12.1.1\libgcc.a(_udivdi3.o)
 .data          0x00000000000316a4        0x0 d:/intel_delete_after_master/nios2eds/bin/gnu/h-x86_64-mingw32/bin/../lib/gcc/nios2-elf/12.1.1\libgcc.a(_umoddi3.o)
 .data          0x00000000000316a4        0x0 d:/intel_delete_after_master/nios2eds/bin/gnu/h-x86_64-mingw32/bin/../lib/gcc/nios2-elf/12.1.1\libgcc.a(adddf3.o)
 .data          0x00000000000316a4        0x0 d:/intel_delete_after_master/nios2eds/bin/gnu/h-x86_64-mingw32/bin/../lib/gcc/nios2-elf/12.1.1\libgcc.a(divdf3.o)
 .data          0x00000000000316a4        0x0 d:/intel_delete_after_master/nios2eds/bin/gnu/h-x86_64-mingw32/bin/../lib/gcc/nios2-elf/12.1.1\libgcc.a(eqdf2.o)
 .data          0x00000000000316a4        0x0 d:/intel_delete_after_master/nios2eds/bin/gnu/h-x86_64-mingw32/bin/../lib/gcc/nios2-elf/12.1.1\libgcc.a(gedf2.o)
 .data          0x00000000000316a4        0x0 d:/intel_delete_after_master/nios2eds/bin/gnu/h-x86_64-mingw32/bin/../lib/gcc/nios2-elf/12.1.1\libgcc.a(ledf2.o)
 .data          0x00000000000316a4        0x0 d:/intel_delete_after_master/nios2eds/bin/gnu/h-x86_64-mingw32/bin/../lib/gcc/nios2-elf/12.1.1\libgcc.a(muldf3.o)
 .data          0x00000000000316a4        0x0 d:/intel_delete_after_master/nios2eds/bin/gnu/h-x86_64-mingw32/bin/../lib/gcc/nios2-elf/12.1.1\libgcc.a(subdf3.o)
 .data          0x00000000000316a4        0x0 d:/intel_delete_after_master/nios2eds/bin/gnu/h-x86_64-mingw32/bin/../lib/gcc/nios2-elf/12.1.1\libgcc.a(unorddf2.o)
 .data          0x00000000000316a4        0x0 d:/intel_delete_after_master/nios2eds/bin/gnu/h-x86_64-mingw32/bin/../lib/gcc/nios2-elf/12.1.1\libgcc.a(fixdfsi.o)
 .data          0x00000000000316a4        0x0 d:/intel_delete_after_master/nios2eds/bin/gnu/h-x86_64-mingw32/bin/../lib/gcc/nios2-elf/12.1.1\libgcc.a(floatsidf.o)
 .data          0x00000000000316a4        0x0 d:/intel_delete_after_master/nios2eds/bin/gnu/h-x86_64-mingw32/bin/../lib/gcc/nios2-elf/12.1.1\libgcc.a(floatunsidf.o)
 .data          0x00000000000316a4        0x0 d:/intel_delete_after_master/nios2eds/bin/gnu/h-x86_64-mingw32/bin/../lib/gcc/nios2-elf/12.1.1\libgcc.a(_clz.o)
 .data          0x00000000000316a4        0x0 d:/intel_delete_after_master/nios2eds/bin/gnu/h-x86_64-mingw32/bin/../lib/gcc/nios2-elf/12.1.1\libgcc.a(_clzsi2.o)
 .data          0x00000000000316a4        0x0 n:/Facultate/Master/Master_2/PASIC/nivela_bidir/nivela_bidir/software/nivela_bidirectionala_bsp/\libhal_bsp.a(alt_close.o)
 .data          0x00000000000316a4      0x1a8 n:/Facultate/Master/Master_2/PASIC/nivela_bidir/nivela_bidir/software/nivela_bidirectionala_bsp/\libhal_bsp.a(alt_dev.o)
                0x00000000000316a4                alt_dev_null
                0x00000000000316cc                alt_fd_list
 .data          0x000000000003184c        0x0 n:/Facultate/Master/Master_2/PASIC/nivela_bidir/nivela_bidir/software/nivela_bidirectionala_bsp/\libhal_bsp.a(alt_errno.o)
 .data          0x000000000003184c        0x0 n:/Facultate/Master/Master_2/PASIC/nivela_bidir/nivela_bidir/software/nivela_bidirectionala_bsp/\libhal_bsp.a(alt_exit.o)
 .data          0x000000000003184c        0x0 n:/Facultate/Master/Master_2/PASIC/nivela_bidir/nivela_bidir/software/nivela_bidirectionala_bsp/\libhal_bsp.a(alt_fstat.o)
 .data          0x000000000003184c        0x0 n:/Facultate/Master/Master_2/PASIC/nivela_bidir/nivela_bidir/software/nivela_bidirectionala_bsp/\libhal_bsp.a(alt_getpid.o)
 .data          0x000000000003184c        0x0 n:/Facultate/Master/Master_2/PASIC/nivela_bidir/nivela_bidir/software/nivela_bidirectionala_bsp/\libhal_bsp.a(alt_isatty.o)
 .data          0x000000000003184c        0x0 n:/Facultate/Master/Master_2/PASIC/nivela_bidir/nivela_bidir/software/nivela_bidirectionala_bsp/\libhal_bsp.a(alt_kill.o)
 .data          0x000000000003184c        0x0 n:/Facultate/Master/Master_2/PASIC/nivela_bidir/nivela_bidir/software/nivela_bidirectionala_bsp/\libhal_bsp.a(alt_load.o)
 .data          0x000000000003184c        0x0 n:/Facultate/Master/Master_2/PASIC/nivela_bidir/nivela_bidir/software/nivela_bidirectionala_bsp/\libhal_bsp.a(alt_lseek.o)
 .data          0x000000000003184c        0x0 n:/Facultate/Master/Master_2/PASIC/nivela_bidir/nivela_bidir/software/nivela_bidirectionala_bsp/\libhal_bsp.a(alt_main.o)
 .data          0x000000000003184c        0x0 n:/Facultate/Master/Master_2/PASIC/nivela_bidir/nivela_bidir/software/nivela_bidirectionala_bsp/\libhal_bsp.a(alt_malloc_lock.o)
 .data          0x000000000003184c        0x0 n:/Facultate/Master/Master_2/PASIC/nivela_bidir/nivela_bidir/software/nivela_bidirectionala_bsp/\libhal_bsp.a(alt_read.o)
 .data          0x000000000003184c        0x0 n:/Facultate/Master/Master_2/PASIC/nivela_bidir/nivela_bidir/software/nivela_bidirectionala_bsp/\libhal_bsp.a(alt_release_fd.o)
 .data          0x000000000003184c        0x0 n:/Facultate/Master/Master_2/PASIC/nivela_bidir/nivela_bidir/software/nivela_bidirectionala_bsp/\libhal_bsp.a(alt_sbrk.o)
 .data          0x000000000003184c        0x0 n:/Facultate/Master/Master_2/PASIC/nivela_bidir/nivela_bidir/software/nivela_bidirectionala_bsp/\libhal_bsp.a(alt_usleep.o)
 .data          0x000000000003184c        0x0 n:/Facultate/Master/Master_2/PASIC/nivela_bidir/nivela_bidir/software/nivela_bidirectionala_bsp/\libhal_bsp.a(alt_write.o)
 .data          0x000000000003184c     0x10b8 n:/Facultate/Master/Master_2/PASIC/nivela_bidir/nivela_bidir/software/nivela_bidirectionala_bsp/\libhal_bsp.a(alt_sys_init.o)
 .data          0x0000000000032904        0x0 n:/Facultate/Master/Master_2/PASIC/nivela_bidir/nivela_bidir/software/nivela_bidirectionala_bsp/\libhal_bsp.a(altera_avalon_jtag_uart_fd.o)