Archive member included to satisfy reference by file (symbol)

d:/intel_delete_after_master/nios2eds/bin/gnu/h-x86_64-mingw32/bin/../lib/gcc/nios2-elf/12.1.1/../../../../../H-x86_64-mingw32/nios2-elf/lib\libc.a(lib_a-printf.o)
                              obj/default/accelerometer.o (printf)
d:/intel_delete_after_master/nios2eds/bin/gnu/h-x86_64-mingw32/bin/../lib/gcc/nios2-elf/12.1.1/../../../../../H-x86_64-mingw32/nios2-elf/lib\libc.a(lib_a-puts.o)
                              obj/default/accelerometer.o (puts)
d:/intel_delete_after_master/nios2eds/bin/gnu/h-x86_64-mingw32/bin/../lib/gcc/nios2-elf/12.1.1/../../../../../H-x86_64-mingw32/nios2-elf/lib\libc.a(lib_a-strlen.o)
                              d:/intel_delete_after_master/nios2eds/bin/gnu/h-x86_64-mingw32/bin/../lib/gcc/nios2-elf/12.1.1/../../../../../H-x86_64-mingw32/nios2-elf/lib\libc.a(lib_a-puts.o) (strlen)
d:/intel_delete_after_master/nios2eds/bin/gnu/h-x86_64-mingw32/bin/../lib/gcc/nios2-elf/12.1.1/../../../../../H-x86_64-mingw32/nios2-elf/lib\libc.a(lib_a-vfprintf.o)
                              d:/intel_delete_after_master/nios2eds/bin/gnu/h-x86_64-mingw32/bin/../lib/gcc/nios2-elf/12.1.1/../../../../../H-x86_64-mingw32/nios2-elf/lib\libc.a(lib_a-printf.o) (___vfprintf_internal_r)
d:/intel_delete_after_master/nios2eds/bin/gnu/h-x86_64-mingw32/bin/../lib/gcc/nios2-elf/12.1.1/../../../../../H-x86_64-mingw32/nios2-elf/lib\libc.a(lib_a-wsetup.o)
                              d:/intel_delete_after_master/nios2eds/bin/gnu/h-x86_64-mingw32/bin/../lib/gcc/nios2-elf/12.1.1/../../../../../H-x86_64-mingw32/nios2-elf/lib\libc.a(lib_a-vfprintf.o) (__swsetup_r)
d:/intel_delete_after_master/nios2eds/bin/gnu/h-x86_64-mingw32/bin/../lib/gcc/nios2-elf/12.1.1/../../../../../H-x86_64-mingw32/nios2-elf/lib\libc.a(lib_a-dtoa.o)
                              d:/intel_delete_after_master/nios2eds/bin/gnu/h-x86_64-mingw32/bin/../lib/gcc/nios2-elf/12.1.1/../../../../../H-x86_64-mingw32/nios2-elf/lib\libc.a(lib_a-vfprintf.o) (_dtoa_r)
d:/intel_delete_after_master/nios2eds/bin/gnu/h-x86_64-mingw32/bin/../lib/gcc/nios2-elf/12.1.1/../../../../../H-x86_64-mingw32/nios2-elf/lib\libc.a(lib_a-fflush.o)
                              d:/intel_delete_after_master/nios2eds/bin/gnu/h-x86_64-mingw32/bin/../lib/gcc/nios2-elf/12.1.1/../../../../../H-x86_64-mingw32/nios2-elf/lib\libc.a(lib_a-vfprintf.o) (_fflush_r)
d:/intel_delete_after_master/nios2eds/bin/gnu/h-x86_64-mingw32/bin/../lib/gcc/nios2-elf/12.1.1/../../../../../H-x86_64-mingw32/nios2-elf/lib\libc.a(lib_a-findfp.o)
                              d:/intel_delete_after_master/nios2eds/bin/gnu/h-x86_64-mingw32/bin/../lib/gcc/nios2-elf/12.1.1/../../../../../H-x86_64-mingw32/nios2-elf/lib\libc.a(lib_a-puts.o) (__sinit)
d:/intel_delete_after_master/nios2eds/bin/gnu/h-x86_64-mingw32/bin/../lib/gcc/nios2-elf/12.1.1/../../../../../H-x86_64-mingw32/nios2-elf/lib\libc.a(lib_a-freer.o)
                              d:/intel_delete_after_master/nios2eds/bin/gnu/h-x86_64-mingw32/bin/../lib/gcc/nios2-elf/12.1.1/../../../../../H-x86_64-mingw32/nios2-elf/lib\libc.a(lib_a-wsetup.o) (_free_r)
d:/intel_delete_after_master/nios2eds/bin/gnu/h-x86_64-mingw32/bin/../lib/gcc/nios2-elf/12.1.1/../../../../../H-x86_64-mingw32/nios2-elf/lib\libc.a(lib_a-fvwrite.o)
                              d:/intel_delete_after_master/nios2eds/bin/gnu/h-x86_64-mingw32/bin/../lib/gcc/nios2-elf/12.1.1/../../../../../H-x86_64-mingw32/nios2-elf/lib\libc.a(lib_a-puts.o) (__sfvwrite_r)
d:/intel_delete_after_master/nios2eds/bin/gnu/h-x86_64-mingw32/bin/../lib/gcc/nios2-elf/12.1.1/../../../../../H-x86_64-mingw32/nios2-elf/lib\libc.a(lib_a-fwalk.o)
                              d:/intel_delete_after_master/nios2eds/bin/gnu/h-x86_64-mingw32/bin/../lib/gcc/nios2-elf/12.1.1/../../../../../H-x86_64-mingw32/nios2-elf/lib\libc.a(lib_a-findfp.o) (_fwalk)
d:/intel_delete_after_master/nios2eds/bin/gnu/h-x86_64-mingw32/bin/../lib/gcc/nios2-elf/12.1.1/../../../../../H-x86_64-mingw32/nios2-elf/lib\libc.a(lib_a-impure.o)
                              d:/intel_delete_after_master/nios2eds/bin/gnu/h-x86_64-mingw32/bin/../lib/gcc/nios2-elf/12.1.1/../../../../../H-x86_64-mingw32/nios2-elf/lib\libc.a(lib_a-fflush.o) (_global_impure_ptr)
d:/intel_delete_after_master/nios2eds/bin/gnu/h-x86_64-mingw32/bin/../lib/gcc/nios2-elf/12.1.1/../../../../../H-x86_64-mingw32/nios2-elf/lib\libc.a(lib_a-localeconv.o)
                              d:/intel_delete_after_master/nios2eds/bin/gnu/h-x86_64-mingw32/bin/../lib/gcc/nios2-elf/12.1.1/../../../../../H-x86_64-mingw32/nios2-elf/lib\libc.a(lib_a-vfprintf.o) (_localeconv_r)
d:/intel_delete_after_master/nios2eds/bin/gnu/h-x86_64-mingw32/bin/../lib/gcc/nios2-elf/12.1.1/../../../../../H-x86_64-mingw32/nios2-elf/lib\libc.a(lib_a-makebuf.o)
                              d:/intel_delete_after_master/nios2eds/bin/gnu/h-x86_64-mingw32/bin/../lib/gcc/nios2-elf/12.1.1/../../../../../H-x86_64-mingw32/nios2-elf/lib\libc.a(lib_a-wsetup.o) (__smakebuf_r)
[...]
Memory Configuration

Name             Origin             Length             Attributes
reset            0x0000000000020000 0x0000000000000020
onchip_memory2_0 0x0000000000020020 0x000000000001ffe0
*default*        0x0000000000000000 0xffffffffffffffff

Linker script and memory map

LOAD n:/Facultate/Master/Master_2/PASIC/nivela_bidir/nivela_bidir/software/nivela_bidirectionala_bsp//obj/HAL/src/crt0.o
LOAD obj/default/accelerometer.o
LOAD obj/default/global.o
LOAD obj/default/hello_world.o
LOAD obj/default/hex_displays.o
LOAD obj/default/tests.o
LOAD d:/intel_delete_after_master/nios2eds/bin/gnu/h-x86_64-mingw32/bin/../lib/gcc/nios2-elf/12.1.1/../../../../../H-x86_64-mingw32/nios2-elf/lib\libstdc++.a
LOAD d:/intel_delete_after_master/nios2eds/bin/gnu/h-x86_64-mingw32/bin/../lib/gcc/nios2-elf/12.1.1/../../../../../H-x86_64-mingw32/nios2-elf/lib\libm.a
LOAD d:/intel_delete_after_master/nios2eds/bin/gnu/h-x86_64-mingw32/bin/../lib/gcc/nios2-elf/12.1.1\libgcc.a
START GROUP
LOAD d:/intel_delete_after_master/nios2eds/bin/gnu/h-x86_64-mingw32/bin/../lib/gcc/nios2-elf/12.1.1/../../../../../H-x86_64-mingw32/nios2-elf/lib\libc.a
LOAD d:/intel_delete_after_master/nios2eds/bin/gnu/h-x86_64-mingw32/bin/../lib/gcc/nios2-elf/12.1.1\libgcc.a
LOAD n:/Facultate/Master/Master_2/PASIC/nivela_bidir/nivela_bidir/software/nivela_bidirectionala_bsp/\libhal_bsp.a
LOAD d:/intel_delete_after_master/nios2eds/bin/gnu/h-x86_64-mingw32/bin/../lib/gcc/nios2-elf/12.1.1/../../../../../H-x86_64-mingw32/nios2-elf/lib\libm.a
END GROUP
LOAD d:/intel_delete_after_master/nios2eds/bin/gnu/h-x86_64-mingw32/bin/../lib/gcc/nios2-elf/12.1.1\libgcc.a
                0x0000000000020000                __alt_mem_onchip_memory2_0 = 0x20000

.entry          0x0000000000020000       0x20
 *(.entry)
 .entry         0x0000000000020000       0x20 n:/Facultate/Master/Master_2/PASIC/nivela_bidir/nivela_bidir/software/nivela_bidirectionala_bsp//obj/HAL/src/crt0.o
                0x0000000000020000                __reset

.exceptions     0x0000000000020020      0x21c
                0x0000000000020020                PROVIDE (__ram_exceptions_start = ABSOLUTE (.))
                0x0000000000020020                . = ALIGN (0x20)
 *(.irq)
 *(.exceptions.entry.label)
 .exceptions.entry.label
                0x0000000000020020        0x0 n:/Facultate/Master/Master_2/PASIC/nivela_bidir/nivela_bidir/software/nivela_bidirectionala_bsp/\libhal_bsp.a(alt_irq_entry.o)
                0x0000000000020020                alt_irq_entry
 .exceptions.entry.label
                0x0000000000020020        0x0 n:/Facultate/Master/Master_2/PASIC/nivela_bidir/nivela_bidir/software/nivela_bidirectionala_bsp/\libhal_bsp.a(alt_exception_entry.o)
                0x0000000000020020                alt_exception
 *(.exceptions.entry.user)
 *(.exceptions.entry.ecc_fatal)
 *(.exceptions.entry)
 .exceptions.entry
                0x0000000000020020       0x54 n:/Facultate/Master/Master_2/PASIC/nivela_bidir/nivela_bidir/software/nivela_bidirectionala_bsp/\libhal_bsp.a(alt_exception_entry.o)
 *(.exceptions.irqtest.user)
 *(.exceptions.irqtest)
 .exceptions.irqtest
                0x0000000000020074       0x10 n:/Facultate/Master/Master_2/PASIC/nivela_bidir/nivela_bidir/software/nivela_bidirectionala_bsp/\libhal_bsp.a(alt_irq_entry.o)
 *(.exceptions.irqhandler.user)
 *(.exceptions.irqhandler)
 .exceptions.irqhandler
                0x0000000000020084        0x4 n:/Facultate/Master/Master_2/PASIC/nivela_bidir/nivela_bidir/software/nivela_bidirectionala_bsp/\libhal_bsp.a(alt_irq_entry.o)
 *(.exceptions.irqreturn.user)
 *(.exceptions.irqreturn)
 .exceptions.irqreturn
                0x0000000000020088        0x4 n:/Facultate/Master/Master_2/PASIC/nivela_bidir/nivela_bidir/software/nivela_bidirectionala_bsp/\libhal_bsp.a(alt_irq_entry.o)
 *(.exceptions.notirq.label)
 .exceptions.notirq.label
                0x000000000002008c        0x0 n:/Facultate/Master/Master_2/PASIC/nivela_bidir/nivela_bidir/software/nivela_bidirectionala_bsp/\libhal_bsp.a(alt_irq_entry.o)
 *(.exceptions.notirq.user)
 *(.exceptions.notirq)
 .exceptions.notirq
                0x000000000002008c        0x8 n:/Facultate/Master/Master_2/PASIC/nivela_bidir/nivela_bidir/software/nivela_bidirectionala_bsp/\libhal_bsp.a(alt_exception_entry.o)
 *(.exceptions.soft.user)
 *(.exceptions.soft)
 *(.exceptions.unknown.user)
 *(.exceptions.unknown)
 .exceptions.unknown
                0x0000000000020094       0x14 n:/Facultate/Master/Master_2/PASIC/nivela_bidir/nivela_bidir/software/nivela_bidirectionala_bsp/\libhal_bsp.a(alt_exception_entry.o)
 *(.exceptions.exit.label)
 .exceptions.exit.label
                0x00000000000200a8        0x0 n:/Facultate/Master/Master_2/PASIC/nivela_bidir/nivela_bidir/software/nivela_bidirectionala_bsp/\libhal_bsp.a(alt_irq_entry.o)
 .exceptions.exit.label
                0x00000000000200a8        0x0 n:/Facultate/Master/Master_2/PASIC/nivela_bidir/nivela_bidir/software/nivela_bidirectionala_bsp/\libhal_bsp.a(alt_exception_entry.o)
 *(.exceptions.exit.user)
 *(.exceptions.exit)
 .exceptions.exit
                0x00000000000200a8       0x54 n:/Facultate/Master/Master_2/PASIC/nivela_bidir/nivela_bidir/software/nivela_bidirectionala_bsp/\libhal_bsp.a(alt_exception_entry.o)
 *(.exceptions)
 .exceptions    0x00000000000200fc       0xcc n:/Facultate/Master/Master_2/PASIC/nivela_bidir/nivela_bidir/software/nivela_bidirectionala_bsp/\libhal_bsp.a(alt_irq_handler.o)
                0x00000000000200fc                alt_irq_handler
 .exceptions    0x00000000000201c8       0x74 n:/Facultate/Master/Master_2/PASIC/nivela_bidir/nivela_bidir/software/nivela_bidirectionala_bsp/\libhal_bsp.a(alt_instruction_exception_entry.o)
                0x00000000000201c8                alt_instruction_exception_entry
                0x000000000002023c                PROVIDE (__ram_exceptions_end = ABSOLUTE (.))
                0x0000000000020020                PROVIDE (__flash_exceptions_start = LOADADDR (.exceptions))

.text           0x000000000002023c    0x1003c
                [!provide]                        PROVIDE (stext = ABSOLUTE (.))
 *(.interp)
 *(.hash)
 *(.dynsym)
 *(.dynstr)
 *(.gnu.version)
 *(.gnu.version_d)
 *(.gnu.version_r)
 *(.rel.init)
 *(.rela.init)
 *(.rel.text .rel.text.* .rel.gnu.linkonce.t.*)
 *(.rela.text .rela.text.* .rela.gnu.linkonce.t.*)
 *(.rel.fini)
 *(.rela.fini)
 *(.rel.rodata .rel.rodata.* .rel.gnu.linkonce.r.*)
 *(.rela.rodata .rela.rodata.* .rela.gnu.linkonce.r.*)
 *(.rel.data .rel.data.* .rel.gnu.linkonce.d.*)
 *(.rela.data .rela.data.* .rela.gnu.linkonce.d.*)
 *(.rel.tdata .rel.tdata.* .rel.gnu.linkonce.td.*)
 *(.rela.tdata .rela.tdata.* .rela.gnu.linkonce.td.*)
 *(.rel.tbss .rel.tbss.* .rel.gnu.linkonce.tb.*)
 *(.rela.tbss .rela.tbss.* .rela.gnu.linkonce.tb.*)
 *(.rel.ctors)
 *(.rela.ctors)
 *(.rel.dtors)
 *(.rela.dtors)
 *(.rel.got)
 *(.rela.got)
 *(.rel.sdata .rel.sdata.* .rel.gnu.linkonce.s.*)
 *(.rela.sdata .rela.sdata.* .rela.gnu.linkonce.s.*)
 *(.rel.sbss .rel.sbss.* .rel.gnu.linkonce.sb.*)
 *(.rela.sbss .rela.sbss.* .rela.gnu.linkonce.sb.*)
 *(.rel.sdata2 .rel.sdata2.* .rel.gnu.linkonce.s2.*)
 *(.rela.sdata2 .rela.sdata2.* .rela.gnu.linkonce.s2.*)
 *(.rel.sbss2 .rel.sbss2.* .rel.gnu.linkonce.sb2.*)
 *(.rela.sbss2 .rela.sbss2.* .rela.gnu.linkonce.sb2.*)
 *(.rel.bss .rel.bss.* .rel.gnu.linkonce.b.*)
 *(.rela.bss .rela.bss.* .rela.gnu.linkonce.b.*)
 *(.rel.plt)
 *(.rela.plt)
 *(.rel.dyn)
 *(.init)
 *(.plt)
 *(.text .stub .text.* .gnu.linkonce.t.*)
 .text          0x000000000002023c       0x3c n:/Facultate/Master/Master_2/PASIC/nivela_bidir/nivela_bidir/software/nivela_bidirectionala_bsp//obj/HAL/src/crt0.o
                0x000000000002023c                _start
 .text          0x0000000000020278      0x110 obj/default/accelerometer.o
                0x0000000000020278                read_ADXL345_deviceID
                0x00000000000202fc                print_accelerometer_axis
 .text          0x0000000000020388        0x0 obj/default/global.o
 .text          0x0000000000020388       0xb0 obj/default/hello_world.o
                0x0000000000020388                main
 .text          0x0000000000020438      0x180 obj/default/hex_displays.o
                0x0000000000020438                get_hex_address
                0x0000000000020464                hex_init
                0x00000000000204c8                set_hex_circle
                0x0000000000020540                set_hex_state
 .text          0x00000000000205b8       0xdc obj/default/tests.o
                0x00000000000205b8                test_hex_displays
 .text          0x0000000000020694        0x0 d:/intel_delete_after_master/nios2eds/bin/gnu/h-x86_64-mingw32/bin/../lib/gcc/nios2-elf/12.1.1/../../../../../H-x86_64-mingw32/nios2-elf/lib\libc.a(lib_a-printf.o)
 .text._printf_r
                0x0000000000020694       0x30 d:/intel_delete_after_master/nios2eds/bin/gnu/h-x86_64-mingw32/bin/../lib/gcc/nios2-elf/12.1.1/../../../../../H-x86_64-mingw32/nios2-elf/lib\libc.a(lib_a-printf.o)
                0x0000000000020694                _printf_r
 .text.printf   0x00000000000206c4       0x38 d:/intel_delete_after_master/nios2eds/bin/gnu/h-x86_64-mingw32/bin/../lib/gcc/nios2-elf/12.1.1/../../../../../H-x86_64-mingw32/nios2-elf/lib\libc.a(lib_a-printf.o)
                0x00000000000206c4                printf
 .text          0x00000000000206fc        0x0 d:/intel_delete_after_master/nios2eds/bin/gnu/h-x86_64-mingw32/bin/../lib/gcc/nios2-elf/12.1.1/../../../../../H-x86_64-mingw32/nios2-elf/lib\libc.a(lib_a-puts.o)
 .text._puts_r  0x00000000000206fc       0xd0 d:/intel_delete_after_master/nios2eds/bin/gnu/h-x86_64-mingw32/bin/../lib/gcc/nios2-elf/12.1.1/../../../../../H-x86_64-mingw32/nios2-elf/lib\libc.a(lib_a-puts.o)
                0x00000000000206fc                _puts_r
 .text.puts     0x00000000000207cc       0x10 d:/intel_delete_after_master/nios2eds/bin/gnu/h-x86_64-mingw32/bin/../lib/gcc/nios2-elf/12.1.1/../../../../../H-x86_64-mingw32/nios2-elf/lib\libc.a(lib_a-puts.o)
                0x00000000000207cc                puts
 .text          0x00000000000207dc        0x0 d:/intel_delete_after_master/nios2eds/bin/gnu/h-x86_64-mingw32/bin/../lib/gcc/nios2-elf/12.1.1/../../../../../H-x86_64-mingw32/nios2-elf/lib\libc.a(lib_a-strlen.o)
 .text.strlen   0x00000000000207dc       0x98 d:/intel_delete_after_master/nios2eds/bin/gnu/h-x86_64-mingw32/bin/../lib/gcc/nios2-elf/12.1.1/../../../../../H-x86_64-mingw32/nios2-elf/lib\libc.a(lib_a-strlen.o)
                0x00000000000207dc                strlen
 .text          0x0000000000020874        0x0 d:/intel_delete_after_master/nios2eds/bin/gnu/h-x86_64-mingw32/bin/../lib/gcc/nios2-elf/12.1.1/../../../../../H-x86_64-mingw32/nios2-elf/lib\libc.a(lib_a-vfprintf.o)
 .text.___vfprintf_internal_r
                0x0000000000020874     0x23a8 d:/intel_delete_after_master/nios2eds/bin/gnu/h-x86_64-mingw32/bin/../lib/gcc/nios2-elf/12.1.1/../../../../../H-x86_64-mingw32/nios2-elf/lib\libc.a(lib_a-vfprintf.o)
                0x0000000000020874                ___vfprintf_internal_r
 .text.__vfprintf_internal
                0x0000000000022c1c       0x1c d:/intel_delete_after_master/nios2eds/bin/gnu/h-x86_64-mingw32/bin/../lib/gcc/nios2-elf/12.1.1/../../../../../H-x86_64-mingw32/nios2-elf/lib\libc.a(lib_a-vfprintf.o)
                0x0000000000022c1c                __vfprintf_internal
 .text.__sbprintf
                0x0000000000022c38       0xc4 d:/intel_delete_after_master/nios2eds/bin/gnu/h-x86_64-mingw32/bin/../lib/gcc/nios2-elf/12.1.1/../../../../../H-x86_64-mingw32/nios2-elf/lib\libc.a(lib_a-vfprintf.o)
 .text          0x0000000000022cfc        0x0 d:/intel_delete_after_master/nios2eds/bin/gnu/h-x86_64-mingw32/bin/../lib/gcc/nios2-elf/12.1.1/../../../../../H-x86_64-mingw32/nios2-elf/lib\libc.a(lib_a-wsetup.o)
 .text.__swsetup_r
                0x0000000000022cfc      0x14c d:/intel_delete_after_master/nios2eds/bin/gnu/h-x86_64-mingw32/bin/../lib/gcc/nios2-elf/12.1.1/../../../../../H-x86_64-mingw32/nios2-elf/lib\libc.a(lib_a-wsetup.o)
                0x0000000000022cfc                __swsetup_r
 .text          0x0000000000022e48        0x0 d:/intel_delete_after_master/nios2eds/bin/gnu/h-x86_64-mingw32/bin/../lib/gcc/nios2-elf/12.1.1/../../../../../H-x86_64-mingw32/nios2-elf/lib\libc.a(lib_a-dtoa.o)
 .text.quorem   0x0000000000022e48      0x1fc d:/intel_delete_after_master/nios2eds/bin/gnu/h-x86_64-mingw32/bin/../lib/gcc/nios2-elf/12.1.1/../../../../../H-x86_64-mingw32/nios2-elf/lib\libc.a(lib_a-dtoa.o)
 .text._dtoa_r  0x0000000000023044     0x17e8 d:/intel_delete_after_master/nios2eds/bin/gnu/h-x86_64-mingw32/bin/../lib/gcc/nios2-elf/12.1.1/../../../../../H-x86_64-mingw32/nios2-elf/lib\libc.a(lib_a-dtoa.o)
                0x0000000000023044                _dtoa_r
 .text          0x000000000002482c        0x0 d:/intel_delete_after_master/nios2eds/bin/gnu/h-x86_64-mingw32/bin/../lib/gcc/nios2-elf/12.1.1/../../../../../H-x86_64-mingw32/nios2-elf/lib\libc.a(lib_a-fflush.o)
 .text.__sflush_r
                0x000000000002482c      0x208 d:/intel_delete_after_master/nios2eds/bin/gnu/h-x86_64-mingw32/bin/../lib/gcc/nios2-elf/12.1.1/../../../../../H-x86_64-mingw32/nios2-elf/lib\libc.a(lib_a-fflush.o)
                0x000000000002482c                __sflush_r
 .text._fflush_r
                0x0000000000024a34       0x60 d:/intel_delete_after_master/nios2eds/bin/gnu/h-x86_64-mingw32/bin/../lib/gcc/nios2-elf/12.1.1/../../../../../H-x86_64-mingw32/nios2-elf/lib\libc.a(lib_a-fflush.o)
                0x0000000000024a34                _fflush_r
 .text.fflush   0x0000000000024a94       0x84 d:/intel_delete_after_master/nios2eds/bin/gnu/h-x86_64-mingw32/bin/../lib/gcc/nios2-elf/12.1.1/../../../../../H-x86_64-mingw32/nios2-elf/lib\libc.a(lib_a-fflush.o)
                0x0000000000024a94                fflush
 .text          0x0000000000024b18        0x0 d:/intel_delete_after_master/nios2eds/bin/gnu/h-x86_64-mingw32/bin/../lib/gcc/nios2-elf/12.1.1/../../../../../H-x86_64-mingw32/nios2-elf/lib\libc.a(lib_a-findfp.o)
 .text.__fp_lock
                0x0000000000024b18        0x8 d:/intel_delete_after_master/nios2eds/bin/gnu/h-x86_64-mingw32/bin/../lib/gcc/nios2-elf/12.1.1/../../../../../H-x86_64-mingw32/nios2-elf/lib\libc.a(lib_a-findfp.o)
 .text._cleanup_r
                0x0000000000024b20        0xc d:/intel_delete_after_master/nios2eds/bin/gnu/h-x86_64-mingw32/bin/../lib/gcc/nios2-elf/12.1.1/../../../../../H-x86_64-mingw32/nios2-elf/lib\libc.a(lib_a-findfp.o)
                0x0000000000024b20                _cleanup_r
 .text.__fp_unlock
                0x0000000000024b2c        0x8 d:/intel_delete_after_master/nios2eds/bin/gnu/h-x86_64-mingw32/bin/../lib/gcc/nios2-elf/12.1.1/../../../../../H-x86_64-mingw32/nios2-elf/lib\libc.a(lib_a-findfp.o)
 .text.__sinit.part.0
                0x0000000000024b34      0x168 d:/intel_delete_after_master/nios2eds/bin/gnu/h-x86_64-mingw32/bin/../lib/gcc/nios2-elf/12.1.1/../../../../../H-x86_64-mingw32/nios2-elf/lib\libc.a(lib_a-findfp.o)
 .text.__sfmoreglue
                0x0000000000024c9c       0x68 d:/intel_delete_after_master/nios2eds/bin/gnu/h-x86_64-mingw32/bin/../lib/gcc/nios2-elf/12.1.1/../../../../../H-x86_64-mingw32/nios2-elf/lib\libc.a(lib_a-findfp.o)
                0x0000000000024c9c                __sfmoreglue
 .text.__sfp    0x0000000000024d04      0x134 d:/intel_delete_after_master/nios2eds/bin/gnu/h-x86_64-mingw32/bin/../lib/gcc/nios2-elf/12.1.1/../../../../../H-x86_64-mingw32/nios2-elf/lib\libc.a(lib_a-findfp.o)
                0x0000000000024d04                __sfp
 .text._cleanup
                0x0000000000024e38       0x14 d:/intel_delete_after_master/nios2eds/bin/gnu/h-x86_64-mingw32/bin/../lib/gcc/nios2-elf/12.1.1/../../../../../H-x86_64-mingw32/nios2-elf/lib\libc.a(lib_a-findfp.o)
                0x0000000000024e38                _cleanup
 .text.__sinit  0x0000000000024e4c       0x10 d:/intel_delete_after_master/nios2eds/bin/gnu/h-x86_64-mingw32/bin/../lib/gcc/nios2-elf/12.1.1/../../../../../H-x86_64-mingw32/nios2-elf/lib\libc.a(lib_a-findfp.o)
                0x0000000000024e4c                __sinit
 .text.__sfp_lock_acquire
                0x0000000000024e5c        0x4 d:/intel_delete_after_master/nios2eds/bin/gnu/h-x86_64-mingw32/bin/../lib/gcc/nios2-elf/12.1.1/../../../../../H-x86_64-mingw32/nios2-elf/lib\libc.a(lib_a-findfp.o)
                0x0000000000024e5c                __sfp_lock_acquire
 .text.__sfp_lock_release
                0x0000000000024e60        0x4 d:/intel_delete_after_master/nios2eds/bin/gnu/h-x86_64-mingw32/bin/../lib/gcc/nios2-elf/12.1.1/../../../../../H-x86_64-mingw32/nios2-elf/lib\libc.a(lib_a-findfp.o)
                0x0000000000024e60                __sfp_lock_release
 .text.__sinit_lock_acquire
                0x0000000000024e64        0x4 d:/intel_delete_after_master/nios2eds/bin/gnu/h-x86_64-mingw32/bin/../lib/gcc/nios2-elf/12.1.1/../../../../../H-x86_64-mingw32/nios2-elf/lib\libc.a(lib_a-findfp.o)
                0x0000000000024e64                __sinit_lock_acquire
 .text.__sinit_lock_release
                0x0000000000024e68        0x4 d:/intel_delete_after_master/nios2eds/bin/gnu/h-x86_64-mingw32/bin/../lib/gcc/nios2-elf/12.1.1/../../../../../H-x86_64-mingw32/nios2-elf/lib\libc.a(lib_a-findfp.o)
                0x0000000000024e68                __sinit_lock_release
 .text.__fp_lock_all
                0x0000000000024e6c       0x14 d:/intel_delete_after_master/nios2eds/bin/gnu/h-x86_64-mingw32/bin/../lib/gcc/nios2-elf/12.1.1/../../../../../H-x86_64-mingw32/nios2-elf/lib\libc.a(lib_a-findfp.o)
                0x0000000000024e6c                __fp_lock_all
 .text.__fp_unlock_all
                0x0000000000024e80       0x14 d:/intel_delete_after_master/nios2eds/bin/gnu/h-x86_64-mingw32/bin/../lib/gcc/nios2-elf/12.1.1/../../../../../H-x86_64-mingw32/nios2-elf/lib\libc.a(lib_a-findfp.o)
                0x0000000000024e80                __fp_unlock_all
 .text          0x0000000000024e94        0x0 d:/intel_delete_after_master/nios2eds/bin/gnu/h-x86_64-mingw32/bin/../lib/gcc/nios2-elf/12.1.1/../../../../../H-x86_64-mingw32/nios2-elf/lib\libc.a(lib_a-freer.o)
 .text._malloc_trim_r
                0x0000000000024e94      0x124 d:/intel_delete_after_master/nios2eds/bin/gnu/h-x86_64-mingw32/bin/../lib/gcc/nios2-elf/12.1.1/../../../../../H-x86_64-mingw32/nios2-elf/lib\libc.a(lib_a-freer.o)
                0x0000000000024e94                _malloc_trim_r
 .text._free_r  0x0000000000024fb8      0x308 d:/intel_delete_after_master/nios2eds/bin/gnu/h-x86_64-mingw32/bin/../lib/gcc/nios2-elf/12.1.1/../../../../../H-x86_64-mingw32/nios2-elf/lib\libc.a(lib_a-freer.o)
                0x0000000000024fb8                _free_r
 .text          0x00000000000252c0        0x0 d:/intel_delete_after_master/nios2eds/bin/gnu/h-x86_64-mingw32/bin/../lib/gcc/nios2-elf/12.1.1/../../../../../H-x86_64-mingw32/nios2-elf/lib\libc.a(lib_a-fvwrite.o)
 .text.__sfvwrite_r
                0x00000000000252c0      0x4a4 d:/intel_delete_after_master/nios2eds/bin/gnu/h-x86_64-mingw32/bin/../lib/gcc/nios2-elf/12.1.1/../../../../../H-x86_64-mingw32/nios2-elf/lib\libc.a(lib_a-fvwrite.o)
                0x00000000000252c0                __sfvwrite_r
 .text          0x0000000000025764        0x0 d:/intel_delete_after_master/nios2eds/bin/gnu/h-x86_64-mingw32/bin/../lib/gcc/nios2-elf/12.1.1/../../../../../H-x86_64-mingw32/nios2-elf/lib\libc.a(lib_a-fwalk.o)
 .text._fwalk   0x0000000000025764       0x98 d:/intel_delete_after_master/nios2eds/bin/gnu/h-x86_64-mingw32/bin/../lib/gcc/nios2-elf/12.1.1/../../../../../H-x86_64-mingw32/nios2-elf/lib\libc.a(lib_a-fwalk.o)
                0x0000000000025764                _fwalk
 .text._fwalk_reent
                0x00000000000257fc       0xa8 d:/intel_delete_after_master/nios2eds/bin/gnu/h-x86_64-mingw32/bin/../lib/gcc/nios2-elf/12.1.1/../../../../../H-x86_64-mingw32/nios2-elf/lib\libc.a(lib_a-fwalk.o)
                0x00000000000257fc                _fwalk_reent
 .text          0x00000000000258a4        0x0 d:/intel_delete_after_master/nios2eds/bin/gnu/h-x86_64-mingw32/bin/../lib/gcc/nios2-elf/12.1.1/../../../../../H-x86_64-mingw32/nios2-elf/lib\libc.a(lib_a-impure.o)
 .text          0x00000000000258a4        0x0 d:/intel_delete_after_master/nios2eds/bin/gnu/h-x86_64-mingw32/bin/../lib/gcc/nios2-elf/12.1.1/../../../../../H-x86_64-mingw32/nios2-elf/lib\libc.a(lib_a-localeconv.o)
 .text.__localeconv_l
                0x00000000000258a4        0x8 d:/intel_delete_after_master/nios2eds/bin/gnu/h-x86_64-mingw32/bin/../lib/gcc/nios2-elf/12.1.1/../../../../../H-x86_64-mingw32/nios2-elf/lib\libc.a(lib_a-localeconv.o)
                0x00000000000258a4                __localeconv_l
 .text._localeconv_r
                0x00000000000258ac        0xc d:/intel_delete_after_master/nios2eds/bin/gnu/h-x86_64-mingw32/bin/../lib/gcc/nios2-elf/12.1.1/../../../../../H-x86_64-mingw32/nios2-elf/lib\libc.a(lib_a-localeconv.o)
                0x00000000000258ac                _localeconv_r
 .text.localeconv
                0x00000000000258b8        0xc d:/intel_delete_after_master/nios2eds/bin/gnu/h-x86_64-mingw32/bin/../lib/gcc/nios2-elf/12.1.1/../../../../../H-x86_64-mingw32/nios2-elf/lib\libc.a(lib_a-localeconv.o)
                0x00000000000258b8                localeconv
 .text          0x00000000000258c4        0x0 d:/intel_delete_after_master/nios2eds/bin/gnu/h-x86_64-mingw32/bin/../lib/gcc/nios2-elf/12.1.1/../../../../../H-x86_64-mingw32/nios2-elf/lib\libc.a(lib_a-makebuf.o)
 .text.__smakebuf_r
                0x00000000000258c4      0x1a0 d:/intel_delete_after_master/nios2eds/bin/gnu/h-x86_64-mingw32/bin/../lib/gcc/nios2-elf/12.1.1/../../../../../H-x86_64-mingw32/nios2-elf/lib\libc.a(lib_a-makebuf.o)
                0x00000000000258c4                __smakebuf_r
 .text.__swhatbuf_r
                0x0000000000025a64       0x8c d:/intel_delete_after_master/nios2eds/bin/gnu/h-x86_64-mingw32/bin/../lib/gcc/nios2-elf/12.1.1/../../../../../H-x86_64-mingw32/nios2-elf/lib\libc.a(lib_a-makebuf.o)
                0x0000000000025a64                __swhatbuf_r
 .text          0x0000000000025af0        0x0 d:/intel_delete_after_master/nios2eds/bin/gnu/h-x86_64-mingw32/bin/../lib/gcc/nios2-elf/12.1.1/../../../../../H-x86_64-mingw32/nios2-elf/lib\libc.a(lib_a-mallocr.o)
 .text._malloc_r
                0x0000000000025af0      0x7b4 d:/intel_delete_after_master/nios2eds/bin/gnu/h-x86_64-mingw32/bin/../lib/gcc/nios2-elf/12.1.1/../../../../../H-x86_64-mingw32/nios2-elf/lib\libc.a(lib_a-mallocr.o)
                0x0000000000025af0                _malloc_r
 .text          0x00000000000262a4        0x0 d:/intel_delete_after_master/nios2eds/bin/gnu/h-x86_64-mingw32/bin/../lib/gcc/nios2-elf/12.1.1/../../../../../H-x86_64-mingw32/nios2-elf/lib\libc.a(lib_a-memchr.o)
 .text.memchr   0x00000000000262a4       0xd0 d:/intel_delete_after_master/nios2eds/bin/gnu/h-x86_64-mingw32/bin/../lib/gcc/nios2-elf/12.1.1/../../../../../H-x86_64-mingw32/nios2-elf/lib\libc.a(lib_a-memchr.o)
                0x00000000000262a4                memchr
 .text          0x0000000000026374        0x0 d:/intel_delete_after_master/nios2eds/bin/gnu/h-x86_64-mingw32/bin/../lib/gcc/nios2-elf/12.1.1/../../../../../H-x86_64-mingw32/nios2-elf/lib\libc.a(lib_a-memcpy.o)
 .text.memcpy   0x0000000000026374      0x100 d:/intel_delete_after_master/nios2eds/bin/gnu/h-x86_64-mingw32/bin/../lib/gcc/nios2-elf/12.1.1/../../../../../H-x86_64-mingw32/nios2-elf/lib\libc.a(lib_a-memcpy.o)
                0x0000000000026374                memcpy
 .text          0x0000000000026474        0x0 d:/intel_delete_after_master/nios2eds/bin/gnu/h-x86_64-mingw32/bin/../lib/gcc/nios2-elf/12.1.1/../../../../../H-x86_64-mingw32/nios2-elf/lib\libc.a(lib_a-memmove.o)
 .text.memmove  0x0000000000026474      0x128 d:/intel_delete_after_master/nios2eds/bin/gnu/h-x86_64-mingw32/bin/../lib/gcc/nios2-elf/12.1.1/../../../../../H-x86_64-mingw32/nios2-elf/lib\libc.a(lib_a-memmove.o)
                0x0000000000026474                memmove
 .text          0x000000000002659c        0x0 d:/intel_delete_after_master/nios2eds/bin/gnu/h-x86_64-mingw32/bin/../lib/gcc/nios2-elf/12.1.1/../../../../../H-x86_64-mingw32/nios2-elf/lib\libc.a(lib_a-memset.o)
 .text.memset   0x000000000002659c       0xf8 d:/intel_delete_after_master/nios2eds/bin/gnu/h-x86_64-mingw32/bin/../lib/gcc/nios2-elf/12.1.1/../../../../../H-x86_64-mingw32/nios2-elf/lib\libc.a(lib_a-memset.o)
                0x000000000002659c                memset
 .text          0x0000000000026694        0x0 d:/intel_delete_after_master/nios2eds/bin/gnu/h-x86_64-mingw32/bin/../lib/gcc/nios2-elf/12.1.1/../../../../../H-x86_64-mingw32/nios2-elf/lib\libc.a(lib_a-mprec.o)
 .text._Balloc  0x0000000000026694       0xa4 d:/intel_delete_after_master/nios2eds/bin/gnu/h-x86_64-mingw32/bin/../lib/gcc/nios2-elf/12.1.1/../../../../../H-x86_64-mingw32/nios2-elf/lib\libc.a(lib_a-mprec.o)
                0x0000000000026694                _Balloc
 .text._Bfree   0x0000000000026738       0x24 d:/intel_delete_after_master/nios2eds/bin/gnu/h-x86_64-mingw32/bin/../lib/gcc/nios2-elf/12.1.1/../../../../../H-x86_64-mingw32/nios2-elf/lib\libc.a(lib_a-mprec.o)
                0x0000000000026738                _Bfree
 .text.__multadd
                0x000000000002675c      0x130 d:/intel_delete_after_master/nios2eds/bin/gnu/h-x86_64-mingw32/bin/../lib/gcc/nios2-elf/12.1.1/../../../../../H-x86_64-mingw32/nios2-elf/lib\libc.a(lib_a-mprec.o)
                0x000000000002675c                __multadd
 .text.__s2b    0x000000000002688c      0x138 d:/intel_delete_after_master/nios2eds/bin/gnu/h-x86_64-mingw32/bin/../lib/gcc/nios2-elf/12.1.1/../../../../../H-x86_64-mingw32/nios2-elf/lib\libc.a(lib_a-mprec.o)
                0x000000000002688c                __s2b
 .text.__hi0bits
                0x00000000000269c4       0x74 d:/intel_delete_after_master/nios2eds/bin/gnu/h-x86_64-mingw32/bin/../lib/gcc/nios2-elf/12.1.1/../../../../../H-x86_64-mingw32/nios2-elf/lib\libc.a(lib_a-mprec.o)
                0x00000000000269c4                __hi0bits
 .text.__lo0bits
                0x0000000000026a38       0xb0 d:/intel_delete_after_master/nios2eds/bin/gnu/h-x86_64-mingw32/bin/../lib/gcc/nios2-elf/12.1.1/../../../../../H-x86_64-mingw32/nios2-elf/lib\libc.a(lib_a-mprec.o)
                0x0000000000026a38                __lo0bits
 .text.__i2b    0x0000000000026ae8       0xb0 d:/intel_delete_after_master/nios2eds/bin/gnu/h-x86_64-mingw32/bin/../lib/gcc/nios2-elf/12.1.1/../../../../../H-x86_64-mingw32/nios2-elf/lib\libc.a(lib_a-mprec.o)
                0x0000000000026ae8                __i2b
 .text.__multiply
                0x0000000000026b98      0x254 d:/intel_delete_after_master/nios2eds/bin/gnu/h-x86_64-mingw32/bin/../lib/gcc/nios2-elf/12.1.1/../../../../../H-x86_64-mingw32/nios2-elf/lib\libc.a(lib_a-mprec.o)
                0x0000000000026b98                __multiply
 .text.__pow5mult
                0x0000000000026dec      0x140 d:/intel_delete_after_master/nios2eds/bin/gnu/h-x86_64-mingw32/bin/../lib/gcc/nios2-elf/12.1.1/../../../../../H-x86_64-mingw32/nios2-elf/lib\libc.a(lib_a-mprec.o)
                0x0000000000026dec                __pow5mult
 .text.__lshift
                0x0000000000026f2c      0x188 d:/intel_delete_after_master/nios2eds/bin/gnu/h-x86_64-mingw32/bin/../lib/gcc/nios2-elf/12.1.1/../../../../../H-x86_64-mingw32/nios2-elf/lib\libc.a(lib_a-mprec.o)
                0x0000000000026f2c                __lshift
 .text.__mcmp   0x00000000000270b4       0x58 d:/intel_delete_after_master/nios2eds/bin/gnu/h-x86_64-mingw32/bin/../lib/gcc/nios2-elf/12.1.1/../../../../../H-x86_64-mingw32/nios2-elf/lib\libc.a(lib_a-mprec.o)
                0x00000000000270b4                __mcmp
 .text.__mdiff  0x000000000002710c      0x230 d:/intel_delete_after_master/nios2eds/bin/gnu/h-x86_64-mingw32/bin/../lib/gcc/nios2-elf/12.1.1/../../../../../H-x86_64-mingw32/nios2-elf/lib\libc.a(lib_a-mprec.o)
                0x000000000002710c                __mdiff
 .text.__ulp    0x000000000002733c       0x60 d:/intel_delete_after_master/nios2eds/bin/gnu/h-x86_64-mingw32/bin/../lib/gcc/nios2-elf/12.1.1/../../../../../H-x86_64-mingw32/nios2-elf/lib\libc.a(lib_a-mprec.o)
                0x000000000002733c                __ulp
 .text.__b2d    0x000000000002739c      0x100 d:/intel_delete_after_master/nios2eds/bin/gnu/h-x86_64-mingw32/bin/../lib/gcc/nios2-elf/12.1.1/../../../../../H-x86_64-mingw32/nios2-elf/lib\libc.a(lib_a-mprec.o)
                0x000000000002739c                __b2d
 .text.__d2b    0x000000000002749c      0x158 d:/intel_delete_after_master/nios2eds/bin/gnu/h-x86_64-mingw32/bin/../lib/gcc/nios2-elf/12.1.1/../../../../../H-x86_64-mingw32/nios2-elf/lib\libc.a(lib_a-mprec.o)
                0x000000000002749c                __d2b
 .text.__ratio  0x00000000000275f4       0xa8 d:/intel_delete_after_master/nios2eds/bin/gnu/h-x86_64-mingw32/bin/../lib/gcc/nios2-elf/12.1.1/../../../../../H-x86_64-mingw32/nios2-elf/lib\libc.a(lib_a-mprec.o)
                0x00000000000275f4                __ratio
 .text._mprec_log10
                0x000000000002769c       0x70 d:/intel_delete_after_master/nios2eds/bin/gnu/h-x86_64-mingw32/bin/../lib/gcc/nios2-elf/12.1.1/../../../../../H-x86_64-mingw32/nios2-elf/lib\libc.a(lib_a-mprec.o)
                0x000000000002769c                _mprec_log10
 .text.__copybits
                0x000000000002770c       0x7c d:/intel_delete_after_master/nios2eds/bin/gnu/h-x86_64-mingw32/bin/../lib/gcc/nios2-elf/12.1.1/../../../../../H-x86_64-mingw32/nios2-elf/lib\libc.a(lib_a-mprec.o)
                0x000000000002770c                __copybits
 .text.__any_on
                0x0000000000027788       0x60 d:/intel_delete_after_master/nios2eds/bin/gnu/h-x86_64-mingw32/bin/../lib/gcc/nios2-elf/12.1.1/../../../../../H-x86_64-mingw32/nios2-elf/lib\libc.a(lib_a-mprec.o)
                0x0000000000027788                __any_on
 .text          0x00000000000277e8        0x0 d:/intel_delete_after_master/nios2eds/bin/gnu/h-x86_64-mingw32/bin/../lib/gcc/nios2-elf/12.1.1/../../../../../H-x86_64-mingw32/nios2-elf/lib\libc.a(lib_a-reallocr.o)
 .text._realloc_r
                0x00000000000277e8      0x5f4 d:/intel_delete_after_master/nios2eds/bin/gnu/h-x86_64-mingw32/bin/../lib/gcc/nios2-elf/12.1.1/../../../../../H-x86_64-mingw32/nios2-elf/lib\libc.a(lib_a-reallocr.o)
                0x00000000000277e8                _realloc_r
 .text          0x0000000000027ddc        0x0 d:/intel_delete_after_master/nios2eds/bin/gnu/h-x86_64-mingw32/bin/../lib/gcc/nios2-elf/12.1.1/../../../../../H-x86_64-mingw32/nios2-elf/lib\libc.a(lib_a-sbrkr.o)
 .text._sbrk_r  0x0000000000027ddc       0x58 d:/intel_delete_after_master/nios2eds/bin/gnu/h-x86_64-mingw32/bin/../lib/gcc/nios2-elf/12.1.1/../../../../../H-x86_64-mingw32/nios2-elf/lib\libc.a(lib_a-sbrkr.o)
                0x0000000000027ddc                _sbrk_r
 .text          0x0000000000027e34        0x0 d:/intel_delete_after_master/nios2eds/bin/gnu/h-x86_64-mingw32/bin/../lib/gcc/nios2-elf/12.1.1/../../../../../H-x86_64-mingw32/nios2-elf/lib\libc.a(lib_a-stdio.o)
 .text.__sread  0x0000000000027e34       0x54 d:/intel_delete_after_master/nios2eds/bin/gnu/h-x86_64-mingw32/bin/../lib/gcc/nios2-elf/12.1.1/../../../../../H-x86_64-mingw32/nios2-elf/lib\libc.a(lib_a-stdio.o)
                0x0000000000027e34                __sread
 .text.__seofread
                0x0000000000027e88        0x8 d:/intel_delete_after_master/nios2eds/bin/gnu/h-x86_64-mingw32/bin/../lib/gcc/nios2-elf/12.1.1/../../../../../H-x86_64-mingw32/nios2-elf/lib\libc.a(lib_a-stdio.o)
                0x0000000000027e88                __seofread
 .text.__swrite
                0x0000000000027e90       0x80 d:/intel_delete_after_master/nios2eds/bin/gnu/h-x86_64-mingw32/bin/../lib/gcc/nios2-elf/12.1.1/../../../../../H-x86_64-mingw32/nios2-elf/lib\libc.a(lib_a-stdio.o)
                0x0000000000027e90                __swrite
 .text.__sseek  0x0000000000027f10       0x5c d:/intel_delete_after_master/nios2eds/bin/gnu/h-x86_64-mingw32/bin/../lib/gcc/nios2-elf/12.1.1/../../../../../H-x86_64-mingw32/nios2-elf/lib\libc.a(lib_a-stdio.o)
                0x0000000000027f10                __sseek
 .text.__sclose
                0x0000000000027f6c        0x8 d:/intel_delete_after_master/nios2eds/bin/gnu/h-x86_64-mingw32/bin/../lib/gcc/nios2-elf/12.1.1/../../../../../H-x86_64-mingw32/nios2-elf/lib\libc.a(lib_a-stdio.o)
                0x0000000000027f6c                __sclose
 .text          0x0000000000027f74        0x0 d:/intel_delete_after_master/nios2eds/bin/gnu/h-x86_64-mingw32/bin/../lib/gcc/nios2-elf/12.1.1/../../../../../H-x86_64-mingw32/nios2-elf/lib\libc.a(lib_a-vfiprintf.o)
 .text.__sprint_r.part.0
                0x0000000000027f74       0xf4 d:/intel_delete_after_master/nios2eds/bin/gnu/h-x86_64-mingw32/bin/../lib/gcc/nios2-elf/12.1.1/../../../../../H-x86_64-mingw32/nios2-elf/lib\libc.a(lib_a-vfiprintf.o)
 .text.__sprint_r
                0x0000000000028068       0x18 d:/intel_delete_after_master/nios2eds/bin/gnu/h-x86_64-mingw32/bin/../lib/gcc/nios2-elf/12.1.1/../../../../../H-x86_64-mingw32/nios2-elf/lib\libc.a(lib_a-vfiprintf.o)
                0x0000000000028068                __sprint_r
 .text.___vfiprintf_internal_r
                0x0000000000028080     0x1270 d:/intel_delete_after_master/nios2eds/bin/gnu/h-x86_64-mingw32/bin/../lib/gcc/nios2-elf/12.1.1/../../../../../H-x86_64-mingw32/nios2-elf/lib\libc.a(lib_a-vfiprintf.o)
                0x0000000000028080                ___vfiprintf_internal_r
 .text.__vfiprintf_internal
                0x00000000000292f0       0x1c d:/intel_delete_after_master/nios2eds/bin/gnu/h-x86_64-mingw32/bin/../lib/gcc/nios2-elf/12.1.1/../../../../../H-x86_64-mingw32/nios2-elf/lib\libc.a(lib_a-vfiprintf.o)
                0x00000000000292f0                __vfiprintf_internal
 .text.__sbprintf
                0x000000000002930c       0xc4 d:/intel_delete_after_master/nios2eds/bin/gnu/h-x86_64-mingw32/bin/../lib/gcc/nios2-elf/12.1.1/../../../../../H-x86_64-mingw32/nios2-elf/lib\libc.a(lib_a-vfiprintf.o)
 .text          0x00000000000293d0        0x0 d:/intel_delete_after_master/nios2eds/bin/gnu/h-x86_64-mingw32/bin/../lib/gcc/nios2-elf/12.1.1/../../../../../H-x86_64-mingw32/nios2-elf/lib\libc.a(lib_a-writer.o)
 .text._write_r
                0x00000000000293d0       0x64 d:/intel_delete_after_master/nios2eds/bin/gnu/h-x86_64-mingw32/bin/../lib/gcc/nios2-elf/12.1.1/../../../../../H-x86_64-mingw32/nios2-elf/lib\libc.a(lib_a-writer.o)
                0x00000000000293d0                _write_r
 .text          0x0000000000029434        0x0 d:/intel_delete_after_master/nios2eds/bin/gnu/h-x86_64-mingw32/bin/../lib/gcc/nios2-elf/12.1.1/../../../../../H-x86_64-mingw32/nios2-elf/lib\libc.a(closer.o)
 .text._close_r
                0x0000000000029434       0x58 d:/intel_delete_after_master/nios2eds/bin/gnu/h-x86_64-mingw32/bin/../lib/gcc/nios2-elf/12.1.1/../../../../../H-x86_64-mingw32/nios2-elf/lib\libc.a(closer.o)
                0x0000000000029434                _close_r
 .text          0x000000000002948c        0x0 d:/intel_delete_after_master/nios2eds/bin/gnu/h-x86_64-mingw32/bin/../lib/gcc/nios2-elf/12.1.1/../../../../../H-x86_64-mingw32/nios2-elf/lib\libc.a(lib_a-assert.o)
 .text.__assert_func
                0x000000000002948c       0x64 d:/intel_delete_after_master/nios2eds/bin/gnu/h-x86_64-mingw32/bin/../lib/gcc/nios2-elf/12.1.1/../../../../../H-x86_64-mingw32/nios2-elf/lib\libc.a(lib_a-assert.o)
                0x000000000002948c                __assert_func
 .text.__assert
                0x00000000000294f0       0x14 d:/intel_delete_after_master/nios2eds/bin/gnu/h-x86_64-mingw32/bin/../lib/gcc/nios2-elf/12.1.1/../../../../../H-x86_64-mingw32/nios2-elf/lib\libc.a(lib_a-assert.o)
                0x00000000000294f0                __assert
 .text          0x0000000000029504        0x0 d:/intel_delete_after_master/nios2eds/bin/gnu/h-x86_64-mingw32/bin/../lib/gcc/nios2-elf/12.1.1/../../../../../H-x86_64-mingw32/nios2-elf/lib\libc.a(lib_a-callocr.o)
 .text._calloc_r
                0x0000000000029504      0x144 d:/intel_delete_after_master/nios2eds/bin/gnu/h-x86_64-mingw32/bin/../lib/gcc/nios2-elf/12.1.1/../../../../../H-x86_64-mingw32/nios2-elf/lib\libc.a(lib_a-callocr.o)
                0x0000000000029504                _calloc_r
 .text          0x0000000000029648        0x0 d:/intel_delete_after_master/nios2eds/bin/gnu/h-x86_64-mingw32/bin/../lib/gcc/nios2-elf/12.1.1/../../../../../H-x86_64-mingw32/nios2-elf/lib\libc.a(lib_a-errno.o)
 .text.__errno  0x0000000000029648        0xc d:/intel_delete_after_master/nios2eds/bin/gnu/h-x86_64-mingw32/bin/../lib/gcc/nios2-elf/12.1.1/../../../../../H-x86_64-mingw32/nios2-elf/lib\libc.a(lib_a-errno.o)
                0x0000000000029648                __errno
 .text          0x0000000000029654        0x0 d:/intel_delete_after_master/nios2eds/bin/gnu/h-x86_64-mingw32/bin/../lib/gcc/nios2-elf/12.1.1/../../../../../H-x86_64-mingw32/nios2-elf/lib\libc.a(lib_a-fclose.o)
 .text._fclose_r
                0x0000000000029654       0xf8 d:/intel_delete_after_master/nios2eds/bin/gnu/h-x86_64-mingw32/bin/../lib/gcc/nios2-elf/12.1.1/../../../../../H-x86_64-mingw32/nios2-elf/lib\libc.a(lib_a-fclose.o)
                0x0000000000029654                _fclose_r
 .text.fclose   0x000000000002974c       0x10 d:/intel_delete_after_master/nios2eds/bin/gnu/h-x86_64-mingw32/bin/../lib/gcc/nios2-elf/12.1.1/../../../../../H-x86_64-mingw32/nios2-elf/lib\libc.a(lib_a-fclose.o)
                0x000000000002974c                fclose
 .text          0x000000000002975c        0x0 d:/intel_delete_after_master/nios2eds/bin/gnu/h-x86_64-mingw32/bin/../lib/gcc/nios2-elf/12.1.1/../../../../../H-x86_64-mingw32/nios2-elf/lib\libc.a(lib_a-fiprintf.o)
 .text._fiprintf_r
                0x000000000002975c       0x20 d:/intel_delete_after_master/nios2eds/bin/gnu/h-x86_64-mingw32/bin/../lib/gcc/nios2-elf/12.1.1/../../../../../H-x86_64-mingw32/nios2-elf/lib\libc.a(lib_a-fiprintf.o)
                0x000000000002975c                _fiprintf_r
 .text.fiprintf
                0x000000000002977c       0x38 d:/intel_delete_after_master/nios2eds/bin/gnu/h-x86_64-mingw32/bin/../lib/gcc/nios2-elf/12.1.1/../../../../../H-x86_64-mingw32/nios2-elf/lib\libc.a(lib_a-fiprintf.o)
                0x000000000002977c                fiprintf
 .text          0x00000000000297b4        0x0 d:/intel_delete_after_master/nios2eds/bin/gnu/h-x86_64-mingw32/bin/../lib/gcc/nios2-elf/12.1.1/../../../../../H-x86_64-mingw32/nios2-elf/lib\libc.a(lib_a-fputwc.o)
 .text.__fputwc
                0x00000000000297b4      0x164 d:/intel_delete_after_master/nios2eds/bin/gnu/h-x86_64-mingw32/bin/../lib/gcc/nios2-elf/12.1.1/../../../../../H-x86_64-mingw32/nios2-elf/lib\libc.a(lib_a-fputwc.o)
                0x00000000000297b4                __fputwc
 .text._fputwc_r
                0x0000000000029918       0x24 d:/intel_delete_after_master/nios2eds/bin/gnu/h-x86_64-mingw32/bin/../lib/gcc/nios2-elf/12.1.1/../../../../../H-x86_64-mingw32/nios2-elf/lib\libc.a(lib_a-fputwc.o)
                0x0000000000029918                _fputwc_r
 .text.fputwc   0x000000000002993c       0x78 d:/intel_delete_after_master/nios2eds/bin/gnu/h-x86_64-mingw32/bin/../lib/gcc/nios2-elf/12.1.1/../../../../../H-x86_64-mingw32/nios2-elf/lib\libc.a(lib_a-fputwc.o)
                0x000000000002993c                fputwc
 .text          0x00000000000299b4        0x0 d:/intel_delete_after_master/nios2eds/bin/gnu/h-x86_64-mingw32/bin/../lib/gcc/nios2-elf/12.1.1/../../../../../H-x86_64-mingw32/nios2-elf/lib\libc.a(lib_a-fstatr.o)
 .text._fstat_r
                0x00000000000299b4       0x60 d:/intel_delete_after_master/nios2eds/bin/gnu/h-x86_64-mingw32/bin/../lib/gcc/nios2-elf/12.1.1/../../../../../H-x86_64-mingw32/nios2-elf/lib\libc.a(lib_a-fstatr.o)
                0x00000000000299b4                _fstat_r
 .text          0x0000000000029a14        0x0 d:/intel_delete_after_master/nios2eds/bin/gnu/h-x86_64-mingw32/bin/../lib/gcc/nios2-elf/12.1.1/../../../../../H-x86_64-mingw32/nios2-elf/lib\libc.a(lib_a-int_errno.o)
 .text          0x0000000000029a14        0x0 d:/intel_delete_after_master/nios2eds/bin/gnu/h-x86_64-mingw32/bin/../lib/gcc/nios2-elf/12.1.1/../../../../../H-x86_64-mingw32/nios2-elf/lib\libc.a(lib_a-isattyr.o)
 .text._isatty_r
                0x0000000000029a14       0x58 d:/intel_delete_after_master/nios2eds/bin/gnu/h-x86_64-mingw32/bin/../lib/gcc/nios2-elf/12.1.1/../../../../../H-x86_64-mingw32/nios2-elf/lib\libc.a(lib_a-isattyr.o)
                0x0000000000029a14                _isatty_r
 .text          0x0000000000029a6c        0x0 d:/intel_delete_after_master/nios2eds/bin/gnu/h-x86_64-mingw32/bin/../lib/gcc/nios2-elf/12.1.1/../../../../../H-x86_64-mingw32/nios2-elf/lib\libc.a(lib_a-locale.o)
 .text._setlocale_r
                0x0000000000029a6c       0x74 d:/intel_delete_after_master/nios2eds/bin/gnu/h-x86_64-mingw32/bin/../lib/gcc/nios2-elf/12.1.1/../../../../../H-x86_64-mingw32/nios2-elf/lib\libc.a(lib_a-locale.o)
                0x0000000000029a6c                _setlocale_r
 .text.__locale_mb_cur_max
                0x0000000000029ae0        0xc d:/intel_delete_after_master/nios2eds/bin/gnu/h-x86_64-mingw32/bin/../lib/gcc/nios2-elf/12.1.1/../../../../../H-x86_64-mingw32/nios2-elf/lib\libc.a(lib_a-locale.o)
                0x0000000000029ae0                __locale_mb_cur_max
 .text.setlocale
                0x0000000000029aec       0x74 d:/intel_delete_after_master/nios2eds/bin/gnu/h-x86_64-mingw32/bin/../lib/gcc/nios2-elf/12.1.1/../../../../../H-x86_64-mingw32/nios2-elf/lib\libc.a(lib_a-locale.o)
                0x0000000000029aec                setlocale
 .text          0x0000000000029b60        0x0 d:/intel_delete_after_master/nios2eds/bin/gnu/h-x86_64-mingw32/bin/../lib/gcc/nios2-elf/12.1.1/../../../../../H-x86_64-mingw32/nios2-elf/lib\libc.a(lib_a-lseekr.o)
 .text._lseek_r
                0x0000000000029b60       0x64 d:/intel_delete_after_master/nios2eds/bin/gnu/h-x86_64-mingw32/bin/../lib/gcc/nios2-elf/12.1.1/../../../../../H-x86_64-mingw32/nios2-elf/lib\libc.a(lib_a-lseekr.o)
                0x0000000000029b60                _lseek_r
 .text          0x0000000000029bc4        0x0 d:/intel_delete_after_master/nios2eds/bin/gnu/h-x86_64-mingw32/bin/../lib/gcc/nios2-elf/12.1.1/../../../../../H-x86_64-mingw32/nios2-elf/lib\libc.a(lib_a-mbtowc_r.o)
 .text._mbtowc_r
                0x0000000000029bc4        0xc d:/intel_delete_after_master/nios2eds/bin/gnu/h-x86_64-mingw32/bin/../lib/gcc/nios2-elf/12.1.1/../../../../../H-x86_64-mingw32/nios2-elf/lib\libc.a(lib_a-mbtowc_r.o)
                0x0000000000029bc4                _mbtowc_r
 .text.__ascii_mbtowc
                0x0000000000029bd0       0x44 d:/intel_delete_after_master/nios2eds/bin/gnu/h-x86_64-mingw32/bin/../lib/gcc/nios2-elf/12.1.1/../../../../../H-x86_64-mingw32/nios2-elf/lib\libc.a(lib_a-mbtowc_r.o)
                0x0000000000029bd0                __ascii_mbtowc
 .text          0x0000000000029c14        0x0 d:/intel_delete_after_master/nios2eds/bin/gnu/h-x86_64-mingw32/bin/../lib/gcc/nios2-elf/12.1.1/../../../../../H-x86_64-mingw32/nios2-elf/lib\libc.a(lib_a-readr.o)
 .text._read_r  0x0000000000029c14       0x64 d:/intel_delete_after_master/nios2eds/bin/gnu/h-x86_64-mingw32/bin/../lib/gcc/nios2-elf/12.1.1/../../../../../H-x86_64-mingw32/nios2-elf/lib\libc.a(lib_a-readr.o)
                0x0000000000029c14                _read_r
 .text          0x0000000000029c78        0x0 d:/intel_delete_after_master/nios2eds/bin/gnu/h-x86_64-mingw32/bin/../lib/gcc/nios2-elf/12.1.1/../../../../../H-x86_64-mingw32/nios2-elf/lib\libc.a(lib_a-strcmp.o)
 .text.strcmp   0x0000000000029c78       0xb8 d:/intel_delete_after_master/nios2eds/bin/gnu/h-x86_64-mingw32/bin/../lib/gcc/nios2-elf/12.1.1/../../../../../H-x86_64-mingw32/nios2-elf/lib\libc.a(lib_a-strcmp.o)
                0x0000000000029c78                strcmp
 .text          0x0000000000029d30        0x0 d:/intel_delete_after_master/nios2eds/bin/gnu/h-x86_64-mingw32/bin/../lib/gcc/nios2-elf/12.1.1/../../../../../H-x86_64-mingw32/nios2-elf/lib\libc.a(lib_a-vfiprintfr_1.o)
 .text._vfiprintf_r
                0x0000000000029d30        0x4 d:/intel_delete_after_master/nios2eds/bin/gnu/h-x86_64-mingw32/bin/../lib/gcc/nios2-elf/12.1.1/../../../../../H-x86_64-mingw32/nios2-elf/lib\libc.a(lib_a-vfiprintfr_1.o)
                0x0000000000029d30                _vfiprintf_r
 .text          0x0000000000029d34        0x0 d:/intel_delete_after_master/nios2eds/bin/gnu/h-x86_64-mingw32/bin/../lib/gcc/nios2-elf/12.1.1/../../../../../H-x86_64-mingw32/nios2-elf/lib\libc.a(lib_a-wbuf.o)
 .text.__swbuf_r
                0x0000000000029d34      0x148 d:/intel_delete_after_master/nios2eds/bin/gnu/h-x86_64-mingw32/bin/../lib/gcc/nios2-elf/12.1.1/../../../../../H-x86_64-mingw32/nios2-elf/lib\libc.a(lib_a-wbuf.o)
                0x0000000000029d34                __swbuf_r
 .text.__swbuf  0x0000000000029e7c       0x18 d:/intel_delete_after_master/nios2eds/bin/gnu/h-x86_64-mingw32/bin/../lib/gcc/nios2-elf/12.1.1/../../../../../H-x86_64-mingw32/nios2-elf/lib\libc.a(lib_a-wbuf.o)
                0x0000000000029e7c                __swbuf
 .text          0x0000000000029e94        0x0 d:/intel_delete_after_master/nios2eds/bin/gnu/h-x86_64-mingw32/bin/../lib/gcc/nios2-elf/12.1.1/../../../../../H-x86_64-mingw32/nios2-elf/lib\libc.a(lib_a-wcrtomb.o)
 .text._wcrtomb_r
                0x0000000000029e94       0x6c d:/intel_delete_after_master/nios2eds/bin/gnu/h-x86_64-mingw32/bin/../lib/gcc/nios2-elf/12.1.1/../../../../../H-x86_64-mingw32/nios2-elf/lib\libc.a(lib_a-wcrtomb.o)
                0x0000000000029e94                _wcrtomb_r
 .text.wcrtomb  0x0000000000029f00       0x88 d:/intel_delete_after_master/nios2eds/bin/gnu/h-x86_64-mingw32/bin/../lib/gcc/nios2-elf/12.1.1/../../../../../H-x86_64-mingw32/nios2-elf/lib\libc.a(lib_a-wcrtomb.o)
                0x0000000000029f00                wcrtomb
 .text          0x0000000000029f88        0x0 d:/intel_delete_after_master/nios2eds/bin/gnu/h-x86_64-mingw32/bin/../lib/gcc/nios2-elf/12.1.1/../../../../../H-x86_64-mingw32/nios2-elf/lib\libc.a(lib_a-wctomb_r.o)
 .text._wctomb_r
                0x0000000000029f88        0xc d:/intel_delete_after_master/nios2eds/bin/gnu/h-x86_64-mingw32/bin/../lib/gcc/nios2-elf/12.1.1/../../../../../H-x86_64-mingw32/nios2-elf/lib\libc.a(lib_a-wctomb_r.o)
                0x0000000000029f88                _wctomb_r
 .text.__ascii_wctomb
                0x0000000000029f94       0x30 d:/intel_delete_after_master/nios2eds/bin/gnu/h-x86_64-mingw32/bin/../lib/gcc/nios2-elf/12.1.1/../../../../../H-x86_64-mingw32/nios2-elf/lib\libc.a(lib_a-wctomb_r.o)
                0x0000000000029f94                __ascii_wctomb
 .text          0x0000000000029fc4        0x0 d:/intel_delete_after_master/nios2eds/bin/gnu/h-x86_64-mingw32/bin/../lib/gcc/nios2-elf/12.1.1/../../../../../H-x86_64-mingw32/nios2-elf/lib\libc.a(lib_a-abort.o)
 .text.unlikely.abort
                0x0000000000029fc4       0x18 d:/intel_delete_after_master/nios2eds/bin/gnu/h-x86_64-mingw32/bin/../lib/gcc/nios2-elf/12.1.1/../../../../../H-x86_64-mingw32/nios2-elf/lib\libc.a(lib_a-abort.o)
                0x0000000000029fc4                abort
 .text          0x0000000000029fdc        0x0 d:/intel_delete_after_master/nios2eds/bin/gnu/h-x86_64-mingw32/bin/../lib/gcc/nios2-elf/12.1.1/../../../../../H-x86_64-mingw32/nios2-elf/lib\libc.a(lib_a-ctype_.o)
 .text          0x0000000000029fdc        0x0 d:/intel_delete_after_master/nios2eds/bin/gnu/h-x86_64-mingw32/bin/../lib/gcc/nios2-elf/12.1.1/../../../../../H-x86_64-mingw32/nios2-elf/lib\libc.a(lib_a-signal.o)
 .text._init_signal_r
                0x0000000000029fdc       0x5c d:/intel_delete_after_master/nios2eds/bin/gnu/h-x86_64-mingw32/bin/../lib/gcc/nios2-elf/12.1.1/../../../../../H-x86_64-mingw32/nios2-elf/lib\libc.a(lib_a-signal.o)
                0x0000000000029fdc                _init_signal_r
 .text._signal_r
                0x000000000002a038       0x90 d:/intel_delete_after_master/nios2eds/bin/gnu/h-x86_64-mingw32/bin/../lib/gcc/nios2-elf/12.1.1/../../../../../H-x86_64-mingw32/nios2-elf/lib\libc.a(lib_a-signal.o)
                0x000000000002a038                _signal_r
 .text._raise_r
                0x000000000002a0c8       0xb0 d:/intel_delete_after_master/nios2eds/bin/gnu/h-x86_64-mingw32/bin/../lib/gcc/nios2-elf/12.1.1/../../../../../H-x86_64-mingw32/nios2-elf/lib\libc.a(lib_a-signal.o)
                0x000000000002a0c8                _raise_r
 .text.__sigtramp_r
                0x000000000002a178       0xbc d:/intel_delete_after_master/nios2eds/bin/gnu/h-x86_64-mingw32/bin/../lib/gcc/nios2-elf/12.1.1/../../../../../H-x86_64-mingw32/nios2-elf/lib\libc.a(lib_a-signal.o)
                0x000000000002a178                __sigtramp_r
 .text.raise    0x000000000002a234       0xb4 d:/intel_delete_after_master/nios2eds/bin/gnu/h-x86_64-mingw32/bin/../lib/gcc/nios2-elf/12.1.1/../../../../../H-x86_64-mingw32/nios2-elf/lib\libc.a(lib_a-signal.o)
                0x000000000002a234                raise
 .text.signal   0x000000000002a2e8       0x98 d:/intel_delete_after_master/nios2eds/bin/gnu/h-x86_64-mingw32/bin/../lib/gcc/nios2-elf/12.1.1/../../../../../H-x86_64-mingw32/nios2-elf/lib\libc.a(lib_a-signal.o)
                0x000000000002a2e8                signal
 .text._init_signal
                0x000000000002a380       0x60 d:/intel_delete_after_master/nios2eds/bin/gnu/h-x86_64-mingw32/bin/../lib/gcc/nios2-elf/12.1.1/../../../../../H-x86_64-mingw32/nios2-elf/lib\libc.a(lib_a-signal.o)
                0x000000000002a380                _init_signal
 .text.__sigtramp
                0x000000000002a3e0       0xbc d:/intel_delete_after_master/nios2eds/bin/gnu/h-x86_64-mingw32/bin/../lib/gcc/nios2-elf/12.1.1/../../../../../H-x86_64-mingw32/nios2-elf/lib\libc.a(lib_a-signal.o)
                0x000000000002a3e0                __sigtramp
 .text          0x000000000002a49c        0x0 d:/intel_delete_after_master/nios2eds/bin/gnu/h-x86_64-mingw32/bin/../lib/gcc/nios2-elf/12.1.1/../../../../../H-x86_64-mingw32/nios2-elf/lib\libc.a(lib_a-signalr.o)
 .text._kill_r  0x000000000002a49c       0x60 d:/intel_delete_after_master/nios2eds/bin/gnu/h-x86_64-mingw32/bin/../lib/gcc/nios2-elf/12.1.1/../../../../../H-x86_64-mingw32/nios2-elf/lib\libc.a(lib_a-signalr.o)
                0x000000000002a49c                _kill_r
 .text._getpid_r
                0x000000000002a4fc        0x4 d:/intel_delete_after_master/nios2eds/bin/gnu/h-x86_64-mingw32/bin/../lib/gcc/nios2-elf/12.1.1/../../../../../H-x86_64-mingw32/nios2-elf/lib\libc.a(lib_a-signalr.o)
                0x000000000002a4fc                _getpid_r
 .text          0x000000000002a500      0x550 d:/intel_delete_after_master/nios2eds/bin/gnu/h-x86_64-mingw32/bin/../lib/gcc/nios2-elf/12.1.1\libgcc.a(_udivdi3.o)
                0x000000000002a500                __udivdi3
 .text          0x000000000002aa50      0x510 d:/intel_delete_after_master/nios2eds/bin/gnu/h-x86_64-mingw32/bin/../lib/gcc/nios2-elf/12.1.1\libgcc.a(_umoddi3.o)
                0x000000000002aa50                __umoddi3
 .text          0x000000000002af60      0x1b4 d:/intel_delete_after_master/nios2eds/bin/gnu/h-x86_64-mingw32/bin/../lib/gcc/nios2-elf/12.1.1\libgcc.a(lib2-divmod.o)
                0x000000000002af60                __divsi3
                0x000000000002afe0                __modsi3
                0x000000000002b054                __udivsi3
                0x000000000002b0b8                __umodsi3
 .text          0x000000000002b114      0x904 d:/intel_delete_after_master/nios2eds/bin/gnu/h-x86_64-mingw32/bin/../lib/gcc/nios2-elf/12.1.1\libgcc.a(adddf3.o)
                0x000000000002b114                __adddf3
 .text          0x000000000002ba18      0x848 d:/intel_delete_after_master/nios2eds/bin/gnu/h-x86_64-mingw32/bin/../lib/gcc/nios2-elf/12.1.1\libgcc.a(divdf3.o)
                0x000000000002ba18                __divdf3
 .text          0x000000000002c260       0x94 d:/intel_delete_after_master/nios2eds/bin/gnu/h-x86_64-mingw32/bin/../lib/gcc/nios2-elf/12.1.1\libgcc.a(eqdf2.o)
                0x000000000002c260                __nedf2
                0x000000000002c260                __eqdf2
 .text          0x000000000002c2f4       0xfc d:/intel_delete_after_master/nios2eds/bin/gnu/h-x86_64-mingw32/bin/../lib/gcc/nios2-elf/12.1.1\libgcc.a(gedf2.o)
                0x000000000002c2f4                __gedf2
                0x000000000002c2f4                __gtdf2
 .text          0x000000000002c3f0       0xf8 d:/intel_delete_after_master/nios2eds/bin/gnu/h-x86_64-mingw32/bin/../lib/gcc/nios2-elf/12.1.1\libgcc.a(ledf2.o)
                0x000000000002c3f0                __ledf2
                0x000000000002c3f0                __ltdf2
 .text          0x000000000002c4e8      0x6d8 d:/intel_delete_after_master/nios2eds/bin/gnu/h-x86_64-mingw32/bin/../lib/gcc/nios2-elf/12.1.1\libgcc.a(muldf3.o)
                0x000000000002c4e8                __muldf3
 .text          0x000000000002cbc0      0x99c d:/intel_delete_after_master/nios2eds/bin/gnu/h-x86_64-mingw32/bin/../lib/gcc/nios2-elf/12.1.1\libgcc.a(subdf3.o)
                0x000000000002cbc0                __subdf3
 .text          0x000000000002d55c       0x54 d:/intel_delete_after_master/nios2eds/bin/gnu/h-x86_64-mingw32/bin/../lib/gcc/nios2-elf/12.1.1\libgcc.a(unorddf2.o)
                0x000000000002d55c                __unorddf2
 .text          0x000000000002d5b0       0x80 d:/intel_delete_after_master/nios2eds/bin/gnu/h-x86_64-mingw32/bin/../lib/gcc/nios2-elf/12.1.1\libgcc.a(fixdfsi.o)
                0x000000000002d5b0                __fixdfsi
 .text          0x000000000002d630       0xb8 d:/intel_delete_after_master/nios2eds/bin/gnu/h-x86_64-mingw32/bin/../lib/gcc/nios2-elf/12.1.1\libgcc.a(floatsidf.o)
                0x000000000002d630                __floatsidf
 .text          0x000000000002d6e8       0x90 d:/intel_delete_after_master/nios2eds/bin/gnu/h-x86_64-mingw32/bin/../lib/gcc/nios2-elf/12.1.1\libgcc.a(floatunsidf.o)
                0x000000000002d6e8                __floatunsidf
 .text          0x000000000002d778        0x0 d:/intel_delete_after_master/nios2eds/bin/gnu/h-x86_64-mingw32/bin/../lib/gcc/nios2-elf/12.1.1\libgcc.a(_clz.o)
 .text          0x000000000002d778       0x50 d:/intel_delete_after_master/nios2eds/bin/gnu/h-x86_64-mingw32/bin/../lib/gcc/nios2-elf/12.1.1\libgcc.a(_clzsi2.o)
                0x000000000002d778                __clzsi2
 .text          0x000000000002d7c8      0x10c n:/Facultate/Master/Master_2/PASIC/nivela_bidir/nivela_bidir/software/nivela_bidirectionala_bsp/\libhal_bsp.a(alt_close.o)
                0x000000000002d804                close
 .text          0x000000000002d8d4       0x2c n:/Facultate/Master/Master_2/PASIC/nivela_bidir/nivela_bidir/software/nivela_bidirectionala_bsp/\libhal_bsp.a(alt_dev.o)
 .text          0x000000000002d900        0x0 n:/Facultate/Master/Master_2/PASIC/nivela_bidir/nivela_bidir/software/nivela_bidirectionala_bsp/\libhal_bsp.a(alt_errno.o)
 .text          0x000000000002d900       0x3c n:/Facultate/Master/Master_2/PASIC/nivela_bidir/nivela_bidir/software/nivela_bidirectionala_bsp/\libhal_bsp.a(alt_exit.o)
                0x000000000002d900                _exit
 .text          0x000000000002d93c       0xec n:/Facultate/Master/Master_2/PASIC/nivela_bidir/nivela_bidir/software/nivela_bidirectionala_bsp/\libhal_bsp.a(alt_fstat.o)
                0x000000000002d978                fstat
 .text          0x000000000002da28       0x20 n:/Facultate/Master/Master_2/PASIC/nivela_bidir/nivela_bidir/software/nivela_bidirectionala_bsp/\libhal_bsp.a(alt_getpid.o)
                0x000000000002da28                getpid
 .text          0x000000000002da48       0xe0 n:/Facultate/Master/Master_2/PASIC/nivela_bidir/nivela_bidir/software/nivela_bidirectionala_bsp/\libhal_bsp.a(alt_isatty.o)
                0x000000000002da84                isatty
 .text          0x000000000002db28      0x12c n:/Facultate/Master/Master_2/PASIC/nivela_bidir/nivela_bidir/software/nivela_bidirectionala_bsp/\libhal_bsp.a(alt_kill.o)
                0x000000000002db64                kill
 .text          0x000000000002dc54       0xec n:/Facultate/Master/Master_2/PASIC/nivela_bidir/nivela_bidir/software/nivela_bidirectionala_bsp/\libhal_bsp.a(alt_load.o)
                0x000000000002dcbc                alt_load
 .text          0x000000000002dd40      0x110 n:/Facultate/Master/Master_2/PASIC/nivela_bidir/nivela_bidir/software/nivela_bidirectionala_bsp/\libhal_bsp.a(alt_lseek.o)
                0x000000000002dd7c                lseek
 .text          0x000000000002de50       0x7c n:/Facultate/Master/Master_2/PASIC/nivela_bidir/nivela_bidir/software/nivela_bidirectionala_bsp/\libhal_bsp.a(alt_main.o)
                0x000000000002de50                alt_main
 .text          0x000000000002decc       0x48 n:/Facultate/Master/Master_2/PASIC/nivela_bidir/nivela_bidir/software/nivela_bidirectionala_bsp/\libhal_bsp.a(alt_malloc_lock.o)
                0x000000000002decc                __malloc_lock
                0x000000000002def0                __malloc_unlock
 .text          0x000000000002df14      0x138 n:/Facultate/Master/Master_2/PASIC/nivela_bidir/nivela_bidir/software/nivela_bidirectionala_bsp/\libhal_bsp.a(alt_read.o)
                0x000000000002df50                read
 .text          0x000000000002e04c       0x58 n:/Facultate/Master/Master_2/PASIC/nivela_bidir/nivela_bidir/software/nivela_bidirectionala_bsp/\libhal_bsp.a(alt_release_fd.o)
                0x000000000002e04c                alt_release_fd
 .text          0x000000000002e0a4       0xb8 n:/Facultate/Master/Master_2/PASIC/nivela_bidir/nivela_bidir/software/nivela_bidirectionala_bsp/\libhal_bsp.a(alt_sbrk.o)
                0x000000000002e0a4                sbrk
 .text          0x000000000002e15c       0x30 n:/Facultate/Master/Master_2/PASIC/nivela_bidir/nivela_bidir/software/nivela_bidirectionala_bsp/\libhal_bsp.a(alt_usleep.o)
                0x000000000002e15c                usleep
 .text          0x000000000002e18c      0x134 n:/Facultate/Master/Master_2/PASIC/nivela_bidir/nivela_bidir/software/nivela_bidirectionala_bsp/\libhal_bsp.a(alt_write.o)
                0x000000000002e1c8                write
 .text          0x000000000002e2c0       0xc8 n:/Facultate/Master/Master_2/PASIC/nivela_bidir/nivela_bidir/software/nivela_bidirectionala_bsp/\libhal_bsp.a(alt_sys_init.o)
                0x000000000002e2f4                alt_irq_init
                0x000000000002e330                alt_sys_init
 .text          0x000000000002e388      0x164 n:/Facultate/Master/Master_2/PASIC/nivela_bidir/nivela_bidir/software/nivela_bidirectionala_bsp/\libhal_bsp.a(altera_avalon_jtag_uart_fd.o)
                0x000000000002e388                altera_avalon_jtag_uart_read_fd
                0x000000000002e3e8                altera_avalon_jtag_uart_write_fd
                0x000000000002e448                altera_avalon_jtag_uart_close_fd
                0x000000000002e498                altera_avalon_jtag_uart_ioctl_fd
 .text          0x000000000002e4ec      0x3dc n:/Facultate/Master/Master_2/PASIC/nivela_bidir/nivela_bidir/software/nivela_bidirectionala_bsp/\libhal_bsp.a(altera_avalon_jtag_uart_init.o)
                0x000000000002e4ec                altera_avalon_jtag_uart_init
                0x000000000002e860                altera_avalon_jtag_uart_close
 .text          0x000000000002e8c8       0xf4 n:/Facultate/Master/Master_2/PASIC/nivela_bidir/nivela_bidir/software/nivela_bidirectionala_bsp/\libhal_bsp.a(altera_avalon_jtag_uart_ioctl.o)
                0x000000000002e8c8                altera_avalon_jtag_uart_ioctl
 .text          0x000000000002e9bc      0x220 n:/Facultate/Master/Master_2/PASIC/nivela_bidir/nivela_bidir/software/nivela_bidirectionala_bsp/\libhal_bsp.a(altera_avalon_jtag_uart_read.o)
                0x000000000002e9bc                altera_avalon_jtag_uart_read
 .text          0x000000000002ebdc      0x228 n:/Facultate/Master/Master_2/PASIC/nivela_bidir/nivela_bidir/software/nivela_bidirectionala_bsp/\libhal_bsp.a(altera_avalon_jtag_uart_write.o)
                0x000000000002ebdc                altera_avalon_jtag_uart_write
 .text          0x000000000002ee04      0x3cc n:/Facultate/Master/Master_2/PASIC/nivela_bidir/nivela_bidir/software/nivela_bidirectionala_bsp/\libhal_bsp.a(altera_up_avalon_accelerometer_spi.o)
                0x000000000002ee04                alt_up_accelerometer_spi_open_dev
                0x000000000002ee40                alt_up_accelerometer_spi_read_address_register
                0x000000000002ee84                alt_up_accelerometer_spi_read
                0x000000000002eeec                alt_up_accelerometer_spi_write
                0x000000000002ef54                alt_up_accelerometer_spi_read_x_axis
                0x000000000002f028                alt_up_accelerometer_spi_read_y_axis
                0x000000000002f0fc                alt_up_accelerometer_spi_read_z_axis
 .text          0x000000000002f1d0      0x160 n:/Facultate/Master/Master_2/PASIC/nivela_bidir/nivela_bidir/software/nivela_bidirectionala_bsp/\libhal_bsp.a(alt_alarm_start.o)
                0x000000000002f1d0                alt_alarm_start
 .text          0x000000000002f330      0x158 n:/Facultate/Master/Master_2/PASIC/nivela_bidir/nivela_bidir/software/nivela_bidirectionala_bsp/\libhal_bsp.a(alt_busy_sleep.o)
                0x000000000002f330                alt_busy_sleep
 .text          0x000000000002f488       0x20 n:/Facultate/Master/Master_2/PASIC/nivela_bidir/nivela_bidir/software/nivela_bidirectionala_bsp/\libhal_bsp.a(alt_dcache_flush_all.o)
                0x000000000002f488                alt_dcache_flush_all
 .text          0x000000000002f4a8       0xe4 n:/Facultate/Master/Master_2/PASIC/nivela_bidir/nivela_bidir/software/nivela_bidirectionala_bsp/\libhal_bsp.a(alt_dev_llist_insert.o)
                0x000000000002f4e4                alt_dev_llist_insert
 .text          0x000000000002f58c       0x64 n:/Facultate/Master/Master_2/PASIC/nivela_bidir/nivela_bidir/software/nivela_bidirectionala_bsp/\libhal_bsp.a(alt_do_ctors.o)
                0x000000000002f58c                _do_ctors
 .text          0x000000000002f5f0       0x64 n:/Facultate/Master/Master_2/PASIC/nivela_bidir/nivela_bidir/software/nivela_bidirectionala_bsp/\libhal_bsp.a(alt_do_dtors.o)
                0x000000000002f5f0                _do_dtors
 .text          0x000000000002f654       0x90 n:/Facultate/Master/Master_2/PASIC/nivela_bidir/nivela_bidir/software/nivela_bidirectionala_bsp/\libhal_bsp.a(alt_find_dev.o)
                0x000000000002f654                alt_find_dev
 .text          0x000000000002f6e4       0x20 n:/Facultate/Master/Master_2/PASIC/nivela_bidir/nivela_bidir/software/nivela_bidirectionala_bsp/\libhal_bsp.a(alt_icache_flush_all.o)
                0x000000000002f6e4                alt_icache_flush_all
 .text          0x000000000002f704      0x12c n:/Facultate/Master/Master_2/PASIC/nivela_bidir/nivela_bidir/software/nivela_bidirectionala_bsp/\libhal_bsp.a(alt_io_redirect.o)
                0x000000000002f7b4                alt_io_redirect
 .text          0x000000000002f830      0x180 n:/Facultate/Master/Master_2/PASIC/nivela_bidir/nivela_bidir/software/nivela_bidirectionala_bsp/\libhal_bsp.a(alt_irq_register.o)
                0x000000000002f830                alt_irq_register
 .text          0x000000000002f9b0        0x0 n:/Facultate/Master/Master_2/PASIC/nivela_bidir/nivela_bidir/software/nivela_bidirectionala_bsp/\libhal_bsp.a(alt_irq_vars.o)
 .text          0x000000000002f9b0      0x248 n:/Facultate/Master/Master_2/PASIC/nivela_bidir/nivela_bidir/software/nivela_bidirectionala_bsp/\libhal_bsp.a(alt_open.o)
                0x000000000002faa4                open
 .text          0x000000000002fbf8      0x1d0 n:/Facultate/Master/Master_2/PASIC/nivela_bidir/nivela_bidir/software/nivela_bidirectionala_bsp/\libhal_bsp.a(alt_tick.o)
                0x000000000002fbf8                alt_alarm_stop
                0x000000000002fc9c                alt_tick
 .text          0x000000000002fdc8       0x24 n:/Facultate/Master/Master_2/PASIC/nivela_bidir/nivela_bidir/software/nivela_bidirectionala_bsp/\libhal_bsp.a(altera_nios2_gen2_irq.o)
                0x000000000002fdc8                altera_nios2_gen2_irq_init
 .text          0x000000000002fdec      0x108 n:/Facultate/Master/Master_2/PASIC/nivela_bidir/nivela_bidir/software/nivela_bidirectionala_bsp/\libhal_bsp.a(alt_find_file.o)
                0x000000000002fdec                alt_find_file
 .text          0x000000000002fef4       0xa0 n:/Facultate/Master/Master_2/PASIC/nivela_bidir/nivela_bidir/software/nivela_bidirectionala_bsp/\libhal_bsp.a(alt_get_fd.o)
                0x000000000002fef4                alt_get_fd
 .text          0x000000000002ff94        0x0 n:/Facultate/Master/Master_2/PASIC/nivela_bidir/nivela_bidir/software/nivela_bidirectionala_bsp/\libhal_bsp.a(alt_irq_entry.o)
 .text          0x000000000002ff94        0x0 n:/Facultate/Master/Master_2/PASIC/nivela_bidir/nivela_bidir/software/nivela_bidirectionala_bsp/\libhal_bsp.a(alt_irq_handler.o)
 .text          0x000000000002ff94        0x0 n:/Facultate/Master/Master_2/PASIC/nivela_bidir/nivela_bidir/software/nivela_bidirectionala_bsp/\libhal_bsp.a(alt_exception_entry.o)
 .text          0x000000000002ff94       0x74 n:/Facultate/Master/Master_2/PASIC/nivela_bidir/nivela_bidir/software/nivela_bidirectionala_bsp/\libhal_bsp.a(alt_instruction_exception_entry.o)
                0x000000000002ff94                alt_exception_cause_generated_bad_addr
 .text          0x0000000000030008        0x0 d:/intel_delete_after_master/nios2eds/bin/gnu/h-x86_64-mingw32/bin/../lib/gcc/nios2-elf/12.1.1/../../../../../H-x86_64-mingw32/nios2-elf/lib\libc.a(lib_a-atexit.o)
 .text.atexit   0x0000000000030008       0x14 d:/intel_delete_after_master/nios2eds/bin/gnu/h-x86_64-mingw32/bin/../lib/gcc/nios2-elf/12.1.1/../../../../../H-x86_64-mingw32/nios2-elf/lib\libc.a(lib_a-atexit.o)
                0x0000000000030008                atexit
 .text          0x000000000003001c        0x0 d:/intel_delete_after_master/nios2eds/bin/gnu/h-x86_64-mingw32/bin/../lib/gcc/nios2-elf/12.1.1/../../../../../H-x86_64-mingw32/nios2-elf/lib\libc.a(lib_a-exit.o)
 .text.exit     0x000000000003001c       0x34 d:/intel_delete_after_master/nios2eds/bin/gnu/h-x86_64-mingw32/bin/../lib/gcc/nios2-elf/12.1.1/../../../../../H-x86_64-mingw32/nios2-elf/lib\libc.a(lib_a-exit.o)
                0x000000000003001c                exit
 .text          0x0000000000030050        0x0 d:/intel_delete_after_master/nios2eds/bin/gnu/h-x86_64-mingw32/bin/../lib/gcc/nios2-elf/12.1.1/../../../../../H-x86_64-mingw32/nios2-elf/lib\libc.a(lib_a-memcmp.o)
 .text.memcmp   0x0000000000030050       0x78 d:/intel_delete_after_master/nios2eds/bin/gnu/h-x86_64-mingw32/bin/../lib/gcc/nios2-elf/12.1.1/../../../../../H-x86_64-mingw32/nios2-elf/lib\libc.a(lib_a-memcmp.o)
                0x0000000000030050                memcmp
 .text          0x00000000000300c8        0x0 d:/intel_delete_after_master/nios2eds/bin/gnu/h-x86_64-mingw32/bin/../lib/gcc/nios2-elf/12.1.1/../../../../../H-x86_64-mingw32/nios2-elf/lib\libc.a(lib_a-__atexit.o)
 .text.__register_exitproc
                0x00000000000300c8       0x90 d:/intel_delete_after_master/nios2eds/bin/gnu/h-x86_64-mingw32/bin/../lib/gcc/nios2-elf/12.1.1/../../../../../H-x86_64-mingw32/nios2-elf/lib\libc.a(lib_a-__atexit.o)
                0x00000000000300c8                __register_exitproc
 .text          0x0000000000030158        0x0 d:/intel_delete_after_master/nios2eds/bin/gnu/h-x86_64-mingw32/bin/../lib/gcc/nios2-elf/12.1.1/../../../../../H-x86_64-mingw32/nios2-elf/lib\libc.a(lib_a-__call_atexit.o)
 .text.__call_exitprocs
                0x0000000000030158      0x120 d:/intel_delete_after_master/nios2eds/bin/gnu/h-x86_64-mingw32/bin/../lib/gcc/nios2-elf/12.1.1/../../../../../H-x86_64-mingw32/nios2-elf/lib\libc.a(lib_a-__call_atexit.o)
                0x0000000000030158                __call_exitprocs
 *(.gnu.warning.*)
 *(.fini)
                [!provide]                        PROVIDE (__etext = ABSOLUTE (.))
                [!provide]                        PROVIDE (_etext = ABSOLUTE (.))
                [!provide]                        PROVIDE (etext = ABSOLUTE (.))
 *(.eh_frame_hdr)
                0x0000000000030278                . = ALIGN (0x4)
                [!provide]                        PROVIDE (__preinit_array_start = ABSOLUTE (.))
 *(.preinit_array)
                [!provide]                        PROVIDE (__preinit_array_end = ABSOLUTE (.))
                [!provide]                        PROVIDE (__init_array_start = ABSOLUTE (.))
 *(.init_array)
                [!provide]                        PROVIDE (__init_array_end = ABSOLUTE (.))
                [!provide]                        PROVIDE (__fini_array_start = ABSOLUTE (.))
 *(.fini_array)
                [!provide]                        PROVIDE (__fini_array_end = ABSOLUTE (.))
 *(.eh_frame)
 *(.gcc_except_table .gcc_except_table.*)
 *(.dynamic)
                0x0000000000030278                PROVIDE (__CTOR_LIST__ = ABSOLUTE (.))
 *(.ctors)
 *(SORT_BY_NAME(.ctors.*))
                0x0000000000030278                PROVIDE (__CTOR_END__ = ABSOLUTE (.))
                0x0000000000030278                PROVIDE (__DTOR_LIST__ = ABSOLUTE (.))
 *(.dtors)
 *(SORT_BY_NAME(.dtors.*))
                0x0000000000030278                PROVIDE (__DTOR_END__ = ABSOLUTE (.))
 *(.jcr)
                0x0000000000030278                . = ALIGN (0x4)

.rodata         0x0000000000030278      0x6e0
                0x0000000000030278                PROVIDE (__ram_rodata_start = ABSOLUTE (.))
                0x0000000000030278                . = ALIGN (0x4)
 *(.rodata .rodata.* .gnu.linkonce.r.*)
 .rodata        0x0000000000030278       0x47 obj/default/accelerometer.o
 *fill*         0x00000000000302bf        0x1 
 .rodata        0x00000000000302c0       0x29 obj/default/hello_world.o
 *fill*         0x00000000000302e9        0x3 
 .rodata._puts_r.str1.4
                0x00000000000302ec        0x2 d:/intel_delete_after_master/nios2eds/bin/gnu/h-x86_64-mingw32/bin/../lib/gcc/nios2-elf/12.1.1/../../../../../H-x86_64-mingw32/nios2-elf/lib\libc.a(lib_a-puts.o)
 *fill*         0x00000000000302ee        0x2 
 .rodata.___vfprintf_internal_r.str1.4
                0x00000000000302f0       0x42 d:/intel_delete_after_master/nios2eds/bin/gnu/h-x86_64-mingw32/bin/../lib/gcc/nios2-elf/12.1.1/../../../../../H-x86_64-mingw32/nios2-elf/lib\libc.a(lib_a-vfprintf.o)
 *fill*         0x0000000000030332        0x2 
 .rodata.zeroes.0
                0x0000000000030334       0x10 d:/intel_delete_after_master/nios2eds/bin/gnu/h-x86_64-mingw32/bin/../lib/gcc/nios2-elf/12.1.1/../../../../../H-x86_64-mingw32/nios2-elf/lib\libc.a(lib_a-vfprintf.o)
 .rodata.blanks.1
                0x0000000000030344       0x10 d:/intel_delete_after_master/nios2eds/bin/gnu/h-x86_64-mingw32/bin/../lib/gcc/nios2-elf/12.1.1/../../../../../H-x86_64-mingw32/nios2-elf/lib\libc.a(lib_a-vfprintf.o)
 .rodata._dtoa_r.str1.4
                0x0000000000030354       0x5e d:/intel_delete_after_master/nios2eds/bin/gnu/h-x86_64-mingw32/bin/../lib/gcc/nios2-elf/12.1.1/../../../../../H-x86_64-mingw32/nios2-elf/lib\libc.a(lib_a-dtoa.o)
                                         0x62 (size before relaxing)
 *fill*         0x00000000000303b2        0x2 
 .rodata.__multadd.str1.4
                0x00000000000303b4       0x3b d:/intel_delete_after_master/nios2eds/bin/gnu/h-x86_64-mingw32/bin/../lib/gcc/nios2-elf/12.1.1/../../../../../H-x86_64-mingw32/nios2-elf/lib\libc.a(lib_a-mprec.o)
                                         0x4f (size before relaxing)
 *fill*         0x00000000000303ef        0x1 
 .rodata.p05.0  0x00000000000303f0        0xc d:/intel_delete_after_master/nios2eds/bin/gnu/h-x86_64-mingw32/bin/../lib/gcc/nios2-elf/12.1.1/../../../../../H-x86_64-mingw32/nios2-elf/lib\libc.a(lib_a-mprec.o)
 .rodata.__mprec_tinytens
                0x00000000000303fc       0x28 d:/intel_delete_after_master/nios2eds/bin/gnu/h-x86_64-mingw32/bin/../lib/gcc/nios2-elf/12.1.1/../../../../../H-x86_64-mingw32/nios2-elf/lib\libc.a(lib_a-mprec.o)
                0x00000000000303fc                __mprec_tinytens
 .rodata.__mprec_bigtens
                0x0000000000030424       0x28 d:/intel_delete_after_master/nios2eds/bin/gnu/h-x86_64-mingw32/bin/../lib/gcc/nios2-elf/12.1.1/../../../../../H-x86_64-mingw32/nios2-elf/lib\libc.a(lib_a-mprec.o)
                0x0000000000030424                __mprec_bigtens
 .rodata.__mprec_tens
                0x000000000003044c       0xc8 d:/intel_delete_after_master/nios2eds/bin/gnu/h-x86_64-mingw32/bin/../lib/gcc/nios2-elf/12.1.1/../../../../../H-x86_64-mingw32/nios2-elf/lib\libc.a(lib_a-mprec.o)
                0x000000000003044c                __mprec_tens
 .rodata.___vfiprintf_internal_r.str1.4
                0x0000000000030514       0x2f d:/intel_delete_after_master/nios2eds/bin/gnu/h-x86_64-mingw32/bin/../lib/gcc/nios2-elf/12.1.1/../../../../../H-x86_64-mingw32/nios2-elf/lib\libc.a(lib_a-vfiprintf.o)
 .rodata.zeroes.0
                0x0000000000030514       0x10 d:/intel_delete_after_master/nios2eds/bin/gnu/h-x86_64-mingw32/bin/../lib/gcc/nios2-elf/12.1.1/../../../../../H-x86_64-mingw32/nios2-elf/lib\libc.a(lib_a-vfiprintf.o)
 .rodata.blanks.1
                0x0000000000030524       0x10 d:/intel_delete_after_master/nios2eds/bin/gnu/h-x86_64-mingw32/bin/../lib/gcc/nios2-elf/12.1.1/../../../../../H-x86_64-mingw32/nios2-elf/lib\libc.a(lib_a-vfiprintf.o)
 .rodata.__assert_func.str1.4
                0x0000000000030534       0x3f d:/intel_delete_after_master/nios2eds/bin/gnu/h-x86_64-mingw32/bin/../lib/gcc/nios2-elf/12.1.1/../../../../../H-x86_64-mingw32/nios2-elf/lib\libc.a(lib_a-assert.o)
                                         0x43 (size before relaxing)
 *fill*         0x0000000000030573        0x1 
 .rodata._setlocale_r.str1.4
                0x0000000000030574        0xa d:/intel_delete_after_master/nios2eds/bin/gnu/h-x86_64-mingw32/bin/../lib/gcc/nios2-elf/12.1.1/../../../../../H-x86_64-mingw32/nios2-elf/lib\libc.a(lib_a-locale.o)
 *fill*         0x000000000003057e        0x2 
 .rodata.str1.4
                0x0000000000030580        0x2 d:/intel_delete_after_master/nios2eds/bin/gnu/h-x86_64-mingw32/bin/../lib/gcc/nios2-elf/12.1.1/../../../../../H-x86_64-mingw32/nios2-elf/lib\libc.a(lib_a-locale.o)
                                          0x5 (size before relaxing)
 *fill*         0x0000000000030582        0x2 
 .rodata._ctype_
                0x0000000000030584      0x101 d:/intel_delete_after_master/nios2eds/bin/gnu/h-x86_64-mingw32/bin/../lib/gcc/nios2-elf/12.1.1/../../../../../H-x86_64-mingw32/nios2-elf/lib\libc.a(lib_a-ctype_.o)
                0x0000000000030584                _ctype_
 *fill*         0x0000000000030685        0x3 
 .rodata._ctype_b
                0x0000000000030688      0x180 d:/intel_delete_after_master/nios2eds/bin/gnu/h-x86_64-mingw32/bin/../lib/gcc/nios2-elf/12.1.1/../../../../../H-x86_64-mingw32/nios2-elf/lib\libc.a(lib_a-ctype_.o)
                0x0000000000030688                _ctype_b
 .rodata        0x0000000000030808      0x100 d:/intel_delete_after_master/nios2eds/bin/gnu/h-x86_64-mingw32/bin/../lib/gcc/nios2-elf/12.1.1\libgcc.a(_clz.o)
                0x0000000000030808                __clz_tab
 .rodata        0x0000000000030908        0xa n:/Facultate/Master/Master_2/PASIC/nivela_bidir/nivela_bidir/software/nivela_bidirectionala_bsp/\libhal_bsp.a(alt_dev.o)
 *fill*         0x0000000000030912        0x2 
 .rodata        0x0000000000030914       0x11 n:/Facultate/Master/Master_2/PASIC/nivela_bidir/nivela_bidir/software/nivela_bidirectionala_bsp/\libhal_bsp.a(alt_main.o)
 *fill*         0x0000000000030925        0x3 
 .rodata        0x0000000000030928       0x2d n:/Facultate/Master/Master_2/PASIC/nivela_bidir/nivela_bidir/software/nivela_bidirectionala_bsp/\libhal_bsp.a(alt_sys_init.o)
 *(.rodata1)
                0x0000000000030958                . = ALIGN (0x4)
 *fill*         0x0000000000030955        0x3 
                0x0000000000030958                PROVIDE (__ram_rodata_end = ABSOLUTE (.))
                0x0000000000030278                PROVIDE (__flash_rodata_start = LOADADDR (.rodata))

.rwdata         0x0000000000030958     0x1c04 load address 0x000000000003255c
                0x0000000000030958                PROVIDE (__ram_rwdata_start = ABSOLUTE (.))
                0x0000000000030958                . = ALIGN (0x4)
 *(.got.plt)
 *(.got)
 *(.data1)
 *(.data .data.* .gnu.linkonce.d.*)
 .data          0x0000000000030958        0x0 n:/Facultate/Master/Master_2/PASIC/nivela_bidir/nivela_bidir/software/nivela_bidirectionala_bsp//obj/HAL/src/crt0.o
 .data          0x0000000000030958        0x0 obj/default/accelerometer.o
 .data          0x0000000000030958        0x0 obj/default/global.o
 .data          0x0000000000030958        0x0 obj/default/hello_world.o
 .data          0x0000000000030958        0x0 obj/default/hex_displays.o
 .data          0x0000000000030958        0x0 obj/default/tests.o
 .data          0x0000000000030958        0x0 d:/intel_delete_after_master/nios2eds/bin/gnu/h-x86_64-mingw32/bin/../lib/gcc/nios2-elf/12.1.1/../../../../../H-x86_64-mingw32/nios2-elf/lib\libc.a(lib_a-printf.o)
 .data          0x0000000000030958        0x0 d:/intel_delete_after_master/nios2eds/bin/gnu/h-x86_64-mingw32/bin/../lib/gcc/nios2-elf/12.1.1/../../../../../H-x86_64-mingw32/nios2-elf/lib\libc.a(lib_a-puts.o)
 .data          0x0000000000030958        0x0 d:/intel_delete_after_master/nios2eds/bin/gnu/h-x86_64-mingw32/bin/../lib/gcc/nios2-elf/12.1.1/../../../../../H-x86_64-mingw32/nios2-elf/lib\libc.a(lib_a-strlen.o)
 .data          0x0000000000030958        0x0 d:/intel_delete_after_master/nios2eds/bin/gnu/h-x86_64-mingw32/bin/../lib/gcc/nios2-elf/12.1.1/../../../../../H-x86_64-mingw32/nios2-elf/lib\libc.a(lib_a-vfprintf.o)
 .data          0x0000000000030958        0x0 d:/intel_delete_after_master/nios2eds/bin/gnu/h-x86_64-mingw32/bin/../lib/gcc/nios2-elf/12.1.1/../../../../../H-x86_64-mingw32/nios2-elf/lib\libc.a(lib_a-wsetup.o)
 .data          0x0000000000030958        0x0 d:/intel_delete_after_master/nios2eds/bin/gnu/h-x86_64-mingw32/bin/../lib/gcc/nios2-elf/12.1.1/../../../../../H-x86_64-mingw32/nios2-elf/lib\libc.a(lib_a-dtoa.o)
 .data          0x0000000000030958        0x0 d:/intel_delete_after_master/nios2eds/bin/gnu/h-x86_64-mingw32/bin/../lib/gcc/nios2-elf/12.1.1/../../../../../H-x86_64-mingw32/nios2-elf/lib\libc.a(lib_a-fflush.o)
 .data          0x0000000000030958        0x0 d:/intel_delete_after_master/nios2eds/bin/gnu/h-x86_64-mingw32/bin/../lib/gcc/nios2-elf/12.1.1/../../../../../H-x86_64-mingw32/nios2-elf/lib\libc.a(lib_a-findfp.o)
 .data          0x0000000000030958        0x0 d:/intel_delete_after_master/nios2eds/bin/gnu/h-x86_64-mingw32/bin/../lib/gcc/nios2-elf/12.1.1/../../../../../H-x86_64-mingw32/nios2-elf/lib\libc.a(lib_a-freer.o)
 .data          0x0000000000030958        0x0 d:/intel_delete_after_master/nios2eds/bin/gnu/h-x86_64-mingw32/bin/../lib/gcc/nios2-elf/12.1.1/../../../../../H-x86_64-mingw32/nios2-elf/lib\libc.a(lib_a-fvwrite.o)
 .data          0x0000000000030958        0x0 d:/intel_delete_after_master/nios2eds/bin/gnu/h-x86_64-mingw32/bin/../lib/gcc/nios2-elf/12.1.1/../../../../../H-x86_64-mingw32/nios2-elf/lib\libc.a(lib_a-fwalk.o)
 .data          0x0000000000030958        0x0 d:/intel_delete_after_master/nios2eds/bin/gnu/h-x86_64-mingw32/bin/../lib/gcc/nios2-elf/12.1.1/../../../../../H-x86_64-mingw32/nios2-elf/lib\libc.a(lib_a-impure.o)
 .data.impure_data
                0x0000000000030958      0x424 d:/intel_delete_after_master/nios2eds/bin/gnu/h-x86_64-mingw32/bin/../lib/gcc/nios2-elf/12.1.1/../../../../../H-x86_64-mingw32/nios2-elf/lib\libc.a(lib_a-impure.o)
 .data          0x0000000000030d7c        0x0 d:/intel_delete_after_master/nios2eds/bin/gnu/h-x86_64-mingw32/bin/../lib/gcc/nios2-elf/12.1.1/../../../../../H-x86_64-mingw32/nios2-elf/lib\libc.a(lib_a-localeconv.o)
 .data          0x0000000000030d7c        0x0 d:/intel_delete_after_master/nios2eds/bin/gnu/h-x86_64-mingw32/bin/../lib/gcc/nios2-elf/12.1.1/../../../../../H-x86_64-mingw32/nios2-elf/lib\libc.a(lib_a-makebuf.o)
 .data          0x0000000000030d7c        0x0 d:/intel_delete_after_master/nios2eds/bin/gnu/h-x86_64-mingw32/bin/../lib/gcc/nios2-elf/12.1.1/../../../../../H-x86_64-mingw32/nios2-elf/lib\libc.a(lib_a-mallocr.o)
 .data.__malloc_av_
                0x0000000000030d7c      0x408 d:/intel_delete_after_master/nios2eds/bin/gnu/h-x86_64-mingw32/bin/../lib/gcc/nios2-elf/12.1.1/../../../../../H-x86_64-mingw32/nios2-elf/lib\libc.a(lib_a-mallocr.o)
                0x0000000000030d7c                __malloc_av_
 .data          0x0000000000031184        0x0 d:/intel_delete_after_master/nios2eds/bin/gnu/h-x86_64-mingw32/bin/../lib/gcc/nios2-elf/12.1.1/../../../../../H-x86_64-mingw32/nios2-elf/lib\libc.a(lib_a-memchr.o)
 .data          0x0000000000031184        0x0 d:/intel_delete_after_master/nios2eds/bin/gnu/h-x86_64-mingw32/bin/../lib/gcc/nios2-elf/12.1.1/../../../../../H-x86_64-mingw32/nios2-elf/lib\libc.a(lib_a-memcpy.o)
 .data          0x0000000000031184        0x0 d:/intel_delete_after_master/nios2eds/bin/gnu/h-x86_64-mingw32/bin/../lib/gcc/nios2-elf/12.1.1/../../../../../H-x86_64-mingw32/nios2-elf/lib\libc.a(lib_a-memmove.o)
 .data          0x0000000000031184        0x0 d:/intel_delete_after_master/nios2eds/bin/gnu/h-x86_64-mingw32/bin/../lib/gcc/nios2-elf/12.1.1/../../../../../H-x86_64-mingw32/nios2-elf/lib\libc.a(lib_a-memset.o)
 .data          0x0000000000031184        0x0 d:/intel_delete_after_master/nios2eds/bin/gnu/h-x86_64-mingw32/bin/../lib/gcc/nios2-elf/12.1.1/../../../../../H-x86_64-mingw32/nios2-elf/lib\libc.a(lib_a-mprec.o)
 .data          0x0000000000031184        0x0 d:/intel_delete_after_master/nios2eds/bin/gnu/h-x86_64-mingw32/bin/../lib/gcc/nios2-elf/12.1.1/../../../../../H-x86_64-mingw32/nios2-elf/lib\libc.a(lib_a-reallocr.o)
 .data          0x0000000000031184        0x0 d:/intel_delete_after_master/nios2eds/bin/gnu/h-x86_64-mingw32/bin/../lib/gcc/nios2-elf/12.1.1/../../../../../H-x86_64-mingw32/nios2-elf/lib\libc.a(lib_a-sbrkr.o)
 .data          0x0000000000031184        0x0 d:/intel_delete_after_master/nios2eds/bin/gnu/h-x86_64-mingw32/bin/../lib/gcc/nios2-elf/12.1.1/../../../../../H-x86_64-mingw32/nios2-elf/lib\libc.a(lib_a-stdio.o)
 .data          0x0000000000031184        0x0 d:/intel_delete_after_master/nios2eds/bin/gnu/h-x86_64-mingw32/bin/../lib/gcc/nios2-elf/12.1.1/../../../../../H-x86_64-mingw32/nios2-elf/lib\libc.a(lib_a-vfiprintf.o)
 .data          0x0000000000031184        0x0 d:/intel_delete_after_master/nios2eds/bin/gnu/h-x86_64-mingw32/bin/../lib/gcc/nios2-elf/12.1.1/../../../../../H-x86_64-mingw32/nios2-elf/lib\libc.a(lib_a-writer.o)
 .data          0x0000000000031184        0x0 d:/intel_delete_after_master/nios2eds/bin/gnu/h-x86_64-mingw32/bin/../lib/gcc/nios2-elf/12.1.1/../../../../../H-x86_64-mingw32/nios2-elf/lib\libc.a(closer.o)
 .data          0x0000000000031184        0x0 d:/intel_delete_after_master/nios2eds/bin/gnu/h-x86_64-mingw32/bin/../lib/gcc/nios2-elf/12.1.1/../../../../../H-x86_64-mingw32/nios2-elf/lib\libc.a(lib_a-assert.o)
 .data          0x0000000000031184        0x0 d:/intel_delete_after_master/nios2eds/bin/gnu/h-x86_64-mingw32/bin/../lib/gcc/nios2-elf/12.1.1/../../../../../H-x86_64-mingw32/nios2-elf/lib\libc.a(lib_a-callocr.o)
 .data          0x0000000000031184        0x0 d:/intel_delete_after_master/nios2eds/bin/gnu/h-x86_64-mingw32/bin/../lib/gcc/nios2-elf/12.1.1/../../../../../H-x86_64-mingw32/nios2-elf/lib\libc.a(lib_a-errno.o)
 .data          0x0000000000031184        0x0 d:/intel_delete_after_master/nios2eds/bin/gnu/h-x86_64-mingw32/bin/../lib/gcc/nios2-elf/12.1.1/../../../../../H-x86_64-mingw32/nios2-elf/lib\libc.a(lib_a-fclose.o)
 .data          0x0000000000031184        0x0 d:/intel_delete_after_master/nios2eds/bin/gnu/h-x86_64-mingw32/bin/../lib/gcc/nios2-elf/12.1.1/../../../../../H-x86_64-mingw32/nios2-elf/lib\libc.a(lib_a-fiprintf.o)
 .data          0x0000000000031184        0x0 d:/intel_delete_after_master/nios2eds/bin/gnu/h-x86_64-mingw32/bin/../lib/gcc/nios2-elf/12.1.1/../../../../../H-x86_64-mingw32/nios2-elf/lib\libc.a(lib_a-fputwc.o)
 .data          0x0000000000031184        0x0 d:/intel_delete_after_master/nios2eds/bin/gnu/h-x86_64-mingw32/bin/../lib/gcc/nios2-elf/12.1.1/../../../../../H-x86_64-mingw32/nios2-elf/lib\libc.a(lib_a-fstatr.o)
 .data          0x0000000000031184        0x0 d:/intel_delete_after_master/nios2eds/bin/gnu/h-x86_64-mingw32/bin/../lib/gcc/nios2-elf/12.1.1/../../../../../H-x86_64-mingw32/nios2-elf/lib\libc.a(lib_a-int_errno.o)
 .data          0x0000000000031184        0x0 d:/intel_delete_after_master/nios2eds/bin/gnu/h-x86_64-mingw32/bin/../lib/gcc/nios2-elf/12.1.1/../../../../../H-x86_64-mingw32/nios2-elf/lib\libc.a(lib_a-isattyr.o)
 .data          0x0000000000031184        0x0 d:/intel_delete_after_master/nios2eds/bin/gnu/h-x86_64-mingw32/bin/../lib/gcc/nios2-elf/12.1.1/../../../../../H-x86_64-mingw32/nios2-elf/lib\libc.a(lib_a-locale.o)
 .data.__global_locale
                0x0000000000031184      0x16c d:/intel_delete_after_master/nios2eds/bin/gnu/h-x86_64-mingw32/bin/../lib/gcc/nios2-elf/12.1.1/../../../../../H-x86_64-mingw32/nios2-elf/lib\libc.a(lib_a-locale.o)
                0x0000000000031184                __global_locale
 .data          0x00000000000312f0        0x0 d:/intel_delete_after_master/nios2eds/bin/gnu/h-x86_64-mingw32/bin/../lib/gcc/nios2-elf/12.1.1/../../../../../H-x86_64-mingw32/nios2-elf/lib\libc.a(lib_a-lseekr.o)
 .data          0x00000000000312f0        0x0 d:/intel_delete_after_master/nios2eds/bin/gnu/h-x86_64-mingw32/bin/../lib/gcc/nios2-elf/12.1.1/../../../../../H-x86_64-mingw32/nios2-elf/lib\libc.a(lib_a-mbtowc_r.o)
 .data          0x00000000000312f0        0x0 d:/intel_delete_after_master/nios2eds/bin/gnu/h-x86_64-mingw32/bin/../lib/gcc/nios2-elf/12.1.1/../../../../../H-x86_64-mingw32/nios2-elf/lib\libc.a(lib_a-readr.o)
 .data          0x00000000000312f0        0x0 d:/intel_delete_after_master/nios2eds/bin/gnu/h-x86_64-mingw32/bin/../lib/gcc/nios2-elf/12.1.1/../../../../../H-x86_64-mingw32/nios2-elf/lib\libc.a(lib_a-strcmp.o)
 .data          0x00000000000312f0        0x0 d:/intel_delete_after_master/nios2eds/bin/gnu/h-x86_64-mingw32/bin/../lib/gcc/nios2-elf/12.1.1/../../../../../H-x86_64-mingw32/nios2-elf/lib\libc.a(lib_a-vfiprintfr_1.o)
 .data          0x00000000000312f0        0x0 d:/intel_delete_after_master/nios2eds/bin/gnu/h-x86_64-mingw32/bin/../lib/gcc/nios2-elf/12.1.1/../../../../../H-x86_64-mingw32/nios2-elf/lib\libc.a(lib_a-wbuf.o)
 .data          0x00000000000312f0        0x0 d:/intel_delete_after_master/nios2eds/bin/gnu/h-x86_64-mingw32/bin/../lib/gcc/nios2-elf/12.1.1/../../../../../H-x86_64-mingw32/nios2-elf/lib\libc.a(lib_a-wcrtomb.o)
 .data          0x00000000000312f0        0x0 d:/intel_delete_after_master/nios2eds/bin/gnu/h-x86_64-mingw32/bin/../lib/gcc/nios2-elf/12.1.1/../../../../../H-x86_64-mingw32/nios2-elf/lib\libc.a(lib_a-wctomb_r.o)
 .data          0x00000000000312f0        0x0 d:/intel_delete_after_master/nios2eds/bin/gnu/h-x86_64-mingw32/bin/../lib/gcc/nios2-elf/12.1.1/../../../../../H-x86_64-mingw32/nios2-elf/lib\libc.a(lib_a-abort.o)
 .data          0x00000000000312f0        0x0 d:/intel_delete_after_master/nios2eds/bin/gnu/h-x86_64-mingw32/bin/../lib/gcc/nios2-elf/12.1.1/../../../../../H-x86_64-mingw32/nios2-elf/lib\libc.a(lib_a-ctype_.o)
 .data          0x00000000000312f0        0x0 d:/intel_delete_after_master/nios2eds/bin/gnu/h-x86_64-mingw32/bin/../lib/gcc/nios2-elf/12.1.1/../../../../../H-x86_64-mingw32/nios2-elf/lib\libc.a(lib_a-signal.o)
 .data          0x00000000000312f0        0x0 d:/intel_delete_after_master/nios2eds/bin/gnu/h-x86_64-mingw32/bin/../lib/gcc/nios2-elf/12.1.1/../../../../../H-x86_64-mingw32/nios2-elf/lib\libc.a(lib_a-signalr.o)
 .data          0x00000000000312f0        0x0 d:/intel_delete_after_master/nios2eds/bin/gnu/h-x86_64-mingw32/bin/../lib/gcc/nios2-elf/12.1.1\libgcc.a(_udivdi3.o)
 .data          0x00000000000312f0        0x0 d:/intel_delete_after_master/nios2eds/bin/gnu/h-x86_64-mingw32/bin/../lib/gcc/nios2-elf/12.1.1\libgcc.a(_umoddi3.o)
 .data          0x00000000000312f0        0x0 d:/intel_delete_after_master/nios2eds/bin/gnu/h-x86_64-mingw32/bin/../lib/gcc/nios2-elf/12.1.1\libgcc.a(lib2-divmod.o)
 .data          0x00000000000312f0        0x0 d:/intel_delete_after_master/nios2eds/bin/gnu/h-x86_64-mingw32/bin/../lib/gcc/nios2-elf/12.1.1\libgcc.a(adddf3.o)
 .data          0x00000000000312f0        0x0 d:/intel_delete_after_master/nios2eds/bin/gnu/h-x86_64-mingw32/bin/../lib/gcc/nios2-elf/12.1.1\libgcc.a(divdf3.o)
 .data          0x00000000000312f0        0x0 d:/intel_delete_after_master/nios2eds/bin/gnu/h-x86_64-mingw32/bin/../lib/gcc/nios2-elf/12.1.1\libgcc.a(eqdf2.o)
 .data          0x00000000000312f0        0x0 d:/intel_delete_after_master/nios2eds/bin/gnu/h-x86_64-mingw32/bin/../lib/gcc/nios2-elf/12.1.1\libgcc.a(gedf2.o)
 .data          0x00000000000312f0        0x0 d:/intel_delete_after_master/nios2eds/bin/gnu/h-x86_64-mingw32/bin/../lib/gcc/nios2-elf/12.1.1\libgcc.a(ledf2.o)
 .data          0x00000000000312f0        0x0 d:/intel_delete_after_master/nios2eds/bin/gnu/h-x86_64-mingw32/bin/../lib/gcc/nios2-elf/12.1.1\libgcc.a(muldf3.o)
 .data          0x00000000000312f0        0x0 d:/intel_delete_after_master/nios2eds/bin/gnu/h-x86_64-mingw32/bin/../lib/gcc/nios2-elf/12.1.1\libgcc.a(subdf3.o)
 .data          0x00000000000312f0        0x0 d:/intel_delete_after_master/nios2eds/bin/gnu/h-x86_64-mingw32/bin/../lib/gcc/nios2-elf/12.1.1\libgcc.a(unorddf2.o)
 .data          0x00000000000312f0        0x0 d:/intel_delete_after_master/nios2eds/bin/gnu/h-x86_64-mingw32/bin/../lib/gcc/nios2-elf/12.1.1\libgcc.a(fixdfsi.o)
 .data          0x00000000000312f0        0x0 d:/intel_delete_after_master/nios2eds/bin/gnu/h-x86_64-mingw32/bin/../lib/gcc/nios2-elf/12.1.1\libgcc.a(floatsidf.o)
 .data          0x00000000000312f0        0x0 d:/intel_delete_after_master/nios2eds/bin/gnu/h-x86_64-mingw32/bin/../lib/gcc/nios2-elf/12.1.1\libgcc.a(floatunsidf.o)
 .data          0x00000000000312f0        0x0 d:/intel_delete_after_master/nios2eds/bin/gnu/h-x86_64-mingw32/bin/../lib/gcc/nios2-elf/12.1.1\libgcc.a(_clz.o)
 .data          0x00000000000312f0        0x0 d:/intel_delete_after_master/nios2eds/bin/gnu/h-x86_64-mingw32/bin/../lib/gcc/nios2-elf/12.1.1\libgcc.a(_clzsi2.o)
 .data          0x00000000000312f0        0x0 n:/Facultate/Master/Master_2/PASIC/nivela_bidir/nivela_bidir/software/nivela_bidirectionala_bsp/\libhal_bsp.a(alt_close.o)
 .data          0x00000000000312f0      0x1a8 n:/Facultate/Master/Master_2/PASIC/nivela_bidir/nivela_bidir/software/nivela_bidirectionala_bsp/\libhal_bsp.a(alt_dev.o)
                0x00000000000312f0                alt_dev_null
                0x0000000000031318                alt_fd_list
 .data          0x0000000000031498        0x0 n:/Facultate/Master/Master_2/PASIC/nivela_bidir/nivela_bidir/software/nivela_bidirectionala_bsp/\libhal_bsp.a(alt_errno.o)
 .data          0x0000000000031498        0x0 n:/Facultate/Master/Master_2/PASIC/nivela_bidir/nivela_bidir/software/nivela_bidirectionala_bsp/\libhal_bsp.a(alt_exit.o)
 .data          0x0000000000031498        0x0 n:/Facultate/Master/Master_2/PASIC/nivela_bidir/nivela_bidir/software/nivela_bidirectionala_bsp/\libhal_bsp.a(alt_fstat.o)
 .data          0x0000000000031498        0x0 n:/Facultate/Master/Master_2/PASIC/nivela_bidir/nivela_bidir/software/nivela_bidirectionala_bsp/\libhal_bsp.a(alt_getpid.o)
 .data          0x0000000000031498        0x0 n:/Facultate/Master/Master_2/PASIC/nivela_bidir/nivela_bidir/software/nivela_bidirectionala_bsp/\libhal_bsp.a(alt_isatty.o)
 .data          0x0000000000031498        0x0 n:/Facultate/Master/Master_2/PASIC/nivela_bidir/nivela_bidir/software/nivela_bidirectionala_bsp/\libhal_bsp.a(alt_kill.o)
 .data          0x0000000000031498        0x0 n:/Facultate/Master/Master_2/PASIC/nivela_bidir/nivela_bidir/software/nivela_bidirectionala_bsp/\libhal_bsp.a(alt_load.o)
 .data          0x0000000000031498        0x0 n:/Facultate/Master/Master_2/PASIC/nivela_bidir/nivela_bidir/software/nivela_bidirectionala_bsp/\libhal_bsp.a(alt_lseek.o)
 .data          0x0000000000031498        0x0 n:/Facultate/Master/Master_2/PASIC/nivela_bidir/nivela_bidir/software/nivela_bidirectionala_bsp/\libhal_bsp.a(alt_main.o)
 .data          0x0000000000031498        0x0 n:/Facultate/Master/Master_2/PASIC/nivela_bidir/nivela_bidir/software/nivela_bidirectionala_bsp/\libhal_bsp.a(alt_malloc_lock.o)
 .data          0x0000000000031498        0x0 n:/Facultate/Master/Master_2/PASIC/nivela_bidir/nivela_bidir/software/nivela_bidirectionala_bsp/\libhal_bsp.a(alt_read.o)
 .data          0x0000000000031498        0x0 n:/Facultate/Master/Master_2/PASIC/nivela_bidir/nivela_bidir/software/nivela_bidirectionala_bsp/\libhal_bsp.a(alt_release_fd.o)
 .data          0x0000000000031498        0x0 n:/Facultate/Master/Master_2/PASIC/nivela_bidir/nivela_bidir/software/nivela_bidirectionala_bsp/\libhal_bsp.a(alt_sbrk.o)
 .data          0x0000000000031498        0x0 n:/Facultate/Master/Master_2/PASIC/nivela_bidir/nivela_bidir/software/nivela_bidirectionala_bsp/\libhal_bsp.a(alt_usleep.o)
 .data          0x0000000000031498        0x0 n:/Facultate/Master/Master_2/PASIC/nivela_bidir/nivela_bidir/software/nivela_bidirectionala_bsp/\libhal_bsp.a(alt_write.o)
 .data          0x0000000000031498     0x108c n:/Facultate/Master/Master_2/PASIC/nivela_bidir/nivela_bidir/software/nivela_bidirectionala_bsp/\libhal_bsp.a(alt_sys_init.o)
 .data          0x0000000000032524        0x0 n:/Facultate/Master/Master_2/PASIC/nivela_bidir/nivela_bidir/software/nivela_bidirectionala_bsp/\libhal_bsp.a(altera_avalon_jtag_uart_fd.o)
 .data          0x0000000000032524        0x0 n:/Facultate/Master/Master_2/PASIC/nivela_bidir/nivela_bidir/software/nivela_bidirectionala_bsp/\libhal_bsp.a(altera_avalon_jtag_uart_init.o)
 .data          0x0000000000032524        0x0 n:/Facultate/Master/Master_2/PASIC/nivela_bidir/nivela_bidir/software/nivela_bidirectionala_bsp/\libhal_bsp.a(altera_avalon_jtag_uart_ioctl.o)
 .data          0x0000000000032524        0x0 n:/Facultate/Master/Master_2/PASIC/nivela_bidir/nivela_bidir/software/nivela_bidirectionala_bsp/\libhal_bsp.a(altera_avalon_jtag_uart_read.o)